SHARD 1800 k=4 m=28 inter=1 colcap=128: NONE visited=692388 time=0.6s
ACCEPTED 0 0 0 0 0 0 0 16 179 1388 5436 9202 6533 2188 502 35 0 0 0 0 0 0 0 0 0 0 0 0 0
SHARD 1801 k=4 m=28 inter=1 colcap=128: NONE visited=380661 time=0.4s
ACCEPTED 0 0 0 0 0 0 0 13 93 548 2116 4213 4465 2754 910 162 0 0 0 0 0 0 0 0 0 0 0 0 0
SHARD 1802 k=4 m=28 inter=1 colcap=128: NONE visited=444542 time=0.4s
ACCEPTED 0 0 0 0 0 0 0 12 115 793 3074 5350 4234 1818 528 54 0 0 0 0 0 0 0 0 0 0 0 0 0
SHARD 1803 k=4 m=28 inter=1 colcap=128: NONE visited=576806 time=0.7s
ACCEPTED 0 0 0 0 0 0 0 6 38 311 1815 6038 7565 4420 1018 43 0 0 0 0 0 0 0 0 0 0 0 0 0
SHARD 1804 k=4 m=28 inter=1 colcap=128: NONE visited=11582366 time=11.7s
ACCEPTED 0 0 0 0 0 0 0 21 269 3076 20533 76185 158857 171927 77850 14301 2061 275 13 2 0 0 0 0 0 0 0 0 0
SHARD 1805 k=4 m=28 inter=1 colcap=128: NONE visited=5314975 time=5.3s
ACCEPTED 0 0 0 0 0 0 0 17 197 1947 12680 47469 93579 88769 39811 7833 727 25 0 0 0 0 0 0 0 0 0 0 0
SHARD 1806 k=4 m=28 inter=1 colcap=128: NONE visited=8783862 time=8.2s
ACCEPTED 0 0 0 0 0 0 0 19 316 3442 21752 75394 141397 138457 69438 16290 1847 150 14 0 0 0 0 0 0 0 0 0 0
SHARD 1807 k=4 m=28 inter=1 colcap=128: NONE visited=10889239 time=10.7s
ACCEPTED 0 0 0 0 0 0 0 28 405 3622 20259 67947 134503 148097 85086 31904 12322 3173 304 0 0 0 0 0 0 0 0 0 0
SHARD 1808 k=4 m=28 inter=1 colcap=128: NONE visited=5137586 time=5.2s
ACCEPTED 0 0 0 0 0 0 0 14 174 1629 9472 34322 71632 75539 31898 5785 805 63 0 0 0 0 0 0 0 0 0 0 0
SHARD 1809 k=4 m=28 inter=1 colcap=128: NONE visited=1408 time=0.0s
ACCEPTED 0 0 0 0 0 0 0 2 9 17 5 0 0 0 0 0 0 0 0 0 0 0 0 0 0 0 0 0 0
SHARD 1810 k=4 m=28 inter=1 colcap=128: NONE visited=12156 time=0.0s
ACCEPTED 0 0 0 0 0 0 0 5 29 96 138 70 9 4 0 0 0 0 0 0 0 0 0 0 0 0 0 0 0
SHARD 1811 k=4 m=28 inter=1 colcap=128: NONE visited=1831 time=0.0s
ACCEPTED 0 0 0 0 0 0 0 4 6 10 16 6 0 0 0 0 0 0 0 0 0 0 0 0 0 0 0 0 0
SHARD 1812 k=4 m=28 inter=1 colcap=128: NONE visited=2324646503 time=4197.0s
ACCEPTED 0 0 0 0 0 0 0 32 722 10889 104991 630100 2347471 5617007 9726133 14757661 21457734 27179443 28633298 25074207 9894226 37 0 0 0 0 0 0 0
SHARD 1813 k=4 m=28 inter=1 colcap=128: NONE visited=8161397354 time=19671.2s
ACCEPTED 0 0 0 0 0 0 0 46 1481 26891 275227 1612540 5753730 13646636 25225373 42754034 67892819 94434097 102683547 77336923 28352345 0 0 0 0 0 0 0 0
SHARD 1814 k=4 m=28 inter=1 colcap=128: NONE visited=267967 time=0.2s
ACCEPTED 0 0 0 0 0 0 0 26 258 1036 1928 2137 1828 1214 565 159 37 6 0 0 0 0 0 0 0 0 0 0 0
SHARD 1815 k=4 m=28 inter=1 colcap=128: NONE visited=8686793 time=6.6s
ACCEPTED 0 0 0 0 0 0 0 32 463 3912 21476 69783 126495 120751 57957 14144 1981 174 2 0 0 0 0 0 0 0 0 0 0
SHARD 1816 k=4 m=28 inter=1 colcap=128: NONE visited=24553081 time=14.5s
ACCEPTED 0 0 0 0 0 0 0 34 627 5141 19981 44907 78590 134679 200887 152568 40569 65 0 0 0 0 0 0 0 0 0 0 0
SHARD 1817 k=4 m=28 inter=1 colcap=128: NONE visited=14068490 time=10.3s
ACCEPTED 0 0 0 0 0 0 0 33 667 7380 43902 136929 218047 171493 67601 16211 2627 213 11 0 0 0 0 0 0 0 0 0 0
SHARD 1818 k=4 m=28 inter=1 colcap=128: NONE visited=53742627 time=45.7s
ACCEPTED 0 0 0 0 0 0 0 62 1550 19529 130101 459939 874196 909497 569675 212989 50394 8131 801 38 0 0 0 0 0 0 0 0 0
SHARD 1819 k=4 m=28 inter=1 colcap=128: NONE visited=1151482 time=0.8s
ACCEPTED 0 0 0 0 0 0 0 41 502 2647 7623 13134 13210 5961 616 6 0 0 0 0 0 0 0 0 0 0 0 0 0
SHARD 1820 k=4 m=28 inter=1 colcap=128: NONE visited=16030710 time=11.5s
ACCEPTED 0 0 0 0 0 0 0 45 782 6902 38110 128471 237973 220974 103614 25675 3530 232 3 0 0 0 0 0 0 0 0 0 0
SHARD 1821 k=4 m=28 inter=1 colcap=128: NONE visited=58260633 time=36.5s
ACCEPTED 0 0 0 0 0 0 0 46 798 7750 48196 171603 352058 455707 455773 336716 110892 740 43 38 17 0 0 0 0 0 0 0 0
SHARD 1822 k=4 m=28 inter=1 colcap=128: NONE visited=63479810 time=36.2s
ACCEPTED 0 0 0 0 0 0 0 38 667 6187 30016 86783 194925 379989 529834 346456 70944 0 0 0 0 0 0 0 0 0 0 0 0
SHARD 1823 k=4 m=28 inter=1 colcap=128: NONE visited=1137642921 time=1143.0s
ACCEPTED 0 0 0 0 0 0 0 63 1657 22613 169983 739761 1964560 3455160 4830739 6408530 8396722 10865254 11958471 8788862 2970519 0 0 0 0 0 0 0 0
SHARD 1824 k=4 m=28 inter=1 colcap=128: NONE visited=198254515 time=210.5s
ACCEPTED 0 0 0 0 0 0 0 56 1409 20087 168115 815467 2267146 3649071 3604548 2374547 880495 150839 10549 333 3 0 0 0 0 0 0 0 0
SHARD 1825 k=4 m=28 inter=1 colcap=128: NONE visited=89043686 time=59.6s
ACCEPTED 0 0 0 0 0 0 0 53 1102 11052 59806 198529 435606 685835 826930 651427 241764 17988 7663 3945 1133 0 0 0 0 0 0 0 0
SHARD 1826 k=4 m=28 inter=1 colcap=128: NONE visited=28792117 time=24.0s
ACCEPTED 0 0 0 0 0 0 0 45 958 11084 70734 246568 460026 447349 224564 57225 7674 497 13 0 0 0 0 0 0 0 0 0 0
SHARD 1827 k=4 m=28 inter=1 colcap=128: NONE visited=61176678 time=50.9s
ACCEPTED 0 0 0 0 0 0 0 55 1288 15709 107471 412289 851816 924320 584933 217204 42089 5803 80 0 0 0 0 0 0 0 0 0 0
SHARD 1828 k=4 m=28 inter=1 colcap=128: NONE visited=51633884 time=44.2s
ACCEPTED 0 0 0 0 0 0 0 49 1107 13792 97951 388185 816700 890182 539260 163769 24422 1836 96 1 0 0 0 0 0 0 0 0 0
SHARD 1829 k=4 m=28 inter=1 colcap=128: NONE visited=185320762 time=128.0s
ACCEPTED 0 0 0 0 0 0 0 63 1588 19867 132345 489867 1077972 1566978 1713749 1365396 568357 45249 24940 12838 3881 0 0 0 0 0 0 0 0
SHARD 1830 k=4 m=28 inter=1 colcap=128: NONE visited=280829 time=0.2s
ACCEPTED 0 0 0 0 0 0 0 18 148 810 2282 3080 1856 477 62 2 0 0 0 0 0 0 0 0 0 0 0 0 0
SHARD 1831 k=4 m=28 inter=1 colcap=128: NONE visited=15103007 time=10.4s
ACCEPTED 0 0 0 0 0 0 0 36 522 4218 22757 71500 121953 115747 89486 69963 25568 5 0 0 0 0 0 0 0 0 0 0 0
SHARD 1832 k=4 m=28 inter=1 colcap=128: NONE visited=13045195 time=9.1s
ACCEPTED 0 0 0 0 0 0 0 18 163 1354 9154 34547 70985 84244 94094 88201 26685 0 0 0 0 0 0 0 0 0 0 0 0
SHARD 1833 k=4 m=28 inter=1 colcap=128: NONE visited=3287090 time=1.8s
ACCEPTED 0 0 0 0 0 0 0 26 323 2464 9424 20198 27150 20981 6009 1060 195 0 0 0 0 0 0 0 0 0 0 0 0
SHARD 1834 k=4 m=28 inter=1 colcap=128: NONE visited=51319442 time=37.2s
ACCEPTED 0 0 0 0 0 0 0 24 401 3968 23376 79073 167273 255380 316956 348321 308208 210867 156069 85621 23898 0 0 0 0 0 0 0 0
SHARD 1835 k=4 m=28 inter=1 colcap=128: NONE visited=4373364 time=2.8s
ACCEPTED 0 0 0 0 0 0 0 21 303 2394 10580 26764 40925 36896 20968 9916 2348 14 0 0 0 0 0 0 0 0 0 0 0
SHARD 1836 k=4 m=28 inter=1 colcap=128: NONE visited=4958125 time=4.1s
ACCEPTED 0 0 0 0 0 0 0 23 353 3295 17603 50169 77686 67541 31680 7175 391 2 0 0 0 0 0 0 0 0 0 0 0
SHARD 1837 k=4 m=28 inter=1 colcap=128: NONE visited=8541229 time=5.9s
ACCEPTED 0 0 0 0 0 0 0 47 923 8659 39358 90395 110349 71935 25037 4116 202 2 0 0 0 0 0 0 0 0 0 0 0
SHARD 1838 k=4 m=28 inter=1 colcap=128: NONE visited=35214 time=0.0s
ACCEPTED 0 0 0 0 0 0 0 11 70 281 383 188 22 0 0 0 0 0 0 0 0 0 0 0 0 0 0 0 0
SHARD 1839 k=4 m=28 inter=1 colcap=128: NONE visited=55290 time=0.0s
ACCEPTED 0 0 0 0 0 0 0 25 175 445 436 175 30 0 0 0 0 0 0 0 0 0 0 0 0 0 0 0 0
DONE exit=20
