SHARD 7560 k=4 m=28 inter=1 colcap=128: NONE visited=147587 time=0.1s
ACCEPTED 0 0 0 0 0 0 0 7 41 260 978 1887 1860 695 45 0 0 0 0 0 0 0 0 0 0 0 0 0 0
SHARD 7561 k=4 m=28 inter=1 colcap=128: NONE visited=34018 time=0.0s
ACCEPTED 0 0 0 0 0 0 0 9 60 223 497 487 171 22 0 0 0 0 0 0 0 0 0 0 0 0 0 0 0
SHARD 7562 k=4 m=28 inter=1 colcap=128: NONE visited=1097993 time=0.7s
ACCEPTED 0 0 0 0 0 0 0 30 387 2410 7340 11869 11596 7184 2804 746 182 37 3 0 0 0 0 0 0 0 0 0 0
SHARD 7563 k=4 m=28 inter=1 colcap=128: NONE visited=4256371 time=3.1s
ACCEPTED 0 0 0 0 0 0 0 22 323 3117 16614 46541 67795 49771 17942 3300 335 12 0 0 0 0 0 0 0 0 0 0 0
SHARD 7564 k=4 m=28 inter=1 colcap=128: NONE visited=241783 time=0.1s
ACCEPTED 0 0 0 0 0 0 0 14 124 631 1735 2255 1358 367 37 0 0 0 0 0 0 0 0 0 0 0 0 0 0
SHARD 7565 k=4 m=28 inter=1 colcap=128: NONE visited=1229305 time=0.7s
ACCEPTED 0 0 0 0 0 0 0 25 278 1829 6613 12037 11256 5426 1069 52 3 0 0 0 0 0 0 0 0 0 0 0 0
SHARD 7566 k=4 m=28 inter=1 colcap=128: NONE visited=5558 time=0.0s
ACCEPTED 0 0 0 0 0 0 0 7 30 49 10 0 0 0 0 0 0 0 0 0 0 0 0 0 0 0 0 0 0
SHARD 7567 k=4 m=28 inter=1 colcap=128: NONE visited=1507030 time=0.8s
ACCEPTED 0 0 0 0 0 0 0 26 292 1901 6956 13508 15083 10172 3818 960 196 19 1 0 0 0 0 0 0 0 0 0 0
SHARD 7568 k=4 m=28 inter=1 colcap=128: NONE visited=1301366 time=0.8s
ACCEPTED 0 0 0 0 0 0 0 20 210 1616 6411 12384 12127 6352 699 14 0 0 0 0 0 0 0 0 0 0 0 0 0
SHARD 7569 k=4 m=28 inter=1 colcap=128: NONE visited=1279457 time=0.8s
ACCEPTED 0 0 0 0 0 0 0 17 175 1289 5534 11872 12822 7662 1696 107 13 1 0 0 0 0 0 0 0 0 0 0 0
SHARD 7570 k=4 m=28 inter=1 colcap=128: NONE visited=201 time=0.0s
ACCEPTED 0 0 0 0 0 0 0 1 2 1 0 0 0 0 0 0 0 0 0 0 0 0 0 0 0 0 0 0 0
SHARD 7571 k=4 m=28 inter=1 colcap=128: NONE visited=576 time=0.0s
ACCEPTED 0 0 0 0 0 0 0 1 2 5 0 0 0 0 0 0 0 0 0 0 0 0 0 0 0 0 0 0 0
SHARD 7572 k=4 m=28 inter=1 colcap=128: NONE visited=3847 time=0.0s
ACCEPTED 0 0 0 0 0 0 0 2 9 32 37 15 0 0 0 0 0 0 0 0 0 0 0 0 0 0 0 0 0
SHARD 7573 k=4 m=28 inter=1 colcap=128: NONE visited=137857470 time=109.2s
ACCEPTED 0 0 0 0 0 0 0 25 428 4854 35560 165017 481483 907972 1183373 1181713 963463 667745 494501 240017 65645 546 71 5 0 0 0 0 0
SHARD 7574 k=4 m=28 inter=1 colcap=128: NONE visited=24936 time=0.0s
ACCEPTED 0 0 0 0 0 0 0 4 16 84 253 444 372 97 6 0 0 0 0 0 0 0 0 0 0 0 0 0 0
SHARD 7575 k=4 m=28 inter=1 colcap=128: NONE visited=4781726 time=3.4s
ACCEPTED 0 0 0 0 0 0 0 15 128 980 5214 18709 40119 52189 42080 19698 5850 456 10 4 2 0 0 0 0 0 0 0 0
SHARD 7576 k=4 m=28 inter=1 colcap=128: NONE visited=13209356 time=10.8s
ACCEPTED 0 0 0 0 0 0 0 14 135 1099 6523 27121 74376 131972 156570 131827 80015 36224 18237 5319 1372 2 0 0 0 0 0 0 0
SHARD 7577 k=4 m=28 inter=1 colcap=128: NONE visited=34460 time=0.0s
ACCEPTED 0 0 0 0 0 0 0 10 68 234 340 215 42 0 0 0 0 0 0 0 0 0 0 0 0 0 0 0 0
SHARD 7578 k=4 m=28 inter=1 colcap=128: NONE visited=720212 time=0.4s
ACCEPTED 0 0 0 0 0 0 0 22 207 1073 3411 6723 7613 4817 1757 385 50 3 0 0 0 0 0 0 0 0 0 0 0
SHARD 7579 k=4 m=28 inter=1 colcap=128: NONE visited=63929 time=0.1s
ACCEPTED 0 0 0 0 0 0 0 7 48 198 488 664 452 154 29 3 0 0 0 0 0 0 0 0 0 0 0 0 0
SHARD 7580 k=4 m=28 inter=1 colcap=128: NONE visited=2865758 time=1.9s
ACCEPTED 0 0 0 0 0 0 0 19 227 1886 9333 24847 35225 28289 13393 3794 692 68 0 0 0 0 0 0 0 0 0 0 0
SHARD 7581 k=4 m=28 inter=1 colcap=128: NONE visited=592934 time=0.4s
ACCEPTED 0 0 0 0 0 0 0 16 168 1097 3831 6624 6222 3346 1078 185 10 0 0 0 0 0 0 0 0 0 0 0 0
SHARD 7582 k=4 m=28 inter=1 colcap=128: NONE visited=19549 time=0.0s
ACCEPTED 0 0 0 0 0 0 0 4 20 111 223 186 30 0 0 0 0 0 0 0 0 0 0 0 0 0 0 0 0
SHARD 7583 k=4 m=28 inter=1 colcap=128: NONE visited=247430 time=0.1s
ACCEPTED 0 0 0 0 0 0 0 15 106 515 1487 2467 1959 683 137 7 0 0 0 0 0 0 0 0 0 0 0 0 0
SHARD 7584 k=4 m=28 inter=1 colcap=128: NONE visited=662465 time=0.5s
ACCEPTED 0 0 0 0 0 0 0 8 48 262 1195 3786 7507 8595 5261 1504 171 6 0 0 0 0 0 0 0 0 0 0 0
SHARD 7585 k=4 m=28 inter=1 colcap=128: NONE visited=575115 time=0.3s
ACCEPTED 0 0 0 0 0 0 0 25 274 1539 4335 6156 4660 2170 554 81 4 0 0 0 0 0 0 0 0 0 0 0 0
SHARD 7586 k=4 m=28 inter=1 colcap=128: NONE visited=2724889 time=1.7s
ACCEPTED 0 0 0 0 0 0 0 25 339 2505 9885 21670 27177 20921 10572 3757 907 144 11 3 1 0 0 0 0 0 0 0 0
SHARD 7587 k=4 m=28 inter=1 colcap=128: NONE visited=4535747 time=3.0s
ACCEPTED 0 0 0 0 0 0 0 39 572 4301 18130 43537 59986 45499 19665 5167 906 81 0 0 0 0 0 0 0 0 0 0 0
SHARD 7588 k=4 m=28 inter=1 colcap=128: NONE visited=14423844 time=11.4s
ACCEPTED 0 0 0 0 0 0 0 28 374 3174 16892 54829 108440 135017 118445 86361 60290 42691 34390 18038 6274 0 0 0 0 0 0 0 0
SHARD 7589 k=4 m=28 inter=1 colcap=128: NONE visited=4184419 time=2.9s
ACCEPTED 0 0 0 0 0 0 0 38 550 4043 16296 37663 52779 44714 22813 7999 2016 320 33 2 0 0 0 0 0 0 0 0 0
SHARD 7590 k=4 m=28 inter=1 colcap=128: NONE visited=1921351 time=1.2s
ACCEPTED 0 0 0 0 0 0 0 33 425 2721 9068 16201 17811 12510 5609 1540 258 23 1 0 0 0 0 0 0 0 0 0 0
SHARD 7591 k=4 m=28 inter=1 colcap=128: NONE visited=4657832 time=3.1s
ACCEPTED 0 0 0 0 0 0 0 23 277 2130 9921 27337 45422 47120 31372 14283 4751 773 91 3 0 0 0 0 0 0 0 0 0
SHARD 7592 k=4 m=28 inter=1 colcap=128: NONE visited=5386157 time=3.5s
ACCEPTED 0 0 0 0 0 0 0 25 320 2648 13217 37286 59296 54674 29200 10018 2603 486 70 12 1 0 0 0 0 0 0 0 0
SHARD 7593 k=4 m=28 inter=1 colcap=128: NONE visited=401291 time=0.3s
ACCEPTED 0 0 0 0 0 0 0 12 75 456 1731 3324 3420 1564 208 3 0 0 0 0 0 0 0 0 0 0 0 0 0
SHARD 7594 k=4 m=28 inter=1 colcap=128: NONE visited=1113654 time=0.7s
ACCEPTED 0 0 0 0 0 0 0 14 132 928 3843 8741 11804 9441 4149 1089 183 11 0 0 0 0 0 0 0 0 0 0 0
SHARD 7595 k=4 m=28 inter=1 colcap=128: NONE visited=1061539 time=0.7s
ACCEPTED 0 0 0 0 0 0 0 15 125 906 3893 8856 10763 7306 2371 218 12 0 0 0 0 0 0 0 0 0 0 0 0
SHARD 7596 k=4 m=28 inter=1 colcap=128: NONE visited=5469 time=0.0s
ACCEPTED 0 0 0 0 0 0 0 2 9 28 61 58 10 0 0 0 0 0 0 0 0 0 0 0 0 0 0 0 0
SHARD 7597 k=4 m=28 inter=1 colcap=128: NONE visited=6953 time=0.0s
ACCEPTED 0 0 0 0 0 0 0 4 26 59 32 3 0 0 0 0 0 0 0 0 0 0 0 0 0 0 0 0 0
SHARD 7598 k=4 m=28 inter=1 colcap=128: NONE visited=13631 time=0.0s
ACCEPTED 0 0 0 0 0 0 0 5 18 50 84 80 76 41 2 0 0 0 0 0 0 0 0 0 0 0 0 0 0
SHARD 7599 k=4 m=28 inter=1 colcap=128: NONE visited=899539 time=0.5s
ACCEPTED 0 0 0 0 0 0 0 13 115 744 3032 7213 9788 7523 3340 964 193 27 0 0 0 0 0 0 0 0 0 0 0
DONE exit=20
