SHARD 8440 k=4 m=28 inter=1 colcap=128: NONE visited=16449 time=0.0s
ACCEPTED 0 0 0 0 0 0 0 7 30 84 152 136 46 6 0 0 0 0 0 0 0 0 0 0 0 0 0 0 0
SHARD 8441 k=4 m=28 inter=1 colcap=128: NONE visited=166532 time=0.1s
ACCEPTED 0 0 0 0 0 0 0 11 81 398 1149 1755 1226 420 46 2 0 0 0 0 0 0 0 0 0 0 0 0 0
SHARD 8442 k=4 m=28 inter=1 colcap=128: NONE visited=113927 time=0.1s
ACCEPTED 0 0 0 0 0 0 0 8 99 503 1101 995 305 46 9 0 0 0 0 0 0 0 0 0 0 0 0 0 0
SHARD 8443 k=4 m=28 inter=1 colcap=128: NONE visited=39629 time=0.0s
ACCEPTED 0 0 0 0 0 0 0 9 53 222 459 388 144 9 0 0 0 0 0 0 0 0 0 0 0 0 0 0 0
SHARD 8444 k=4 m=28 inter=1 colcap=128: NONE visited=136246 time=0.1s
ACCEPTED 0 0 0 0 0 0 0 22 180 705 1345 1236 527 114 7 0 0 0 0 0 0 0 0 0 0 0 0 0 0
SHARD 8445 k=4 m=28 inter=1 colcap=128: NONE visited=1827147 time=1.2s
ACCEPTED 0 0 0 0 0 0 0 22 261 1884 7759 17217 20364 13614 5606 1440 188 11 0 0 0 0 0 0 0 0 0 0 0
SHARD 8446 k=4 m=28 inter=1 colcap=128: NONE visited=805520 time=0.4s
ACCEPTED 0 0 0 0 0 0 0 20 186 1056 3612 7382 9293 6670 2463 465 36 2 0 0 0 0 0 0 0 0 0 0 0
SHARD 8447 k=4 m=28 inter=1 colcap=128: NONE visited=135531 time=0.1s
ACCEPTED 0 0 0 0 0 0 0 25 216 765 1291 1185 622 148 24 0 0 0 0 0 0 0 0 0 0 0 0 0 0
SHARD 8448 k=4 m=28 inter=1 colcap=128: NONE visited=312735 time=0.2s
ACCEPTED 0 0 0 0 0 0 0 18 164 803 2122 2988 2135 785 144 2 0 0 0 0 0 0 0 0 0 0 0 0 0
SHARD 8449 k=4 m=28 inter=1 colcap=128: NONE visited=1455989 time=0.8s
ACCEPTED 0 0 0 0 0 0 0 32 411 2583 8567 15561 15470 8161 2264 294 18 0 0 0 0 0 0 0 0 0 0 0 0
SHARD 8450 k=4 m=28 inter=1 colcap=128: NONE visited=2031819 time=1.2s
ACCEPTED 0 0 0 0 0 0 0 25 333 2570 10789 22874 24583 14576 5157 1095 120 7 0 0 0 0 0 0 0 0 0 0 0
SHARD 8451 k=4 m=28 inter=1 colcap=128: NONE visited=168133 time=0.1s
ACCEPTED 0 0 0 0 0 0 0 21 166 714 1571 1702 845 210 21 0 0 0 0 0 0 0 0 0 0 0 0 0 0
SHARD 8452 k=4 m=28 inter=1 colcap=128: NONE visited=45663 time=0.0s
ACCEPTED 0 0 0 0 0 0 0 18 103 291 394 229 60 23 2 0 0 0 0 0 0 0 0 0 0 0 0 0 0
SHARD 8453 k=4 m=28 inter=1 colcap=128: NONE visited=175506 time=0.1s
ACCEPTED 0 0 0 0 0 0 0 16 120 506 1208 1628 1251 625 141 12 0 0 0 0 0 0 0 0 0 0 0 0 0
SHARD 8454 k=4 m=28 inter=1 colcap=128: NONE visited=130051 time=0.1s
ACCEPTED 0 0 0 0 0 0 0 15 121 531 1173 1258 592 127 14 0 0 0 0 0 0 0 0 0 0 0 0 0 0
SHARD 8455 k=4 m=28 inter=1 colcap=128: NONE visited=1146 time=0.0s
ACCEPTED 0 0 0 0 0 0 0 5 9 1 0 0 0 0 0 0 0 0 0 0 0 0 0 0 0 0 0 0 0
SHARD 8456 k=4 m=28 inter=1 colcap=128: NONE visited=226455 time=0.1s
ACCEPTED 0 0 0 0 0 0 0 9 39 162 692 1938 2997 2299 984 217 18 0 0 0 0 0 0 0 0 0 0 0 0
SHARD 8457 k=4 m=28 inter=1 colcap=128: NONE visited=37075 time=0.0s
ACCEPTED 0 0 0 0 0 0 0 3 25 171 416 290 49 6 0 0 0 0 0 0 0 0 0 0 0 0 0 0 0
SHARD 8458 k=4 m=28 inter=1 colcap=128: NONE visited=412335 time=0.2s
ACCEPTED 0 0 0 0 0 0 0 17 158 871 2668 4287 3606 1800 609 131 12 0 0 0 0 0 0 0 0 0 0 0 0
SHARD 8459 k=4 m=28 inter=1 colcap=128: NONE visited=56468 time=0.0s
ACCEPTED 0 0 0 0 0 0 0 9 54 209 485 515 225 55 5 0 0 0 0 0 0 0 0 0 0 0 0 0 0
SHARD 8460 k=4 m=28 inter=1 colcap=128: NONE visited=85435 time=0.0s
ACCEPTED 0 0 0 0 0 0 0 7 56 301 764 868 405 68 1 0 0 0 0 0 0 0 0 0 0 0 0 0 0
SHARD 8461 k=4 m=28 inter=1 colcap=128: NONE visited=140555 time=0.1s
ACCEPTED 0 0 0 0 0 0 0 11 75 335 899 1316 1014 420 83 4 0 0 0 0 0 0 0 0 0 0 0 0 0
SHARD 8462 k=4 m=28 inter=1 colcap=128: NONE visited=26162 time=0.0s
ACCEPTED 0 0 0 0 0 0 0 19 108 287 312 91 3 0 0 0 0 0 0 0 0 0 0 0 0 0 0 0 0
SHARD 8463 k=4 m=28 inter=1 colcap=128: NONE visited=304737 time=0.1s
ACCEPTED 0 0 0 0 0 0 0 28 334 1690 3179 2291 534 41 0 0 0 0 0 0 0 0 0 0 0 0 0 0 0
SHARD 8464 k=4 m=28 inter=1 colcap=128: NONE visited=1546 time=0.0s
ACCEPTED 0 0 0 0 0 0 0 6 11 8 1 0 0 0 0 0 0 0 0 0 0 0 0 0 0 0 0 0 0
SHARD 8465 k=4 m=28 inter=1 colcap=128: NONE visited=9249 time=0.0s
ACCEPTED 0 0 0 0 0 0 0 7 29 64 73 48 5 0 0 0 0 0 0 0 0 0 0 0 0 0 0 0 0
SHARD 8466 k=4 m=28 inter=1 colcap=128: NONE visited=1589 time=0.0s
ACCEPTED 0 0 0 0 0 0 0 4 9 11 6 0 0 0 0 0 0 0 0 0 0 0 0 0 0 0 0 0 0
SHARD 8467 k=4 m=28 inter=1 colcap=128: NONE visited=13264 time=0.0s
ACCEPTED 0 0 0 0 0 0 0 10 49 96 94 49 6 0 0 0 0 0 0 0 0 0 0 0 0 0 0 0 0
SHARD 8468 k=4 m=28 inter=1 colcap=128: NONE visited=188 time=0.0s
ACCEPTED 0 0 0 0 0 0 0 1 0 0 0 0 0 0 0 0 0 0 0 0 0 0 0 0 0 0 0 0 0
SHARD 8469 k=4 m=28 inter=1 colcap=128: NONE visited=228 time=0.0s
ACCEPTED 0 0 0 0 0 0 0 1 2 0 0 0 0 0 0 0 0 0 0 0 0 0 0 0 0 0 0 0 0
SHARD 8470 k=4 m=28 inter=1 colcap=128: NONE visited=1058 time=0.0s
ACCEPTED 0 0 0 0 0 0 0 7 7 1 0 0 0 0 0 0 0 0 0 0 0 0 0 0 0 0 0 0 0
SHARD 8471 k=4 m=28 inter=1 colcap=128: NONE visited=4618 time=0.0s
ACCEPTED 0 0 0 0 0 0 0 8 25 37 23 6 1 0 0 0 0 0 0 0 0 0 0 0 0 0 0 0 0
SHARD 8472 k=4 m=28 inter=1 colcap=128: NONE visited=884 time=0.0s
ACCEPTED 0 0 0 0 0 0 0 7 3 0 0 0 0 0 0 0 0 0 0 0 0 0 0 0 0 0 0 0 0
SHARD 8473 k=4 m=28 inter=1 colcap=128: NONE visited=3212 time=0.0s
ACCEPTED 0 0 0 0 0 0 0 7 18 20 10 3 1 0 0 0 0 0 0 0 0 0 0 0 0 0 0 0 0
SHARD 8474 k=4 m=28 inter=1 colcap=128: NONE visited=795 time=0.0s
ACCEPTED 0 0 0 0 0 0 0 3 6 2 0 0 0 0 0 0 0 0 0 0 0 0 0 0 0 0 0 0 0
SHARD 8475 k=4 m=28 inter=1 colcap=128: NONE visited=17527 time=0.0s
ACCEPTED 0 0 0 0 0 0 0 12 51 91 135 122 37 4 0 0 0 0 0 0 0 0 0 0 0 0 0 0 0
SHARD 8476 k=4 m=28 inter=1 colcap=128: NONE visited=73 time=0.0s
ACCEPTED 0 0 0 0 0 0 0 0 0 0 0 0 0 0 0 0 0 0 0 0 0 0 0 0 0 0 0 0 0
SHARD 8477 k=4 m=28 inter=1 colcap=128: NONE visited=2040 time=0.0s
ACCEPTED 0 0 0 0 0 0 0 3 15 16 4 0 0 0 0 0 0 0 0 0 0 0 0 0 0 0 0 0 0
SHARD 8478 k=4 m=28 inter=1 colcap=128: NONE visited=136367 time=0.1s
ACCEPTED 0 0 0 0 0 0 0 17 134 524 1077 1393 1053 388 74 6 0 0 0 0 0 0 0 0 0 0 0 0 0
SHARD 8479 k=4 m=28 inter=1 colcap=128: NONE visited=9448280 time=6.9s
ACCEPTED 0 0 0 0 0 0 0 35 573 5281 27659 81072 134768 134716 86410 33014 7036 961 140 4 0 0 0 0 0 0 0 0 0
DONE exit=20
