SHARD 10280 k=4 m=28 inter=1 colcap=128: NONE visited=606872 time=0.5s
ACCEPTED 0 0 0 0 0 0 0 13 99 540 2089 5258 7768 6199 2538 409 20 0 0 0 0 0 0 0 0 0 0 0 0
SHARD 10281 k=4 m=28 inter=1 colcap=128: NONE visited=211 time=0.0s
ACCEPTED 0 0 0 0 0 0 0 2 0 0 0 0 0 0 0 0 0 0 0 0 0 0 0 0 0 0 0 0 0
SHARD 10282 k=4 m=28 inter=1 colcap=128: NONE visited=202029 time=0.1s
ACCEPTED 0 0 0 0 0 0 0 17 130 553 1352 1952 1733 817 184 19 1 0 0 0 0 0 0 0 0 0 0 0 0
SHARD 10283 k=4 m=28 inter=1 colcap=128: NONE visited=2488712 time=1.9s
ACCEPTED 0 0 0 0 0 0 0 15 169 1369 7119 21470 36315 33162 16439 4338 531 48 2 0 0 0 0 0 0 0 0 0 0
SHARD 10284 k=4 m=28 inter=1 colcap=128: NONE visited=4830 time=0.0s
ACCEPTED 0 0 0 0 0 0 0 6 22 39 22 1 0 0 0 0 0 0 0 0 0 0 0 0 0 0 0 0 0
SHARD 10285 k=4 m=28 inter=1 colcap=128: NONE visited=492 time=0.0s
ACCEPTED 0 0 0 0 0 0 0 4 6 2 0 0 0 0 0 0 0 0 0 0 0 0 0 0 0 0 0 0 0
SHARD 10286 k=4 m=28 inter=1 colcap=128: NONE visited=6588 time=0.0s
ACCEPTED 0 0 0 0 0 0 0 8 28 59 45 9 0 0 0 0 0 0 0 0 0 0 0 0 0 0 0 0 0
SHARD 10287 k=4 m=28 inter=1 colcap=128: NONE visited=36611 time=0.0s
ACCEPTED 0 0 0 0 0 0 0 5 21 106 310 394 247 76 9 1 0 0 0 0 0 0 0 0 0 0 0 0 0
SHARD 10288 k=4 m=28 inter=1 colcap=128: NONE visited=55268 time=0.0s
ACCEPTED 0 0 0 0 0 0 0 5 30 170 459 603 371 45 1 0 0 0 0 0 0 0 0 0 0 0 0 0 0
SHARD 10289 k=4 m=28 inter=1 colcap=128: NONE visited=225 time=0.0s
ACCEPTED 0 0 0 0 0 0 0 1 3 0 0 0 0 0 0 0 0 0 0 0 0 0 0 0 0 0 0 0 0
SHARD 10290 k=4 m=28 inter=1 colcap=128: NONE visited=718 time=0.0s
ACCEPTED 0 0 0 0 0 0 0 4 5 2 0 0 0 0 0 0 0 0 0 0 0 0 0 0 0 0 0 0 0
SHARD 10291 k=4 m=28 inter=1 colcap=128: NONE visited=1368 time=0.0s
ACCEPTED 0 0 0 0 0 0 0 2 4 10 10 4 0 0 0 0 0 0 0 0 0 0 0 0 0 0 0 0 0
SHARD 10292 k=4 m=28 inter=1 colcap=128: NONE visited=24296811 time=19.8s
ACCEPTED 0 0 0 0 0 0 0 35 700 8299 56645 207797 394693 382018 195109 52364 7623 521 1 0 0 0 0 0 0 0 0 0 0
SHARD 10293 k=4 m=28 inter=1 colcap=128: NONE visited=2305 time=0.0s
ACCEPTED 0 0 0 0 0 0 0 7 17 20 5 0 0 0 0 0 0 0 0 0 0 0 0 0 0 0 0 0 0
SHARD 10294 k=4 m=28 inter=1 colcap=128: NONE visited=21531 time=0.0s
ACCEPTED 0 0 0 0 0 0 0 13 70 174 134 44 1 0 0 0 0 0 0 0 0 0 0 0 0 0 0 0 0
SHARD 10295 k=4 m=28 inter=1 colcap=128: NONE visited=1976179 time=1.3s
ACCEPTED 0 0 0 0 0 0 0 19 187 1300 5998 16975 26865 23289 12012 3662 605 24 0 0 0 0 0 0 0 0 0 0 0
SHARD 10296 k=4 m=28 inter=1 colcap=128: NONE visited=294546 time=0.2s
ACCEPTED 0 0 0 0 0 0 0 24 224 1094 2709 3099 1744 552 116 27 10 2 0 0 0 0 0 0 0 0 0 0 0
SHARD 10297 k=4 m=28 inter=1 colcap=128: NONE visited=6381585 time=4.6s
ACCEPTED 0 0 0 0 0 0 0 15 177 1703 10781 40514 85414 98090 62293 21088 3134 170 6 0 0 0 0 0 0 0 0 0 0
SHARD 10298 k=4 m=28 inter=1 colcap=128: NONE visited=9255 time=0.0s
ACCEPTED 0 0 0 0 0 0 0 7 31 78 116 93 30 3 0 0 0 0 0 0 0 0 0 0 0 0 0 0 0
SHARD 10299 k=4 m=28 inter=1 colcap=128: NONE visited=104892 time=0.1s
ACCEPTED 0 0 0 0 0 0 0 13 77 277 654 1015 1213 925 398 95 32 3 0 0 0 0 0 0 0 0 0 0 0
SHARD 10300 k=4 m=28 inter=1 colcap=128: NONE visited=797439 time=0.6s
ACCEPTED 0 0 0 0 0 0 0 11 92 586 2622 7757 14063 14027 7212 2077 338 10 0 0 0 0 0 0 0 0 0 0 0
SHARD 10301 k=4 m=28 inter=1 colcap=128: NONE visited=502550 time=0.3s
ACCEPTED 0 0 0 0 0 0 0 15 125 694 2476 5332 6838 5619 2611 749 65 0 0 0 0 0 0 0 0 0 0 0 0
SHARD 10302 k=4 m=28 inter=1 colcap=128: NONE visited=836 time=0.0s
ACCEPTED 0 0 0 0 0 0 0 3 6 8 7 1 0 0 0 0 0 0 0 0 0 0 0 0 0 0 0 0 0
SHARD 10303 k=4 m=28 inter=1 colcap=128: NONE visited=286979 time=0.2s
ACCEPTED 0 0 0 0 0 0 0 18 162 823 2323 3500 2703 1286 390 52 4 0 0 0 0 0 0 0 0 0 0 0 0
SHARD 10304 k=4 m=28 inter=1 colcap=128: NONE visited=10598 time=0.0s
ACCEPTED 0 0 0 0 0 0 0 5 20 65 120 90 23 0 0 0 0 0 0 0 0 0 0 0 0 0 0 0 0
SHARD 10305 k=4 m=28 inter=1 colcap=128: NONE visited=13691 time=0.0s
ACCEPTED 0 0 0 0 0 0 0 9 45 142 218 127 22 0 0 0 0 0 0 0 0 0 0 0 0 0 0 0 0
SHARD 10306 k=4 m=28 inter=1 colcap=128: NONE visited=5225889 time=5.4s
ACCEPTED 0 0 0 0 0 0 0 20 300 2514 13090 42475 86892 113260 93932 49452 15770 2578 139 3 0 0 0 0 0 0 0 0 0
SHARD 10307 k=4 m=28 inter=1 colcap=128: NONE visited=89570 time=0.1s
ACCEPTED 0 0 0 0 0 0 0 14 97 349 751 1062 826 225 21 0 0 0 0 0 0 0 0 0 0 0 0 0 0
SHARD 10308 k=4 m=28 inter=1 colcap=128: NONE visited=1881607 time=1.7s
ACCEPTED 0 0 0 0 0 0 0 15 153 1090 5303 16573 31087 32457 20204 8529 2282 191 17 0 0 0 0 0 0 0 0 0 0
SHARD 10309 k=4 m=28 inter=1 colcap=128: NONE visited=1134281 time=0.9s
ACCEPTED 0 0 0 0 0 0 0 19 202 1396 5983 14011 17315 11698 4357 1043 57 1 0 0 0 0 0 0 0 0 0 0 0
SHARD 10310 k=4 m=28 inter=1 colcap=128: NONE visited=1782 time=0.0s
ACCEPTED 0 0 0 0 0 0 0 5 10 15 13 3 0 0 0 0 0 0 0 0 0 0 0 0 0 0 0 0 0
SHARD 10311 k=4 m=28 inter=1 colcap=128: NONE visited=46736 time=0.0s
ACCEPTED 0 0 0 0 0 0 0 6 30 131 397 671 539 178 25 0 0 0 0 0 0 0 0 0 0 0 0 0 0
SHARD 10312 k=4 m=28 inter=1 colcap=128: NONE visited=192 time=0.0s
ACCEPTED 0 0 0 0 0 0 0 1 2 1 1 0 0 0 0 0 0 0 0 0 0 0 0 0 0 0 0 0 0
SHARD 10313 k=4 m=28 inter=1 colcap=128: NONE visited=6560336 time=6.3s
ACCEPTED 0 0 0 0 0 0 0 15 172 1476 8961 35630 88212 131620 116454 62006 20150 3766 369 13 0 0 0 0 0 0 0 0 0
SHARD 10314 k=4 m=28 inter=1 colcap=128: NONE visited=10232053 time=9.6s
ACCEPTED 0 0 0 0 0 0 0 26 358 3291 20178 77286 172643 215936 158129 68287 17173 2528 197 8 0 0 0 0 0 0 0 0 0
SHARD 10315 k=4 m=28 inter=1 colcap=128: NONE visited=4005918 time=3.8s
ACCEPTED 0 0 0 0 0 0 0 17 175 1288 6640 23539 55518 82354 71871 34409 8269 874 27 0 0 0 0 0 0 0 0 0 0
SHARD 10316 k=4 m=28 inter=1 colcap=128: NONE visited=500901 time=0.4s
ACCEPTED 0 0 0 0 0 0 0 17 167 990 3360 6398 6747 4271 1734 380 44 1 0 0 0 0 0 0 0 0 0 0 0
SHARD 10317 k=4 m=28 inter=1 colcap=128: NONE visited=18217993 time=21.6s
ACCEPTED 0 0 0 0 0 0 0 23 306 2820 17747 73452 196817 343923 403022 335585 208597 89278 972 15 0 0 0 0 0 0 0 0 0
SHARD 10318 k=4 m=28 inter=1 colcap=128: NONE visited=120240 time=0.1s
ACCEPTED 0 0 0 0 0 0 0 7 37 167 609 1356 1629 663 35 0 0 0 0 0 0 0 0 0 0 0 0 0 0
SHARD 10319 k=4 m=28 inter=1 colcap=128: NONE visited=241335 time=0.3s
ACCEPTED 0 0 0 0 0 0 0 7 41 200 760 2192 4680 7166 6337 2066 152 0 0 0 0 0 0 0 0 0 0 0 0
DONE exit=20
