SHARD 2440 k=4 m=28 inter=1 colcap=128: NONE visited=5005026 time=4.1s
ACCEPTED 0 0 0 0 0 0 0 31 449 3896 19110 50733 71136 52264 20747 4595 506 41 0 0 0 0 0 0 0 0 0 0 0
SHARD 2441 k=4 m=28 inter=1 colcap=128: NONE visited=613036 time=0.5s
ACCEPTED 0 0 0 0 0 0 0 18 169 951 3274 6439 6803 3562 912 87 4 0 0 0 0 0 0 0 0 0 0 0 0
SHARD 2442 k=4 m=28 inter=1 colcap=128: NONE visited=2361289 time=2.1s
ACCEPTED 0 0 0 0 0 0 0 42 646 4740 17386 30799 27034 11401 2228 207 7 0 0 0 0 0 0 0 0 0 0 0 0
SHARD 2443 k=4 m=28 inter=1 colcap=128: NONE visited=3212326 time=2.5s
ACCEPTED 0 0 0 0 0 0 0 29 422 3506 15757 36330 42300 24829 7182 1219 119 5 0 0 0 0 0 0 0 0 0 0 0
SHARD 2444 k=4 m=28 inter=1 colcap=128: NONE visited=607935 time=0.5s
ACCEPTED 0 0 0 0 0 0 0 19 160 891 3157 6140 6718 4627 1948 432 61 2 0 0 0 0 0 0 0 0 0 0 0
SHARD 2445 k=4 m=28 inter=1 colcap=128: NONE visited=59478 time=0.0s
ACCEPTED 0 0 0 0 0 0 0 4 30 208 580 574 203 31 1 0 0 0 0 0 0 0 0 0 0 0 0 0 0
SHARD 2446 k=4 m=28 inter=1 colcap=128: NONE visited=33126 time=0.0s
ACCEPTED 0 0 0 0 0 0 0 8 46 162 311 289 101 10 0 0 0 0 0 0 0 0 0 0 0 0 0 0 0
SHARD 2447 k=4 m=28 inter=1 colcap=128: NONE visited=247215 time=0.2s
ACCEPTED 0 0 0 0 0 0 0 15 125 618 1720 2584 1988 940 291 80 12 1 0 0 0 0 0 0 0 0 0 0 0
SHARD 2448 k=4 m=28 inter=1 colcap=128: NONE visited=68127 time=0.1s
ACCEPTED 0 0 0 0 0 0 0 9 68 300 639 594 219 27 0 0 0 0 0 0 0 0 0 0 0 0 0 0 0
SHARD 2449 k=4 m=28 inter=1 colcap=128: NONE visited=61821 time=0.0s
ACCEPTED 0 0 0 0 0 0 0 8 52 203 488 649 408 120 15 2 1 0 0 0 0 0 0 0 0 0 0 0 0
SHARD 2450 k=4 m=28 inter=1 colcap=128: NONE visited=142427 time=0.1s
ACCEPTED 0 0 0 0 0 0 0 8 55 336 1240 1870 1030 173 8 0 0 0 0 0 0 0 0 0 0 0 0 0 0
SHARD 2451 k=4 m=28 inter=1 colcap=128: NONE visited=3386318 time=3.2s
ACCEPTED 0 0 0 0 0 0 0 31 419 3205 13973 34267 46314 34063 13591 3452 490 51 4 0 0 0 0 0 0 0 0 0 0
SHARD 2452 k=4 m=28 inter=1 colcap=128: NONE visited=2127849 time=2.2s
ACCEPTED 0 0 0 0 0 0 0 22 266 2019 9156 23658 33678 25209 9809 1885 153 6 0 0 0 0 0 0 0 0 0 0 0
SHARD 2453 k=4 m=28 inter=1 colcap=128: NONE visited=1033865 time=0.9s
ACCEPTED 0 0 0 0 0 0 0 23 273 1854 6831 13236 13167 6614 1890 344 49 6 0 0 0 0 0 0 0 0 0 0 0
SHARD 2454 k=4 m=28 inter=1 colcap=128: NONE visited=476078 time=0.4s
ACCEPTED 0 0 0 0 0 0 0 19 167 982 3456 6289 5487 2061 357 24 1 0 0 0 0 0 0 0 0 0 0 0 0
SHARD 2455 k=4 m=28 inter=1 colcap=128: NONE visited=4137764 time=3.9s
ACCEPTED 0 0 0 0 0 0 0 31 447 3750 17692 45196 61136 43270 16098 3411 478 22 0 0 0 0 0 0 0 0 0 0 0
SHARD 2456 k=4 m=28 inter=1 colcap=128: NONE visited=729735 time=0.6s
ACCEPTED 0 0 0 0 0 0 0 18 164 941 3372 7110 8808 6370 2722 452 30 0 0 0 0 0 0 0 0 0 0 0 0
SHARD 2457 k=4 m=28 inter=1 colcap=128: NONE visited=2511110 time=2.3s
ACCEPTED 0 0 0 0 0 0 0 36 532 4080 16141 32426 32602 16910 4695 636 34 0 0 0 0 0 0 0 0 0 0 0 0
SHARD 2458 k=4 m=28 inter=1 colcap=128: NONE visited=2853836 time=2.6s
ACCEPTED 0 0 0 0 0 0 0 30 428 3357 14263 32234 39254 25738 9637 2063 260 19 1 0 0 0 0 0 0 0 0 0 0
SHARD 2459 k=4 m=28 inter=1 colcap=128: NONE visited=458175 time=0.3s
ACCEPTED 0 0 0 0 0 0 0 22 222 1318 3844 5302 3477 1028 139 8 0 0 0 0 0 0 0 0 0 0 0 0 0
SHARD 2460 k=4 m=28 inter=1 colcap=128: NONE visited=7102 time=0.0s
ACCEPTED 0 0 0 0 0 0 0 2 15 57 77 30 2 0 0 0 0 0 0 0 0 0 0 0 0 0 0 0 0
SHARD 2461 k=4 m=28 inter=1 colcap=128: NONE visited=599852 time=0.4s
ACCEPTED 0 0 0 0 0 0 0 20 183 1132 3879 6697 5634 2469 550 22 0 0 0 0 0 0 0 0 0 0 0 0 0
SHARD 2462 k=4 m=28 inter=1 colcap=128: NONE visited=999205 time=0.9s
ACCEPTED 0 0 0 0 0 0 0 18 179 1177 4582 10210 12485 8350 2990 611 95 16 2 0 0 0 0 0 0 0 0 0 0
SHARD 2463 k=4 m=28 inter=1 colcap=128: NONE visited=666237 time=0.6s
ACCEPTED 0 0 0 0 0 0 0 17 171 1095 3815 7115 7312 4338 1315 215 15 0 0 0 0 0 0 0 0 0 0 0 0
SHARD 2464 k=4 m=28 inter=1 colcap=128: NONE visited=68591 time=0.0s
ACCEPTED 0 0 0 0 0 0 0 6 67 337 684 606 290 60 6 0 0 0 0 0 0 0 0 0 0 0 0 0 0
SHARD 2465 k=4 m=28 inter=1 colcap=128: NONE visited=211603 time=0.2s
ACCEPTED 0 0 0 0 0 0 0 9 63 371 1321 2450 2147 757 105 8 0 0 0 0 0 0 0 0 0 0 0 0 0
SHARD 2466 k=4 m=28 inter=1 colcap=128: NONE visited=55679 time=0.0s
ACCEPTED 0 0 0 0 0 0 0 7 40 218 512 472 192 16 0 0 0 0 0 0 0 0 0 0 0 0 0 0 0
SHARD 2467 k=4 m=28 inter=1 colcap=128: NONE visited=37476 time=0.0s
ACCEPTED 0 0 0 0 0 0 0 7 38 178 436 367 120 10 1 0 0 0 0 0 0 0 0 0 0 0 0 0 0
SHARD 2468 k=4 m=28 inter=1 colcap=128: NONE visited=831963 time=0.6s
ACCEPTED 0 0 0 0 0 0 0 20 208 1291 4459 8318 8567 5247 1870 436 57 8 0 0 0 0 0 0 0 0 0 0 0
SHARD 2469 k=4 m=28 inter=1 colcap=128: NONE visited=235552 time=0.2s
ACCEPTED 0 0 0 0 0 0 0 11 60 309 1157 2565 3128 1825 528 66 2 0 0 0 0 0 0 0 0 0 0 0 0
SHARD 2470 k=4 m=28 inter=1 colcap=128: NONE visited=69 time=0.0s
ACCEPTED 0 0 0 0 0 0 0 0 0 0 0 0 0 0 0 0 0 0 0 0 0 0 0 0 0 0 0 0 0
SHARD 2471 k=4 m=28 inter=1 colcap=128: NONE visited=55585 time=0.0s
ACCEPTED 0 0 0 0 0 0 0 20 180 548 655 289 27 0 0 0 0 0 0 0 0 0 0 0 0 0 0 0 0
SHARD 2472 k=4 m=28 inter=1 colcap=128: NONE visited=444705 time=0.3s
ACCEPTED 0 0 0 0 0 0 0 23 296 1588 3699 3886 2326 955 246 18 0 0 0 0 0 0 0 0 0 0 0 0 0
SHARD 2473 k=4 m=28 inter=1 colcap=128: NONE visited=224320 time=0.1s
ACCEPTED 0 0 0 0 0 0 0 39 456 1798 2455 1122 214 17 0 0 0 0 0 0 0 0 0 0 0 0 0 0 0
SHARD 2474 k=4 m=28 inter=1 colcap=128: NONE visited=9689474 time=7.2s
ACCEPTED 0 0 0 0 0 0 0 60 1262 10978 42540 79451 74781 40819 13889 928 139 1 0 0 0 0 0 0 0 0 0 0 0
SHARD 2475 k=4 m=28 inter=1 colcap=128: NONE visited=867774 time=0.5s
ACCEPTED 0 0 0 0 0 0 0 40 540 3036 7812 9015 4042 413 11 0 0 0 0 0 0 0 0 0 0 0 0 0 0
SHARD 2476 k=4 m=28 inter=1 colcap=128: NONE visited=19461 time=0.0s
ACCEPTED 0 0 0 0 0 0 0 17 86 178 155 36 1 0 0 0 0 0 0 0 0 0 0 0 0 0 0 0 0
SHARD 2477 k=4 m=28 inter=1 colcap=128: NONE visited=63297 time=0.0s
ACCEPTED 0 0 0 0 0 0 0 19 139 485 576 196 26 0 0 0 0 0 0 0 0 0 0 0 0 0 0 0 0
SHARD 2478 k=4 m=28 inter=1 colcap=128: NONE visited=21457 time=0.0s
ACCEPTED 0 0 0 0 0 0 0 21 106 192 121 22 0 0 0 0 0 0 0 0 0 0 0 0 0 0 0 0 0
SHARD 2479 k=4 m=28 inter=1 colcap=128: NONE visited=49890 time=0.0s
ACCEPTED 0 0 0 0 0 0 0 22 144 359 395 174 43 5 0 0 0 0 0 0 0 0 0 0 0 0 0 0 0
DONE exit=20
