SHARD 9240 k=4 m=28 inter=1 colcap=128: NONE visited=169 time=0.0s
ACCEPTED 0 0 0 0 0 0 0 1 0 0 0 0 0 0 0 0 0 0 0 0 0 0 0 0 0 0 0 0 0
SHARD 9241 k=4 m=28 inter=1 colcap=128: NONE visited=295 time=0.0s
ACCEPTED 0 0 0 0 0 0 0 2 0 0 0 0 0 0 0 0 0 0 0 0 0 0 0 0 0 0 0 0 0
SHARD 9242 k=4 m=28 inter=1 colcap=128: NONE visited=550 time=0.0s
ACCEPTED 0 0 0 0 0 0 0 3 3 0 0 0 0 0 0 0 0 0 0 0 0 0 0 0 0 0 0 0 0
SHARD 9243 k=4 m=28 inter=1 colcap=128: NONE visited=17981 time=0.0s
ACCEPTED 0 0 0 0 0 0 0 20 110 143 18 0 0 0 0 0 0 0 0 0 0 0 0 0 0 0 0 0 0
SHARD 9244 k=4 m=28 inter=1 colcap=128: NONE visited=3921 time=0.0s
ACCEPTED 0 0 0 0 0 0 0 9 24 17 9 3 0 0 0 0 0 0 0 0 0 0 0 0 0 0 0 0 0
SHARD 9245 k=4 m=28 inter=1 colcap=128: NONE visited=760 time=0.0s
ACCEPTED 0 0 0 0 0 0 0 4 5 0 0 0 0 0 0 0 0 0 0 0 0 0 0 0 0 0 0 0 0
SHARD 9246 k=4 m=28 inter=1 colcap=128: NONE visited=274 time=0.0s
ACCEPTED 0 0 0 0 0 0 0 2 1 0 0 0 0 0 0 0 0 0 0 0 0 0 0 0 0 0 0 0 0
SHARD 9247 k=4 m=28 inter=1 colcap=128: NONE visited=5149 time=0.0s
ACCEPTED 0 0 0 0 0 0 0 9 29 35 11 0 0 0 0 0 0 0 0 0 0 0 0 0 0 0 0 0 0
SHARD 9248 k=4 m=28 inter=1 colcap=128: NONE visited=2491 time=0.0s
ACCEPTED 0 0 0 0 0 0 0 6 11 15 8 0 0 0 0 0 0 0 0 0 0 0 0 0 0 0 0 0 0
SHARD 9249 k=4 m=28 inter=1 colcap=128: NONE visited=1034 time=0.0s
ACCEPTED 0 0 0 0 0 0 0 4 5 4 0 0 0 0 0 0 0 0 0 0 0 0 0 0 0 0 0 0 0
SHARD 9250 k=4 m=28 inter=1 colcap=128: NONE visited=9296 time=0.0s
ACCEPTED 0 0 0 0 0 0 0 11 39 68 52 16 1 0 0 0 0 0 0 0 0 0 0 0 0 0 0 0 0
SHARD 9251 k=4 m=28 inter=1 colcap=128: NONE visited=1110 time=0.0s
ACCEPTED 0 0 0 0 0 0 0 4 6 3 0 0 0 0 0 0 0 0 0 0 0 0 0 0 0 0 0 0 0
SHARD 9252 k=4 m=28 inter=1 colcap=128: NONE visited=14730 time=0.0s
ACCEPTED 0 0 0 0 0 0 0 13 55 114 70 4 0 0 0 0 0 0 0 0 0 0 0 0 0 0 0 0 0
SHARD 9253 k=4 m=28 inter=1 colcap=128: NONE visited=18083 time=0.0s
ACCEPTED 0 0 0 0 0 0 0 14 70 148 84 15 0 0 0 0 0 0 0 0 0 0 0 0 0 0 0 0 0
SHARD 9254 k=4 m=28 inter=1 colcap=128: NONE visited=525 time=0.0s
ACCEPTED 0 0 0 0 0 0 0 2 3 0 0 0 0 0 0 0 0 0 0 0 0 0 0 0 0 0 0 0 0
SHARD 9255 k=4 m=28 inter=1 colcap=128: NONE visited=1508 time=0.0s
ACCEPTED 0 0 0 0 0 0 0 5 10 7 0 0 0 0 0 0 0 0 0 0 0 0 0 0 0 0 0 0 0
SHARD 9256 k=4 m=28 inter=1 colcap=128: NONE visited=109 time=0.0s
ACCEPTED 0 0 0 0 0 0 0 0 0 0 0 0 0 0 0 0 0 0 0 0 0 0 0 0 0 0 0 0 0
SHARD 9257 k=4 m=28 inter=1 colcap=128: NONE visited=1246 time=0.0s
ACCEPTED 0 0 0 0 0 0 0 6 7 1 0 0 0 0 0 0 0 0 0 0 0 0 0 0 0 0 0 0 0
SHARD 9258 k=4 m=28 inter=1 colcap=128: NONE visited=472376 time=0.2s
ACCEPTED 0 0 0 0 0 0 0 34 398 2002 4186 3502 1050 112 7 0 0 0 0 0 0 0 0 0 0 0 0 0 0
SHARD 9259 k=4 m=28 inter=1 colcap=128: NONE visited=1015867 time=0.6s
ACCEPTED 0 0 0 0 0 0 0 16 197 1440 5690 10290 7996 3264 806 94 4 0 0 0 0 0 0 0 0 0 0 0 0
SHARD 9260 k=4 m=28 inter=1 colcap=128: NONE visited=46451 time=0.0s
ACCEPTED 0 0 0 0 0 0 0 17 107 296 343 167 31 1 0 0 0 0 0 0 0 0 0 0 0 0 0 0 0
SHARD 9261 k=4 m=28 inter=1 colcap=128: NONE visited=190 time=0.0s
ACCEPTED 0 0 0 0 0 0 0 1 0 0 0 0 0 0 0 0 0 0 0 0 0 0 0 0 0 0 0 0 0
SHARD 9262 k=4 m=28 inter=1 colcap=128: NONE visited=1039 time=0.0s
ACCEPTED 0 0 0 0 0 0 0 6 6 0 0 0 0 0 0 0 0 0 0 0 0 0 0 0 0 0 0 0 0
SHARD 9263 k=4 m=28 inter=1 colcap=128: NONE visited=212 time=0.0s
ACCEPTED 0 0 0 0 0 0 0 1 0 0 0 0 0 0 0 0 0 0 0 0 0 0 0 0 0 0 0 0 0
SHARD 9264 k=4 m=28 inter=1 colcap=128: NONE visited=127 time=0.0s
ACCEPTED 0 0 0 0 0 0 0 0 0 0 0 0 0 0 0 0 0 0 0 0 0 0 0 0 0 0 0 0 0
SHARD 9265 k=4 m=28 inter=1 colcap=128: NONE visited=201 time=0.0s
ACCEPTED 0 0 0 0 0 0 0 1 0 0 0 0 0 0 0 0 0 0 0 0 0 0 0 0 0 0 0 0 0
SHARD 9266 k=4 m=28 inter=1 colcap=128: NONE visited=192 time=0.0s
ACCEPTED 0 0 0 0 0 0 0 1 0 0 0 0 0 0 0 0 0 0 0 0 0 0 0 0 0 0 0 0 0
SHARD 9267 k=4 m=28 inter=1 colcap=128: NONE visited=105 time=0.0s
ACCEPTED 0 0 0 0 0 0 0 0 0 0 0 0 0 0 0 0 0 0 0 0 0 0 0 0 0 0 0 0 0
SHARD 9268 k=4 m=28 inter=1 colcap=128: NONE visited=5424 time=0.0s
ACCEPTED 0 0 0 0 0 0 0 9 29 51 0 0 0 0 0 0 0 0 0 0 0 0 0 0 0 0 0 0 0
SHARD 9269 k=4 m=28 inter=1 colcap=128: NONE visited=15643 time=0.0s
ACCEPTED 0 0 0 0 0 0 0 16 81 142 60 5 0 0 0 0 0 0 0 0 0 0 0 0 0 0 0 0 0
SHARD 9270 k=4 m=28 inter=1 colcap=128: NONE visited=22547 time=0.0s
ACCEPTED 0 0 0 0 0 0 0 16 82 180 138 53 1 0 0 0 0 0 0 0 0 0 0 0 0 0 0 0 0
SHARD 9271 k=4 m=28 inter=1 colcap=128: NONE visited=41375 time=0.0s
ACCEPTED 0 0 0 0 0 0 0 23 139 316 250 57 2 0 0 0 0 0 0 0 0 0 0 0 0 0 0 0 0
SHARD 9272 k=4 m=28 inter=1 colcap=128: NONE visited=5876 time=0.0s
ACCEPTED 0 0 0 0 0 0 0 10 32 33 12 1 0 0 0 0 0 0 0 0 0 0 0 0 0 0 0 0 0
SHARD 9273 k=4 m=28 inter=1 colcap=128: NONE visited=4243 time=0.0s
ACCEPTED 0 0 0 0 0 0 0 3 14 37 21 2 0 0 0 0 0 0 0 0 0 0 0 0 0 0 0 0 0
SHARD 9274 k=4 m=28 inter=1 colcap=128: NONE visited=784 time=0.0s
ACCEPTED 0 0 0 0 0 0 0 4 7 0 0 0 0 0 0 0 0 0 0 0 0 0 0 0 0 0 0 0 0
SHARD 9275 k=4 m=28 inter=1 colcap=128: NONE visited=3060 time=0.0s
ACCEPTED 0 0 0 0 0 0 0 6 15 19 10 0 0 0 0 0 0 0 0 0 0 0 0 0 0 0 0 0 0
SHARD 9276 k=4 m=28 inter=1 colcap=128: NONE visited=32956 time=0.0s
ACCEPTED 0 0 0 0 0 0 0 10 68 218 235 121 46 9 1 0 0 0 0 0 0 0 0 0 0 0 0 0 0
SHARD 9277 k=4 m=28 inter=1 colcap=128: NONE visited=59375 time=0.0s
ACCEPTED 0 0 0 0 0 0 0 18 122 407 480 180 25 1 0 0 0 0 0 0 0 0 0 0 0 0 0 0 0
SHARD 9278 k=4 m=28 inter=1 colcap=128: NONE visited=1590 time=0.0s
ACCEPTED 0 0 0 0 0 0 0 5 10 3 0 0 0 0 0 0 0 0 0 0 0 0 0 0 0 0 0 0 0
SHARD 9279 k=4 m=28 inter=1 colcap=128: NONE visited=184 time=0.0s
ACCEPTED 0 0 0 0 0 0 0 1 0 0 0 0 0 0 0 0 0 0 0 0 0 0 0 0 0 0 0 0 0
DONE exit=20
