SHARD 6120 k=4 m=28 inter=1 colcap=128: NONE visited=636 time=0.0s
ACCEPTED 0 0 0 0 0 0 0 5 5 0 0 0 0 0 0 0 0 0 0 0 0 0 0 0 0 0 0 0 0
SHARD 6121 k=4 m=28 inter=1 colcap=128: NONE visited=424 time=0.0s
ACCEPTED 0 0 0 0 0 0 0 4 0 0 0 0 0 0 0 0 0 0 0 0 0 0 0 0 0 0 0 0 0
SHARD 6122 k=4 m=28 inter=1 colcap=128: NONE visited=63 time=0.0s
ACCEPTED 0 0 0 0 0 0 0 1 0 0 0 0 0 0 0 0 0 0 0 0 0 0 0 0 0 0 0 0 0
SHARD 6123 k=4 m=28 inter=1 colcap=128: NONE visited=4124 time=0.0s
ACCEPTED 0 0 0 0 0 0 0 9 24 49 38 6 0 0 0 0 0 0 0 0 0 0 0 0 0 0 0 0 0
SHARD 6124 k=4 m=28 inter=1 colcap=128: NONE visited=461 time=0.0s
ACCEPTED 0 0 0 0 0 0 0 3 5 3 1 0 0 0 0 0 0 0 0 0 0 0 0 0 0 0 0 0 0
SHARD 6125 k=4 m=28 inter=1 colcap=128: NONE visited=716 time=0.0s
ACCEPTED 0 0 0 0 0 0 0 4 7 2 1 0 0 0 0 0 0 0 0 0 0 0 0 0 0 0 0 0 0
SHARD 6126 k=4 m=28 inter=1 colcap=128: NONE visited=6020 time=0.0s
ACCEPTED 0 0 0 0 0 0 0 5 30 62 37 2 0 0 0 0 0 0 0 0 0 0 0 0 0 0 0 0 0
SHARD 6127 k=4 m=28 inter=1 colcap=128: NONE visited=206 time=0.0s
ACCEPTED 0 0 0 0 0 0 0 3 1 0 0 0 0 0 0 0 0 0 0 0 0 0 0 0 0 0 0 0 0
SHARD 6128 k=4 m=28 inter=1 colcap=128: NONE visited=790 time=0.0s
ACCEPTED 0 0 0 0 0 0 0 4 8 2 0 0 0 0 0 0 0 0 0 0 0 0 0 0 0 0 0 0 0
SHARD 6129 k=4 m=28 inter=1 colcap=128: NONE visited=7321 time=0.0s
ACCEPTED 0 0 0 0 0 0 0 9 34 69 36 12 0 0 0 0 0 0 0 0 0 0 0 0 0 0 0 0 0
SHARD 6130 k=4 m=28 inter=1 colcap=128: NONE visited=67 time=0.0s
ACCEPTED 0 0 0 0 0 0 0 0 0 0 0 0 0 0 0 0 0 0 0 0 0 0 0 0 0 0 0 0 0
SHARD 6131 k=4 m=28 inter=1 colcap=128: NONE visited=216 time=0.0s
ACCEPTED 0 0 0 0 0 0 0 2 0 0 0 0 0 0 0 0 0 0 0 0 0 0 0 0 0 0 0 0 0
SHARD 6132 k=4 m=28 inter=1 colcap=128: NONE visited=126 time=0.0s
ACCEPTED 0 0 0 0 0 0 0 0 0 0 0 0 0 0 0 0 0 0 0 0 0 0 0 0 0 0 0 0 0
SHARD 6133 k=4 m=28 inter=1 colcap=128: NONE visited=58 time=0.0s
ACCEPTED 0 0 0 0 0 0 0 0 0 0 0 0 0 0 0 0 0 0 0 0 0 0 0 0 0 0 0 0 0
SHARD 6134 k=4 m=28 inter=1 colcap=128: NONE visited=13300 time=0.0s
ACCEPTED 0 0 0 0 0 0 0 14 63 145 186 103 23 1 0 0 0 0 0 0 0 0 0 0 0 0 0 0 0
SHARD 6135 k=4 m=28 inter=1 colcap=128: NONE visited=3601893 time=7.3s
ACCEPTED 0 0 0 0 0 0 0 28 434 3971 19326 46276 45831 16442 2617 309 14 0 0 0 0 0 0 0 0 0 0 0 0
SHARD 6136 k=4 m=28 inter=1 colcap=128: NONE visited=69 time=0.0s
ACCEPTED 0 0 0 0 0 0 0 1 0 0 0 0 0 0 0 0 0 0 0 0 0 0 0 0 0 0 0 0 0
SHARD 6137 k=4 m=28 inter=1 colcap=128: NONE visited=930 time=0.0s
ACCEPTED 0 0 0 0 0 0 0 6 12 1 0 0 0 0 0 0 0 0 0 0 0 0 0 0 0 0 0 0 0
SHARD 6138 k=4 m=28 inter=1 colcap=128: NONE visited=7541 time=0.0s
ACCEPTED 0 0 0 0 0 0 0 7 35 60 78 57 23 3 0 0 0 0 0 0 0 0 0 0 0 0 0 0 0
SHARD 6139 k=4 m=28 inter=1 colcap=128: NONE visited=57 time=0.0s
ACCEPTED 0 0 0 0 0 0 0 0 0 0 0 0 0 0 0 0 0 0 0 0 0 0 0 0 0 0 0 0 0
SHARD 6140 k=4 m=28 inter=1 colcap=128: NONE visited=71 time=0.0s
ACCEPTED 0 0 0 0 0 0 0 0 0 0 0 0 0 0 0 0 0 0 0 0 0 0 0 0 0 0 0 0 0
SHARD 6141 k=4 m=28 inter=1 colcap=128: NONE visited=295 time=0.0s
ACCEPTED 0 0 0 0 0 0 0 3 1 0 0 0 0 0 0 0 0 0 0 0 0 0 0 0 0 0 0 0 0
SHARD 6142 k=4 m=28 inter=1 colcap=128: NONE visited=1357018 time=5.7s
ACCEPTED 0 0 0 0 0 0 0 5 23 151 763 3484 11268 24971 34091 23149 3223 3 0 0 0 0 0 0 0 0 0 0 0
SHARD 6143 k=4 m=28 inter=1 colcap=128: NONE visited=112736422 time=347.3s
ACCEPTED 0 0 0 0 0 0 0 21 267 3289 29252 180620 704025 1657451 2291823 2058665 1243598 387120 32411 2536 334 31 1 0 0 0 0 0 0
SHARD 6144 k=4 m=28 inter=1 colcap=128: NONE visited=1263029234 time=4033.6s
ACCEPTED 0 0 0 0 0 0 0 33 636 9631 99341 683408 3063643 8847833 16478398 20855323 19416501 15226033 11398802 7714040 3269454 166234 34680 7478 1673 270 3 0 0
SHARD 6145 k=4 m=28 inter=1 colcap=128: NONE visited=239667460 time=501.4s
ACCEPTED 0 0 0 0 0 0 0 23 402 5365 49812 311461 1277126 3396080 5797604 6271053 4209900 1702708 399260 67727 9870 1102 37 0 0 0 0 0 0
SHARD 6146 k=4 m=28 inter=1 colcap=128: NONE visited=959256872 time=3457.3s
ACCEPTED 0 0 0 0 0 0 0 25 420 5592 52614 337922 1447945 4127059 7936466 10898521 12246852 13478481 14629862 12446792 5664572 46655 5077 612 53 3 0 0 0
SHARD 6147 k=4 m=28 inter=1 colcap=128: NONE visited=508077779 time=2051.7s
ACCEPTED 0 0 0 0 0 0 0 31 604 9026 91994 626743 2754938 7567392 12603300 12853414 8132176 3239277 867109 176451 26799 3246 330 21 0 0 0 0 0
SHARD 6148 k=4 m=28 inter=1 colcap=128: NONE visited=1462117 time=4.8s
ACCEPTED 0 0 0 0 0 0 0 6 36 191 1067 4370 12142 22202 24458 14246 5175 1052 115 3 0 0 0 0 0 0 0 0 0
SHARD 6149 k=4 m=28 inter=1 colcap=128: NONE visited=1965585 time=5.9s
ACCEPTED 0 0 0 0 0 0 0 6 22 107 425 1686 5910 15070 22311 15835 5567 6126 1327 634 217 0 0 0 0 0 0 0 0
SHARD 6150 k=4 m=28 inter=1 colcap=128: NONE visited=144675786 time=406.2s
ACCEPTED 0 0 0 0 0 0 0 70 1759 20616 129865 473669 1018259 1361317 1291032 895574 368967 62627 44284 32330 11469 0 0 0 0 0 0 0 0
SHARD 6151 k=4 m=28 inter=1 colcap=128: NONE visited=34874756 time=112.3s
ACCEPTED 0 0 0 0 0 0 0 38 864 10958 74793 273172 546703 592402 336511 89974 12658 1023 51 1 0 0 0 0 0 0 0 0 0
SHARD 6152 k=4 m=28 inter=1 colcap=128: NONE visited=217718 time=0.5s
ACCEPTED 0 0 0 0 0 0 0 18 147 698 1747 2075 1291 574 105 5 0 0 0 0 0 0 0 0 0 0 0 0 0
SHARD 6153 k=4 m=28 inter=1 colcap=128: NONE visited=20557344 time=70.4s
ACCEPTED 0 0 0 0 0 0 0 28 437 4340 29069 120313 286572 380301 282348 112715 24922 3105 215 6 0 0 0 0 0 0 0 0 0
SHARD 6154 k=4 m=28 inter=1 colcap=128: NONE visited=16504914 time=47.9s
ACCEPTED 0 0 0 0 0 0 0 50 917 8937 50118 146331 219527 187596 111282 47569 14743 3251 465 36 0 0 0 0 0 0 0 0 0
SHARD 6155 k=4 m=28 inter=1 colcap=128: NONE visited=25474640 time=80.1s
ACCEPTED 0 0 0 0 0 0 0 33 622 6760 42297 151563 310581 364638 253170 115689 33403 1273 89 75 28 0 0 0 0 0 0 0 0
SHARD 6156 k=4 m=28 inter=1 colcap=128: NONE visited=1341813 time=3.9s
ACCEPTED 0 0 0 0 0 0 0 21 189 1337 6554 16272 17992 8583 2078 176 4 0 0 0 0 0 0 0 0 0 0 0 0
SHARD 6157 k=4 m=28 inter=1 colcap=128: NONE visited=2723356 time=7.8s
ACCEPTED 0 0 0 0 0 0 0 22 305 2461 11600 29804 36951 23290 7460 800 31 0 0 0 0 0 0 0 0 0 0 0 0
SHARD 6158 k=4 m=28 inter=1 colcap=128: NONE visited=8939 time=0.0s
ACCEPTED 0 0 0 0 0 0 0 5 30 87 131 51 1 0 0 0 0 0 0 0 0 0 0 0 0 0 0 0 0
SHARD 6159 k=4 m=28 inter=1 colcap=128: NONE visited=783144 time=1.9s
ACCEPTED 0 0 0 0 0 0 0 21 259 1587 5393 9644 8638 3436 613 46 0 0 0 0 0 0 0 0 0 0 0 0 0
DONE exit=20
