SHARD 2600 k=4 m=28 inter=1 colcap=128: NONE visited=71 time=0.0s
ACCEPTED 0 0 0 0 0 0 0 0 0 0 0 0 0 0 0 0 0 0 0 0 0 0 0 0 0 0 0 0 0
SHARD 2601 k=4 m=28 inter=1 colcap=128: NONE visited=283576 time=0.2s
ACCEPTED 0 0 0 0 0 0 0 12 101 479 1445 2987 3388 1883 501 44 5 0 0 0 0 0 0 0 0 0 0 0 0
SHARD 2602 k=4 m=28 inter=1 colcap=128: NONE visited=5533363 time=5.6s
ACCEPTED 0 0 0 0 0 0 0 28 398 3301 16368 47611 80153 76600 42211 12951 2271 236 3 0 0 0 0 0 0 0 0 0 0
SHARD 2603 k=4 m=28 inter=1 colcap=128: NONE visited=8625165 time=8.1s
ACCEPTED 0 0 0 0 0 0 0 48 878 7815 35771 87554 116208 84374 35961 9142 1294 100 2 0 0 0 0 0 0 0 0 0 0
SHARD 2604 k=4 m=28 inter=1 colcap=128: NONE visited=1272567 time=1.2s
ACCEPTED 0 0 0 0 0 0 0 25 280 1888 7429 15906 16155 7367 1742 222 16 0 0 0 0 0 0 0 0 0 0 0 0
SHARD 2605 k=4 m=28 inter=1 colcap=128: NONE visited=8280825 time=6.3s
ACCEPTED 0 0 0 0 0 0 0 25 450 4428 23733 68175 107104 96720 52069 15902 2965 382 16 0 0 0 0 0 0 0 0 0 0
SHARD 2606 k=4 m=28 inter=1 colcap=128: NONE visited=5363679 time=5.7s
ACCEPTED 0 0 0 0 0 0 0 18 286 2694 15313 49078 86122 77910 34544 8967 1398 114 4 0 0 0 0 0 0 0 0 0 0
SHARD 2607 k=4 m=28 inter=1 colcap=128: NONE visited=5114814 time=4.4s
ACCEPTED 0 0 0 0 0 0 0 37 543 4420 20331 52602 73635 49649 13654 1599 140 5 0 0 0 0 0 0 0 0 0 0 0
SHARD 2608 k=4 m=28 inter=1 colcap=128: NONE visited=10316568 time=9.3s
ACCEPTED 0 0 0 0 0 0 0 34 569 5540 30492 91559 148706 128333 55189 12926 1634 95 0 0 0 0 0 0 0 0 0 0 0
SHARD 2609 k=4 m=28 inter=1 colcap=128: NONE visited=9829498 time=10.6s
ACCEPTED 0 0 0 0 0 0 0 17 291 2935 18041 61938 119940 132202 87268 39077 9230 848 61 0 0 0 0 0 0 0 0 0 0
SHARD 2610 k=4 m=28 inter=1 colcap=128: NONE visited=263917 time=0.3s
ACCEPTED 0 0 0 0 0 0 0 10 71 461 1890 3550 2102 364 16 0 0 0 0 0 0 0 0 0 0 0 0 0 0
SHARD 2611 k=4 m=28 inter=1 colcap=128: NONE visited=903374 time=0.8s
ACCEPTED 0 0 0 0 0 0 0 22 204 1353 5430 11064 10196 4474 973 115 3 0 0 0 0 0 0 0 0 0 0 0 0
SHARD 2612 k=4 m=28 inter=1 colcap=128: NONE visited=159560 time=0.1s
ACCEPTED 0 0 0 0 0 0 0 12 83 392 1235 2102 1699 611 151 14 0 0 0 0 0 0 0 0 0 0 0 0 0
SHARD 2613 k=4 m=28 inter=1 colcap=128: NONE visited=4604977 time=4.3s
ACCEPTED 0 0 0 0 0 0 0 31 475 4157 19985 50673 67158 45348 15265 2759 275 21 1 0 0 0 0 0 0 0 0 0 0
SHARD 2614 k=4 m=28 inter=1 colcap=128: NONE visited=2397793 time=2.2s
ACCEPTED 0 0 0 0 0 0 0 29 393 2970 12288 27276 31540 18730 5806 949 77 2 0 0 0 0 0 0 0 0 0 0 0
SHARD 2615 k=4 m=28 inter=1 colcap=128: NONE visited=2929071 time=2.8s
ACCEPTED 0 0 0 0 0 0 0 34 475 3734 16085 35187 38382 20752 5145 607 39 2 0 0 0 0 0 0 0 0 0 0 0
SHARD 2616 k=4 m=28 inter=1 colcap=128: NONE visited=1869434 time=1.7s
ACCEPTED 0 0 0 0 0 0 0 31 390 2780 10899 22594 23019 10931 2533 311 21 0 0 0 0 0 0 0 0 0 0 0 0
SHARD 2617 k=4 m=28 inter=1 colcap=128: NONE visited=19438 time=0.0s
ACCEPTED 0 0 0 0 0 0 0 5 18 85 179 187 48 9 0 0 0 0 0 0 0 0 0 0 0 0 0 0 0
SHARD 2618 k=4 m=28 inter=1 colcap=128: NONE visited=201381 time=0.2s
ACCEPTED 0 0 0 0 0 0 0 12 90 553 1656 2248 1374 375 38 1 0 0 0 0 0 0 0 0 0 0 0 0 0
SHARD 2619 k=4 m=28 inter=1 colcap=128: NONE visited=277027 time=0.3s
ACCEPTED 0 0 0 0 0 0 0 9 53 324 1241 2614 3149 2334 1069 261 27 2 0 0 0 0 0 0 0 0 0 0 0
SHARD 2620 k=4 m=28 inter=1 colcap=128: NONE visited=1180432 time=1.2s
ACCEPTED 0 0 0 0 0 0 0 18 190 1319 5420 12248 14749 9931 4177 1097 182 20 1 0 0 0 0 0 0 0 0 0 0
SHARD 2621 k=4 m=28 inter=1 colcap=128: NONE visited=598642 time=0.5s
ACCEPTED 0 0 0 0 0 0 0 17 142 944 3930 7848 6573 2224 529 79 6 0 0 0 0 0 0 0 0 0 0 0 0
SHARD 2622 k=4 m=28 inter=1 colcap=128: NONE visited=891 time=0.0s
ACCEPTED 0 0 0 0 0 0 0 1 4 11 7 0 0 0 0 0 0 0 0 0 0 0 0 0 0 0 0 0 0
SHARD 2623 k=4 m=28 inter=1 colcap=128: NONE visited=42020 time=0.0s
ACCEPTED 0 0 0 0 0 0 0 7 28 84 192 370 521 471 211 34 2 0 0 0 0 0 0 0 0 0 0 0 0
SHARD 2624 k=4 m=28 inter=1 colcap=128: NONE visited=56 time=0.0s
ACCEPTED 0 0 0 0 0 0 0 1 0 0 0 0 0 0 0 0 0 0 0 0 0 0 0 0 0 0 0 0 0
SHARD 2625 k=4 m=28 inter=1 colcap=128: NONE visited=621830 time=0.6s
ACCEPTED 0 0 0 0 0 0 0 25 310 1722 5355 8358 5693 1422 126 3 0 0 0 0 0 0 0 0 0 0 0 0 0
SHARD 2626 k=4 m=28 inter=1 colcap=128: NONE visited=811885 time=0.7s
ACCEPTED 0 0 0 0 0 0 0 19 284 2174 7159 9292 4589 821 62 7 2 0 0 0 0 0 0 0 0 0 0 0 0
SHARD 2627 k=4 m=28 inter=1 colcap=128: NONE visited=65768 time=0.0s
ACCEPTED 0 0 0 0 0 0 0 22 147 489 816 509 130 19 0 0 0 0 0 0 0 0 0 0 0 0 0 0 0
SHARD 2628 k=4 m=28 inter=1 colcap=128: NONE visited=319854 time=0.2s
ACCEPTED 0 0 0 0 0 0 0 30 393 1987 3498 2018 385 28 2 0 0 0 0 0 0 0 0 0 0 0 0 0 0
SHARD 2629 k=4 m=28 inter=1 colcap=128: NONE visited=3451 time=0.0s
ACCEPTED 0 0 0 0 0 0 0 10 26 20 2 0 0 0 0 0 0 0 0 0 0 0 0 0 0 0 0 0 0
SHARD 2630 k=4 m=28 inter=1 colcap=128: NONE visited=13627 time=0.0s
ACCEPTED 0 0 0 0 0 0 0 8 33 88 124 85 21 1 0 0 0 0 0 0 0 0 0 0 0 0 0 0 0
SHARD 2631 k=4 m=28 inter=1 colcap=128: NONE visited=1677 time=0.0s
ACCEPTED 0 0 0 0 0 0 0 6 11 9 0 0 0 0 0 0 0 0 0 0 0 0 0 0 0 0 0 0 0
SHARD 2632 k=4 m=28 inter=1 colcap=128: NONE visited=23991 time=0.0s
ACCEPTED 0 0 0 0 0 0 0 14 64 140 177 136 52 12 2 0 0 0 0 0 0 0 0 0 0 0 0 0 0
SHARD 2633 k=4 m=28 inter=1 colcap=128: NONE visited=105 time=0.0s
ACCEPTED 0 0 0 0 0 0 0 0 0 0 0 0 0 0 0 0 0 0 0 0 0 0 0 0 0 0 0 0 0
SHARD 2634 k=4 m=28 inter=1 colcap=128: NONE visited=509 time=0.0s
ACCEPTED 0 0 0 0 0 0 0 4 1 0 0 0 0 0 0 0 0 0 0 0 0 0 0 0 0 0 0 0 0
SHARD 2635 k=4 m=28 inter=1 colcap=128: NONE visited=123 time=0.0s
ACCEPTED 0 0 0 0 0 0 0 1 0 0 0 0 0 0 0 0 0 0 0 0 0 0 0 0 0 0 0 0 0
SHARD 2636 k=4 m=28 inter=1 colcap=128: NONE visited=845 time=0.0s
ACCEPTED 0 0 0 0 0 0 0 7 4 0 0 0 0 0 0 0 0 0 0 0 0 0 0 0 0 0 0 0 0
SHARD 2637 k=4 m=28 inter=1 colcap=128: NONE visited=57776 time=0.0s
ACCEPTED 0 0 0 0 0 0 0 8 44 192 511 592 231 32 3 0 0 0 0 0 0 0 0 0 0 0 0 0 0
SHARD 2638 k=4 m=28 inter=1 colcap=128: NONE visited=149 time=0.0s
ACCEPTED 0 0 0 0 0 0 0 1 0 0 0 0 0 0 0 0 0 0 0 0 0 0 0 0 0 0 0 0 0
SHARD 2639 k=4 m=28 inter=1 colcap=128: NONE visited=584 time=0.0s
ACCEPTED 0 0 0 0 0 0 0 5 2 0 0 0 0 0 0 0 0 0 0 0 0 0 0 0 0 0 0 0 0
DONE exit=20
