SHARD 8120 k=4 m=28 inter=1 colcap=128: NONE visited=2124 time=0.0s
ACCEPTED 0 0 0 0 0 0 0 6 16 8 0 0 0 0 0 0 0 0 0 0 0 0 0 0 0 0 0 0 0
SHARD 8121 k=4 m=28 inter=1 colcap=128: NONE visited=143733 time=0.1s
ACCEPTED 0 0 0 0 0 0 0 5 30 107 379 1152 1995 1510 494 59 2 0 0 0 0 0 0 0 0 0 0 0 0
SHARD 8122 k=4 m=28 inter=1 colcap=128: NONE visited=8940 time=0.0s
ACCEPTED 0 0 0 0 0 0 0 6 27 66 92 35 1 0 0 0 0 0 0 0 0 0 0 0 0 0 0 0 0
SHARD 8123 k=4 m=28 inter=1 colcap=128: NONE visited=260643 time=0.1s
ACCEPTED 0 0 0 0 0 0 0 22 191 914 2275 2767 1550 398 43 0 0 0 0 0 0 0 0 0 0 0 0 0 0
SHARD 8124 k=4 m=28 inter=1 colcap=128: NONE visited=815404 time=0.5s
ACCEPTED 0 0 0 0 0 0 0 14 136 929 3700 8217 10191 6606 2129 363 28 1 0 0 0 0 0 0 0 0 0 0 0
SHARD 8125 k=4 m=28 inter=1 colcap=128: NONE visited=825 time=0.0s
ACCEPTED 0 0 0 0 0 0 0 5 5 1 0 0 0 0 0 0 0 0 0 0 0 0 0 0 0 0 0 0 0
SHARD 8126 k=4 m=28 inter=1 colcap=128: NONE visited=3058 time=0.0s
ACCEPTED 0 0 0 0 0 0 0 4 13 25 15 1 0 0 0 0 0 0 0 0 0 0 0 0 0 0 0 0 0
SHARD 8127 k=4 m=28 inter=1 colcap=128: NONE visited=860 time=0.0s
ACCEPTED 0 0 0 0 0 0 0 2 5 8 0 0 0 0 0 0 0 0 0 0 0 0 0 0 0 0 0 0 0
SHARD 8128 k=4 m=28 inter=1 colcap=128: NONE visited=300123 time=0.1s
ACCEPTED 0 0 0 0 0 0 0 16 109 513 1583 3051 3086 1322 241 15 0 0 0 0 0 0 0 0 0 0 0 0 0
SHARD 8129 k=4 m=28 inter=1 colcap=128: NONE visited=1283818 time=0.8s
ACCEPTED 0 0 0 0 0 0 0 19 185 1087 3969 9385 14396 13668 7376 2381 525 106 9 0 0 0 0 0 0 0 0 0 0
SHARD 8130 k=4 m=28 inter=1 colcap=128: NONE visited=130815 time=0.1s
ACCEPTED 0 0 0 0 0 0 0 7 64 364 1077 1318 772 167 17 1 0 0 0 0 0 0 0 0 0 0 0 0 0
SHARD 8131 k=4 m=28 inter=1 colcap=128: NONE visited=169611 time=0.1s
ACCEPTED 0 0 0 0 0 0 0 8 46 247 875 1642 1662 854 182 16 1 0 0 0 0 0 0 0 0 0 0 0 0
SHARD 8132 k=4 m=28 inter=1 colcap=128: NONE visited=56435 time=0.1s
ACCEPTED 0 0 0 0 0 0 0 2 22 110 404 826 968 335 2 0 0 0 0 0 0 0 0 0 0 0 0 0 0
SHARD 8133 k=4 m=28 inter=1 colcap=128: NONE visited=33959888 time=31.5s
ACCEPTED 0 0 0 0 0 0 0 42 759 7880 49520 187888 430080 601921 530111 307650 128886 40490 8191 1053 78 0 0 0 0 0 0 0 0
SHARD 8134 k=4 m=28 inter=1 colcap=128: NONE visited=572765 time=0.4s
ACCEPTED 0 0 0 0 0 0 0 9 65 451 2183 5942 9056 6319 2789 1044 128 4 0 0 0 0 0 0 0 0 0 0 0
SHARD 8135 k=4 m=28 inter=1 colcap=128: NONE visited=7457569 time=5.7s
ACCEPTED 0 0 0 0 0 0 0 28 365 2933 14410 42612 77220 88001 65269 37172 15497 4216 907 381 147 0 0 0 0 0 0 0 0
SHARD 8136 k=4 m=28 inter=1 colcap=128: NONE visited=10585693 time=10.1s
ACCEPTED 0 0 0 0 0 0 0 20 254 2226 12914 47658 111762 169868 171583 119673 58455 19098 4100 606 58 1 0 0 0 0 0 0 0
SHARD 8137 k=4 m=28 inter=1 colcap=128: NONE visited=224988 time=0.2s
ACCEPTED 0 0 0 0 0 0 0 10 72 366 1242 2698 3200 1854 561 85 7 0 0 0 0 0 0 0 0 0 0 0 0
SHARD 8138 k=4 m=28 inter=1 colcap=128: NONE visited=524207 time=0.4s
ACCEPTED 0 0 0 0 0 0 0 7 40 202 824 2550 5423 7588 7268 4937 2118 333 0 0 0 0 0 0 0 0 0 0 0
SHARD 8139 k=4 m=28 inter=1 colcap=128: NONE visited=81216 time=0.1s
ACCEPTED 0 0 0 0 0 0 0 9 54 235 656 1147 976 386 58 0 0 0 0 0 0 0 0 0 0 0 0 0 0
SHARD 8140 k=4 m=28 inter=1 colcap=128: NONE visited=2385294 time=2.1s
ACCEPTED 0 0 0 0 0 0 0 27 307 2063 8715 23060 38140 39655 25902 10226 2191 278 34 3 0 0 0 0 0 0 0 0 0
SHARD 8141 k=4 m=28 inter=1 colcap=128: NONE visited=4789541 time=5.5s
ACCEPTED 0 0 0 0 0 0 0 17 180 1324 6600 21972 48966 75726 86436 77699 54061 20994 20 1 0 0 0 0 0 0 0 0 0
SHARD 8142 k=4 m=28 inter=1 colcap=128: NONE visited=871403 time=0.6s
ACCEPTED 0 0 0 0 0 0 0 19 169 930 3315 8167 13411 13099 6476 1997 428 59 3 0 0 0 0 0 0 0 0 0 0
SHARD 8143 k=4 m=28 inter=1 colcap=128: NONE visited=1538942 time=1.3s
ACCEPTED 0 0 0 0 0 0 0 12 112 760 3569 10925 20701 22860 13723 3877 819 285 0 0 0 0 0 0 0 0 0 0 0
SHARD 8144 k=4 m=28 inter=1 colcap=128: NONE visited=4153133 time=2.8s
ACCEPTED 0 0 0 0 0 0 0 15 138 923 4100 11602 21093 28358 30493 24122 8708 322 0 0 0 0 0 0 0 0 0 0 0
SHARD 8145 k=4 m=28 inter=1 colcap=128: NONE visited=5387204 time=3.6s
ACCEPTED 0 0 0 0 0 0 0 23 249 1703 7366 20953 40471 52708 46907 31649 14653 4226 1438 511 179 0 0 0 0 0 0 0 0
SHARD 8146 k=4 m=28 inter=1 colcap=128: NONE visited=1159650 time=1.0s
ACCEPTED 0 0 0 0 0 0 0 15 137 908 3902 10087 15549 14846 8539 2866 651 179 43 0 0 0 0 0 0 0 0 0 0
SHARD 8147 k=4 m=28 inter=1 colcap=128: NONE visited=21029 time=0.0s
ACCEPTED 0 0 0 0 0 0 0 4 26 109 227 184 58 2 0 0 0 0 0 0 0 0 0 0 0 0 0 0 0
SHARD 8148 k=4 m=28 inter=1 colcap=128: NONE visited=62383 time=0.0s
ACCEPTED 0 0 0 0 0 0 0 4 18 123 485 1034 882 279 16 0 0 0 0 0 0 0 0 0 0 0 0 0 0
SHARD 8149 k=4 m=28 inter=1 colcap=128: NONE visited=301816102 time=370.2s
ACCEPTED 0 0 0 0 0 0 0 13 117 811 4700 22485 83687 245198 596564 1295652 2516672 4017762 5017384 4445526 1667917 6 0 0 0 0 0 0 0
SHARD 8150 k=4 m=28 inter=1 colcap=128: NONE visited=5260776 time=5.4s
ACCEPTED 0 0 0 0 0 0 0 9 84 662 3964 16846 47682 87164 101828 76458 39219 10606 800 78 8 0 0 0 0 0 0 0 0
SHARD 8151 k=4 m=28 inter=1 colcap=128: NONE visited=135578 time=0.1s
ACCEPTED 0 0 0 0 0 0 0 9 52 239 757 1518 1717 987 287 35 4 0 0 0 0 0 0 0 0 0 0 0 0
SHARD 8152 k=4 m=28 inter=1 colcap=128: NONE visited=65480 time=0.1s
ACCEPTED 0 0 0 0 0 0 0 2 11 49 182 491 931 1023 749 277 62 2 0 0 0 0 0 0 0 0 0 0 0
SHARD 8153 k=4 m=28 inter=1 colcap=128: NONE visited=564326357 time=765.4s
ACCEPTED 0 0 0 0 0 0 0 20 284 3021 23225 124888 462254 1194304 2284739 3647532 5556944 8200984 10351495 9243247 4232847 6452 300 36 3 0 0 0 0
SHARD 8154 k=4 m=28 inter=1 colcap=128: NONE visited=165813126 time=193.6s
ACCEPTED 0 0 0 0 0 0 0 12 124 1065 6702 29547 92580 222159 453384 855777 1486644 2176717 2447101 1953526 781418 11 0 0 0 0 0 0 0
SHARD 8155 k=4 m=28 inter=1 colcap=128: NONE visited=7596449 time=10.7s
ACCEPTED 0 0 0 0 0 0 0 10 117 1012 6338 27503 80780 159017 212486 198302 127791 46681 634 9 0 0 0 0 0 0 0 0 0
SHARD 8156 k=4 m=28 inter=1 colcap=128: NONE visited=346614 time=0.3s
ACCEPTED 0 0 0 0 0 0 0 10 64 326 1188 2909 4736 5070 3540 2194 1772 469 0 0 0 0 0 0 0 0 0 0 0
SHARD 8157 k=4 m=28 inter=1 colcap=128: NONE visited=1550297 time=1.4s
ACCEPTED 0 0 0 0 0 0 0 7 32 144 477 1325 3209 6552 10362 10716 5755 5965 11130 8270 3035 0 0 0 0 0 0 0 0
SHARD 8158 k=4 m=28 inter=1 colcap=128: NONE visited=97168134 time=99.8s
ACCEPTED 0 0 0 0 0 0 0 45 927 11158 81874 366165 1010700 1753351 1939594 1351518 596583 162423 24417 1477 75 1 0 0 0 0 0 0 0
SHARD 8159 k=4 m=28 inter=1 colcap=128: NONE visited=2044717 time=1.5s
ACCEPTED 0 0 0 0 0 0 0 19 182 1068 4518 14012 26850 27718 15937 5257 928 70 1 0 0 0 0 0 0 0 0 0 0
DONE exit=20
