SHARD 9960 k=4 m=28 inter=1 colcap=128: NONE visited=963 time=0.0s
ACCEPTED 0 0 0 0 0 0 0 5 6 3 0 0 0 0 0 0 0 0 0 0 0 0 0 0 0 0 0 0 0
SHARD 9961 k=4 m=28 inter=1 colcap=128: NONE visited=42 time=0.0s
ACCEPTED 0 0 0 0 0 0 0 0 0 0 0 0 0 0 0 0 0 0 0 0 0 0 0 0 0 0 0 0 0
SHARD 9962 k=4 m=28 inter=1 colcap=128: NONE visited=4806 time=0.0s
ACCEPTED 0 0 0 0 0 0 0 8 29 36 10 2 0 0 0 0 0 0 0 0 0 0 0 0 0 0 0 0 0
SHARD 9963 k=4 m=28 inter=1 colcap=128: NONE visited=3166 time=0.0s
ACCEPTED 0 0 0 0 0 0 0 8 17 23 7 0 0 0 0 0 0 0 0 0 0 0 0 0 0 0 0 0 0
SHARD 9964 k=4 m=28 inter=1 colcap=128: NONE visited=26956 time=0.0s
ACCEPTED 0 0 0 0 0 0 0 12 73 212 213 81 21 4 0 0 0 0 0 0 0 0 0 0 0 0 0 0 0
SHARD 9965 k=4 m=28 inter=1 colcap=128: NONE visited=147 time=0.0s
ACCEPTED 0 0 0 0 0 0 0 1 0 0 0 0 0 0 0 0 0 0 0 0 0 0 0 0 0 0 0 0 0
SHARD 9966 k=4 m=28 inter=1 colcap=128: NONE visited=509 time=0.0s
ACCEPTED 0 0 0 0 0 0 0 2 3 2 0 0 0 0 0 0 0 0 0 0 0 0 0 0 0 0 0 0 0
SHARD 9967 k=4 m=28 inter=1 colcap=128: NONE visited=23327 time=0.0s
ACCEPTED 0 0 0 0 0 0 0 9 50 181 230 102 11 0 0 0 0 0 0 0 0 0 0 0 0 0 0 0 0
SHARD 9968 k=4 m=28 inter=1 colcap=128: NONE visited=14973 time=0.0s
ACCEPTED 0 0 0 0 0 0 0 8 25 55 101 130 103 57 11 0 0 0 0 0 0 0 0 0 0 0 0 0 0
SHARD 9969 k=4 m=28 inter=1 colcap=128: NONE visited=2394764 time=1.9s
ACCEPTED 0 0 0 0 0 0 0 18 198 1393 6031 16068 26901 27852 18528 10208 4183 397 0 0 0 0 0 0 0 0 0 0 0
SHARD 9970 k=4 m=28 inter=1 colcap=128: NONE visited=25 time=0.0s
ACCEPTED 0 0 0 0 0 0 0 0 0 0 0 0 0 0 0 0 0 0 0 0 0 0 0 0 0 0 0 0 0
SHARD 9971 k=4 m=28 inter=1 colcap=128: NONE visited=85002 time=0.0s
ACCEPTED 0 0 0 0 0 0 0 8 70 335 796 774 351 88 8 0 0 0 0 0 0 0 0 0 0 0 0 0 0
SHARD 9972 k=4 m=28 inter=1 colcap=128: NONE visited=11481 time=0.0s
ACCEPTED 0 0 0 0 0 0 0 10 41 89 86 32 6 0 0 0 0 0 0 0 0 0 0 0 0 0 0 0 0
SHARD 9973 k=4 m=28 inter=1 colcap=128: NONE visited=2849 time=0.0s
ACCEPTED 0 0 0 0 0 0 0 5 17 22 13 3 0 0 0 0 0 0 0 0 0 0 0 0 0 0 0 0 0
SHARD 9974 k=4 m=28 inter=1 colcap=128: NONE visited=238375 time=0.1s
ACCEPTED 0 0 0 0 0 0 0 13 131 701 1850 2342 1536 426 77 6 0 0 0 0 0 0 0 0 0 0 0 0 0
SHARD 9975 k=4 m=28 inter=1 colcap=128: NONE visited=46026 time=0.0s
ACCEPTED 0 0 0 0 0 0 0 19 118 312 375 199 77 15 0 0 0 0 0 0 0 0 0 0 0 0 0 0 0
SHARD 9976 k=4 m=28 inter=1 colcap=128: NONE visited=72 time=0.0s
ACCEPTED 0 0 0 0 0 0 0 0 0 0 0 0 0 0 0 0 0 0 0 0 0 0 0 0 0 0 0 0 0
SHARD 9977 k=4 m=28 inter=1 colcap=128: NONE visited=93 time=0.0s
ACCEPTED 0 0 0 0 0 0 0 1 0 0 0 0 0 0 0 0 0 0 0 0 0 0 0 0 0 0 0 0 0
SHARD 9978 k=4 m=28 inter=1 colcap=128: NONE visited=114 time=0.0s
ACCEPTED 0 0 0 0 0 0 0 0 0 0 0 0 0 0 0 0 0 0 0 0 0 0 0 0 0 0 0 0 0
SHARD 9979 k=4 m=28 inter=1 colcap=128: NONE visited=64 time=0.0s
ACCEPTED 0 0 0 0 0 0 0 0 0 0 0 0 0 0 0 0 0 0 0 0 0 0 0 0 0 0 0 0 0
SHARD 9980 k=4 m=28 inter=1 colcap=128: NONE visited=153 time=0.0s
ACCEPTED 0 0 0 0 0 0 0 1 0 0 0 0 0 0 0 0 0 0 0 0 0 0 0 0 0 0 0 0 0
SHARD 9981 k=4 m=28 inter=1 colcap=128: NONE visited=9089 time=0.0s
ACCEPTED 0 0 0 0 0 0 0 12 66 90 20 0 0 0 0 0 0 0 0 0 0 0 0 0 0 0 0 0 0
SHARD 9982 k=4 m=28 inter=1 colcap=128: NONE visited=361 time=0.0s
ACCEPTED 0 0 0 0 0 0 0 3 0 0 0 0 0 0 0 0 0 0 0 0 0 0 0 0 0 0 0 0 0
SHARD 9983 k=4 m=28 inter=1 colcap=128: NONE visited=2095 time=0.0s
ACCEPTED 0 0 0 0 0 0 0 9 15 5 0 0 0 0 0 0 0 0 0 0 0 0 0 0 0 0 0 0 0
SHARD 9984 k=4 m=28 inter=1 colcap=128: NONE visited=4540 time=0.0s
ACCEPTED 0 0 0 0 0 0 0 9 30 36 6 0 0 0 0 0 0 0 0 0 0 0 0 0 0 0 0 0 0
SHARD 9985 k=4 m=28 inter=1 colcap=128: NONE visited=57665 time=0.0s
ACCEPTED 0 0 0 0 0 0 0 17 106 301 478 459 222 67 14 1 0 0 0 0 0 0 0 0 0 0 0 0 0
SHARD 9986 k=4 m=28 inter=1 colcap=128: NONE visited=2308 time=0.0s
ACCEPTED 0 0 0 0 0 0 0 9 14 9 0 0 0 0 0 0 0 0 0 0 0 0 0 0 0 0 0 0 0
SHARD 9987 k=4 m=28 inter=1 colcap=128: NONE visited=254 time=0.0s
ACCEPTED 0 0 0 0 0 0 0 2 1 0 0 0 0 0 0 0 0 0 0 0 0 0 0 0 0 0 0 0 0
SHARD 9988 k=4 m=28 inter=1 colcap=128: NONE visited=23950 time=0.0s
ACCEPTED 0 0 0 0 0 0 0 11 76 178 190 100 17 2 0 0 0 0 0 0 0 0 0 0 0 0 0 0 0
SHARD 9989 k=4 m=28 inter=1 colcap=128: NONE visited=510 time=0.0s
ACCEPTED 0 0 0 0 0 0 0 2 3 1 0 0 0 0 0 0 0 0 0 0 0 0 0 0 0 0 0 0 0
SHARD 9990 k=4 m=28 inter=1 colcap=128: NONE visited=21321 time=0.0s
ACCEPTED 0 0 0 0 0 0 0 6 32 113 199 150 50 8 0 0 0 0 0 0 0 0 0 0 0 0 0 0 0
SHARD 9991 k=4 m=28 inter=1 colcap=128: NONE visited=6031 time=0.0s
ACCEPTED 0 0 0 0 0 0 0 5 31 53 19 1 0 0 0 0 0 0 0 0 0 0 0 0 0 0 0 0 0
SHARD 9992 k=4 m=28 inter=1 colcap=128: NONE visited=7533 time=0.0s
ACCEPTED 0 0 0 0 0 0 0 7 41 61 29 7 1 0 0 0 0 0 0 0 0 0 0 0 0 0 0 0 0
SHARD 9993 k=4 m=28 inter=1 colcap=128: NONE visited=95 time=0.0s
ACCEPTED 0 0 0 0 0 0 0 0 0 0 0 0 0 0 0 0 0 0 0 0 0 0 0 0 0 0 0 0 0
SHARD 9994 k=4 m=28 inter=1 colcap=128: NONE visited=764596 time=0.4s
ACCEPTED 0 0 0 0 0 0 0 37 458 2629 6788 7949 4515 1347 200 8 0 0 0 0 0 0 0 0 0 0 0 0 0
SHARD 9995 k=4 m=28 inter=1 colcap=128: NONE visited=2722 time=0.0s
ACCEPTED 0 0 0 0 0 0 0 8 20 14 0 0 0 0 0 0 0 0 0 0 0 0 0 0 0 0 0 0 0
SHARD 9996 k=4 m=28 inter=1 colcap=128: NONE visited=7122 time=0.0s
ACCEPTED 0 0 0 0 0 0 0 9 41 51 22 1 0 0 0 0 0 0 0 0 0 0 0 0 0 0 0 0 0
SHARD 9997 k=4 m=28 inter=1 colcap=128: NONE visited=83040 time=0.0s
ACCEPTED 0 0 0 0 0 0 0 11 75 292 619 757 508 102 9 0 0 0 0 0 0 0 0 0 0 0 0 0 0
SHARD 9998 k=4 m=28 inter=1 colcap=128: NONE visited=43007 time=0.0s
ACCEPTED 0 0 0 0 0 0 0 21 145 318 266 113 41 15 5 0 0 0 0 0 0 0 0 0 0 0 0 0 0
SHARD 9999 k=4 m=28 inter=1 colcap=128: NONE visited=17618 time=0.0s
ACCEPTED 0 0 0 0 0 0 0 13 54 153 113 44 26 8 0 0 0 0 0 0 0 0 0 0 0 0 0 0 0
DONE exit=20
