SHARD 8400 k=4 m=28 inter=1 colcap=128: NONE visited=16742560 time=13.8s
ACCEPTED 0 0 0 0 0 0 0 34 567 5645 33470 115201 230889 275545 198490 85439 24176 4923 62 0 0 0 0 0 0 0 0 0 0
SHARD 8401 k=4 m=28 inter=1 colcap=128: NONE visited=1270790 time=0.8s
ACCEPTED 0 0 0 0 0 0 0 31 368 2337 7480 13385 14380 8515 2568 415 33 1 0 0 0 0 0 0 0 0 0 0 0
SHARD 8402 k=4 m=28 inter=1 colcap=128: NONE visited=2177764 time=1.5s
ACCEPTED 0 0 0 0 0 0 0 26 348 2584 10228 21561 25008 16660 6386 1307 116 7 1 0 0 0 0 0 0 0 0 0 0
SHARD 8403 k=4 m=28 inter=1 colcap=128: NONE visited=992401 time=0.7s
ACCEPTED 0 0 0 0 0 0 0 25 284 1816 6377 12037 11968 5821 1336 176 9 1 0 0 0 0 0 0 0 0 0 0 0
SHARD 8404 k=4 m=28 inter=1 colcap=128: NONE visited=158264 time=0.1s
ACCEPTED 0 0 0 0 0 0 0 7 61 436 1477 2215 1313 300 36 0 0 0 0 0 0 0 0 0 0 0 0 0 0
SHARD 8405 k=4 m=28 inter=1 colcap=128: NONE visited=737855 time=0.5s
ACCEPTED 0 0 0 0 0 0 0 16 141 1012 4251 9295 10058 5557 1634 250 20 1 0 0 0 0 0 0 0 0 0 0 0
SHARD 8406 k=4 m=28 inter=1 colcap=128: NONE visited=439556 time=0.3s
ACCEPTED 0 0 0 0 0 0 0 19 184 967 2763 4436 4039 2041 564 77 5 1 0 0 0 0 0 0 0 0 0 0 0
SHARD 8407 k=4 m=28 inter=1 colcap=128: NONE visited=1238421 time=0.9s
ACCEPTED 0 0 0 0 0 0 0 20 214 1322 4792 11004 16846 16449 9306 2752 400 38 0 0 0 0 0 0 0 0 0 0 0
SHARD 8408 k=4 m=28 inter=1 colcap=128: NONE visited=672340 time=0.4s
ACCEPTED 0 0 0 0 0 0 0 19 180 1168 4255 7569 6512 3192 1093 276 32 1 0 0 0 0 0 0 0 0 0 0 0
SHARD 8409 k=4 m=28 inter=1 colcap=128: NONE visited=2036518 time=1.4s
ACCEPTED 0 0 0 0 0 0 0 22 275 2014 8680 21294 28141 19805 7489 1611 189 11 0 0 0 0 0 0 0 0 0 0 0
SHARD 8410 k=4 m=28 inter=1 colcap=128: NONE visited=696080 time=0.5s
ACCEPTED 0 0 0 0 0 0 0 18 194 1315 4808 8937 8628 4209 1078 156 10 0 0 0 0 0 0 0 0 0 0 0 0
SHARD 8411 k=4 m=28 inter=1 colcap=128: NONE visited=366362 time=0.3s
ACCEPTED 0 0 0 0 0 0 0 15 164 939 2744 4022 3296 1749 647 123 3 0 0 0 0 0 0 0 0 0 0 0 0
SHARD 8412 k=4 m=28 inter=1 colcap=128: NONE visited=507372 time=0.3s
ACCEPTED 0 0 0 0 0 0 0 22 234 1314 3829 5842 4421 1436 180 9 0 0 0 0 0 0 0 0 0 0 0 0 0
SHARD 8413 k=4 m=28 inter=1 colcap=128: NONE visited=1253 time=0.0s
ACCEPTED 0 0 0 0 0 0 0 2 9 9 4 0 0 0 0 0 0 0 0 0 0 0 0 0 0 0 0 0 0
SHARD 8414 k=4 m=28 inter=1 colcap=128: NONE visited=10760 time=0.0s
ACCEPTED 0 0 0 0 0 0 0 3 19 58 81 70 35 4 0 0 0 0 0 0 0 0 0 0 0 0 0 0 0
SHARD 8415 k=4 m=28 inter=1 colcap=128: NONE visited=138976 time=0.1s
ACCEPTED 0 0 0 0 0 0 0 2 22 240 1064 2069 1497 272 8 0 0 0 0 0 0 0 0 0 0 0 0 0 0
SHARD 8416 k=4 m=28 inter=1 colcap=128: NONE visited=3479296 time=2.6s
ACCEPTED 0 0 0 0 0 0 0 21 257 2190 10511 28073 44097 41644 23717 10230 3400 584 13 0 0 0 0 0 0 0 0 0 0
SHARD 8417 k=4 m=28 inter=1 colcap=128: NONE visited=4164037 time=3.1s
ACCEPTED 0 0 0 0 0 0 0 24 321 2486 11208 30598 52998 58359 40940 17751 4414 614 51 0 0 0 0 0 0 0 0 0 0
SHARD 8418 k=4 m=28 inter=1 colcap=128: NONE visited=3368766 time=2.4s
ACCEPTED 0 0 0 0 0 0 0 12 145 1210 6589 22093 44043 50691 32476 10209 1605 192 13 0 0 0 0 0 0 0 0 0 0
SHARD 8419 k=4 m=28 inter=1 colcap=128: NONE visited=233143 time=0.1s
ACCEPTED 0 0 0 0 0 0 0 10 86 473 1555 2773 2565 1229 290 20 2 0 0 0 0 0 0 0 0 0 0 0 0
SHARD 8420 k=4 m=28 inter=1 colcap=128: NONE visited=14527 time=0.0s
ACCEPTED 0 0 0 0 0 0 0 13 59 128 110 30 0 0 0 0 0 0 0 0 0 0 0 0 0 0 0 0 0
SHARD 8421 k=4 m=28 inter=1 colcap=128: NONE visited=18011600 time=13.6s
ACCEPTED 0 0 0 0 0 0 0 40 695 6709 37735 123012 232151 256748 167419 63634 14655 1778 86 7 0 0 0 0 0 0 0 0 0
SHARD 8422 k=4 m=28 inter=1 colcap=128: NONE visited=1098994 time=0.5s
ACCEPTED 0 0 0 0 0 0 0 29 362 2318 7756 12774 10384 4063 627 26 1 0 0 0 0 0 0 0 0 0 0 0 0
SHARD 8423 k=4 m=28 inter=1 colcap=128: NONE visited=13586794 time=9.1s
ACCEPTED 0 0 0 0 0 0 0 48 947 9225 46139 122244 175011 141493 66856 19828 3794 541 76 4 0 0 0 0 0 0 0 0 0
SHARD 8424 k=4 m=28 inter=1 colcap=128: NONE visited=700864 time=0.4s
ACCEPTED 0 0 0 0 0 0 0 16 158 1193 4795 9317 8605 3299 464 29 0 0 0 0 0 0 0 0 0 0 0 0 0
SHARD 8425 k=4 m=28 inter=1 colcap=128: NONE visited=742748 time=0.4s
ACCEPTED 0 0 0 0 0 0 0 30 316 1538 4009 6746 7316 4224 1169 118 1 0 0 0 0 0 0 0 0 0 0 0 0
SHARD 8426 k=4 m=28 inter=1 colcap=128: NONE visited=2643735 time=1.4s
ACCEPTED 0 0 0 0 0 0 0 27 332 2433 10605 26116 34472 24002 9021 2093 284 22 0 0 0 0 0 0 0 0 0 0 0
SHARD 8427 k=4 m=28 inter=1 colcap=128: NONE visited=130203 time=0.1s
ACCEPTED 0 0 0 0 0 0 0 23 185 662 1131 994 442 93 13 1 0 0 0 0 0 0 0 0 0 0 0 0 0
SHARD 8428 k=4 m=28 inter=1 colcap=128: NONE visited=273469 time=0.1s
ACCEPTED 0 0 0 0 0 0 0 17 142 688 1834 2533 1986 1082 471 133 15 1 0 0 0 0 0 0 0 0 0 0 0
SHARD 8429 k=4 m=28 inter=1 colcap=128: NONE visited=979119 time=0.4s
ACCEPTED 0 0 0 0 0 0 0 35 444 2554 7134 10088 7516 2878 563 66 0 0 0 0 0 0 0 0 0 0 0 0 0
SHARD 8430 k=4 m=28 inter=1 colcap=128: NONE visited=1872327 time=1.2s
ACCEPTED 0 0 0 0 0 0 0 26 314 2159 8267 17554 20780 14151 6112 1675 212 19 2 0 0 0 0 0 0 0 0 0 0
SHARD 8431 k=4 m=28 inter=1 colcap=128: NONE visited=157259 time=0.1s
ACCEPTED 0 0 0 0 0 0 0 20 156 611 1194 1248 834 331 64 2 0 0 0 0 0 0 0 0 0 0 0 0 0
SHARD 8432 k=4 m=28 inter=1 colcap=128: NONE visited=138226 time=0.1s
ACCEPTED 0 0 0 0 0 0 0 14 92 376 931 1295 882 347 58 5 0 0 0 0 0 0 0 0 0 0 0 0 0
SHARD 8433 k=4 m=28 inter=1 colcap=128: NONE visited=515216 time=0.4s
ACCEPTED 0 0 0 0 0 0 0 17 156 817 2471 4428 4840 3454 1518 366 40 4 0 0 0 0 0 0 0 0 0 0 0
SHARD 8434 k=4 m=28 inter=1 colcap=128: NONE visited=11304 time=0.0s
ACCEPTED 0 0 0 0 0 0 0 4 20 49 104 92 32 6 1 0 0 0 0 0 0 0 0 0 0 0 0 0 0
SHARD 8435 k=4 m=28 inter=1 colcap=128: NONE visited=22724 time=0.0s
ACCEPTED 0 0 0 0 0 0 0 7 33 97 186 203 113 20 0 0 0 0 0 0 0 0 0 0 0 0 0 0 0
SHARD 8436 k=4 m=28 inter=1 colcap=128: NONE visited=3503 time=0.0s
ACCEPTED 0 0 0 0 0 0 0 2 14 34 28 5 0 0 0 0 0 0 0 0 0 0 0 0 0 0 0 0 0
SHARD 8437 k=4 m=28 inter=1 colcap=128: NONE visited=642900 time=0.4s
ACCEPTED 0 0 0 0 0 0 0 36 449 2461 6087 6849 3694 998 131 7 0 0 0 0 0 0 0 0 0 0 0 0 0
SHARD 8438 k=4 m=28 inter=1 colcap=128: NONE visited=1226985 time=1.0s
ACCEPTED 0 0 0 0 0 0 0 27 311 2015 7151 13979 15653 9931 3347 639 97 9 0 0 0 0 0 0 0 0 0 0 0
SHARD 8439 k=4 m=28 inter=1 colcap=128: NONE visited=2586767 time=1.7s
ACCEPTED 0 0 0 0 0 0 0 28 370 2798 11730 27030 34043 22790 8228 1658 205 18 1 0 0 0 0 0 0 0 0 0 0
DONE exit=20
