SHARD 3160 k=4 m=28 inter=1 colcap=128: NONE visited=33972 time=0.0s
ACCEPTED 0 0 0 0 0 0 0 12 78 291 424 174 13 0 0 0 0 0 0 0 0 0 0 0 0 0 0 0 0
SHARD 3161 k=4 m=28 inter=1 colcap=128: NONE visited=2285877 time=1.6s
ACCEPTED 0 0 0 0 0 0 0 41 601 4288 14894 25894 23481 11267 3262 618 96 1 0 0 0 0 0 0 0 0 0 0 0
SHARD 3162 k=4 m=28 inter=1 colcap=128: NONE visited=129614 time=0.1s
ACCEPTED 0 0 0 0 0 0 0 24 217 811 1304 754 180 21 2 0 0 0 0 0 0 0 0 0 0 0 0 0 0
SHARD 3163 k=4 m=28 inter=1 colcap=128: NONE visited=396038 time=0.3s
ACCEPTED 0 0 0 0 0 0 0 19 175 935 2768 4406 3893 1924 451 54 3 0 0 0 0 0 0 0 0 0 0 0 0
SHARD 3164 k=4 m=28 inter=1 colcap=128: NONE visited=2399530 time=1.9s
ACCEPTED 0 0 0 0 0 0 0 25 420 3439 13159 23922 22679 12765 4394 918 150 2 0 0 0 0 0 0 0 0 0 0 0
SHARD 3165 k=4 m=28 inter=1 colcap=128: NONE visited=20710680 time=21.4s
ACCEPTED 0 0 0 0 0 0 0 21 347 3616 22082 75936 147777 172535 144519 111379 87209 76551 75221 43266 17238 2 0 0 0 0 0 0 0
SHARD 3166 k=4 m=28 inter=1 colcap=128: NONE visited=794141 time=0.7s
ACCEPTED 0 0 0 0 0 0 0 24 257 1661 5918 9980 7674 3047 606 53 1 0 0 0 0 0 0 0 0 0 0 0 0
SHARD 3167 k=4 m=28 inter=1 colcap=128: NONE visited=1563 time=0.0s
ACCEPTED 0 0 0 0 0 0 0 3 10 16 10 1 0 0 0 0 0 0 0 0 0 0 0 0 0 0 0 0 0
SHARD 3168 k=4 m=28 inter=1 colcap=128: NONE visited=4422 time=0.0s
ACCEPTED 0 0 0 0 0 0 0 4 12 31 41 18 3 0 0 0 0 0 0 0 0 0 0 0 0 0 0 0 0
SHARD 3169 k=4 m=28 inter=1 colcap=128: NONE visited=4888 time=0.0s
ACCEPTED 0 0 0 0 0 0 0 4 9 26 48 41 10 0 0 0 0 0 0 0 0 0 0 0 0 0 0 0 0
SHARD 3170 k=4 m=28 inter=1 colcap=128: NONE visited=58676 time=0.0s
ACCEPTED 0 0 0 0 0 0 0 7 33 185 595 746 375 40 1 0 0 0 0 0 0 0 0 0 0 0 0 0 0
SHARD 3171 k=4 m=28 inter=1 colcap=128: NONE visited=25024 time=0.0s
ACCEPTED 0 0 0 0 0 0 0 5 28 115 254 273 107 26 4 0 0 0 0 0 0 0 0 0 0 0 0 0 0
SHARD 3172 k=4 m=28 inter=1 colcap=128: NONE visited=1084713 time=1.0s
ACCEPTED 0 0 0 0 0 0 0 15 153 1099 4721 11467 15627 12090 5181 1157 116 11 0 0 0 0 0 0 0 0 0 0 0
SHARD 3173 k=4 m=28 inter=1 colcap=128: NONE visited=1324920 time=1.2s
ACCEPTED 0 0 0 0 0 0 0 11 121 891 4407 12216 18337 13677 5089 961 98 2 0 0 0 0 0 0 0 0 0 0 0
SHARD 3174 k=4 m=28 inter=1 colcap=128: NONE visited=73375 time=0.1s
ACCEPTED 0 0 0 0 0 0 0 10 56 254 684 975 638 169 25 0 0 0 0 0 0 0 0 0 0 0 0 0 0
SHARD 3175 k=4 m=28 inter=1 colcap=128: NONE visited=1160264 time=1.1s
ACCEPTED 0 0 0 0 0 0 0 25 242 1474 5442 12070 15888 11868 5320 1689 367 49 0 0 0 0 0 0 0 0 0 0 0
SHARD 3176 k=4 m=28 inter=1 colcap=128: NONE visited=1809443 time=1.6s
ACCEPTED 0 0 0 0 0 0 0 13 166 1364 6827 18503 26183 18812 6343 1111 83 2 0 0 0 0 0 0 0 0 0 0 0
SHARD 3177 k=4 m=28 inter=1 colcap=128: NONE visited=2593 time=0.0s
ACCEPTED 0 0 0 0 0 0 0 2 8 21 30 26 7 0 0 0 0 0 0 0 0 0 0 0 0 0 0 0 0
SHARD 3178 k=4 m=28 inter=1 colcap=128: NONE visited=15780 time=0.0s
ACCEPTED 0 0 0 0 0 0 0 3 11 33 76 159 247 171 31 0 0 0 0 0 0 0 0 0 0 0 0 0 0
SHARD 3179 k=4 m=28 inter=1 colcap=128: NONE visited=32580 time=0.0s
ACCEPTED 0 0 0 0 0 0 0 6 22 86 248 409 370 123 15 1 0 0 0 0 0 0 0 0 0 0 0 0 0
SHARD 3180 k=4 m=28 inter=1 colcap=128: NONE visited=101150 time=0.1s
ACCEPTED 0 0 0 0 0 0 0 7 40 228 793 1410 1094 406 41 0 0 0 0 0 0 0 0 0 0 0 0 0 0
SHARD 3181 k=4 m=28 inter=1 colcap=128: NONE visited=3040982 time=3.5s
ACCEPTED 0 0 0 0 0 0 0 12 113 790 3979 14237 35038 55965 53225 28280 8450 1399 7 0 0 0 0 0 0 0 0 0 0
SHARD 3182 k=4 m=28 inter=1 colcap=128: NONE visited=368584 time=0.3s
ACCEPTED 0 0 0 0 0 0 0 8 56 315 1292 3570 5969 5412 2634 722 89 4 0 0 0 0 0 0 0 0 0 0 0
SHARD 3183 k=4 m=28 inter=1 colcap=128: NONE visited=309725 time=0.3s
ACCEPTED 0 0 0 0 0 0 0 13 95 469 1586 3502 4825 3781 1882 536 69 0 0 0 0 0 0 0 0 0 0 0 0
SHARD 3184 k=4 m=28 inter=1 colcap=128: NONE visited=133891 time=0.1s
ACCEPTED 0 0 0 0 0 0 0 12 82 357 1029 1716 1564 798 164 6 0 0 0 0 0 0 0 0 0 0 0 0 0
SHARD 3185 k=4 m=28 inter=1 colcap=128: NONE visited=264739 time=0.2s
ACCEPTED 0 0 0 0 0 0 0 11 75 368 1372 3192 3776 2043 479 59 1 0 0 0 0 0 0 0 0 0 0 0 0
SHARD 3186 k=4 m=28 inter=1 colcap=128: NONE visited=742251 time=0.7s
ACCEPTED 0 0 0 0 0 0 0 15 120 673 2644 6965 11239 9716 4111 806 81 5 0 0 0 0 0 0 0 0 0 0 0
SHARD 3187 k=4 m=28 inter=1 colcap=128: NONE visited=5703159 time=5.4s
ACCEPTED 0 0 0 0 0 0 0 23 298 2529 13326 41458 76214 86786 62407 29242 11457 4397 21 0 0 0 0 0 0 0 0 0 0
SHARD 3188 k=4 m=28 inter=1 colcap=128: NONE visited=2293413 time=2.2s
ACCEPTED 0 0 0 0 0 0 0 24 268 1784 7265 18699 30734 31493 18821 6172 1281 243 8 0 0 0 0 0 0 0 0 0 0
SHARD 3189 k=4 m=28 inter=1 colcap=128: NONE visited=8237926 time=9.3s
ACCEPTED 0 0 0 0 0 0 0 21 277 2511 15078 57491 132772 177276 133886 54851 10945 899 32 0 0 0 0 0 0 0 0 0 0
SHARD 3190 k=4 m=28 inter=1 colcap=128: NONE visited=6536462 time=7.0s
ACCEPTED 0 0 0 0 0 0 0 31 420 3251 14961 41658 74667 90398 76287 46922 17876 2016 1 0 0 0 0 0 0 0 0 0 0
SHARD 3191 k=4 m=28 inter=1 colcap=128: NONE visited=32781 time=0.0s
ACCEPTED 0 0 0 0 0 0 0 6 40 174 380 341 93 9 0 0 0 0 0 0 0 0 0 0 0 0 0 0 0
SHARD 3192 k=4 m=28 inter=1 colcap=128: NONE visited=631754 time=0.5s
ACCEPTED 0 0 0 0 0 0 0 20 189 1053 3501 6820 8111 5944 2757 887 133 6 0 0 0 0 0 0 0 0 0 0 0
SHARD 3193 k=4 m=28 inter=1 colcap=128: NONE visited=540336 time=0.4s
ACCEPTED 0 0 0 0 0 0 0 12 97 540 1950 4532 6811 6356 3810 1928 697 66 0 0 0 0 0 0 0 0 0 0 0
SHARD 3194 k=4 m=28 inter=1 colcap=128: NONE visited=329831 time=0.3s
ACCEPTED 0 0 0 0 0 0 0 13 96 526 1870 3854 3869 1666 285 17 0 0 0 0 0 0 0 0 0 0 0 0 0
SHARD 3195 k=4 m=28 inter=1 colcap=128: NONE visited=3647 time=0.0s
ACCEPTED 0 0 0 0 0 0 0 3 12 29 36 17 2 0 0 0 0 0 0 0 0 0 0 0 0 0 0 0 0
SHARD 3196 k=4 m=28 inter=1 colcap=128: NONE visited=60267 time=0.1s
ACCEPTED 0 0 0 0 0 0 0 7 35 128 332 593 719 497 169 12 0 0 0 0 0 0 0 0 0 0 0 0 0
SHARD 3197 k=4 m=28 inter=1 colcap=128: NONE visited=80 time=0.0s
ACCEPTED 0 0 0 0 0 0 0 1 0 0 0 0 0 0 0 0 0 0 0 0 0 0 0 0 0 0 0 0 0
SHARD 3198 k=4 m=28 inter=1 colcap=128: NONE visited=36088 time=0.0s
ACCEPTED 0 0 0 0 0 0 0 11 64 216 397 410 145 26 0 0 0 0 0 0 0 0 0 0 0 0 0 0 0
SHARD 3199 k=4 m=28 inter=1 colcap=128: NONE visited=138664 time=0.1s
ACCEPTED 0 0 0 0 0 0 0 18 144 606 1379 1619 881 259 29 0 0 0 0 0 0 0 0 0 0 0 0 0 0
DONE exit=20
