SHARD 200 k=4 m=28 inter=1 colcap=128: NONE visited=102 time=0.0s
ACCEPTED 0 0 0 0 0 0 0 0 0 0 0 0 0 0 0 0 0 0 0 0 0 0 0 0 0 0 0 0 0
SHARD 201 k=4 m=28 inter=1 colcap=128: NONE visited=101 time=0.0s
ACCEPTED 0 0 0 0 0 0 0 0 0 0 0 0 0 0 0 0 0 0 0 0 0 0 0 0 0 0 0 0 0
SHARD 202 k=4 m=28 inter=1 colcap=128: NONE visited=1952 time=0.0s
ACCEPTED 0 0 0 0 0 0 0 9 13 3 0 0 0 0 0 0 0 0 0 0 0 0 0 0 0 0 0 0 0
SHARD 203 k=4 m=28 inter=1 colcap=128: NONE visited=2540 time=0.0s
ACCEPTED 0 0 0 0 0 0 0 14 17 3 0 0 0 0 0 0 0 0 0 0 0 0 0 0 0 0 0 0 0
SHARD 204 k=4 m=28 inter=1 colcap=128: NONE visited=1599 time=0.0s
ACCEPTED 0 0 0 0 0 0 0 9 12 2 0 0 0 0 0 0 0 0 0 0 0 0 0 0 0 0 0 0 0
SHARD 205 k=4 m=28 inter=1 colcap=128: NONE visited=913 time=0.0s
ACCEPTED 0 0 0 0 0 0 0 5 7 2 0 0 0 0 0 0 0 0 0 0 0 0 0 0 0 0 0 0 0
SHARD 206 k=4 m=28 inter=1 colcap=128: NONE visited=520 time=0.0s
ACCEPTED 0 0 0 0 0 0 0 4 1 0 0 0 0 0 0 0 0 0 0 0 0 0 0 0 0 0 0 0 0
SHARD 207 k=4 m=28 inter=1 colcap=128: NONE visited=1284 time=0.0s
ACCEPTED 0 0 0 0 0 0 0 7 9 0 0 0 0 0 0 0 0 0 0 0 0 0 0 0 0 0 0 0 0
SHARD 208 k=4 m=28 inter=1 colcap=128: NONE visited=138 time=0.0s
ACCEPTED 0 0 0 0 0 0 0 1 0 0 0 0 0 0 0 0 0 0 0 0 0 0 0 0 0 0 0 0 0
SHARD 209 k=4 m=28 inter=1 colcap=128: NONE visited=158 time=0.0s
ACCEPTED 0 0 0 0 0 0 0 1 0 0 0 0 0 0 0 0 0 0 0 0 0 0 0 0 0 0 0 0 0
SHARD 210 k=4 m=28 inter=1 colcap=128: NONE visited=189 time=0.0s
ACCEPTED 0 0 0 0 0 0 0 1 0 0 0 0 0 0 0 0 0 0 0 0 0 0 0 0 0 0 0 0 0
SHARD 211 k=4 m=28 inter=1 colcap=128: NONE visited=698 time=0.0s
ACCEPTED 0 0 0 0 0 0 0 2 5 2 0 0 0 0 0 0 0 0 0 0 0 0 0 0 0 0 0 0 0
SHARD 212 k=4 m=28 inter=1 colcap=128: NONE visited=197 time=0.0s
ACCEPTED 0 0 0 0 0 0 0 1 1 0 0 0 0 0 0 0 0 0 0 0 0 0 0 0 0 0 0 0 0
SHARD 213 k=4 m=28 inter=1 colcap=128: NONE visited=241 time=0.0s
ACCEPTED 0 0 0 0 0 0 0 2 1 0 0 0 0 0 0 0 0 0 0 0 0 0 0 0 0 0 0 0 0
SHARD 214 k=4 m=28 inter=1 colcap=128: NONE visited=1436 time=0.0s
ACCEPTED 0 0 0 0 0 0 0 8 8 3 0 0 0 0 0 0 0 0 0 0 0 0 0 0 0 0 0 0 0
SHARD 215 k=4 m=28 inter=1 colcap=128: NONE visited=729 time=0.0s
ACCEPTED 0 0 0 0 0 0 0 5 3 1 0 0 0 0 0 0 0 0 0 0 0 0 0 0 0 0 0 0 0
SHARD 216 k=4 m=28 inter=1 colcap=128: NONE visited=3071 time=0.0s
ACCEPTED 0 0 0 0 0 0 0 11 24 14 2 0 0 0 0 0 0 0 0 0 0 0 0 0 0 0 0 0 0
SHARD 217 k=4 m=28 inter=1 colcap=128: NONE visited=567 time=0.0s
ACCEPTED 0 0 0 0 0 0 0 4 3 0 0 0 0 0 0 0 0 0 0 0 0 0 0 0 0 0 0 0 0
SHARD 218 k=4 m=28 inter=1 colcap=128: NONE visited=254 time=0.0s
ACCEPTED 0 0 0 0 0 0 0 3 1 0 0 0 0 0 0 0 0 0 0 0 0 0 0 0 0 0 0 0 0
SHARD 219 k=4 m=28 inter=1 colcap=128: NONE visited=670 time=0.0s
ACCEPTED 0 0 0 0 0 0 0 4 4 1 0 0 0 0 0 0 0 0 0 0 0 0 0 0 0 0 0 0 0
SHARD 220 k=4 m=28 inter=1 colcap=128: NONE visited=752 time=0.0s
ACCEPTED 0 0 0 0 0 0 0 5 4 0 0 0 0 0 0 0 0 0 0 0 0 0 0 0 0 0 0 0 0
SHARD 221 k=4 m=28 inter=1 colcap=128: NONE visited=1424 time=0.0s
ACCEPTED 0 0 0 0 0 0 0 8 9 2 0 0 0 0 0 0 0 0 0 0 0 0 0 0 0 0 0 0 0
SHARD 222 k=4 m=28 inter=1 colcap=128: NONE visited=3553 time=0.0s
ACCEPTED 0 0 0 0 0 0 0 10 23 17 13 8 0 0 0 0 0 0 0 0 0 0 0 0 0 0 0 0 0
SHARD 223 k=4 m=28 inter=1 colcap=128: NONE visited=5980 time=0.0s
ACCEPTED 0 0 0 0 0 0 0 13 34 46 11 0 0 0 0 0 0 0 0 0 0 0 0 0 0 0 0 0 0
SHARD 224 k=4 m=28 inter=1 colcap=128: NONE visited=303 time=0.0s
ACCEPTED 0 0 0 0 0 0 0 3 2 0 0 0 0 0 0 0 0 0 0 0 0 0 0 0 0 0 0 0 0
SHARD 225 k=4 m=28 inter=1 colcap=128: NONE visited=711 time=0.0s
ACCEPTED 0 0 0 0 0 0 0 5 3 0 0 0 0 0 0 0 0 0 0 0 0 0 0 0 0 0 0 0 0
SHARD 226 k=4 m=28 inter=1 colcap=128: NONE visited=175 time=0.0s
ACCEPTED 0 0 0 0 0 0 0 1 0 0 0 0 0 0 0 0 0 0 0 0 0 0 0 0 0 0 0 0 0
SHARD 227 k=4 m=28 inter=1 colcap=128: NONE visited=92 time=0.0s
ACCEPTED 0 0 0 0 0 0 0 0 0 0 0 0 0 0 0 0 0 0 0 0 0 0 0 0 0 0 0 0 0
SHARD 228 k=4 m=28 inter=1 colcap=128: NONE visited=104 time=0.0s
ACCEPTED 0 0 0 0 0 0 0 0 0 0 0 0 0 0 0 0 0 0 0 0 0 0 0 0 0 0 0 0 0
SHARD 229 k=4 m=28 inter=1 colcap=128: NONE visited=92 time=0.0s
ACCEPTED 0 0 0 0 0 0 0 0 0 0 0 0 0 0 0 0 0 0 0 0 0 0 0 0 0 0 0 0 0
SHARD 230 k=4 m=28 inter=1 colcap=128: NONE visited=1059 time=0.0s
ACCEPTED 0 0 0 0 0 0 0 4 7 5 0 0 0 0 0 0 0 0 0 0 0 0 0 0 0 0 0 0 0
SHARD 231 k=4 m=28 inter=1 colcap=128: NONE visited=232 time=0.0s
ACCEPTED 0 0 0 0 0 0 0 1 1 0 0 0 0 0 0 0 0 0 0 0 0 0 0 0 0 0 0 0 0
SHARD 232 k=4 m=28 inter=1 colcap=128: NONE visited=48 time=0.0s
ACCEPTED 0 0 0 0 0 0 0 1 1 0 0 0 0 0 0 0 0 0 0 0 0 0 0 0 0 0 0 0 0
SHARD 233 k=4 m=28 inter=1 colcap=128: NONE visited=450 time=0.0s
ACCEPTED 0 0 0 0 0 0 0 6 2 0 0 0 0 0 0 0 0 0 0 0 0 0 0 0 0 0 0 0 0
SHARD 234 k=4 m=28 inter=1 colcap=128: NONE visited=23 time=0.0s
ACCEPTED 0 0 0 0 0 0 0 0 0 0 0 0 0 0 0 0 0 0 0 0 0 0 0 0 0 0 0 0 0
SHARD 235 k=4 m=28 inter=1 colcap=128: NONE visited=16 time=0.0s
ACCEPTED 0 0 0 0 0 0 0 0 0 0 0 0 0 0 0 0 0 0 0 0 0 0 0 0 0 0 0 0 0
SHARD 236 k=4 m=28 inter=1 colcap=128: NONE visited=57 time=0.0s
ACCEPTED 0 0 0 0 0 0 0 0 0 0 0 0 0 0 0 0 0 0 0 0 0 0 0 0 0 0 0 0 0
SHARD 237 k=4 m=28 inter=1 colcap=128: NONE visited=429 time=0.0s
ACCEPTED 0 0 0 0 0 0 0 3 2 0 0 0 0 0 0 0 0 0 0 0 0 0 0 0 0 0 0 0 0
SHARD 238 k=4 m=28 inter=1 colcap=128: NONE visited=995 time=0.0s
ACCEPTED 0 0 0 0 0 0 0 5 12 5 1 0 0 0 0 0 0 0 0 0 0 0 0 0 0 0 0 0 0
SHARD 239 k=4 m=28 inter=1 colcap=128: NONE visited=1118 time=0.0s
ACCEPTED 0 0 0 0 0 0 0 7 11 0 0 0 0 0 0 0 0 0 0 0 0 0 0 0 0 0 0 0 0
DONE exit=20
