SHARD 1640 k=4 m=28 inter=1 colcap=128: NONE visited=14710582 time=17.0s
ACCEPTED 0 0 0 0 0 0 0 41 775 7873 43839 131157 208002 184691 106334 42811 11064 1896 206 0 0 0 0 0 0 0 0 0 0
SHARD 1641 k=4 m=28 inter=1 colcap=128: NONE visited=1068445 time=1.3s
ACCEPTED 0 0 0 0 0 0 0 24 278 1786 6246 11897 12301 6266 1178 107 1 0 0 0 0 0 0 0 0 0 0 0 0
SHARD 1642 k=4 m=28 inter=1 colcap=128: NONE visited=276599 time=0.3s
ACCEPTED 0 0 0 0 0 0 0 10 71 512 1988 3346 2652 621 41 2 0 0 0 0 0 0 0 0 0 0 0 0 0
SHARD 1643 k=4 m=28 inter=1 colcap=128: NONE visited=610220 time=0.8s
ACCEPTED 0 0 0 0 0 0 0 15 129 764 3031 6673 7764 4089 1127 219 0 0 0 0 0 0 0 0 0 0 0 0 0
SHARD 1644 k=4 m=28 inter=1 colcap=128: NONE visited=355622 time=0.4s
ACCEPTED 0 0 0 0 0 0 0 16 153 888 2981 5147 4150 1618 344 46 2 0 0 0 0 0 0 0 0 0 0 0 0
SHARD 1645 k=4 m=28 inter=1 colcap=128: NONE visited=7924337 time=9.1s
ACCEPTED 0 0 0 0 0 0 0 31 451 3776 19174 59708 108383 105306 60029 16717 1707 130 0 0 0 0 0 0 0 0 0 0 0
SHARD 1646 k=4 m=28 inter=1 colcap=128: NONE visited=14162524 time=24.9s
ACCEPTED 0 0 0 0 0 0 0 30 463 4331 24684 84718 176794 223301 169296 72471 18609 2690 108 5 0 0 0 0 0 0 0 0 0
SHARD 1647 k=4 m=28 inter=1 colcap=128: NONE visited=481458 time=0.7s
ACCEPTED 0 0 0 0 0 0 0 21 170 860 2900 5345 4710 1570 189 15 1 0 0 0 0 0 0 0 0 0 0 0 0
SHARD 1648 k=4 m=28 inter=1 colcap=128: NONE visited=254777 time=0.4s
ACCEPTED 0 0 0 0 0 0 0 15 103 422 1242 2559 3181 1982 596 78 3 0 0 0 0 0 0 0 0 0 0 0 0
SHARD 1649 k=4 m=28 inter=1 colcap=128: NONE visited=2993 time=0.0s
ACCEPTED 0 0 0 0 0 0 0 3 9 21 31 7 0 0 0 0 0 0 0 0 0 0 0 0 0 0 0 0 0
SHARD 1650 k=4 m=28 inter=1 colcap=128: NONE visited=714439 time=1.2s
ACCEPTED 0 0 0 0 0 0 0 17 143 892 3686 8157 8892 4123 878 75 1 0 0 0 0 0 0 0 0 0 0 0 0
SHARD 1651 k=4 m=28 inter=1 colcap=128: NONE visited=8445469 time=19.5s
ACCEPTED 0 0 0 0 0 0 0 20 249 2181 12189 41785 87985 117597 107899 61110 17680 2600 93 1 0 0 0 0 0 0 0 0 0
SHARD 1652 k=4 m=28 inter=1 colcap=128: NONE visited=4042122 time=6.3s
ACCEPTED 0 0 0 0 0 0 0 23 248 1873 9597 29895 53581 57341 38648 14987 3549 553 9 0 0 0 0 0 0 0 0 0 0
SHARD 1653 k=4 m=28 inter=1 colcap=128: NONE visited=78455 time=0.1s
ACCEPTED 0 0 0 0 0 0 0 9 54 247 659 831 484 140 20 2 0 0 0 0 0 0 0 0 0 0 0 0 0
SHARD 1654 k=4 m=28 inter=1 colcap=128: NONE visited=105206 time=0.1s
ACCEPTED 0 0 0 0 0 0 0 6 29 168 634 1245 1168 613 282 63 5 0 0 0 0 0 0 0 0 0 0 0 0
SHARD 1655 k=4 m=28 inter=1 colcap=128: NONE visited=576 time=0.0s
ACCEPTED 0 0 0 0 0 0 0 1 5 6 2 0 0 0 0 0 0 0 0 0 0 0 0 0 0 0 0 0 0
SHARD 1656 k=4 m=28 inter=1 colcap=128: NONE visited=23892 time=0.0s
ACCEPTED 0 0 0 0 0 0 0 7 29 103 219 254 165 37 4 0 0 0 0 0 0 0 0 0 0 0 0 0 0
SHARD 1657 k=4 m=28 inter=1 colcap=128: NONE visited=3992 time=0.0s
ACCEPTED 0 0 0 0 0 0 0 3 13 38 36 5 0 0 0 0 0 0 0 0 0 0 0 0 0 0 0 0 0
SHARD 1658 k=4 m=28 inter=1 colcap=128: NONE visited=82832 time=0.1s
ACCEPTED 0 0 0 0 0 0 0 6 29 145 499 886 841 464 77 1 0 0 0 0 0 0 0 0 0 0 0 0 0
SHARD 1659 k=4 m=28 inter=1 colcap=128: NONE visited=77 time=0.0s
ACCEPTED 0 0 0 0 0 0 0 1 0 0 0 0 0 0 0 0 0 0 0 0 0 0 0 0 0 0 0 0 0
SHARD 1660 k=4 m=28 inter=1 colcap=128: NONE visited=537565 time=0.9s
ACCEPTED 0 0 0 0 0 0 0 3 29 189 992 3829 9239 7352 1315 91 0 0 0 0 0 0 0 0 0 0 0 0 0
SHARD 1661 k=4 m=28 inter=1 colcap=128: NONE visited=116140420 time=239.0s
ACCEPTED 0 0 0 0 0 0 0 56 1405 19329 150513 662507 1658848 2381745 1967116 958574 264574 35156 3194 241 18 1 0 0 0 0 0 0 0
SHARD 1662 k=4 m=28 inter=1 colcap=128: NONE visited=113903502 time=201.7s
ACCEPTED 0 0 0 0 0 0 0 48 1055 13360 101849 468055 1304988 2251528 2467563 1767754 842118 271499 61268 9545 938 62 0 0 0 0 0 0 0
SHARD 1663 k=4 m=28 inter=1 colcap=128: NONE visited=30989624 time=48.2s
ACCEPTED 0 0 0 0 0 0 0 30 465 5049 37377 172042 453715 608434 371231 106512 13826 398 4 0 0 0 0 0 0 0 0 0 0
SHARD 1664 k=4 m=28 inter=1 colcap=128: NONE visited=38679928 time=62.9s
ACCEPTED 0 0 0 0 0 0 0 39 678 7047 48182 210219 542232 779580 586530 231102 42918 4381 282 17 1 0 0 0 0 0 0 0 0
SHARD 1665 k=4 m=28 inter=1 colcap=128: NONE visited=65153801 time=123.6s
ACCEPTED 0 0 0 0 0 0 0 25 451 5434 43180 220374 706406 1389163 1647870 1190789 579897 209192 55841 9605 1028 63 1 0 0 0 0 0 0
SHARD 1666 k=4 m=28 inter=1 colcap=128: NONE visited=16616673 time=26.6s
ACCEPTED 0 0 0 0 0 0 0 40 645 5693 30535 102515 211978 276183 257680 184683 74909 17192 2368 198 11 0 0 0 0 0 0 0 0
SHARD 1667 k=4 m=28 inter=1 colcap=128: NONE visited=171888470 time=337.5s
ACCEPTED 0 0 0 0 0 0 0 33 841 13107 122765 678896 2201094 4125805 4409700 2637882 880711 151144 14114 927 48 3 0 0 0 0 0 0 0
SHARD 1668 k=4 m=28 inter=1 colcap=128: NONE visited=58164152 time=91.7s
ACCEPTED 0 0 0 0 0 0 0 49 973 10494 70095 296775 762223 1120237 910185 426371 111390 14356 343 9 0 0 0 0 0 0 0 0 0
SHARD 1669 k=4 m=28 inter=1 colcap=128: NONE visited=10476860 time=15.4s
ACCEPTED 0 0 0 0 0 0 0 28 365 2830 14295 48505 109179 161140 156065 101279 45047 13960 2739 265 5 0 0 0 0 0 0 0 0
SHARD 1670 k=4 m=28 inter=1 colcap=128: NONE visited=3871591 time=5.7s
ACCEPTED 0 0 0 0 0 0 0 14 152 1484 9336 32317 62441 56548 19829 2283 60 0 0 0 0 0 0 0 0 0 0 0 0
SHARD 1671 k=4 m=28 inter=1 colcap=128: NONE visited=11357855 time=16.2s
ACCEPTED 0 0 0 0 0 0 0 30 423 4249 27783 98730 184130 171820 74492 14895 1658 134 8 0 0 0 0 0 0 0 0 0 0
SHARD 1672 k=4 m=28 inter=1 colcap=128: NONE visited=3445266 time=4.7s
ACCEPTED 0 0 0 0 0 0 0 21 226 1592 8129 26354 48368 50815 33100 15370 5201 1160 149 9 0 0 0 0 0 0 0 0 0
SHARD 1673 k=4 m=28 inter=1 colcap=128: NONE visited=81432594 time=138.1s
ACCEPTED 0 0 0 0 0 0 0 36 705 8803 69434 333964 964432 1672545 1752805 1094102 395472 83603 11035 891 37 0 0 0 0 0 0 0 0
SHARD 1674 k=4 m=28 inter=1 colcap=128: NONE visited=4517058 time=6.6s
ACCEPTED 0 0 0 0 0 0 0 14 160 1678 10977 38855 75927 66951 19674 1704 52 0 0 0 0 0 0 0 0 0 0 0 0
SHARD 1675 k=4 m=28 inter=1 colcap=128: NONE visited=2794846 time=3.3s
ACCEPTED 0 0 0 0 0 0 0 21 201 1522 8606 27427 45989 38664 13714 1947 175 10 0 0 0 0 0 0 0 0 0 0 0
SHARD 1676 k=4 m=28 inter=1 colcap=128: NONE visited=11502283 time=19.7s
ACCEPTED 0 0 0 0 0 0 0 21 288 2788 18407 74680 154675 173430 129147 34983 2831 285 0 0 0 0 0 0 0 0 0 0 0
SHARD 1677 k=4 m=28 inter=1 colcap=128: NONE visited=175423116 time=363.1s
ACCEPTED 0 0 0 0 0 0 0 51 1273 18387 155678 757141 2091921 3278182 2897414 1449476 443780 91327 11413 1267 101 4 0 0 0 0 0 0 0
SHARD 1678 k=4 m=28 inter=1 colcap=128: NONE visited=70362958 time=170.5s
ACCEPTED 0 0 0 0 0 0 0 36 701 8741 68595 323401 888249 1407772 1282170 677604 208655 42674 6802 1491 38 2 0 0 0 0 0 0 0
SHARD 1679 k=4 m=28 inter=1 colcap=128: NONE visited=102228432 time=240.3s
ACCEPTED 0 0 0 0 0 0 0 47 1046 13639 107107 497192 1337826 2052055 1776866 893956 270647 49696 6583 620 45 2 0 0 0 0 0 0 0
DONE exit=20
