SHARD 10200 k=4 m=28 inter=1 colcap=128: NONE visited=12040 time=0.0s
ACCEPTED 0 0 0 0 0 0 0 12 58 103 53 7 0 0 0 0 0 0 0 0 0 0 0 0 0 0 0 0 0
SHARD 10201 k=4 m=28 inter=1 colcap=128: NONE visited=256227 time=0.2s
ACCEPTED 0 0 0 0 0 0 0 16 126 592 1702 2925 2683 1082 183 8 0 0 0 0 0 0 0 0 0 0 0 0 0
SHARD 10202 k=4 m=28 inter=1 colcap=128: NONE visited=75820 time=0.0s
ACCEPTED 0 0 0 0 0 0 0 22 165 522 732 432 99 8 0 0 0 0 0 0 0 0 0 0 0 0 0 0 0
SHARD 10203 k=4 m=28 inter=1 colcap=128: NONE visited=410611 time=0.3s
ACCEPTED 0 0 0 0 0 0 0 14 116 663 2269 4451 4833 2825 912 150 12 0 0 0 0 0 0 0 0 0 0 0 0
SHARD 10204 k=4 m=28 inter=1 colcap=128: NONE visited=494 time=0.0s
ACCEPTED 0 0 0 0 0 0 0 2 3 1 0 0 0 0 0 0 0 0 0 0 0 0 0 0 0 0 0 0 0
SHARD 10205 k=4 m=28 inter=1 colcap=128: NONE visited=1496 time=0.0s
ACCEPTED 0 0 0 0 0 0 0 4 6 9 8 0 0 0 0 0 0 0 0 0 0 0 0 0 0 0 0 0 0
SHARD 10206 k=4 m=28 inter=1 colcap=128: NONE visited=718 time=0.0s
ACCEPTED 0 0 0 0 0 0 0 3 7 2 0 0 0 0 0 0 0 0 0 0 0 0 0 0 0 0 0 0 0
SHARD 10207 k=4 m=28 inter=1 colcap=128: NONE visited=1531665 time=1.2s
ACCEPTED 0 0 0 0 0 0 0 9 95 610 2952 9370 18700 21509 14534 6045 1880 451 33 1 0 0 0 0 0 0 0 0 0
SHARD 10208 k=4 m=28 inter=1 colcap=128: NONE visited=3280577 time=2.8s
ACCEPTED 0 0 0 0 0 0 0 20 216 1540 7354 22841 44377 51360 35112 14030 3135 388 23 0 0 0 0 0 0 0 0 0 0
SHARD 10209 k=4 m=28 inter=1 colcap=128: NONE visited=13574086 time=14.3s
ACCEPTED 0 0 0 0 0 0 0 9 104 949 6905 35286 119163 249559 313206 234182 104297 27399 3522 118 1 0 0 0 0 0 0 0 0
SHARD 10210 k=4 m=28 inter=1 colcap=128: NONE visited=41463160 time=40.0s
ACCEPTED 0 0 0 0 0 0 0 32 491 5013 34021 150717 422144 728705 769922 504599 218922 70059 15499 1806 120 2 0 0 0 0 0 0 0
SHARD 10211 k=4 m=28 inter=1 colcap=128: NONE visited=69080896 time=80.0s
ACCEPTED 0 0 0 0 0 0 0 23 347 3871 30269 159750 548673 1193515 1622851 1395945 791593 300675 66449 8497 603 48 1 0 0 0 0 0 0
SHARD 10212 k=4 m=28 inter=1 colcap=128: NONE visited=35850 time=0.0s
ACCEPTED 0 0 0 0 0 0 0 4 18 90 226 481 508 110 11 0 0 0 0 0 0 0 0 0 0 0 0 0 0
SHARD 10213 k=4 m=28 inter=1 colcap=128: NONE visited=2253312 time=1.9s
ACCEPTED 0 0 0 0 0 0 0 16 135 862 4084 13772 28646 34986 22923 7701 1085 187 0 0 0 0 0 0 0 0 0 0 0
SHARD 10214 k=4 m=28 inter=1 colcap=128: NONE visited=4119689 time=4.0s
ACCEPTED 0 0 0 0 0 0 0 11 96 716 4094 16524 43538 71122 68914 40670 15158 3720 524 41 1 0 0 0 0 0 0 0 0
SHARD 10215 k=4 m=28 inter=1 colcap=128: NONE visited=647223 time=0.6s
ACCEPTED 0 0 0 0 0 0 0 7 41 245 987 2799 5581 8212 7739 5134 2351 907 86 11 0 0 0 0 0 0 0 0 0
SHARD 10216 k=4 m=28 inter=1 colcap=128: NONE visited=16580079 time=21.8s
ACCEPTED 0 0 0 0 0 0 0 18 219 1913 12178 54738 168031 340333 444372 376010 211067 71607 2630 29 0 0 0 0 0 0 0 0 0
SHARD 10217 k=4 m=28 inter=1 colcap=128: NONE visited=28173132 time=28.6s
ACCEPTED 0 0 0 0 0 0 0 22 310 3063 20640 91437 259608 465497 517930 351719 169000 68152 23221 4896 169 0 0 0 0 0 0 0 0
SHARD 10218 k=4 m=28 inter=1 colcap=128: NONE visited=22367956 time=26.9s
ACCEPTED 0 0 0 0 0 0 0 9 114 1092 8305 43862 155729 357508 521328 474642 270457 92669 17288 2262 197 1 0 0 0 0 0 0 0
SHARD 10219 k=4 m=28 inter=1 colcap=128: NONE visited=150725 time=0.1s
ACCEPTED 0 0 0 0 0 0 0 7 36 217 886 1949 2190 1162 376 59 1 0 0 0 0 0 0 0 0 0 0 0 0
SHARD 10220 k=4 m=28 inter=1 colcap=128: NONE visited=2411583 time=1.8s
ACCEPTED 0 0 0 0 0 0 0 16 132 946 4745 15200 29529 33368 21372 7502 1471 168 1 0 0 0 0 0 0 0 0 0 0
SHARD 10221 k=4 m=28 inter=1 colcap=128: NONE visited=1398264 time=1.2s
ACCEPTED 0 0 0 0 0 0 0 7 63 459 2345 7767 16001 21008 17787 8788 2227 233 5 0 0 0 0 0 0 0 0 0 0
SHARD 10222 k=4 m=28 inter=1 colcap=128: NONE visited=6642472 time=7.1s
ACCEPTED 0 0 0 0 0 0 0 11 88 607 3406 14725 43304 83539 112097 112443 74762 26390 438 9 0 0 0 0 0 0 0 0 0
SHARD 10223 k=4 m=28 inter=1 colcap=128: NONE visited=1590747 time=1.8s
ACCEPTED 0 0 0 0 0 0 0 10 75 496 2538 9522 24266 40291 41091 25245 9126 1567 80 0 0 0 0 0 0 0 0 0 0
SHARD 10224 k=4 m=28 inter=1 colcap=128: NONE visited=43993124 time=52.3s
ACCEPTED 0 0 0 0 0 0 0 28 383 3772 26090 123996 397200 837702 1120217 939135 485262 143765 12205 605 7 0 0 0 0 0 0 0 0
SHARD 10225 k=4 m=28 inter=1 colcap=128: NONE visited=74673 time=0.1s
ACCEPTED 0 0 0 0 0 0 0 6 19 93 291 649 966 1161 541 34 0 0 0 0 0 0 0 0 0 0 0 0 0
SHARD 10226 k=4 m=28 inter=1 colcap=128: NONE visited=1560148 time=1.5s
ACCEPTED 0 0 0 0 0 0 0 10 68 465 2364 8861 22143 34683 31537 15524 4082 661 75 3 0 0 0 0 0 0 0 0 0
SHARD 10227 k=4 m=28 inter=1 colcap=128: NONE visited=1916064 time=1.2s
ACCEPTED 0 0 0 0 0 0 0 14 204 1673 7500 17924 23535 17924 8621 2863 855 169 6 0 0 0 0 0 0 0 0 0 0
SHARD 10228 k=4 m=28 inter=1 colcap=128: NONE visited=450529 time=0.3s
ACCEPTED 0 0 0 0 0 0 0 18 158 920 3106 5677 5085 2513 759 131 15 1 0 0 0 0 0 0 0 0 0 0 0
SHARD 10229 k=4 m=28 inter=1 colcap=128: NONE visited=2167260 time=1.8s
ACCEPTED 0 0 0 0 0 0 0 24 252 1663 7023 18640 30408 28964 15178 4451 641 46 0 0 0 0 0 0 0 0 0 0 0
SHARD 10230 k=4 m=28 inter=1 colcap=128: NONE visited=5733707 time=5.5s
ACCEPTED 0 0 0 0 0 0 0 18 191 1517 8402 30473 71235 107543 102882 59728 19753 3599 262 8 0 0 0 0 0 0 0 0 0
SHARD 10231 k=4 m=28 inter=1 colcap=128: NONE visited=1249237 time=0.8s
ACCEPTED 0 0 0 0 0 0 0 22 223 1340 4841 10766 14727 13467 8670 4266 1757 498 56 0 0 0 0 0 0 0 0 0 0
SHARD 10232 k=4 m=28 inter=1 colcap=128: NONE visited=19373 time=0.0s
ACCEPTED 0 0 0 0 0 0 0 4 23 101 198 193 30 0 0 0 0 0 0 0 0 0 0 0 0 0 0 0 0
SHARD 10233 k=4 m=28 inter=1 colcap=128: NONE visited=576689 time=0.3s
ACCEPTED 0 0 0 0 0 0 0 8 58 377 1546 3800 5597 5964 4459 2854 1229 318 0 0 0 0 0 0 0 0 0 0 0
SHARD 10234 k=4 m=28 inter=1 colcap=128: NONE visited=504725 time=0.3s
ACCEPTED 0 0 0 0 0 0 0 16 124 670 2323 4834 6016 4506 2029 474 46 5 1 0 0 0 0 0 0 0 0 0 0
SHARD 10235 k=4 m=28 inter=1 colcap=128: NONE visited=7072669 time=5.5s
ACCEPTED 0 0 0 0 0 0 0 25 330 2673 13279 40924 80262 100703 81465 43021 16605 5119 218 0 0 0 0 0 0 0 0 0 0
SHARD 10236 k=4 m=28 inter=1 colcap=128: NONE visited=20241588 time=23.0s
ACCEPTED 0 0 0 0 0 0 0 17 226 2198 15218 71009 213896 399177 450137 306148 134219 30591 3124 281 0 0 0 0 0 0 0 0 0
SHARD 10237 k=4 m=28 inter=1 colcap=128: NONE visited=29569514 time=32.8s
ACCEPTED 0 0 0 0 0 0 0 23 326 3372 23861 111182 325909 574870 604498 376670 139698 25828 1278 4 0 0 0 0 0 0 0 0 0
SHARD 10238 k=4 m=28 inter=1 colcap=128: NONE visited=10658 time=0.0s
ACCEPTED 0 0 0 0 0 0 0 3 12 60 122 71 3 0 0 0 0 0 0 0 0 0 0 0 0 0 0 0 0
SHARD 10239 k=4 m=28 inter=1 colcap=128: NONE visited=202172 time=0.1s
ACCEPTED 0 0 0 0 0 0 0 9 47 248 940 2070 2552 1777 697 165 10 0 0 0 0 0 0 0 0 0 0 0 0
DONE exit=20
