SHARD 10120 k=4 m=28 inter=1 colcap=128: NONE visited=50148658 time=52.4s
ACCEPTED 0 0 0 0 0 0 0 24 366 3988 29757 145243 452261 887643 1083485 821135 372346 95173 16409 2131 151 5 0 0 0 0 0 0 0
SHARD 10121 k=4 m=28 inter=1 colcap=128: NONE visited=10554048 time=8.5s
ACCEPTED 0 0 0 0 0 0 0 25 340 3025 17336 62043 135534 177318 136729 60963 18013 3936 669 31 2 0 0 0 0 0 0 0 0
SHARD 10122 k=4 m=28 inter=1 colcap=128: NONE visited=2615725 time=2.2s
ACCEPTED 0 0 0 0 0 0 0 20 218 1548 7105 20457 36145 38003 25070 11282 3669 663 16 0 0 0 0 0 0 0 0 0 0
SHARD 10123 k=4 m=28 inter=1 colcap=128: NONE visited=10060265 time=9.4s
ACCEPTED 0 0 0 0 0 0 0 18 228 2109 13283 53041 130093 191138 165454 83781 24181 4102 419 29 0 0 0 0 0 0 0 0 0
SHARD 10124 k=4 m=28 inter=1 colcap=128: NONE visited=615997 time=0.6s
ACCEPTED 0 0 0 0 0 0 0 12 83 420 1621 4337 7573 8004 4476 1214 189 19 1 0 0 0 0 0 0 0 0 0 0
SHARD 10125 k=4 m=28 inter=1 colcap=128: NONE visited=8212195 time=7.6s
ACCEPTED 0 0 0 0 0 0 0 18 217 1930 11449 42050 96086 138997 125988 71483 24856 5165 613 28 0 0 0 0 0 0 0 0 0
SHARD 10126 k=4 m=28 inter=1 colcap=128: NONE visited=4303 time=0.0s
ACCEPTED 0 0 0 0 0 0 0 2 12 28 35 19 1 0 0 0 0 0 0 0 0 0 0 0 0 0 0 0 0
SHARD 10127 k=4 m=28 inter=1 colcap=128: NONE visited=883522 time=0.7s
ACCEPTED 0 0 0 0 0 0 0 11 87 536 2348 6866 11767 10813 5361 1355 167 13 0 0 0 0 0 0 0 0 0 0 0
SHARD 10128 k=4 m=28 inter=1 colcap=128: NONE visited=7181276 time=6.7s
ACCEPTED 0 0 0 0 0 0 0 13 128 1064 6944 30731 81911 127158 117460 64671 21965 4142 199 4 0 0 0 0 0 0 0 0 0
SHARD 10129 k=4 m=28 inter=1 colcap=128: NONE visited=159820 time=0.1s
ACCEPTED 0 0 0 0 0 0 0 5 31 168 595 1448 1905 1379 713 135 7 0 0 0 0 0 0 0 0 0 0 0 0
SHARD 10130 k=4 m=28 inter=1 colcap=128: NONE visited=756585 time=0.5s
ACCEPTED 0 0 0 0 0 0 0 16 145 815 2857 7018 10729 7446 1864 181 9 1 0 0 0 0 0 0 0 0 0 0 0
SHARD 10131 k=4 m=28 inter=1 colcap=128: NONE visited=5830214 time=4.7s
ACCEPTED 0 0 0 0 0 0 0 30 419 3408 16615 49411 88175 93012 57906 22318 4565 461 21 0 0 0 0 0 0 0 0 0 0
SHARD 10132 k=4 m=28 inter=1 colcap=128: NONE visited=6464807 time=6.8s
ACCEPTED 0 0 0 0 0 0 0 18 216 1842 10485 38297 87822 126453 120125 86433 54314 24184 202 19 1 0 0 0 0 0 0 0 0
SHARD 10133 k=4 m=28 inter=1 colcap=128: NONE visited=32422617 time=28.0s
ACCEPTED 0 0 0 0 0 0 0 35 627 6947 46622 182300 412048 549668 442281 222528 71673 14034 1436 68 0 0 0 0 0 0 0 0 0
SHARD 10134 k=4 m=28 inter=1 colcap=128: NONE visited=18678224 time=19.8s
ACCEPTED 0 0 0 0 0 0 0 14 195 2023 14721 69371 203869 366541 403171 268209 104370 23567 1945 67 0 0 0 0 0 0 0 0 0
SHARD 10135 k=4 m=28 inter=1 colcap=128: NONE visited=7667385 time=6.2s
ACCEPTED 0 0 0 0 0 0 0 26 354 3090 17081 57831 112767 121036 73609 26700 5437 452 25 0 0 0 0 0 0 0 0 0 0
SHARD 10136 k=4 m=28 inter=1 colcap=128: NONE visited=500947 time=0.4s
ACCEPTED 0 0 0 0 0 0 0 6 42 423 2294 5839 6857 3318 648 45 2 0 0 0 0 0 0 0 0 0 0 0 0
SHARD 10137 k=4 m=28 inter=1 colcap=128: NONE visited=6496717 time=4.9s
ACCEPTED 0 0 0 0 0 0 0 26 360 3125 16656 51149 89007 88999 53171 20877 5816 1007 33 0 0 0 0 0 0 0 0 0 0
SHARD 10138 k=4 m=28 inter=1 colcap=128: NONE visited=23539430 time=24.9s
ACCEPTED 0 0 0 0 0 0 0 21 279 2665 17550 76109 216967 405255 486202 363366 164465 43081 5740 302 18 0 0 0 0 0 0 0 0
SHARD 10139 k=4 m=28 inter=1 colcap=128: NONE visited=4405068 time=4.4s
ACCEPTED 0 0 0 0 0 0 0 15 132 988 5736 21481 49616 74014 71949 37661 9589 1387 166 13 0 0 0 0 0 0 0 0 0
SHARD 10140 k=4 m=28 inter=1 colcap=128: NONE visited=60140 time=0.0s
ACCEPTED 0 0 0 0 0 0 0 7 29 121 373 644 508 137 13 0 0 0 0 0 0 0 0 0 0 0 0 0 0
SHARD 10141 k=4 m=28 inter=1 colcap=128: NONE visited=1311502 time=1.1s
ACCEPTED 0 0 0 0 0 0 0 11 91 615 2959 9252 17891 21070 13970 4806 814 67 6 1 0 0 0 0 0 0 0 0 0
SHARD 10142 k=4 m=28 inter=1 colcap=128: NONE visited=18723 time=0.0s
ACCEPTED 0 0 0 0 0 0 0 2 17 98 199 122 14 0 0 0 0 0 0 0 0 0 0 0 0 0 0 0 0
SHARD 10143 k=4 m=28 inter=1 colcap=128: NONE visited=3260716 time=2.8s
ACCEPTED 0 0 0 0 0 0 0 22 236 1474 6885 22562 46795 55882 37628 14323 3031 291 15 1 0 0 0 0 0 0 0 0 0
SHARD 10144 k=4 m=28 inter=1 colcap=128: NONE visited=4066705 time=3.4s
ACCEPTED 0 0 0 0 0 0 0 16 183 1486 8125 28844 61085 68975 38913 11116 1617 155 1 0 0 0 0 0 0 0 0 0 0
SHARD 10145 k=4 m=28 inter=1 colcap=128: NONE visited=407452 time=0.3s
ACCEPTED 0 0 0 0 0 0 0 9 66 544 2567 5977 6149 2280 341 17 0 0 0 0 0 0 0 0 0 0 0 0 0
SHARD 10146 k=4 m=28 inter=1 colcap=128: NONE visited=1798418 time=1.3s
ACCEPTED 0 0 0 0 0 0 0 16 201 1568 7507 19950 28234 20979 8666 2242 350 23 1 0 0 0 0 0 0 0 0 0 0
SHARD 10147 k=4 m=28 inter=1 colcap=128: NONE visited=12365 time=0.0s
ACCEPTED 0 0 0 0 0 0 0 9 46 103 105 33 3 0 0 0 0 0 0 0 0 0 0 0 0 0 0 0 0
SHARD 10148 k=4 m=28 inter=1 colcap=128: NONE visited=180538 time=0.1s
ACCEPTED 0 0 0 0 0 0 0 10 78 433 1348 2147 1611 595 95 8 0 0 0 0 0 0 0 0 0 0 0 0 0
SHARD 10149 k=4 m=28 inter=1 colcap=128: NONE visited=9797 time=0.0s
ACCEPTED 0 0 0 0 0 0 0 8 31 72 95 38 2 0 0 0 0 0 0 0 0 0 0 0 0 0 0 0 0
SHARD 10150 k=4 m=28 inter=1 colcap=128: NONE visited=170124 time=0.1s
ACCEPTED 0 0 0 0 0 0 0 15 118 552 1426 1911 1271 378 43 4 0 0 0 0 0 0 0 0 0 0 0 0 0
SHARD 10151 k=4 m=28 inter=1 colcap=128: NONE visited=144 time=0.0s
ACCEPTED 0 0 0 0 0 0 0 1 1 0 0 0 0 0 0 0 0 0 0 0 0 0 0 0 0 0 0 0 0
SHARD 10152 k=4 m=28 inter=1 colcap=128: NONE visited=2850 time=0.0s
ACCEPTED 0 0 0 0 0 0 0 1 10 24 22 4 0 0 0 0 0 0 0 0 0 0 0 0 0 0 0 0 0
SHARD 10153 k=4 m=28 inter=1 colcap=128: NONE visited=6178 time=0.0s
ACCEPTED 0 0 0 0 0 0 0 9 33 60 35 5 0 0 0 0 0 0 0 0 0 0 0 0 0 0 0 0 0
SHARD 10154 k=4 m=28 inter=1 colcap=128: NONE visited=136724 time=0.1s
ACCEPTED 0 0 0 0 0 0 0 7 51 270 865 1575 1508 758 149 10 0 0 0 0 0 0 0 0 0 0 0 0 0
SHARD 10155 k=4 m=28 inter=1 colcap=128: NONE visited=603 time=0.0s
ACCEPTED 0 0 0 0 0 0 0 2 4 10 0 0 0 0 0 0 0 0 0 0 0 0 0 0 0 0 0 0 0
SHARD 10156 k=4 m=28 inter=1 colcap=128: NONE visited=8532 time=0.0s
ACCEPTED 0 0 0 0 0 0 0 8 32 71 64 13 1 0 0 0 0 0 0 0 0 0 0 0 0 0 0 0 0
SHARD 10157 k=4 m=28 inter=1 colcap=128: NONE visited=435162 time=0.3s
ACCEPTED 0 0 0 0 0 0 0 19 198 1107 3271 5386 4953 2335 553 58 1 0 0 0 0 0 0 0 0 0 0 0 0
SHARD 10158 k=4 m=28 inter=1 colcap=128: NONE visited=282235 time=0.2s
ACCEPTED 0 0 0 0 0 0 0 17 125 675 2122 3629 3440 1748 468 89 17 2 0 0 0 0 0 0 0 0 0 0 0
SHARD 10159 k=4 m=28 inter=1 colcap=128: NONE visited=487665 time=0.3s
ACCEPTED 0 0 0 0 0 0 0 13 139 918 3183 5674 5504 3101 902 106 2 0 0 0 0 0 0 0 0 0 0 0 0
DONE exit=20
