SHARD 3680 k=4 m=28 inter=1 colcap=128: NONE visited=589 time=0.0s
ACCEPTED 0 0 0 0 0 0 0 4 3 0 0 0 0 0 0 0 0 0 0 0 0 0 0 0 0 0 0 0 0
SHARD 3681 k=4 m=28 inter=1 colcap=128: NONE visited=97 time=0.0s
ACCEPTED 0 0 0 0 0 0 0 0 0 0 0 0 0 0 0 0 0 0 0 0 0 0 0 0 0 0 0 0 0
SHARD 3682 k=4 m=28 inter=1 colcap=128: NONE visited=183 time=0.0s
ACCEPTED 0 0 0 0 0 0 0 1 0 0 0 0 0 0 0 0 0 0 0 0 0 0 0 0 0 0 0 0 0
SHARD 3683 k=4 m=28 inter=1 colcap=128: NONE visited=2416 time=0.0s
ACCEPTED 0 0 0 0 0 0 0 8 15 14 4 0 0 0 0 0 0 0 0 0 0 0 0 0 0 0 0 0 0
SHARD 3684 k=4 m=28 inter=1 colcap=128: NONE visited=1154 time=0.0s
ACCEPTED 0 0 0 0 0 0 0 7 8 1 0 0 0 0 0 0 0 0 0 0 0 0 0 0 0 0 0 0 0
SHARD 3685 k=4 m=28 inter=1 colcap=128: NONE visited=1128 time=0.0s
ACCEPTED 0 0 0 0 0 0 0 6 8 2 0 0 0 0 0 0 0 0 0 0 0 0 0 0 0 0 0 0 0
SHARD 3686 k=4 m=28 inter=1 colcap=128: NONE visited=419 time=0.0s
ACCEPTED 0 0 0 0 0 0 0 3 2 0 0 0 0 0 0 0 0 0 0 0 0 0 0 0 0 0 0 0 0
SHARD 3687 k=4 m=28 inter=1 colcap=128: NONE visited=153 time=0.0s
ACCEPTED 0 0 0 0 0 0 0 1 1 0 0 0 0 0 0 0 0 0 0 0 0 0 0 0 0 0 0 0 0
SHARD 3688 k=4 m=28 inter=1 colcap=128: NONE visited=8469 time=0.0s
ACCEPTED 0 0 0 0 0 0 0 11 48 72 31 2 0 0 0 0 0 0 0 0 0 0 0 0 0 0 0 0 0
SHARD 3689 k=4 m=28 inter=1 colcap=128: NONE visited=491 time=0.0s
ACCEPTED 0 0 0 0 0 0 0 3 3 0 0 0 0 0 0 0 0 0 0 0 0 0 0 0 0 0 0 0 0
SHARD 3690 k=4 m=28 inter=1 colcap=128: NONE visited=27151 time=0.0s
ACCEPTED 0 0 0 0 0 0 0 10 50 149 224 174 53 4 0 0 0 0 0 0 0 0 0 0 0 0 0 0 0
SHARD 3691 k=4 m=28 inter=1 colcap=128: NONE visited=337 time=0.0s
ACCEPTED 0 0 0 0 0 0 0 2 1 0 0 0 0 0 0 0 0 0 0 0 0 0 0 0 0 0 0 0 0
SHARD 3692 k=4 m=28 inter=1 colcap=128: NONE visited=618 time=0.0s
ACCEPTED 0 0 0 0 0 0 0 2 3 5 0 0 0 0 0 0 0 0 0 0 0 0 0 0 0 0 0 0 0
SHARD 3693 k=4 m=28 inter=1 colcap=128: NONE visited=5472 time=0.0s
ACCEPTED 0 0 0 0 0 0 0 11 35 43 9 0 0 0 0 0 0 0 0 0 0 0 0 0 0 0 0 0 0
SHARD 3694 k=4 m=28 inter=1 colcap=128: NONE visited=541 time=0.0s
ACCEPTED 0 0 0 0 0 0 0 3 3 0 0 0 0 0 0 0 0 0 0 0 0 0 0 0 0 0 0 0 0
SHARD 3695 k=4 m=28 inter=1 colcap=128: NONE visited=95 time=0.0s
ACCEPTED 0 0 0 0 0 0 0 1 0 0 0 0 0 0 0 0 0 0 0 0 0 0 0 0 0 0 0 0 0
SHARD 3696 k=4 m=28 inter=1 colcap=128: NONE visited=75 time=0.0s
ACCEPTED 0 0 0 0 0 0 0 0 0 0 0 0 0 0 0 0 0 0 0 0 0 0 0 0 0 0 0 0 0
SHARD 3697 k=4 m=28 inter=1 colcap=128: NONE visited=68 time=0.0s
ACCEPTED 0 0 0 0 0 0 0 0 0 0 0 0 0 0 0 0 0 0 0 0 0 0 0 0 0 0 0 0 0
SHARD 3698 k=4 m=28 inter=1 colcap=128: NONE visited=127 time=0.0s
ACCEPTED 0 0 0 0 0 0 0 1 0 0 0 0 0 0 0 0 0 0 0 0 0 0 0 0 0 0 0 0 0
SHARD 3699 k=4 m=28 inter=1 colcap=128: NONE visited=66 time=0.0s
ACCEPTED 0 0 0 0 0 0 0 0 0 0 0 0 0 0 0 0 0 0 0 0 0 0 0 0 0 0 0 0 0
SHARD 3700 k=4 m=28 inter=1 colcap=128: NONE visited=505 time=0.0s
ACCEPTED 0 0 0 0 0 0 0 4 4 0 0 0 0 0 0 0 0 0 0 0 0 0 0 0 0 0 0 0 0
SHARD 3701 k=4 m=28 inter=1 colcap=128: NONE visited=164 time=0.0s
ACCEPTED 0 0 0 0 0 0 0 1 1 0 0 0 0 0 0 0 0 0 0 0 0 0 0 0 0 0 0 0 0
SHARD 3702 k=4 m=28 inter=1 colcap=128: NONE visited=291 time=0.0s
ACCEPTED 0 0 0 0 0 0 0 3 1 0 0 0 0 0 0 0 0 0 0 0 0 0 0 0 0 0 0 0 0
SHARD 3703 k=4 m=28 inter=1 colcap=128: NONE visited=9354 time=0.0s
ACCEPTED 0 0 0 0 0 0 0 12 47 85 43 4 0 0 0 0 0 0 0 0 0 0 0 0 0 0 0 0 0
SHARD 3704 k=4 m=28 inter=1 colcap=128: NONE visited=110 time=0.0s
ACCEPTED 0 0 0 0 0 0 0 1 0 0 0 0 0 0 0 0 0 0 0 0 0 0 0 0 0 0 0 0 0
SHARD 3705 k=4 m=28 inter=1 colcap=128: NONE visited=1927 time=0.0s
ACCEPTED 0 0 0 0 0 0 0 8 18 6 2 0 0 0 0 0 0 0 0 0 0 0 0 0 0 0 0 0 0
SHARD 3706 k=4 m=28 inter=1 colcap=128: NONE visited=858 time=0.0s
ACCEPTED 0 0 0 0 0 0 0 6 6 1 0 0 0 0 0 0 0 0 0 0 0 0 0 0 0 0 0 0 0
SHARD 3707 k=4 m=28 inter=1 colcap=128: NONE visited=873 time=0.0s
ACCEPTED 0 0 0 0 0 0 0 4 5 3 0 0 0 0 0 0 0 0 0 0 0 0 0 0 0 0 0 0 0
SHARD 3708 k=4 m=28 inter=1 colcap=128: NONE visited=180 time=0.0s
ACCEPTED 0 0 0 0 0 0 0 2 1 0 0 0 0 0 0 0 0 0 0 0 0 0 0 0 0 0 0 0 0
SHARD 3709 k=4 m=28 inter=1 colcap=128: NONE visited=12960 time=0.0s
ACCEPTED 0 0 0 0 0 0 0 11 50 95 96 45 8 0 0 0 0 0 0 0 0 0 0 0 0 0 0 0 0
SHARD 3710 k=4 m=28 inter=1 colcap=128: NONE visited=667 time=0.0s
ACCEPTED 0 0 0 0 0 0 0 4 4 4 0 0 0 0 0 0 0 0 0 0 0 0 0 0 0 0 0 0 0
SHARD 3711 k=4 m=28 inter=1 colcap=128: NONE visited=12498 time=0.0s
ACCEPTED 0 0 0 0 0 0 0 13 54 102 59 1 0 0 0 0 0 0 0 0 0 0 0 0 0 0 0 0 0
SHARD 3712 k=4 m=28 inter=1 colcap=128: NONE visited=199 time=0.0s
ACCEPTED 0 0 0 0 0 0 0 2 0 0 0 0 0 0 0 0 0 0 0 0 0 0 0 0 0 0 0 0 0
SHARD 3713 k=4 m=28 inter=1 colcap=128: NONE visited=1237 time=0.0s
ACCEPTED 0 0 0 0 0 0 0 5 9 8 0 0 0 0 0 0 0 0 0 0 0 0 0 0 0 0 0 0 0
SHARD 3714 k=4 m=28 inter=1 colcap=128: NONE visited=852 time=0.0s
ACCEPTED 0 0 0 0 0 0 0 4 5 0 0 0 0 0 0 0 0 0 0 0 0 0 0 0 0 0 0 0 0
SHARD 3715 k=4 m=28 inter=1 colcap=128: NONE visited=73 time=0.0s
ACCEPTED 0 0 0 0 0 0 0 0 0 0 0 0 0 0 0 0 0 0 0 0 0 0 0 0 0 0 0 0 0
SHARD 3716 k=4 m=28 inter=1 colcap=128: NONE visited=1365 time=0.0s
ACCEPTED 0 0 0 0 0 0 0 11 18 15 10 2 0 0 0 0 0 0 0 0 0 0 0 0 0 0 0 0 0
SHARD 3717 k=4 m=28 inter=1 colcap=128: NONE visited=62277 time=0.0s
ACCEPTED 0 0 0 0 0 0 0 21 187 624 698 129 2 0 0 0 0 0 0 0 0 0 0 0 0 0 0 0 0
SHARD 3718 k=4 m=28 inter=1 colcap=128: NONE visited=59 time=0.0s
ACCEPTED 0 0 0 0 0 0 0 0 0 0 0 0 0 0 0 0 0 0 0 0 0 0 0 0 0 0 0 0 0
SHARD 3719 k=4 m=28 inter=1 colcap=128: NONE visited=149 time=0.0s
ACCEPTED 0 0 0 0 0 0 0 1 1 0 0 0 0 0 0 0 0 0 0 0 0 0 0 0 0 0 0 0 0
DONE exit=20
