SHARD 8960 k=4 m=28 inter=1 colcap=128: NONE visited=461 time=0.0s
ACCEPTED 0 0 0 0 0 0 0 3 4 0 0 0 0 0 0 0 0 0 0 0 0 0 0 0 0 0 0 0 0
SHARD 8961 k=4 m=28 inter=1 colcap=128: NONE visited=2342 time=0.0s
ACCEPTED 0 0 0 0 0 0 0 8 17 10 1 0 0 0 0 0 0 0 0 0 0 0 0 0 0 0 0 0 0
SHARD 8962 k=4 m=28 inter=1 colcap=128: NONE visited=2112 time=0.0s
ACCEPTED 0 0 0 0 0 0 0 6 13 14 3 0 0 0 0 0 0 0 0 0 0 0 0 0 0 0 0 0 0
SHARD 8963 k=4 m=28 inter=1 colcap=128: NONE visited=33524 time=0.0s
ACCEPTED 0 0 0 0 0 0 0 13 76 223 286 158 50 7 0 0 0 0 0 0 0 0 0 0 0 0 0 0 0
SHARD 8964 k=4 m=28 inter=1 colcap=128: NONE visited=1391 time=0.0s
ACCEPTED 0 0 0 0 0 0 0 5 8 6 0 0 0 0 0 0 0 0 0 0 0 0 0 0 0 0 0 0 0
SHARD 8965 k=4 m=28 inter=1 colcap=128: NONE visited=12600 time=0.0s
ACCEPTED 0 0 0 0 0 0 0 6 25 64 100 84 14 1 0 0 0 0 0 0 0 0 0 0 0 0 0 0 0
SHARD 8966 k=4 m=28 inter=1 colcap=128: NONE visited=174 time=0.0s
ACCEPTED 0 0 0 0 0 0 0 1 0 0 0 0 0 0 0 0 0 0 0 0 0 0 0 0 0 0 0 0 0
SHARD 8967 k=4 m=28 inter=1 colcap=128: NONE visited=2792 time=0.0s
ACCEPTED 0 0 0 0 0 0 0 8 22 19 1 0 0 0 0 0 0 0 0 0 0 0 0 0 0 0 0 0 0
SHARD 8968 k=4 m=28 inter=1 colcap=128: NONE visited=34987 time=0.0s
ACCEPTED 0 0 0 0 0 0 0 17 100 211 246 131 37 8 0 0 0 0 0 0 0 0 0 0 0 0 0 0 0
SHARD 8969 k=4 m=28 inter=1 colcap=128: NONE visited=47608 time=0.0s
ACCEPTED 0 0 0 0 0 0 0 20 140 368 411 185 33 2 0 0 0 0 0 0 0 0 0 0 0 0 0 0 0
SHARD 8970 k=4 m=28 inter=1 colcap=128: NONE visited=1404217 time=0.7s
ACCEPTED 0 0 0 0 0 0 0 39 571 3628 10265 13639 9504 3446 724 72 4 0 0 0 0 0 0 0 0 0 0 0 0
SHARD 8971 k=4 m=28 inter=1 colcap=128: NONE visited=2951956 time=1.9s
ACCEPTED 0 0 0 0 0 0 0 40 612 4465 16495 31230 31008 17390 6141 1321 186 9 0 0 0 0 0 0 0 0 0 0 0
SHARD 8972 k=4 m=28 inter=1 colcap=128: NONE visited=30811 time=0.0s
ACCEPTED 0 0 0 0 0 0 0 15 74 214 270 118 15 0 0 0 0 0 0 0 0 0 0 0 0 0 0 0 0
SHARD 8973 k=4 m=28 inter=1 colcap=128: NONE visited=45699 time=0.0s
ACCEPTED 0 0 0 0 0 0 0 14 87 286 407 239 62 7 0 0 0 0 0 0 0 0 0 0 0 0 0 0 0
SHARD 8974 k=4 m=28 inter=1 colcap=128: NONE visited=1616794 time=0.9s
ACCEPTED 0 0 0 0 0 0 0 19 205 1413 5714 13461 17662 11618 3827 573 49 0 0 0 0 0 0 0 0 0 0 0 0
SHARD 8975 k=4 m=28 inter=1 colcap=128: NONE visited=430 time=0.0s
ACCEPTED 0 0 0 0 0 0 0 1 3 2 0 0 0 0 0 0 0 0 0 0 0 0 0 0 0 0 0 0 0
SHARD 8976 k=4 m=28 inter=1 colcap=128: NONE visited=1182 time=0.0s
ACCEPTED 0 0 0 0 0 0 0 3 5 7 5 0 0 0 0 0 0 0 0 0 0 0 0 0 0 0 0 0 0
SHARD 8977 k=4 m=28 inter=1 colcap=128: NONE visited=10521 time=0.0s
ACCEPTED 0 0 0 0 0 0 0 9 40 95 66 12 0 0 0 0 0 0 0 0 0 0 0 0 0 0 0 0 0
SHARD 8978 k=4 m=28 inter=1 colcap=128: NONE visited=319014 time=0.2s
ACCEPTED 0 0 0 0 0 0 0 19 167 863 2404 3442 2294 749 167 27 5 1 0 0 0 0 0 0 0 0 0 0 0
SHARD 8979 k=4 m=28 inter=1 colcap=128: NONE visited=4234 time=0.0s
ACCEPTED 0 0 0 0 0 0 0 8 20 26 18 8 0 0 0 0 0 0 0 0 0 0 0 0 0 0 0 0 0
SHARD 8980 k=4 m=28 inter=1 colcap=128: NONE visited=147593 time=0.1s
ACCEPTED 0 0 0 0 0 0 0 17 146 677 1448 1311 523 64 1 0 0 0 0 0 0 0 0 0 0 0 0 0 0
SHARD 8981 k=4 m=28 inter=1 colcap=128: NONE visited=2688 time=0.0s
ACCEPTED 0 0 0 0 0 0 0 3 9 26 14 4 0 0 0 0 0 0 0 0 0 0 0 0 0 0 0 0 0
SHARD 8982 k=4 m=28 inter=1 colcap=128: NONE visited=403638 time=0.2s
ACCEPTED 0 0 0 0 0 0 0 16 149 812 2572 4671 4531 1982 380 27 0 0 0 0 0 0 0 0 0 0 0 0 0
SHARD 8983 k=4 m=28 inter=1 colcap=128: NONE visited=3045182 time=2.1s
ACCEPTED 0 0 0 0 0 0 0 17 201 1586 7853 22742 37411 34852 18147 5445 989 103 1 0 0 0 0 0 0 0 0 0 0
SHARD 8984 k=4 m=28 inter=1 colcap=128: NONE visited=518941 time=0.3s
ACCEPTED 0 0 0 0 0 0 0 18 189 1130 3629 5870 4612 1662 294 16 0 0 0 0 0 0 0 0 0 0 0 0 0
SHARD 8985 k=4 m=28 inter=1 colcap=128: NONE visited=2366 time=0.0s
ACCEPTED 0 0 0 0 0 0 0 2 13 22 9 0 0 0 0 0 0 0 0 0 0 0 0 0 0 0 0 0 0
SHARD 8986 k=4 m=28 inter=1 colcap=128: NONE visited=33032 time=0.0s
ACCEPTED 0 0 0 0 0 0 0 11 56 170 289 275 98 6 0 0 0 0 0 0 0 0 0 0 0 0 0 0 0
SHARD 8987 k=4 m=28 inter=1 colcap=128: NONE visited=2896657 time=2.6s
ACCEPTED 0 0 0 0 0 0 0 12 111 852 4395 13960 27797 38307 39592 29181 14531 4156 263 2 0 0 0 0 0 0 0 0 0
SHARD 8988 k=4 m=28 inter=1 colcap=128: NONE visited=80764 time=0.0s
ACCEPTED 0 0 0 0 0 0 0 12 73 295 646 674 392 150 39 8 0 0 0 0 0 0 0 0 0 0 0 0 0
SHARD 8989 k=4 m=28 inter=1 colcap=128: NONE visited=2370 time=0.0s
ACCEPTED 0 0 0 0 0 0 0 5 13 17 7 0 0 0 0 0 0 0 0 0 0 0 0 0 0 0 0 0 0
SHARD 8990 k=4 m=28 inter=1 colcap=128: NONE visited=731933 time=0.4s
ACCEPTED 0 0 0 0 0 0 0 24 274 1679 5211 8231 7026 3193 730 102 18 2 0 0 0 0 0 0 0 0 0 0 0
SHARD 8991 k=4 m=28 inter=1 colcap=128: NONE visited=217033 time=0.1s
ACCEPTED 0 0 0 0 0 0 0 16 135 628 1585 2078 1434 511 89 2 0 0 0 0 0 0 0 0 0 0 0 0 0
SHARD 8992 k=4 m=28 inter=1 colcap=128: NONE visited=305995 time=0.2s
ACCEPTED 0 0 0 0 0 0 0 10 77 451 1728 3467 3117 1269 246 19 0 0 0 0 0 0 0 0 0 0 0 0 0
SHARD 8993 k=4 m=28 inter=1 colcap=128: NONE visited=3620519 time=2.5s
ACCEPTED 0 0 0 0 0 0 0 16 177 1459 7855 24874 44865 45941 27152 8902 1828 278 20 0 0 0 0 0 0 0 0 0 0
SHARD 8994 k=4 m=28 inter=1 colcap=128: NONE visited=22835 time=0.0s
ACCEPTED 0 0 0 0 0 0 0 2 15 75 217 286 100 7 0 0 0 0 0 0 0 0 0 0 0 0 0 0 0
SHARD 8995 k=4 m=28 inter=1 colcap=128: NONE visited=6047 time=0.0s
ACCEPTED 0 0 0 0 0 0 0 11 32 43 20 1 0 0 0 0 0 0 0 0 0 0 0 0 0 0 0 0 0
SHARD 8996 k=4 m=28 inter=1 colcap=128: NONE visited=98356 time=0.0s
ACCEPTED 0 0 0 0 0 0 0 19 141 502 903 820 278 30 3 0 0 0 0 0 0 0 0 0 0 0 0 0 0
SHARD 8997 k=4 m=28 inter=1 colcap=128: NONE visited=736 time=0.0s
ACCEPTED 0 0 0 0 0 0 0 4 6 3 0 0 0 0 0 0 0 0 0 0 0 0 0 0 0 0 0 0 0
SHARD 8998 k=4 m=28 inter=1 colcap=128: NONE visited=3970 time=0.0s
ACCEPTED 0 0 0 0 0 0 0 11 28 22 5 0 0 0 0 0 0 0 0 0 0 0 0 0 0 0 0 0 0
SHARD 8999 k=4 m=28 inter=1 colcap=128: NONE visited=8801 time=0.0s
ACCEPTED 0 0 0 0 0 0 0 9 44 81 28 2 0 0 0 0 0 0 0 0 0 0 0 0 0 0 0 0 0
DONE exit=20
