SHARD 6520 k=4 m=28 inter=1 colcap=128: NONE visited=12481327 time=42.0s
ACCEPTED 0 0 0 0 0 0 0 19 208 1779 12321 57258 155901 237806 194211 63851 9968 883 23 0 0 0 0 0 0 0 0 0 0
SHARD 6521 k=4 m=28 inter=1 colcap=128: NONE visited=64774336 time=235.9s
ACCEPTED 0 0 0 0 0 0 0 42 812 9187 63966 276139 737934 1206503 1186193 691069 240085 51399 4230 365 24 1 0 0 0 0 0 0 0
SHARD 6522 k=4 m=28 inter=1 colcap=128: NONE visited=907569 time=2.3s
ACCEPTED 0 0 0 0 0 0 0 15 138 914 3718 9061 12212 7578 2358 411 34 0 0 0 0 0 0 0 0 0 0 0 0
SHARD 6523 k=4 m=28 inter=1 colcap=128: NONE visited=22144699 time=69.5s
ACCEPTED 0 0 0 0 0 0 0 33 569 6002 38240 141847 301175 370816 275573 128361 37852 6591 798 66 2 0 0 0 0 0 0 0 0
SHARD 6524 k=4 m=28 inter=1 colcap=128: NONE visited=11898410 time=37.3s
ACCEPTED 0 0 0 0 0 0 0 27 383 3483 20195 71987 153634 196068 151404 68382 21162 4811 348 16 0 0 0 0 0 0 0 0 0
SHARD 6525 k=4 m=28 inter=1 colcap=128: NONE visited=170948 time=0.5s
ACCEPTED 0 0 0 0 0 0 0 7 53 327 1099 2095 2122 846 145 4 0 0 0 0 0 0 0 0 0 0 0 0 0
SHARD 6526 k=4 m=28 inter=1 colcap=128: NONE visited=2145916 time=5.9s
ACCEPTED 0 0 0 0 0 0 0 22 246 1646 6872 17553 26857 25564 15232 5434 1022 91 6 0 0 0 0 0 0 0 0 0 0
SHARD 6527 k=4 m=28 inter=1 colcap=128: NONE visited=16159900 time=60.2s
ACCEPTED 0 0 0 0 0 0 0 23 311 2827 17043 67687 175571 292311 306351 198239 78444 15965 836 30 0 0 0 0 0 0 0 0 0
SHARD 6528 k=4 m=28 inter=1 colcap=128: NONE visited=3931102 time=11.8s
ACCEPTED 0 0 0 0 0 0 0 24 297 2150 9254 25352 47067 57876 44282 16754 2402 243 6 0 0 0 0 0 0 0 0 0 0
SHARD 6529 k=4 m=28 inter=1 colcap=128: NONE visited=9610298 time=38.2s
ACCEPTED 0 0 0 0 0 0 0 14 191 1755 10958 43523 108381 169796 171687 114389 54112 14891 219 8 0 0 0 0 0 0 0 0 0
SHARD 6530 k=4 m=28 inter=1 colcap=128: NONE visited=1933099 time=6.0s
ACCEPTED 0 0 0 0 0 0 0 19 198 1294 5851 16935 29465 29402 15862 4065 139 7 0 0 0 0 0 0 0 0 0 0 0
SHARD 6531 k=4 m=28 inter=1 colcap=128: NONE visited=219923 time=0.5s
ACCEPTED 0 0 0 0 0 0 0 7 47 350 1390 2519 2327 870 105 8 0 0 0 0 0 0 0 0 0 0 0 0 0
SHARD 6532 k=4 m=28 inter=1 colcap=128: NONE visited=2206410 time=6.3s
ACCEPTED 0 0 0 0 0 0 0 22 245 1584 6448 17031 29255 30682 17346 4975 762 44 1 0 0 0 0 0 0 0 0 0 0
SHARD 6533 k=4 m=28 inter=1 colcap=128: NONE visited=6724571 time=20.2s
ACCEPTED 0 0 0 0 0 0 0 26 359 2853 13203 38105 74775 100141 83771 37152 8874 1116 84 5 0 0 0 0 0 0 0 0 0
SHARD 6534 k=4 m=28 inter=1 colcap=128: NONE visited=869519 time=2.2s
ACCEPTED 0 0 0 0 0 0 0 12 100 706 3409 9325 12734 8156 2464 388 39 0 0 0 0 0 0 0 0 0 0 0 0
SHARD 6535 k=4 m=28 inter=1 colcap=128: NONE visited=9793092 time=36.1s
ACCEPTED 0 0 0 0 0 0 0 18 206 1743 10411 41170 104321 168449 173024 112654 48508 13464 691 53 1 0 0 0 0 0 0 0 0
SHARD 6536 k=4 m=28 inter=1 colcap=128: NONE visited=9259230 time=33.0s
ACCEPTED 0 0 0 0 0 0 0 17 194 1646 10194 42020 107083 164104 153921 92212 38243 11092 1809 102 9 0 0 0 0 0 0 0 0
SHARD 6537 k=4 m=28 inter=1 colcap=128: NONE visited=1040345 time=3.2s
ACCEPTED 0 0 0 0 0 0 0 10 77 587 3178 9726 15435 12202 5081 1178 107 9 0 0 0 0 0 0 0 0 0 0 0
SHARD 6538 k=4 m=28 inter=1 colcap=128: NONE visited=4789890 time=15.6s
ACCEPTED 0 0 0 0 0 0 0 16 177 1421 7830 27095 58344 78907 65903 33056 9421 1213 49 1 0 0 0 0 0 0 0 0 0
SHARD 6539 k=4 m=28 inter=1 colcap=128: NONE visited=69126 time=0.1s
ACCEPTED 0 0 0 0 0 0 0 4 23 105 402 804 633 147 9 0 0 0 0 0 0 0 0 0 0 0 0 0 0
SHARD 6540 k=4 m=28 inter=1 colcap=128: NONE visited=620358 time=1.7s
ACCEPTED 0 0 0 0 0 0 0 10 73 401 1687 4765 8229 8512 4904 1449 195 12 0 0 0 0 0 0 0 0 0 0 0
SHARD 6541 k=4 m=28 inter=1 colcap=128: NONE visited=135389 time=0.3s
ACCEPTED 0 0 0 0 0 0 0 2 20 137 580 1430 1550 678 124 6 0 0 0 0 0 0 0 0 0 0 0 0 0
SHARD 6542 k=4 m=28 inter=1 colcap=128: NONE visited=4708 time=0.0s
ACCEPTED 0 0 0 0 0 0 0 2 12 31 46 20 1 0 0 0 0 0 0 0 0 0 0 0 0 0 0 0 0
SHARD 6543 k=4 m=28 inter=1 colcap=128: NONE visited=4299063 time=13.2s
ACCEPTED 0 0 0 0 0 0 0 14 124 1019 6503 25921 56382 67184 46073 15123 2069 163 4 0 0 0 0 0 0 0 0 0 0
SHARD 6544 k=4 m=28 inter=1 colcap=128: NONE visited=15364617 time=52.2s
ACCEPTED 0 0 0 0 0 0 0 18 229 2106 13760 59285 160440 262147 253813 138540 46013 9347 1017 48 0 0 0 0 0 0 0 0 0
SHARD 6545 k=4 m=28 inter=1 colcap=128: NONE visited=3361105 time=11.2s
ACCEPTED 0 0 0 0 0 0 0 10 62 498 3601 16418 41582 57560 42328 14558 2241 83 0 0 0 0 0 0 0 0 0 0 0
SHARD 6546 k=4 m=28 inter=1 colcap=128: NONE visited=3028721 time=8.8s
ACCEPTED 0 0 0 0 0 0 0 29 378 2593 10437 27754 46238 40860 16748 2452 97 2 0 0 0 0 0 0 0 0 0 0 0
SHARD 6547 k=4 m=28 inter=1 colcap=128: NONE visited=76956575 time=286.7s
ACCEPTED 0 0 0 0 0 0 0 47 996 12218 91203 408656 1070566 1618974 1444497 752508 228116 39763 4207 259 5 0 0 0 0 0 0 0 0
SHARD 6548 k=4 m=28 inter=1 colcap=128: NONE visited=107687363 time=367.7s
ACCEPTED 0 0 0 0 0 0 0 49 997 10878 69702 265752 605690 875903 918852 771627 537603 373896 365852 285532 119849 0 0 0 0 0 0 0 0
SHARD 6549 k=4 m=28 inter=1 colcap=128: NONE visited=3245883559 time=13467.6s
ACCEPTED 0 0 0 0 0 0 0 31 748 11587 112943 685429 2623598 6628859 12168480 18942722 28811027 42529252 53787036 46103422 20917712 3374 102 3 0 0 0 0 0
SHARD 6550 k=4 m=28 inter=1 colcap=128: NONE visited=11392072593 time=14410.9s
ACCEPTED 0 0 0 0 0 0 0 79 2602 45193 445152 2554017 8869516 20208002 35509168 58826416 96233151 137917372 159679220 129651852 54978802 150 0 0 0 0 0 0 0
SHARD 6551 k=4 m=28 inter=1 colcap=128: NONE visited=31706670 time=26.5s
ACCEPTED 0 0 0 0 0 0 0 31 445 3518 16687 51046 115078 208298 270090 180387 50722 155 0 0 0 0 0 0 0 0 0 0 0
SHARD 6552 k=4 m=28 inter=1 colcap=128: NONE visited=5722493 time=5.7s
ACCEPTED 0 0 0 0 0 0 0 25 347 2565 10226 23802 36952 42599 41774 27393 9779 17 0 0 0 0 0 0 0 0 0 0 0
SHARD 6553 k=4 m=28 inter=1 colcap=128: NONE visited=9925689 time=11.4s
ACCEPTED 0 0 0 0 0 0 0 25 363 3348 19460 69252 148402 185423 131032 50106 10290 1146 77 0 0 0 0 0 0 0 0 0 0
SHARD 6554 k=4 m=28 inter=1 colcap=128: NONE visited=45790214 time=52.1s
ACCEPTED 0 0 0 0 0 0 0 49 1033 11834 78446 298306 639992 757385 512346 207937 58586 10472 209 4 0 0 0 0 0 0 0 0 0
SHARD 6555 k=4 m=28 inter=1 colcap=128: NONE visited=83896098 time=100.6s
ACCEPTED 0 0 0 0 0 0 0 44 892 10654 77932 346191 918944 1468911 1479090 963666 426601 134286 24899 3093 32 0 0 0 0 0 0 0 0
SHARD 6556 k=4 m=28 inter=1 colcap=128: NONE visited=11426133 time=12.2s
ACCEPTED 0 0 0 0 0 0 0 30 399 3115 16939 57403 112712 131321 103088 62021 23759 1710 112 0 0 0 0 0 0 0 0 0 0
SHARD 6557 k=4 m=28 inter=1 colcap=128: NONE visited=108166799 time=92.0s
ACCEPTED 0 0 0 0 0 0 0 52 1141 13160 86234 332967 762272 1095643 1107982 821463 399329 97022 69697 48020 21828 0 0 0 0 0 0 0 0
SHARD 6558 k=4 m=28 inter=1 colcap=128: NONE visited=8779545 time=7.6s
ACCEPTED 0 0 0 0 0 0 0 16 135 1088 6316 20086 38350 53092 64440 61242 23527 13 0 0 0 0 0 0 0 0 0 0 0
SHARD 6559 k=4 m=28 inter=1 colcap=128: NONE visited=2569761 time=2.0s
ACCEPTED 0 0 0 0 0 0 0 20 225 1656 6573 14795 21484 17804 6369 1611 448 1 0 0 0 0 0 0 0 0 0 0 0
DONE exit=20
