SHARD 1840 k=4 m=28 inter=1 colcap=128: NONE visited=60802 time=0.0s
ACCEPTED 0 0 0 0 0 0 0 18 129 414 557 356 129 32 4 0 0 0 0 0 0 0 0 0 0 0 0 0 0
SHARD 1841 k=4 m=28 inter=1 colcap=128: NONE visited=583008 time=0.4s
ACCEPTED 0 0 0 0 0 0 0 26 252 1198 3314 6052 6518 3498 839 87 5 0 0 0 0 0 0 0 0 0 0 0 0
SHARD 1842 k=4 m=28 inter=1 colcap=128: NONE visited=2456212 time=2.1s
ACCEPTED 0 0 0 0 0 0 0 31 389 2666 10593 23912 29556 17586 4563 521 7 0 0 0 0 0 0 0 0 0 0 0 0
SHARD 1843 k=4 m=28 inter=1 colcap=128: NONE visited=5680182 time=5.5s
ACCEPTED 0 0 0 0 0 0 0 36 563 4423 20055 54577 81152 57576 21511 3956 321 34 0 0 0 0 0 0 0 0 0 0 0
SHARD 1844 k=4 m=28 inter=1 colcap=128: NONE visited=216188291 time=249.3s
ACCEPTED 0 0 0 0 0 0 0 41 845 9877 66258 258611 618872 1016180 1360464 1596186 1441511 1096352 570657 352188 117225 0 0 0 0 0 0 0 0
SHARD 1845 k=4 m=28 inter=1 colcap=128: NONE visited=231746 time=0.2s
ACCEPTED 0 0 0 0 0 0 0 20 144 557 1457 2659 2396 967 165 9 0 0 0 0 0 0 0 0 0 0 0 0 0
SHARD 1846 k=4 m=28 inter=1 colcap=128: NONE visited=7522989 time=8.1s
ACCEPTED 0 0 0 0 0 0 0 27 348 2721 13773 44238 86660 100061 68977 32564 13679 4450 525 20 0 0 0 0 0 0 0 0 0
SHARD 1847 k=4 m=28 inter=1 colcap=128: NONE visited=3148894 time=3.1s
ACCEPTED 0 0 0 0 0 0 0 29 374 2983 13410 32253 39315 21908 4932 408 8 0 0 0 0 0 0 0 0 0 0 0 0
SHARD 1848 k=4 m=28 inter=1 colcap=128: NONE visited=35263 time=0.0s
ACCEPTED 0 0 0 0 0 0 0 4 29 158 297 235 100 17 1 0 0 0 0 0 0 0 0 0 0 0 0 0 0
SHARD 1849 k=4 m=28 inter=1 colcap=128: NONE visited=59656 time=0.0s
ACCEPTED 0 0 0 0 0 0 0 15 83 291 449 345 119 19 1 0 0 0 0 0 0 0 0 0 0 0 0 0 0
SHARD 1850 k=4 m=28 inter=1 colcap=128: NONE visited=15980 time=0.0s
ACCEPTED 0 0 0 0 0 0 0 14 56 105 115 62 9 2 0 0 0 0 0 0 0 0 0 0 0 0 0 0 0
SHARD 1851 k=4 m=28 inter=1 colcap=128: NONE visited=10614047 time=8.7s
ACCEPTED 0 0 0 0 0 0 0 19 242 1670 7264 21868 46492 74217 78238 54380 17951 359 3 0 0 0 0 0 0 0 0 0 0
SHARD 1852 k=4 m=28 inter=1 colcap=128: NONE visited=47915 time=0.0s
ACCEPTED 0 0 0 0 0 0 0 20 114 299 398 224 66 9 0 0 0 0 0 0 0 0 0 0 0 0 0 0 0
SHARD 1853 k=4 m=28 inter=1 colcap=128: NONE visited=8220004 time=6.6s
ACCEPTED 0 0 0 0 0 0 0 27 326 2072 8129 24904 49969 63908 38888 11312 2505 0 0 0 0 0 0 0 0 0 0 0 0
SHARD 1854 k=4 m=28 inter=1 colcap=128: NONE visited=15365253 time=14.5s
ACCEPTED 0 0 0 0 0 0 0 28 365 2675 12283 37598 78382 118868 121144 90425 38991 5161 468 5 0 0 0 0 0 0 0 0 0
SHARD 1855 k=4 m=28 inter=1 colcap=128: NONE visited=36977 time=0.0s
ACCEPTED 0 0 0 0 0 0 0 11 37 145 296 266 117 20 1 0 0 0 0 0 0 0 0 0 0 0 0 0 0
SHARD 1856 k=4 m=28 inter=1 colcap=128: NONE visited=9976 time=0.0s
ACCEPTED 0 0 0 0 0 0 0 2 19 59 96 54 11 0 0 0 0 0 0 0 0 0 0 0 0 0 0 0 0
SHARD 1857 k=4 m=28 inter=1 colcap=128: NONE visited=236291 time=0.2s
ACCEPTED 0 0 0 0 0 0 0 13 159 769 1802 2238 881 139 7 0 0 0 0 0 0 0 0 0 0 0 0 0 0
SHARD 1858 k=4 m=28 inter=1 colcap=128: NONE visited=98601 time=0.1s
ACCEPTED 0 0 0 0 0 0 0 9 58 276 736 928 486 153 29 4 0 0 0 0 0 0 0 0 0 0 0 0 0
SHARD 1859 k=4 m=28 inter=1 colcap=128: NONE visited=3666153 time=3.0s
ACCEPTED 0 0 0 0 0 0 0 30 406 3329 15732 39020 45582 23206 5682 775 46 3 0 0 0 0 0 0 0 0 0 0 0
SHARD 1860 k=4 m=28 inter=1 colcap=128: NONE visited=1048370 time=0.8s
ACCEPTED 0 0 0 0 0 0 0 18 222 1601 6496 12381 10487 4142 792 59 1 0 0 0 0 0 0 0 0 0 0 0 0
SHARD 1861 k=4 m=28 inter=1 colcap=128: NONE visited=3205590 time=2.9s
ACCEPTED 0 0 0 0 0 0 0 15 167 1291 5649 13218 18787 19820 16754 10537 4158 2 0 0 0 0 0 0 0 0 0 0 0
SHARD 1862 k=4 m=28 inter=1 colcap=128: NONE visited=2850879 time=2.4s
ACCEPTED 0 0 0 0 0 0 0 22 228 1558 6135 13427 15764 14007 15735 14381 4793 0 0 0 0 0 0 0 0 0 0 0 0
SHARD 1863 k=4 m=28 inter=1 colcap=128: NONE visited=9259196 time=8.4s
ACCEPTED 0 0 0 0 0 0 0 26 375 3809 24423 83765 136725 104838 42785 10462 2014 105 4 0 0 0 0 0 0 0 0 0 0
SHARD 1864 k=4 m=28 inter=1 colcap=128: NONE visited=32216390 time=29.2s
ACCEPTED 0 0 0 0 0 0 0 28 404 3632 20677 72721 157216 227484 241817 187750 78391 2120 301 160 53 0 0 0 0 0 0 0 0
SHARD 1865 k=4 m=28 inter=1 colcap=128: NONE visited=315279 time=0.3s
ACCEPTED 0 0 0 0 0 0 0 10 107 641 2312 3821 2359 634 77 3 0 0 0 0 0 0 0 0 0 0 0 0 0
SHARD 1866 k=4 m=28 inter=1 colcap=128: NONE visited=12421948 time=11.2s
ACCEPTED 0 0 0 0 0 0 0 16 174 1531 9316 32092 64012 84899 88304 68018 25618 13 0 0 0 0 0 0 0 0 0 0 0
SHARD 1867 k=4 m=28 inter=1 colcap=128: NONE visited=1599138 time=1.6s
ACCEPTED 0 0 0 0 0 0 0 6 55 424 2048 5011 7473 7096 8415 8702 3172 0 0 0 0 0 0 0 0 0 0 0 0
SHARD 1868 k=4 m=28 inter=1 colcap=128: NONE visited=181013 time=0.2s
ACCEPTED 0 0 0 0 0 0 0 7 44 296 1269 2499 1910 598 110 4 0 0 0 0 0 0 0 0 0 0 0 0 0
SHARD 1869 k=4 m=28 inter=1 colcap=128: NONE visited=270910 time=0.2s
ACCEPTED 0 0 0 0 0 0 0 11 62 361 1554 3376 3309 1283 241 34 2 0 0 0 0 0 0 0 0 0 0 0 0
SHARD 1870 k=4 m=28 inter=1 colcap=128: NONE visited=1840137 time=1.9s
ACCEPTED 0 0 0 0 0 0 0 15 120 876 4518 13691 23455 22068 10791 2833 195 12 0 0 0 0 0 0 0 0 0 0 0
SHARD 1871 k=4 m=28 inter=1 colcap=128: NONE visited=854 time=0.0s
ACCEPTED 0 0 0 0 0 0 0 2 5 6 0 0 0 0 0 0 0 0 0 0 0 0 0 0 0 0 0 0 0
SHARD 1872 k=4 m=28 inter=1 colcap=128: NONE visited=129 time=0.0s
ACCEPTED 0 0 0 0 0 0 0 1 0 0 0 0 0 0 0 0 0 0 0 0 0 0 0 0 0 0 0 0 0
SHARD 1873 k=4 m=28 inter=1 colcap=128: NONE visited=73 time=0.0s
ACCEPTED 0 0 0 0 0 0 0 0 0 0 0 0 0 0 0 0 0 0 0 0 0 0 0 0 0 0 0 0 0
SHARD 1874 k=4 m=28 inter=1 colcap=128: NONE visited=35561 time=0.0s
ACCEPTED 0 0 0 0 0 0 0 4 25 144 458 658 299 37 0 0 0 0 0 0 0 0 0 0 0 0 0 0 0
SHARD 1875 k=4 m=28 inter=1 colcap=128: NONE visited=32824076 time=40.2s
ACCEPTED 0 0 0 0 0 0 0 26 427 4757 34479 153770 409062 650278 632316 379289 142814 33016 3614 138 2 0 0 0 0 0 0 0 0
SHARD 1876 k=4 m=28 inter=1 colcap=128: NONE visited=401941 time=0.6s
ACCEPTED 0 0 0 0 0 0 0 14 124 927 4007 7568 5305 1349 87 3 0 0 0 0 0 0 0 0 0 0 0 0 0
SHARD 1877 k=4 m=28 inter=1 colcap=128: NONE visited=179570 time=0.2s
ACCEPTED 0 0 0 0 0 0 0 14 107 557 1854 2978 1778 361 29 2 0 0 0 0 0 0 0 0 0 0 0 0 0
SHARD 1878 k=4 m=28 inter=1 colcap=128: NONE visited=421191 time=0.5s
ACCEPTED 0 0 0 0 0 0 0 10 75 379 1221 2830 4844 5850 4890 2570 785 68 1 0 0 0 0 0 0 0 0 0 0
SHARD 1879 k=4 m=28 inter=1 colcap=128: NONE visited=2674644 time=2.2s
ACCEPTED 0 0 0 0 0 0 0 31 445 3462 14469 31785 35874 20192 5792 884 115 23 0 0 0 0 0 0 0 0 0 0 0
DONE exit=20
