SHARD 8160 k=4 m=28 inter=1 colcap=128: NONE visited=53913857 time=55.9s
ACCEPTED 0 0 0 0 0 0 0 27 534 6429 48264 221478 614505 1032521 1080708 735494 341780 109261 21776 2306 196 4 0 0 0 0 0 0 0
SHARD 8161 k=4 m=28 inter=1 colcap=128: NONE visited=16333180 time=14.0s
ACCEPTED 0 0 0 0 0 0 0 30 462 4288 25634 97709 222354 288247 213501 91633 22261 2215 218 7 0 0 0 0 0 0 0 0 0
SHARD 8162 k=4 m=28 inter=1 colcap=128: NONE visited=517852 time=0.4s
ACCEPTED 0 0 0 0 0 0 0 13 85 558 2567 6247 7287 4367 1366 217 7 1 0 0 0 0 0 0 0 0 0 0 0
SHARD 8163 k=4 m=28 inter=1 colcap=128: NONE visited=8140644 time=5.9s
ACCEPTED 0 0 0 0 0 0 0 32 468 4024 20238 60083 107400 115065 72995 27950 6565 976 100 8 0 0 0 0 0 0 0 0 0
SHARD 8164 k=4 m=28 inter=1 colcap=128: NONE visited=10174113 time=9.6s
ACCEPTED 0 0 0 0 0 0 0 20 233 1970 11320 41930 99342 152535 156921 115019 65332 31486 11867 3008 29 0 0 0 0 0 0 0 0
SHARD 8165 k=4 m=28 inter=1 colcap=128: NONE visited=3216900 time=2.4s
ACCEPTED 0 0 0 0 0 0 0 27 322 2323 10214 27573 47087 49661 31823 13218 3202 402 5 0 0 0 0 0 0 0 0 0 0
SHARD 8166 k=4 m=28 inter=1 colcap=128: NONE visited=4848233 time=4.4s
ACCEPTED 0 0 0 0 0 0 0 19 231 1943 10737 37203 77451 92679 60475 22419 4746 453 5 0 0 0 0 0 0 0 0 0 0
SHARD 8167 k=4 m=28 inter=1 colcap=128: NONE visited=1010334 time=0.7s
ACCEPTED 0 0 0 0 0 0 0 18 172 1050 3921 9124 13087 11114 5318 1114 71 3 0 0 0 0 0 0 0 0 0 0 0
SHARD 8168 k=4 m=28 inter=1 colcap=128: NONE visited=10092688 time=8.3s
ACCEPTED 0 0 0 0 0 0 0 14 155 1331 8008 31993 83809 143178 159651 116871 53687 14530 2385 225 21 0 0 0 0 0 0 0 0
SHARD 8169 k=4 m=28 inter=1 colcap=128: NONE visited=1919390 time=1.4s
ACCEPTED 0 0 0 0 0 0 0 22 250 1782 7529 18629 27286 23475 11170 3106 508 43 1 0 0 0 0 0 0 0 0 0 0
SHARD 8170 k=4 m=28 inter=1 colcap=128: NONE visited=2055960 time=1.6s
ACCEPTED 0 0 0 0 0 0 0 15 158 1202 5956 17697 30906 32507 20995 8745 2459 518 51 4 0 0 0 0 0 0 0 0 0
SHARD 8171 k=4 m=28 inter=1 colcap=128: NONE visited=856110 time=0.5s
ACCEPTED 0 0 0 0 0 0 0 18 172 1048 3942 9011 12478 10177 4452 947 66 0 0 0 0 0 0 0 0 0 0 0 0
SHARD 8172 k=4 m=28 inter=1 colcap=128: NONE visited=1846140 time=1.3s
ACCEPTED 0 0 0 0 0 0 0 12 120 867 4220 12783 23536 26716 19322 9990 4408 1582 184 3 0 0 0 0 0 0 0 0 0
SHARD 8173 k=4 m=28 inter=1 colcap=128: NONE visited=70175 time=0.0s
ACCEPTED 0 0 0 0 0 0 0 4 29 145 410 744 734 368 76 9 1 0 0 0 0 0 0 0 0 0 0 0 0
SHARD 8174 k=4 m=28 inter=1 colcap=128: NONE visited=233348 time=0.2s
ACCEPTED 0 0 0 0 0 0 0 8 53 350 1291 2591 2573 1077 142 12 1 0 0 0 0 0 0 0 0 0 0 0 0
SHARD 8175 k=4 m=28 inter=1 colcap=128: NONE visited=14302096 time=11.5s
ACCEPTED 0 0 0 0 0 0 0 33 519 4966 28702 97924 195347 225080 150740 59013 14276 2402 334 1 0 0 0 0 0 0 0 0 0
SHARD 8176 k=4 m=28 inter=1 colcap=128: NONE visited=18631117 time=18.6s
ACCEPTED 0 0 0 0 0 0 0 20 262 2422 15062 60098 153338 258783 304554 261009 164818 78437 29317 8073 815 23 1 0 0 0 0 0 0
SHARD 8177 k=4 m=28 inter=1 colcap=128: NONE visited=1861858 time=1.4s
ACCEPTED 0 0 0 0 0 0 0 13 128 990 5030 14605 23371 22504 15315 7095 1905 76 0 0 0 0 0 0 0 0 0 0 0
SHARD 8178 k=4 m=28 inter=1 colcap=128: NONE visited=221603 time=0.2s
ACCEPTED 0 0 0 0 0 0 0 8 63 328 1127 2275 2634 1389 287 23 0 0 0 0 0 0 0 0 0 0 0 0 0
SHARD 8179 k=4 m=28 inter=1 colcap=128: NONE visited=2281455 time=1.6s
ACCEPTED 0 0 0 0 0 0 0 23 268 1888 7980 20503 31885 28909 14837 4539 1006 289 88 1 0 0 0 0 0 0 0 0 0
SHARD 8180 k=4 m=28 inter=1 colcap=128: NONE visited=1898964 time=1.5s
ACCEPTED 0 0 0 0 0 0 0 15 166 1216 5661 15915 26372 25369 14657 5879 1994 592 183 36 4 0 0 0 0 0 0 0 0
SHARD 8181 k=4 m=28 inter=1 colcap=128: NONE visited=7392762 time=5.8s
ACCEPTED 0 0 0 0 0 0 0 29 389 3186 16431 52510 102265 118989 83230 36544 11240 2829 481 6 0 0 0 0 0 0 0 0 0
SHARD 8182 k=4 m=28 inter=1 colcap=128: NONE visited=5125685 time=5.0s
ACCEPTED 0 0 0 0 0 0 0 18 199 1577 8548 30693 70732 100847 85686 42009 9730 715 21 0 0 0 0 0 0 0 0 0 0
SHARD 8183 k=4 m=28 inter=1 colcap=128: NONE visited=927359 time=0.6s
ACCEPTED 0 0 0 0 0 0 0 14 123 846 3779 9567 12980 9190 3237 753 107 10 0 0 0 0 0 0 0 0 0 0 0
SHARD 8184 k=4 m=28 inter=1 colcap=128: NONE visited=253939 time=0.2s
ACCEPTED 0 0 0 0 0 0 0 5 28 270 1270 2958 3047 1158 159 10 0 0 0 0 0 0 0 0 0 0 0 0 0
SHARD 8185 k=4 m=28 inter=1 colcap=128: NONE visited=6484487 time=4.7s
ACCEPTED 0 0 0 0 0 0 0 27 382 3229 16313 48197 84984 90067 53226 16790 3278 429 53 3 0 0 0 0 0 0 0 0 0
SHARD 8186 k=4 m=28 inter=1 colcap=128: NONE visited=8720264 time=7.6s
ACCEPTED 0 0 0 0 0 0 0 16 190 1634 9582 36109 86285 131465 124501 74494 30230 9302 1802 33 1 0 0 0 0 0 0 0 0
SHARD 8187 k=4 m=28 inter=1 colcap=128: NONE visited=2046111 time=1.5s
ACCEPTED 0 0 0 0 0 0 0 12 101 758 4199 14343 29043 33110 17209 3344 363 21 0 0 0 0 0 0 0 0 0 0 0
SHARD 8188 k=4 m=28 inter=1 colcap=128: NONE visited=22823 time=0.0s
ACCEPTED 0 0 0 0 0 0 0 2 19 85 202 250 153 6 0 0 0 0 0 0 0 0 0 0 0 0 0 0 0
SHARD 8189 k=4 m=28 inter=1 colcap=128: NONE visited=1977113 time=1.3s
ACCEPTED 0 0 0 0 0 0 0 22 235 1554 6290 15729 24091 21095 10369 3326 769 102 7 0 0 0 0 0 0 0 0 0 0
SHARD 8190 k=4 m=28 inter=1 colcap=128: NONE visited=18347269 time=18.7s
ACCEPTED 0 0 0 0 0 0 0 17 212 1953 11915 46020 113492 190780 241602 252359 221453 149079 65820 17012 3298 427 40 1 0 0 0 0 0
SHARD 8191 k=4 m=28 inter=1 colcap=128: NONE visited=235095 time=0.2s
ACCEPTED 0 0 0 0 0 0 0 3 35 235 998 2397 3088 2195 596 68 4 0 0 0 0 0 0 0 0 0 0 0 0
SHARD 8192 k=4 m=28 inter=1 colcap=128: NONE visited=474 time=0.0s
ACCEPTED 0 0 0 0 0 0 0 4 7 2 0 0 0 0 0 0 0 0 0 0 0 0 0 0 0 0 0 0 0
SHARD 8193 k=4 m=28 inter=1 colcap=128: NONE visited=35673 time=0.0s
ACCEPTED 0 0 0 0 0 0 0 5 31 165 381 334 96 10 0 0 0 0 0 0 0 0 0 0 0 0 0 0 0
SHARD 8194 k=4 m=28 inter=1 colcap=128: NONE visited=128406 time=0.1s
ACCEPTED 0 0 0 0 0 0 0 19 166 698 1303 1105 464 103 9 0 0 0 0 0 0 0 0 0 0 0 0 0 0
SHARD 8195 k=4 m=28 inter=1 colcap=128: NONE visited=337424 time=0.2s
ACCEPTED 0 0 0 0 0 0 0 12 112 710 2445 4164 3416 1349 241 23 0 0 0 0 0 0 0 0 0 0 0 0 0
SHARD 8196 k=4 m=28 inter=1 colcap=128: NONE visited=2003 time=0.0s
ACCEPTED 0 0 0 0 0 0 0 6 15 21 3 0 0 0 0 0 0 0 0 0 0 0 0 0 0 0 0 0 0
SHARD 8197 k=4 m=28 inter=1 colcap=128: NONE visited=134686 time=0.1s
ACCEPTED 0 0 0 0 0 0 0 20 152 535 998 1150 840 377 77 4 0 0 0 0 0 0 0 0 0 0 0 0 0
SHARD 8198 k=4 m=28 inter=1 colcap=128: NONE visited=1053178 time=0.7s
ACCEPTED 0 0 0 0 0 0 0 14 138 961 3906 8807 12043 10996 6182 1874 286 6 0 0 0 0 0 0 0 0 0 0 0
SHARD 8199 k=4 m=28 inter=1 colcap=128: NONE visited=87 time=0.0s
ACCEPTED 0 0 0 0 0 0 0 1 0 0 0 0 0 0 0 0 0 0 0 0 0 0 0 0 0 0 0 0 0
DONE exit=20
