SHARD 920 k=4 m=28 inter=1 colcap=128: NONE visited=97 time=0.0s
ACCEPTED 0 0 0 0 0 0 0 0 0 0 0 0 0 0 0 0 0 0 0 0 0 0 0 0 0 0 0 0 0
SHARD 921 k=4 m=28 inter=1 colcap=128: NONE visited=397 time=0.0s
ACCEPTED 0 0 0 0 0 0 0 3 3 0 0 0 0 0 0 0 0 0 0 0 0 0 0 0 0 0 0 0 0
SHARD 922 k=4 m=28 inter=1 colcap=128: NONE visited=250 time=0.0s
ACCEPTED 0 0 0 0 0 0 0 1 1 0 0 0 0 0 0 0 0 0 0 0 0 0 0 0 0 0 0 0 0
SHARD 923 k=4 m=28 inter=1 colcap=128: NONE visited=69 time=0.0s
ACCEPTED 0 0 0 0 0 0 0 1 0 0 0 0 0 0 0 0 0 0 0 0 0 0 0 0 0 0 0 0 0
SHARD 924 k=4 m=28 inter=1 colcap=128: NONE visited=186 time=0.0s
ACCEPTED 0 0 0 0 0 0 0 2 0 0 0 0 0 0 0 0 0 0 0 0 0 0 0 0 0 0 0 0 0
SHARD 925 k=4 m=28 inter=1 colcap=128: NONE visited=113 time=0.0s
ACCEPTED 0 0 0 0 0 0 0 0 0 0 0 0 0 0 0 0 0 0 0 0 0 0 0 0 0 0 0 0 0
SHARD 926 k=4 m=28 inter=1 colcap=128: NONE visited=628 time=0.0s
ACCEPTED 0 0 0 0 0 0 0 5 2 0 0 0 0 0 0 0 0 0 0 0 0 0 0 0 0 0 0 0 0
SHARD 927 k=4 m=28 inter=1 colcap=128: NONE visited=284 time=0.0s
ACCEPTED 0 0 0 0 0 0 0 2 0 0 0 0 0 0 0 0 0 0 0 0 0 0 0 0 0 0 0 0 0
SHARD 928 k=4 m=28 inter=1 colcap=128: NONE visited=98 time=0.0s
ACCEPTED 0 0 0 0 0 0 0 0 0 0 0 0 0 0 0 0 0 0 0 0 0 0 0 0 0 0 0 0 0
SHARD 929 k=4 m=28 inter=1 colcap=128: NONE visited=391 time=0.0s
ACCEPTED 0 0 0 0 0 0 0 3 1 0 0 0 0 0 0 0 0 0 0 0 0 0 0 0 0 0 0 0 0
SHARD 930 k=4 m=28 inter=1 colcap=128: NONE visited=232 time=0.0s
ACCEPTED 0 0 0 0 0 0 0 2 0 0 0 0 0 0 0 0 0 0 0 0 0 0 0 0 0 0 0 0 0
SHARD 931 k=4 m=28 inter=1 colcap=128: NONE visited=315 time=0.0s
ACCEPTED 0 0 0 0 0 0 0 2 2 0 0 0 0 0 0 0 0 0 0 0 0 0 0 0 0 0 0 0 0
SHARD 932 k=4 m=28 inter=1 colcap=128: NONE visited=4088 time=0.0s
ACCEPTED 0 0 0 0 0 0 0 6 22 32 15 4 0 0 0 0 0 0 0 0 0 0 0 0 0 0 0 0 0
SHARD 933 k=4 m=28 inter=1 colcap=128: NONE visited=650 time=0.0s
ACCEPTED 0 0 0 0 0 0 0 2 5 6 4 0 0 0 0 0 0 0 0 0 0 0 0 0 0 0 0 0 0
SHARD 934 k=4 m=28 inter=1 colcap=128: NONE visited=1145 time=0.0s
ACCEPTED 0 0 0 0 0 0 0 6 9 1 0 0 0 0 0 0 0 0 0 0 0 0 0 0 0 0 0 0 0
SHARD 935 k=4 m=28 inter=1 colcap=128: NONE visited=199 time=0.0s
ACCEPTED 0 0 0 0 0 0 0 1 2 0 0 0 0 0 0 0 0 0 0 0 0 0 0 0 0 0 0 0 0
SHARD 936 k=4 m=28 inter=1 colcap=128: NONE visited=638 time=0.0s
ACCEPTED 0 0 0 0 0 0 0 3 5 0 0 0 0 0 0 0 0 0 0 0 0 0 0 0 0 0 0 0 0
SHARD 937 k=4 m=28 inter=1 colcap=128: NONE visited=189 time=0.0s
ACCEPTED 0 0 0 0 0 0 0 1 0 0 0 0 0 0 0 0 0 0 0 0 0 0 0 0 0 0 0 0 0
SHARD 938 k=4 m=28 inter=1 colcap=128: NONE visited=431 time=0.0s
ACCEPTED 0 0 0 0 0 0 0 1 3 1 0 0 0 0 0 0 0 0 0 0 0 0 0 0 0 0 0 0 0
SHARD 939 k=4 m=28 inter=1 colcap=128: NONE visited=2341 time=0.0s
ACCEPTED 0 0 0 0 0 0 0 7 15 19 2 0 0 0 0 0 0 0 0 0 0 0 0 0 0 0 0 0 0
SHARD 940 k=4 m=28 inter=1 colcap=128: NONE visited=285 time=0.0s
ACCEPTED 0 0 0 0 0 0 0 2 0 0 0 0 0 0 0 0 0 0 0 0 0 0 0 0 0 0 0 0 0
SHARD 941 k=4 m=28 inter=1 colcap=128: NONE visited=5543 time=0.0s
ACCEPTED 0 0 0 0 0 0 0 6 31 59 25 0 0 0 0 0 0 0 0 0 0 0 0 0 0 0 0 0 0
SHARD 942 k=4 m=28 inter=1 colcap=128: NONE visited=911 time=0.0s
ACCEPTED 0 0 0 0 0 0 0 6 5 0 0 0 0 0 0 0 0 0 0 0 0 0 0 0 0 0 0 0 0
SHARD 943 k=4 m=28 inter=1 colcap=128: NONE visited=15669 time=0.0s
ACCEPTED 0 0 0 0 0 0 0 14 68 134 78 5 0 0 0 0 0 0 0 0 0 0 0 0 0 0 0 0 0
SHARD 944 k=4 m=28 inter=1 colcap=128: NONE visited=1333 time=0.0s
ACCEPTED 0 0 0 0 0 0 0 4 8 8 0 0 0 0 0 0 0 0 0 0 0 0 0 0 0 0 0 0 0
SHARD 945 k=4 m=28 inter=1 colcap=128: NONE visited=54 time=0.0s
ACCEPTED 0 0 0 0 0 0 0 0 0 0 0 0 0 0 0 0 0 0 0 0 0 0 0 0 0 0 0 0 0
SHARD 946 k=4 m=28 inter=1 colcap=128: NONE visited=277 time=0.0s
ACCEPTED 0 0 0 0 0 0 0 3 1 0 0 0 0 0 0 0 0 0 0 0 0 0 0 0 0 0 0 0 0
SHARD 947 k=4 m=28 inter=1 colcap=128: NONE visited=436 time=0.0s
ACCEPTED 0 0 0 0 0 0 0 5 1 0 0 0 0 0 0 0 0 0 0 0 0 0 0 0 0 0 0 0 0
SHARD 948 k=4 m=28 inter=1 colcap=128: NONE visited=51 time=0.0s
ACCEPTED 0 0 0 0 0 0 0 0 0 0 0 0 0 0 0 0 0 0 0 0 0 0 0 0 0 0 0 0 0
SHARD 949 k=4 m=28 inter=1 colcap=128: NONE visited=42 time=0.0s
ACCEPTED 0 0 0 0 0 0 0 0 0 0 0 0 0 0 0 0 0 0 0 0 0 0 0 0 0 0 0 0 0
SHARD 950 k=4 m=28 inter=1 colcap=128: NONE visited=123 time=0.0s
ACCEPTED 0 0 0 0 0 0 0 2 3 0 0 0 0 0 0 0 0 0 0 0 0 0 0 0 0 0 0 0 0
SHARD 951 k=4 m=28 inter=1 colcap=128: NONE visited=10216 time=0.0s
ACCEPTED 0 0 0 0 0 0 0 9 58 123 68 7 0 0 0 0 0 0 0 0 0 0 0 0 0 0 0 0 0
SHARD 952 k=4 m=28 inter=1 colcap=128: NONE visited=47 time=0.0s
ACCEPTED 0 0 0 0 0 0 0 1 0 0 0 0 0 0 0 0 0 0 0 0 0 0 0 0 0 0 0 0 0
SHARD 953 k=4 m=28 inter=1 colcap=128: NONE visited=83 time=0.0s
ACCEPTED 0 0 0 0 0 0 0 1 2 0 0 0 0 0 0 0 0 0 0 0 0 0 0 0 0 0 0 0 0
SHARD 954 k=4 m=28 inter=1 colcap=128: NONE visited=2996 time=0.0s
ACCEPTED 0 0 0 0 0 0 0 8 25 28 6 0 0 0 0 0 0 0 0 0 0 0 0 0 0 0 0 0 0
SHARD 955 k=4 m=28 inter=1 colcap=128: NONE visited=17173 time=0.0s
ACCEPTED 0 0 0 0 0 0 0 15 98 161 67 6 1 0 0 0 0 0 0 0 0 0 0 0 0 0 0 0 0
SHARD 956 k=4 m=28 inter=1 colcap=128: NONE visited=26566 time=0.0s
ACCEPTED 0 0 0 0 0 0 0 17 121 278 180 24 0 0 0 0 0 0 0 0 0 0 0 0 0 0 0 0 0
SHARD 957 k=4 m=28 inter=1 colcap=128: NONE visited=461 time=0.0s
ACCEPTED 0 0 0 0 0 0 0 4 3 0 0 0 0 0 0 0 0 0 0 0 0 0 0 0 0 0 0 0 0
SHARD 958 k=4 m=28 inter=1 colcap=128: NONE visited=874 time=0.0s
ACCEPTED 0 0 0 0 0 0 0 7 12 3 0 0 0 0 0 0 0 0 0 0 0 0 0 0 0 0 0 0 0
SHARD 959 k=4 m=28 inter=1 colcap=128: NONE visited=174 time=0.0s
ACCEPTED 0 0 0 0 0 0 0 1 1 0 0 0 0 0 0 0 0 0 0 0 0 0 0 0 0 0 0 0 0
DONE exit=20
