SHARD 4040 k=4 m=28 inter=1 colcap=128: NONE visited=272 time=0.0s
ACCEPTED 0 0 0 0 0 0 0 2 1 0 0 0 0 0 0 0 0 0 0 0 0 0 0 0 0 0 0 0 0
SHARD 4041 k=4 m=28 inter=1 colcap=128: NONE visited=845 time=0.0s
ACCEPTED 0 0 0 0 0 0 0 4 5 2 0 0 0 0 0 0 0 0 0 0 0 0 0 0 0 0 0 0 0
SHARD 4042 k=4 m=28 inter=1 colcap=128: NONE visited=801 time=0.0s
ACCEPTED 0 0 0 0 0 0 0 5 5 0 0 0 0 0 0 0 0 0 0 0 0 0 0 0 0 0 0 0 0
SHARD 4043 k=4 m=28 inter=1 colcap=128: NONE visited=1508 time=0.0s
ACCEPTED 0 0 0 0 0 0 0 4 11 10 0 0 0 0 0 0 0 0 0 0 0 0 0 0 0 0 0 0 0
SHARD 4044 k=4 m=28 inter=1 colcap=128: NONE visited=1594 time=0.0s
ACCEPTED 0 0 0 0 0 0 0 5 13 6 0 0 0 0 0 0 0 0 0 0 0 0 0 0 0 0 0 0 0
SHARD 4045 k=4 m=28 inter=1 colcap=128: NONE visited=477 time=0.0s
ACCEPTED 0 0 0 0 0 0 0 2 3 2 0 0 0 0 0 0 0 0 0 0 0 0 0 0 0 0 0 0 0
SHARD 4046 k=4 m=28 inter=1 colcap=128: NONE visited=98 time=0.0s
ACCEPTED 0 0 0 0 0 0 0 0 0 0 0 0 0 0 0 0 0 0 0 0 0 0 0 0 0 0 0 0 0
SHARD 4047 k=4 m=28 inter=1 colcap=128: NONE visited=1330 time=0.0s
ACCEPTED 0 0 0 0 0 0 0 6 12 3 0 0 0 0 0 0 0 0 0 0 0 0 0 0 0 0 0 0 0
SHARD 4048 k=4 m=28 inter=1 colcap=128: NONE visited=30060 time=0.0s
ACCEPTED 0 0 0 0 0 0 0 23 136 278 195 29 0 0 0 0 0 0 0 0 0 0 0 0 0 0 0 0 0
SHARD 4049 k=4 m=28 inter=1 colcap=128: NONE visited=141 time=0.0s
ACCEPTED 0 0 0 0 0 0 0 1 0 0 0 0 0 0 0 0 0 0 0 0 0 0 0 0 0 0 0 0 0
SHARD 4050 k=4 m=28 inter=1 colcap=128: NONE visited=457 time=0.0s
ACCEPTED 0 0 0 0 0 0 0 4 1 0 0 0 0 0 0 0 0 0 0 0 0 0 0 0 0 0 0 0 0
SHARD 4051 k=4 m=28 inter=1 colcap=128: NONE visited=2435 time=0.0s
ACCEPTED 0 0 0 0 0 0 0 5 19 20 3 0 0 0 0 0 0 0 0 0 0 0 0 0 0 0 0 0 0
SHARD 4052 k=4 m=28 inter=1 colcap=128: NONE visited=3241595 time=2.7s
ACCEPTED 0 0 0 0 0 0 0 27 340 2281 8825 20906 29523 23685 8333 629 136 1 0 0 0 0 0 0 0 0 0 0 0
SHARD 4053 k=4 m=28 inter=1 colcap=128: NONE visited=5281310 time=4.5s
ACCEPTED 0 0 0 0 0 0 0 38 601 4814 20325 46059 57092 39269 15249 2832 491 1 0 0 0 0 0 0 0 0 0 0 0
SHARD 4054 k=4 m=28 inter=1 colcap=128: NONE visited=2096501 time=2.1s
ACCEPTED 0 0 0 0 0 0 0 15 214 1818 8679 21868 28339 18622 7164 1983 269 2 0 0 0 0 0 0 0 0 0 0 0
SHARD 4055 k=4 m=28 inter=1 colcap=128: NONE visited=61355 time=0.1s
ACCEPTED 0 0 0 0 0 0 0 18 111 376 743 653 219 33 2 0 0 0 0 0 0 0 0 0 0 0 0 0 0
SHARD 4056 k=4 m=28 inter=1 colcap=128: NONE visited=789935 time=0.7s
ACCEPTED 0 0 0 0 0 0 0 21 234 1578 5631 9696 8273 3297 632 73 7 0 0 0 0 0 0 0 0 0 0 0 0
SHARD 4057 k=4 m=28 inter=1 colcap=128: NONE visited=1353992 time=1.5s
ACCEPTED 0 0 0 0 0 0 0 13 148 1087 5070 13874 20922 16793 7635 2283 393 35 4 0 0 0 0 0 0 0 0 0 0
SHARD 4058 k=4 m=28 inter=1 colcap=128: NONE visited=200642 time=0.2s
ACCEPTED 0 0 0 0 0 0 0 14 100 440 1176 1990 2346 1716 594 81 2 0 0 0 0 0 0 0 0 0 0 0 0
SHARD 4059 k=4 m=28 inter=1 colcap=128: NONE visited=848711 time=0.9s
ACCEPTED 0 0 0 0 0 0 0 22 252 1683 6042 11303 11107 5840 1727 277 10 0 0 0 0 0 0 0 0 0 0 0 0
SHARD 4060 k=4 m=28 inter=1 colcap=128: NONE visited=1825733 time=1.9s
ACCEPTED 0 0 0 0 0 0 0 18 174 998 3466 7769 11771 12204 10408 8505 2452 0 0 0 0 0 0 0 0 0 0 0 0
SHARD 4061 k=4 m=28 inter=1 colcap=128: NONE visited=347852 time=0.3s
ACCEPTED 0 0 0 0 0 0 0 14 124 688 2205 3882 3577 1556 286 38 6 0 0 0 0 0 0 0 0 0 0 0 0
SHARD 4062 k=4 m=28 inter=1 colcap=128: NONE visited=524040 time=0.4s
ACCEPTED 0 0 0 0 0 0 0 17 133 744 2580 5304 6224 4334 1544 192 13 0 0 0 0 0 0 0 0 0 0 0 0
SHARD 4063 k=4 m=28 inter=1 colcap=128: NONE visited=4906733 time=3.7s
ACCEPTED 0 0 0 0 0 0 0 28 389 3197 14870 37525 51344 38192 15992 4679 1269 249 7 6 2 0 0 0 0 0 0 0 0
SHARD 4064 k=4 m=28 inter=1 colcap=128: NONE visited=709403 time=0.6s
ACCEPTED 0 0 0 0 0 0 0 19 165 926 3139 6479 8355 5938 2006 307 24 0 0 0 0 0 0 0 0 0 0 0 0
SHARD 4065 k=4 m=28 inter=1 colcap=128: NONE visited=146688 time=0.1s
ACCEPTED 0 0 0 0 0 0 0 6 39 225 761 1267 1137 549 4 0 0 0 0 0 0 0 0 0 0 0 0 0 0
SHARD 4066 k=4 m=28 inter=1 colcap=128: NONE visited=2374264 time=2.4s
ACCEPTED 0 0 0 0 0 0 0 35 500 3643 14181 30070 32870 16716 3902 479 46 0 0 0 0 0 0 0 0 0 0 0 0
SHARD 4067 k=4 m=28 inter=1 colcap=128: NONE visited=2423038 time=2.4s
ACCEPTED 0 0 0 0 0 0 0 26 326 2376 10346 25742 36344 29022 13003 3379 447 36 2 0 0 0 0 0 0 0 0 0 0
SHARD 4068 k=4 m=28 inter=1 colcap=128: NONE visited=7830568 time=8.6s
ACCEPTED 0 0 0 0 0 0 0 20 308 3032 17938 59801 110245 113318 63355 18302 2828 334 3 0 0 0 0 0 0 0 0 0 0
SHARD 4069 k=4 m=28 inter=1 colcap=128: NONE visited=220144 time=0.2s
ACCEPTED 0 0 0 0 0 0 0 16 139 684 1742 2190 1415 502 46 0 0 0 0 0 0 0 0 0 0 0 0 0 0
SHARD 4070 k=4 m=28 inter=1 colcap=128: NONE visited=17800 time=0.0s
ACCEPTED 0 0 0 0 0 0 0 6 19 79 182 166 45 6 0 0 0 0 0 0 0 0 0 0 0 0 0 0 0
SHARD 4071 k=4 m=28 inter=1 colcap=128: NONE visited=530187 time=0.4s
ACCEPTED 0 0 0 0 0 0 0 22 200 985 2768 4651 4363 2169 447 9 0 0 0 0 0 0 0 0 0 0 0 0 0
SHARD 4072 k=4 m=28 inter=1 colcap=128: NONE visited=1541944 time=1.3s
ACCEPTED 0 0 0 0 0 0 0 20 195 1181 4272 9433 13535 12205 6110 932 291 2 0 0 0 0 0 0 0 0 0 0 0
SHARD 4073 k=4 m=28 inter=1 colcap=128: NONE visited=66307 time=0.1s
ACCEPTED 0 0 0 0 0 0 0 10 57 285 684 673 229 34 0 0 0 0 0 0 0 0 0 0 0 0 0 0 0
SHARD 4074 k=4 m=28 inter=1 colcap=128: NONE visited=6066 time=0.0s
ACCEPTED 0 0 0 0 0 0 0 6 21 48 60 32 5 0 0 0 0 0 0 0 0 0 0 0 0 0 0 0 0
SHARD 4075 k=4 m=28 inter=1 colcap=128: NONE visited=44849 time=0.0s
ACCEPTED 0 0 0 0 0 0 0 5 28 142 384 506 340 102 13 1 0 0 0 0 0 0 0 0 0 0 0 0 0
SHARD 4076 k=4 m=28 inter=1 colcap=128: NONE visited=259 time=0.0s
ACCEPTED 0 0 0 0 0 0 0 2 3 2 0 0 0 0 0 0 0 0 0 0 0 0 0 0 0 0 0 0 0
SHARD 4077 k=4 m=28 inter=1 colcap=128: NONE visited=428 time=0.0s
ACCEPTED 0 0 0 0 0 0 0 1 5 5 0 0 0 0 0 0 0 0 0 0 0 0 0 0 0 0 0 0 0
SHARD 4078 k=4 m=28 inter=1 colcap=128: NONE visited=196263 time=0.1s
ACCEPTED 0 0 0 0 0 0 0 24 271 1196 2085 1299 370 43 0 0 0 0 0 0 0 0 0 0 0 0 0 0 0
SHARD 4079 k=4 m=28 inter=1 colcap=128: NONE visited=6550 time=0.0s
ACCEPTED 0 0 0 0 0 0 0 11 43 61 22 2 0 0 0 0 0 0 0 0 0 0 0 0 0 0 0 0 0
DONE exit=20
