SHARD 6880 k=4 m=28 inter=1 colcap=128: NONE visited=1634144 time=1.2s
ACCEPTED 0 0 0 0 0 0 0 13 145 1153 5377 14173 21001 18469 9541 2768 480 32 0 0 0 0 0 0 0 0 0 0 0
SHARD 6881 k=4 m=28 inter=1 colcap=128: NONE visited=504515 time=0.4s
ACCEPTED 0 0 0 0 0 0 0 10 98 688 2792 5832 5719 2898 555 43 4 0 0 0 0 0 0 0 0 0 0 0 0
SHARD 6882 k=4 m=28 inter=1 colcap=128: NONE visited=38408 time=0.0s
ACCEPTED 0 0 0 0 0 0 0 5 28 149 439 499 208 29 2 0 0 0 0 0 0 0 0 0 0 0 0 0 0
SHARD 6883 k=4 m=28 inter=1 colcap=128: NONE visited=207701 time=0.1s
ACCEPTED 0 0 0 0 0 0 0 13 104 532 1563 2196 1716 985 341 39 1 0 0 0 0 0 0 0 0 0 0 0 0
SHARD 6884 k=4 m=28 inter=1 colcap=128: NONE visited=232889 time=0.1s
ACCEPTED 0 0 0 0 0 0 0 7 50 304 1136 2326 2497 1388 380 44 1 0 0 0 0 0 0 0 0 0 0 0 0
SHARD 6885 k=4 m=28 inter=1 colcap=128: NONE visited=963467 time=0.6s
ACCEPTED 0 0 0 0 0 0 0 22 256 1665 5737 10281 9893 5888 2285 525 73 6 0 0 0 0 0 0 0 0 0 0 0
SHARD 6886 k=4 m=28 inter=1 colcap=128: NONE visited=329625 time=0.2s
ACCEPTED 0 0 0 0 0 0 0 20 207 1153 3413 4527 2445 461 55 5 0 0 0 0 0 0 0 0 0 0 0 0 0
SHARD 6887 k=4 m=28 inter=1 colcap=128: NONE visited=114438 time=0.1s
ACCEPTED 0 0 0 0 0 0 0 12 70 343 990 1291 631 99 3 0 0 0 0 0 0 0 0 0 0 0 0 0 0
SHARD 6888 k=4 m=28 inter=1 colcap=128: NONE visited=202867 time=0.1s
ACCEPTED 0 0 0 0 0 0 0 12 74 347 1091 2061 2258 1429 481 85 5 0 0 0 0 0 0 0 0 0 0 0 0
SHARD 6889 k=4 m=28 inter=1 colcap=128: NONE visited=384666 time=0.3s
ACCEPTED 0 0 0 0 0 0 0 12 110 678 2323 4268 3962 1866 505 98 8 0 0 0 0 0 0 0 0 0 0 0 0
SHARD 6890 k=4 m=28 inter=1 colcap=128: NONE visited=1142857 time=0.6s
ACCEPTED 0 0 0 0 0 0 0 29 395 2614 7985 11106 7566 2625 538 36 0 0 0 0 0 0 0 0 0 0 0 0 0
SHARD 6891 k=4 m=28 inter=1 colcap=128: NONE visited=619092 time=0.3s
ACCEPTED 0 0 0 0 0 0 0 44 625 3289 6491 4570 1226 134 4 0 0 0 0 0 0 0 0 0 0 0 0 0 0
SHARD 6892 k=4 m=28 inter=1 colcap=128: NONE visited=18180 time=0.0s
ACCEPTED 0 0 0 0 0 0 0 11 50 116 117 37 0 0 0 0 0 0 0 0 0 0 0 0 0 0 0 0 0
SHARD 6893 k=4 m=28 inter=1 colcap=128: NONE visited=7950 time=0.0s
ACCEPTED 0 0 0 0 0 0 0 14 54 54 16 2 0 0 0 0 0 0 0 0 0 0 0 0 0 0 0 0 0
SHARD 6894 k=4 m=28 inter=1 colcap=128: NONE visited=6554 time=0.0s
ACCEPTED 0 0 0 0 0 0 0 6 32 52 34 5 0 0 0 0 0 0 0 0 0 0 0 0 0 0 0 0 0
SHARD 6895 k=4 m=28 inter=1 colcap=128: NONE visited=20471 time=0.0s
ACCEPTED 0 0 0 0 0 0 0 12 53 114 149 105 40 4 0 0 0 0 0 0 0 0 0 0 0 0 0 0 0
SHARD 6896 k=4 m=28 inter=1 colcap=128: NONE visited=3055 time=0.0s
ACCEPTED 0 0 0 0 0 0 0 10 25 11 0 0 0 0 0 0 0 0 0 0 0 0 0 0 0 0 0 0 0
SHARD 6897 k=4 m=28 inter=1 colcap=128: NONE visited=10801 time=0.0s
ACCEPTED 0 0 0 0 0 0 0 7 34 78 71 21 1 0 0 0 0 0 0 0 0 0 0 0 0 0 0 0 0
SHARD 6898 k=4 m=28 inter=1 colcap=128: NONE visited=7741 time=0.0s
ACCEPTED 0 0 0 0 0 0 0 11 41 60 40 9 1 0 0 0 0 0 0 0 0 0 0 0 0 0 0 0 0
SHARD 6899 k=4 m=28 inter=1 colcap=128: NONE visited=578 time=0.0s
ACCEPTED 0 0 0 0 0 0 0 3 5 1 0 0 0 0 0 0 0 0 0 0 0 0 0 0 0 0 0 0 0
SHARD 6900 k=4 m=28 inter=1 colcap=128: NONE visited=6483 time=0.0s
ACCEPTED 0 0 0 0 0 0 0 12 39 43 8 0 0 0 0 0 0 0 0 0 0 0 0 0 0 0 0 0 0
SHARD 6901 k=4 m=28 inter=1 colcap=128: NONE visited=565 time=0.0s
ACCEPTED 0 0 0 0 0 0 0 2 3 2 0 0 0 0 0 0 0 0 0 0 0 0 0 0 0 0 0 0 0
SHARD 6902 k=4 m=28 inter=1 colcap=128: NONE visited=12082 time=0.0s
ACCEPTED 0 0 0 0 0 0 0 15 74 98 36 2 0 0 0 0 0 0 0 0 0 0 0 0 0 0 0 0 0
SHARD 6903 k=4 m=28 inter=1 colcap=128: NONE visited=17746 time=0.0s
ACCEPTED 0 0 0 0 0 0 0 14 67 132 117 42 4 0 0 0 0 0 0 0 0 0 0 0 0 0 0 0 0
SHARD 6904 k=4 m=28 inter=1 colcap=128: NONE visited=2161 time=0.0s
ACCEPTED 0 0 0 0 0 0 0 7 18 12 1 0 0 0 0 0 0 0 0 0 0 0 0 0 0 0 0 0 0
SHARD 6905 k=4 m=28 inter=1 colcap=128: NONE visited=8847 time=0.0s
ACCEPTED 0 0 0 0 0 0 0 15 49 66 29 10 3 0 0 0 0 0 0 0 0 0 0 0 0 0 0 0 0
SHARD 6906 k=4 m=28 inter=1 colcap=128: NONE visited=264 time=0.0s
ACCEPTED 0 0 0 0 0 0 0 3 0 0 0 0 0 0 0 0 0 0 0 0 0 0 0 0 0 0 0 0 0
SHARD 6907 k=4 m=28 inter=1 colcap=128: NONE visited=97799 time=0.1s
ACCEPTED 0 0 0 0 0 0 0 22 169 601 922 546 141 6 0 0 0 0 0 0 0 0 0 0 0 0 0 0 0
SHARD 6908 k=4 m=28 inter=1 colcap=128: NONE visited=281841 time=0.2s
ACCEPTED 0 0 0 0 0 0 0 28 273 1189 2355 2223 1124 405 112 29 5 0 0 0 0 0 0 0 0 0 0 0 0
SHARD 6909 k=4 m=28 inter=1 colcap=128: NONE visited=8642 time=0.0s
ACCEPTED 0 0 0 0 0 0 0 12 39 76 20 2 0 0 0 0 0 0 0 0 0 0 0 0 0 0 0 0 0
SHARD 6910 k=4 m=28 inter=1 colcap=128: NONE visited=23121 time=0.0s
ACCEPTED 0 0 0 0 0 0 0 12 65 162 151 57 16 3 0 0 0 0 0 0 0 0 0 0 0 0 0 0 0
SHARD 6911 k=4 m=28 inter=1 colcap=128: NONE visited=124356 time=0.1s
ACCEPTED 0 0 0 0 0 0 0 17 117 465 962 981 402 36 0 0 0 0 0 0 0 0 0 0 0 0 0 0 0
SHARD 6912 k=4 m=28 inter=1 colcap=128: NONE visited=2847 time=0.0s
ACCEPTED 0 0 0 0 0 0 0 7 16 22 3 0 0 0 0 0 0 0 0 0 0 0 0 0 0 0 0 0 0
SHARD 6913 k=4 m=28 inter=1 colcap=128: NONE visited=2118 time=0.0s
ACCEPTED 0 0 0 0 0 0 0 3 19 13 0 0 0 0 0 0 0 0 0 0 0 0 0 0 0 0 0 0 0
SHARD 6914 k=4 m=28 inter=1 colcap=128: NONE visited=11941 time=0.0s
ACCEPTED 0 0 0 0 0 0 0 14 64 94 56 5 0 0 0 0 0 0 0 0 0 0 0 0 0 0 0 0 0
SHARD 6915 k=4 m=28 inter=1 colcap=128: NONE visited=9610 time=0.0s
ACCEPTED 0 0 0 0 0 0 0 3 22 71 86 16 0 0 0 0 0 0 0 0 0 0 0 0 0 0 0 0 0
SHARD 6916 k=4 m=28 inter=1 colcap=128: NONE visited=2264 time=0.0s
ACCEPTED 0 0 0 0 0 0 0 4 13 12 5 0 0 0 0 0 0 0 0 0 0 0 0 0 0 0 0 0 0
SHARD 6917 k=4 m=28 inter=1 colcap=128: NONE visited=163079 time=0.1s
ACCEPTED 0 0 0 0 0 0 0 26 281 1206 1951 1046 189 13 0 0 0 0 0 0 0 0 0 0 0 0 0 0 0
SHARD 6918 k=4 m=28 inter=1 colcap=128: NONE visited=26123261 time=17.2s
ACCEPTED 0 0 0 0 0 0 0 56 1290 14813 86649 253883 363899 253938 94947 22982 3834 401 38 1 0 0 0 0 0 0 0 0 0
SHARD 6919 k=4 m=28 inter=1 colcap=128: NONE visited=5831910 time=3.6s
ACCEPTED 0 0 0 0 0 0 0 47 851 7168 29061 58623 61071 34538 11922 2420 631 2 0 0 0 0 0 0 0 0 0 0 0
DONE exit=20
