SHARD 7680 k=4 m=28 inter=1 colcap=128: NONE visited=291122 time=0.2s
ACCEPTED 0 0 0 0 0 0 0 13 98 577 2092 3234 1649 199 3 0 0 0 0 0 0 0 0 0 0 0 0 0 0
SHARD 7681 k=4 m=28 inter=1 colcap=128: NONE visited=6501520 time=3.9s
ACCEPTED 0 0 0 0 0 0 0 34 523 4431 20575 50324 64097 40603 13503 3740 999 120 0 0 0 0 0 0 0 0 0 0 0
SHARD 7682 k=4 m=28 inter=1 colcap=128: NONE visited=424828 time=0.3s
ACCEPTED 0 0 0 0 0 0 0 14 124 660 2248 3826 3398 1652 498 77 5 0 0 0 0 0 0 0 0 0 0 0 0
SHARD 7683 k=4 m=28 inter=1 colcap=128: NONE visited=429459 time=0.3s
ACCEPTED 0 0 0 0 0 0 0 14 130 684 2064 3593 3811 2677 1150 282 28 0 0 0 0 0 0 0 0 0 0 0 0
SHARD 7684 k=4 m=28 inter=1 colcap=128: NONE visited=1576093 time=1.0s
ACCEPTED 0 0 0 0 0 0 0 29 342 2026 7157 14035 14412 7861 2578 516 40 0 0 0 0 0 0 0 0 0 0 0 0
SHARD 7685 k=4 m=28 inter=1 colcap=128: NONE visited=266 time=0.0s
ACCEPTED 0 0 0 0 0 0 0 2 1 0 0 0 0 0 0 0 0 0 0 0 0 0 0 0 0 0 0 0 0
SHARD 7686 k=4 m=28 inter=1 colcap=128: NONE visited=448 time=0.0s
ACCEPTED 0 0 0 0 0 0 0 3 6 5 1 0 0 0 0 0 0 0 0 0 0 0 0 0 0 0 0 0 0
SHARD 7687 k=4 m=28 inter=1 colcap=128: NONE visited=104 time=0.0s
ACCEPTED 0 0 0 0 0 0 0 0 0 0 0 0 0 0 0 0 0 0 0 0 0 0 0 0 0 0 0 0 0
SHARD 7688 k=4 m=28 inter=1 colcap=128: NONE visited=189 time=0.0s
ACCEPTED 0 0 0 0 0 0 0 1 0 0 0 0 0 0 0 0 0 0 0 0 0 0 0 0 0 0 0 0 0
SHARD 7689 k=4 m=28 inter=1 colcap=128: NONE visited=444 time=0.0s
ACCEPTED 0 0 0 0 0 0 0 3 2 0 0 0 0 0 0 0 0 0 0 0 0 0 0 0 0 0 0 0 0
SHARD 7690 k=4 m=28 inter=1 colcap=128: NONE visited=1471 time=0.0s
ACCEPTED 0 0 0 0 0 0 0 6 11 8 1 0 0 0 0 0 0 0 0 0 0 0 0 0 0 0 0 0 0
SHARD 7691 k=4 m=28 inter=1 colcap=128: NONE visited=12056 time=0.0s
ACCEPTED 0 0 0 0 0 0 0 9 35 92 91 17 2 0 0 0 0 0 0 0 0 0 0 0 0 0 0 0 0
SHARD 7692 k=4 m=28 inter=1 colcap=128: NONE visited=619640 time=0.4s
ACCEPTED 0 0 0 0 0 0 0 12 122 795 3012 6064 5862 2757 706 84 7 0 0 0 0 0 0 0 0 0 0 0 0
SHARD 7693 k=4 m=28 inter=1 colcap=128: NONE visited=2587 time=0.0s
ACCEPTED 0 0 0 0 0 0 0 7 16 16 7 0 0 0 0 0 0 0 0 0 0 0 0 0 0 0 0 0 0
SHARD 7694 k=4 m=28 inter=1 colcap=128: NONE visited=2756 time=0.0s
ACCEPTED 0 0 0 0 0 0 0 5 14 13 9 4 0 0 0 0 0 0 0 0 0 0 0 0 0 0 0 0 0
SHARD 7695 k=4 m=28 inter=1 colcap=128: NONE visited=2491 time=0.0s
ACCEPTED 0 0 0 0 0 0 0 4 10 20 10 0 0 0 0 0 0 0 0 0 0 0 0 0 0 0 0 0 0
SHARD 7696 k=4 m=28 inter=1 colcap=128: NONE visited=259563 time=0.1s
ACCEPTED 0 0 0 0 0 0 0 4 29 230 1020 2176 2354 1305 481 104 5 0 0 0 0 0 0 0 0 0 0 0 0
SHARD 7697 k=4 m=28 inter=1 colcap=128: NONE visited=8070413 time=4.9s
ACCEPTED 0 0 0 0 0 0 0 30 433 3671 17967 49747 80483 79109 47176 18732 5811 1086 151 7 0 0 0 0 0 0 0 0 0
SHARD 7698 k=4 m=28 inter=1 colcap=128: NONE visited=555 time=0.0s
ACCEPTED 0 0 0 0 0 0 0 3 4 5 0 0 0 0 0 0 0 0 0 0 0 0 0 0 0 0 0 0 0
SHARD 7699 k=4 m=28 inter=1 colcap=128: NONE visited=112025 time=0.0s
ACCEPTED 0 0 0 0 0 0 0 13 88 355 767 850 548 172 23 0 0 0 0 0 0 0 0 0 0 0 0 0 0
SHARD 7700 k=4 m=28 inter=1 colcap=128: NONE visited=7919254 time=5.3s
ACCEPTED 0 0 0 0 0 0 0 10 113 1052 6830 27077 62658 84921 70406 40475 15802 1143 39 0 0 0 0 0 0 0 0 0 0
SHARD 7701 k=4 m=28 inter=1 colcap=128: NONE visited=45560 time=0.0s
ACCEPTED 0 0 0 0 0 0 0 12 66 232 374 244 86 1 0 0 0 0 0 0 0 0 0 0 0 0 0 0 0
SHARD 7702 k=4 m=28 inter=1 colcap=128: NONE visited=277465 time=0.2s
ACCEPTED 0 0 0 0 0 0 0 17 184 1021 2985 3608 1518 162 0 0 0 0 0 0 0 0 0 0 0 0 0 0 0
SHARD 7703 k=4 m=28 inter=1 colcap=128: NONE visited=6437642 time=4.1s
ACCEPTED 0 0 0 0 0 0 0 34 711 6860 31683 73270 86889 54698 20771 5242 842 62 1 0 0 0 0 0 0 0 0 0 0
SHARD 7704 k=4 m=28 inter=1 colcap=128: NONE visited=6407010 time=4.4s
ACCEPTED 0 0 0 0 0 0 0 22 383 3949 21867 63226 95031 75289 32179 7441 899 51 1 0 0 0 0 0 0 0 0 0 0
SHARD 7705 k=4 m=28 inter=1 colcap=128: NONE visited=8420649 time=4.9s
ACCEPTED 0 0 0 0 0 0 0 43 700 5399 22485 57158 87247 70204 27394 3504 873 11 0 0 0 0 0 0 0 0 0 0 0
SHARD 7706 k=4 m=28 inter=1 colcap=128: NONE visited=617811 time=0.3s
ACCEPTED 0 0 0 0 0 0 0 45 641 3295 6317 4695 1487 239 21 2 0 0 0 0 0 0 0 0 0 0 0 0 0
SHARD 7707 k=4 m=28 inter=1 colcap=128: NONE visited=1727069 time=1.0s
ACCEPTED 0 0 0 0 0 0 0 26 364 2641 9526 18039 18671 10440 3097 433 8 0 0 0 0 0 0 0 0 0 0 0 0
SHARD 7708 k=4 m=28 inter=1 colcap=128: NONE visited=1432828 time=1.0s
ACCEPTED 0 0 0 0 0 0 0 46 702 4256 11277 14434 9774 3772 607 35 0 0 0 0 0 0 0 0 0 0 0 0 0
SHARD 7709 k=4 m=28 inter=1 colcap=128: NONE visited=4610561 time=2.7s
ACCEPTED 0 0 0 0 0 0 0 31 506 4363 18914 41597 49084 32194 11852 2517 416 32 2 0 0 0 0 0 0 0 0 0 0
SHARD 7710 k=4 m=28 inter=1 colcap=128: NONE visited=36565 time=0.0s
ACCEPTED 0 0 0 0 0 0 0 25 160 318 166 9 0 0 0 0 0 0 0 0 0 0 0 0 0 0 0 0 0
SHARD 7711 k=4 m=28 inter=1 colcap=128: NONE visited=154043 time=0.1s
ACCEPTED 0 0 0 0 0 0 0 17 157 731 1440 1220 499 96 5 0 0 0 0 0 0 0 0 0 0 0 0 0 0
SHARD 7712 k=4 m=28 inter=1 colcap=128: NONE visited=17952 time=0.0s
ACCEPTED 0 0 0 0 0 0 0 15 84 127 72 14 3 0 0 0 0 0 0 0 0 0 0 0 0 0 0 0 0
SHARD 7713 k=4 m=28 inter=1 colcap=128: NONE visited=27335 time=0.0s
ACCEPTED 0 0 0 0 0 0 0 14 76 192 207 41 6 0 0 0 0 0 0 0 0 0 0 0 0 0 0 0 0
SHARD 7714 k=4 m=28 inter=1 colcap=128: NONE visited=6504 time=0.0s
ACCEPTED 0 0 0 0 0 0 0 11 42 47 12 1 0 0 0 0 0 0 0 0 0 0 0 0 0 0 0 0 0
SHARD 7715 k=4 m=28 inter=1 colcap=128: NONE visited=69998 time=0.0s
ACCEPTED 0 0 0 0 0 0 0 10 68 271 539 487 231 51 6 0 0 0 0 0 0 0 0 0 0 0 0 0 0
SHARD 7716 k=4 m=28 inter=1 colcap=128: NONE visited=124442 time=0.1s
ACCEPTED 0 0 0 0 0 0 0 20 144 509 1120 782 98 3 0 0 0 0 0 0 0 0 0 0 0 0 0 0 0
SHARD 7717 k=4 m=28 inter=1 colcap=128: NONE visited=1431622 time=0.9s
ACCEPTED 0 0 0 0 0 0 0 30 374 2283 7184 12677 13406 8888 3062 530 59 2 0 0 0 0 0 0 0 0 0 0 0
SHARD 7718 k=4 m=28 inter=1 colcap=128: NONE visited=681 time=0.0s
ACCEPTED 0 0 0 0 0 0 0 3 6 1 0 0 0 0 0 0 0 0 0 0 0 0 0 0 0 0 0 0 0
SHARD 7719 k=4 m=28 inter=1 colcap=128: NONE visited=1932 time=0.0s
ACCEPTED 0 0 0 0 0 0 0 5 13 8 0 0 0 0 0 0 0 0 0 0 0 0 0 0 0 0 0 0 0
DONE exit=20
