SHARD 7760 k=4 m=28 inter=1 colcap=128: NONE visited=3271534 time=2.3s
ACCEPTED 0 0 0 0 0 0 0 24 279 2025 8469 21048 31937 31058 19280 8127 2303 450 48 1 0 0 0 0 0 0 0 0 0
SHARD 7761 k=4 m=28 inter=1 colcap=128: NONE visited=3806949 time=2.5s
ACCEPTED 0 0 0 0 0 0 0 22 275 2117 9685 25627 39110 34872 18394 6495 1620 211 22 1 0 0 0 0 0 0 0 0 0
SHARD 7762 k=4 m=28 inter=1 colcap=128: NONE visited=14331 time=0.0s
ACCEPTED 0 0 0 0 0 0 0 9 24 72 116 67 5 0 0 0 0 0 0 0 0 0 0 0 0 0 0 0 0
SHARD 7763 k=4 m=28 inter=1 colcap=128: NONE visited=432118 time=0.3s
ACCEPTED 0 0 0 0 0 0 0 10 67 441 1876 4475 4996 2575 788 153 19 1 0 0 0 0 0 0 0 0 0 0 0
SHARD 7764 k=4 m=28 inter=1 colcap=128: NONE visited=367564 time=0.2s
ACCEPTED 0 0 0 0 0 0 0 9 88 566 1837 3247 3185 1676 558 94 3 0 0 0 0 0 0 0 0 0 0 0 0
SHARD 7765 k=4 m=28 inter=1 colcap=128: NONE visited=4115661 time=2.7s
ACCEPTED 0 0 0 0 0 0 0 23 267 1916 8223 21536 35264 36756 25370 12672 4901 617 227 121 51 0 0 0 0 0 0 0 0
SHARD 7766 k=4 m=28 inter=1 colcap=128: NONE visited=12929552 time=10.8s
ACCEPTED 0 0 0 0 0 0 0 22 345 3425 21030 77338 168152 214688 160030 64252 11788 1107 56 1 0 0 0 0 0 0 0 0 0
SHARD 7767 k=4 m=28 inter=1 colcap=128: NONE visited=4891908 time=5.4s
ACCEPTED 0 0 0 0 0 0 0 6 59 462 2914 12636 37178 73022 96107 83491 48697 20782 5987 12 0 0 0 0 0 0 0 0 0
SHARD 7768 k=4 m=28 inter=1 colcap=128: NONE visited=102259303 time=86.5s
ACCEPTED 0 0 0 0 0 0 0 39 729 8115 55138 228100 576058 918425 1010847 859398 599552 374437 324549 216223 92161 4 0 0 0 0 0 0 0
SHARD 7769 k=4 m=28 inter=1 colcap=128: NONE visited=5175182 time=4.1s
ACCEPTED 0 0 0 0 0 0 0 18 196 1493 7107 20847 39409 50463 46988 33509 20308 14426 10666 3811 1972 0 0 0 0 0 0 0 0
SHARD 7770 k=4 m=28 inter=1 colcap=128: NONE visited=4488604 time=2.7s
ACCEPTED 0 0 0 0 0 0 0 24 270 1939 8622 24195 44093 51090 36888 16612 6268 2853 1106 455 251 0 0 0 0 0 0 0 0
SHARD 7771 k=4 m=28 inter=1 colcap=128: NONE visited=14708251 time=14.4s
ACCEPTED 0 0 0 0 0 0 0 22 289 2624 15847 61387 151186 239383 246871 173498 85961 30272 7127 959 60 1 0 0 0 0 0 0 0
SHARD 7772 k=4 m=28 inter=1 colcap=128: NONE visited=1747351 time=1.2s
ACCEPTED 0 0 0 0 0 0 0 26 311 2100 8056 17391 21121 14328 5605 1182 140 8 0 0 0 0 0 0 0 0 0 0 0
SHARD 7773 k=4 m=28 inter=1 colcap=128: NONE visited=166375 time=0.1s
ACCEPTED 0 0 0 0 0 0 0 7 45 206 751 1668 2072 1427 576 122 6 0 0 0 0 0 0 0 0 0 0 0 0
SHARD 7774 k=4 m=28 inter=1 colcap=128: NONE visited=835686 time=0.7s
ACCEPTED 0 0 0 0 0 0 0 9 79 521 2346 6485 10605 10431 6793 3081 676 52 6 0 0 0 0 0 0 0 0 0 0
SHARD 7775 k=4 m=28 inter=1 colcap=128: NONE visited=727501 time=0.4s
ACCEPTED 0 0 0 0 0 0 0 11 80 456 1938 5212 8425 8200 4834 1890 328 16 0 0 0 0 0 0 0 0 0 0 0
SHARD 7776 k=4 m=28 inter=1 colcap=128: NONE visited=8438 time=0.0s
ACCEPTED 0 0 0 0 0 0 0 4 14 49 72 60 10 0 0 0 0 0 0 0 0 0 0 0 0 0 0 0 0
SHARD 7777 k=4 m=28 inter=1 colcap=128: NONE visited=388108 time=0.2s
ACCEPTED 0 0 0 0 0 0 0 5 31 190 808 1913 2518 2273 2006 1693 148 0 0 0 0 0 0 0 0 0 0 0 0
SHARD 7778 k=4 m=28 inter=1 colcap=128: NONE visited=2027570 time=1.4s
ACCEPTED 0 0 0 0 0 0 0 22 257 1935 8604 21756 29703 20968 7551 1453 131 2 0 0 0 0 0 0 0 0 0 0 0
SHARD 7779 k=4 m=28 inter=1 colcap=128: NONE visited=11877287 time=12.2s
ACCEPTED 0 0 0 0 0 0 0 12 161 1528 10122 43862 121372 209114 222151 144857 59017 14935 1503 57 0 0 0 0 0 0 0 0 0
SHARD 7780 k=4 m=28 inter=1 colcap=128: NONE visited=5777736 time=5.3s
ACCEPTED 0 0 0 0 0 0 0 18 214 1762 9730 34700 77468 106520 88638 44320 13934 2989 640 157 27 3 0 0 0 0 0 0 0
SHARD 7781 k=4 m=28 inter=1 colcap=128: NONE visited=1861441 time=1.3s
ACCEPTED 0 0 0 0 0 0 0 11 96 592 2596 7764 14791 17551 14667 8984 2453 190 10 0 0 0 0 0 0 0 0 0 0
SHARD 7782 k=4 m=28 inter=1 colcap=128: NONE visited=21463 time=0.0s
ACCEPTED 0 0 0 0 0 0 0 4 17 83 201 198 49 3 0 0 0 0 0 0 0 0 0 0 0 0 0 0 0
SHARD 7783 k=4 m=28 inter=1 colcap=128: NONE visited=924108 time=0.6s
ACCEPTED 0 0 0 0 0 0 0 11 74 422 1821 5086 8886 9553 6070 2222 625 60 0 0 0 0 0 0 0 0 0 0 0
SHARD 7784 k=4 m=28 inter=1 colcap=128: NONE visited=37971304 time=32.3s
ACCEPTED 0 0 0 0 0 0 0 20 250 2265 14234 58533 154514 270472 336470 317668 248187 190559 154138 80305 32062 9 0 0 0 0 0 0 0
SHARD 7785 k=4 m=28 inter=1 colcap=128: NONE visited=1747583 time=1.2s
ACCEPTED 0 0 0 0 0 0 0 15 134 932 4448 12473 19447 18159 11067 4734 1191 238 9 7 3 0 0 0 0 0 0 0 0
SHARD 7786 k=4 m=28 inter=1 colcap=128: NONE visited=1020131 time=0.7s
ACCEPTED 0 0 0 0 0 0 0 28 351 2168 6891 10987 9435 4598 1534 476 102 11 0 0 0 0 0 0 0 0 0 0 0
SHARD 7787 k=4 m=28 inter=1 colcap=128: NONE visited=2953459 time=2.0s
ACCEPTED 0 0 0 0 0 0 0 23 354 2698 11060 26267 36830 29464 13501 3498 472 25 0 0 0 0 0 0 0 0 0 0 0
SHARD 7788 k=4 m=28 inter=1 colcap=128: NONE visited=22474086 time=16.2s
ACCEPTED 0 0 0 0 0 0 0 22 343 3250 19009 68939 156908 230208 236239 178739 96148 20331 7101 2916 1255 0 0 0 0 0 0 0 0
SHARD 7789 k=4 m=28 inter=1 colcap=128: NONE visited=13356832 time=9.2s
ACCEPTED 0 0 0 0 0 0 0 32 649 6732 36338 104241 162363 146351 84601 33790 9210 1668 197 8 0 0 0 0 0 0 0 0 0
SHARD 7790 k=4 m=28 inter=1 colcap=128: NONE visited=6790044 time=4.5s
ACCEPTED 0 0 0 0 0 0 0 45 782 6358 26164 59448 79781 65296 33829 11832 2649 377 38 1 0 0 0 0 0 0 0 0 0
SHARD 7791 k=4 m=28 inter=1 colcap=128: NONE visited=19953644 time=15.6s
ACCEPTED 0 0 0 0 0 0 0 41 735 7322 42448 142231 271536 292892 183315 69953 17310 2621 48 1 0 0 0 0 0 0 0 0 0
SHARD 7792 k=4 m=28 inter=1 colcap=128: NONE visited=1221231 time=0.7s
ACCEPTED 0 0 0 0 0 0 0 30 364 2062 6084 10584 11138 7079 2418 361 35 0 0 0 0 0 0 0 0 0 0 0 0
SHARD 7793 k=4 m=28 inter=1 colcap=128: NONE visited=23812811 time=16.5s
ACCEPTED 0 0 0 0 0 0 0 49 971 9487 49308 143499 245215 256900 173066 76589 25760 4755 530 35 6 0 0 0 0 0 0 0 0
SHARD 7794 k=4 m=28 inter=1 colcap=128: NONE visited=471543 time=0.3s
ACCEPTED 0 0 0 0 0 0 0 31 328 1589 3732 4567 2992 1178 209 15 1 0 0 0 0 0 0 0 0 0 0 0 0
SHARD 7795 k=4 m=28 inter=1 colcap=128: NONE visited=1992902 time=1.3s
ACCEPTED 0 0 0 0 0 0 0 27 336 2366 9278 19893 22790 14152 5396 1346 211 20 0 0 0 0 0 0 0 0 0 0 0
SHARD 7796 k=4 m=28 inter=1 colcap=128: NONE visited=187615 time=0.1s
ACCEPTED 0 0 0 0 0 0 0 22 171 661 1420 1648 890 206 20 1 0 0 0 0 0 0 0 0 0 0 0 0 0
SHARD 7797 k=4 m=28 inter=1 colcap=128: NONE visited=169783 time=0.1s
ACCEPTED 0 0 0 0 0 0 0 14 106 478 1233 1667 1162 441 86 5 0 0 0 0 0 0 0 0 0 0 0 0 0
SHARD 7798 k=4 m=28 inter=1 colcap=128: NONE visited=2172413 time=1.2s
ACCEPTED 0 0 0 0 0 0 0 34 442 2933 10579 21247 24633 15548 5367 960 115 9 0 0 0 0 0 0 0 0 0 0 0
SHARD 7799 k=4 m=28 inter=1 colcap=128: NONE visited=6463185 time=4.5s
ACCEPTED 0 0 0 0 0 0 0 31 446 3774 18600 52207 84636 82301 48842 17744 3651 384 33 3 0 0 0 0 0 0 0 0 0
DONE exit=20
