SHARD 7520 k=4 m=28 inter=1 colcap=128: NONE visited=2374650 time=1.6s
ACCEPTED 0 0 0 0 0 0 0 18 247 1984 8647 20832 28372 22446 10164 2822 555 31 0 0 0 0 0 0 0 0 0 0 0
SHARD 7521 k=4 m=28 inter=1 colcap=128: NONE visited=346960 time=0.3s
ACCEPTED 0 0 0 0 0 0 0 15 121 756 3035 5898 5310 2066 248 6 0 0 0 0 0 0 0 0 0 0 0 0 0
SHARD 7522 k=4 m=28 inter=1 colcap=128: NONE visited=2594915 time=1.9s
ACCEPTED 0 0 0 0 0 0 0 19 278 2295 10787 27447 35851 25048 11701 4615 1444 282 40 1 0 0 0 0 0 0 0 0 0
SHARD 7523 k=4 m=28 inter=1 colcap=128: NONE visited=3533 time=0.0s
ACCEPTED 0 0 0 0 0 0 0 7 21 23 5 0 0 0 0 0 0 0 0 0 0 0 0 0 0 0 0 0 0
SHARD 7524 k=4 m=28 inter=1 colcap=128: NONE visited=53456 time=0.0s
ACCEPTED 0 0 0 0 0 0 0 16 81 200 348 373 227 42 2 0 0 0 0 0 0 0 0 0 0 0 0 0 0
SHARD 7525 k=4 m=28 inter=1 colcap=128: NONE visited=249 time=0.0s
ACCEPTED 0 0 0 0 0 0 0 2 1 0 0 0 0 0 0 0 0 0 0 0 0 0 0 0 0 0 0 0 0
SHARD 7526 k=4 m=28 inter=1 colcap=128: NONE visited=902 time=0.0s
ACCEPTED 0 0 0 0 0 0 0 3 4 5 3 0 0 0 0 0 0 0 0 0 0 0 0 0 0 0 0 0 0
SHARD 7527 k=4 m=28 inter=1 colcap=128: NONE visited=152 time=0.0s
ACCEPTED 0 0 0 0 0 0 0 1 0 0 0 0 0 0 0 0 0 0 0 0 0 0 0 0 0 0 0 0 0
SHARD 7528 k=4 m=28 inter=1 colcap=128: NONE visited=126 time=0.0s
ACCEPTED 0 0 0 0 0 0 0 1 0 0 0 0 0 0 0 0 0 0 0 0 0 0 0 0 0 0 0 0 0
SHARD 7529 k=4 m=28 inter=1 colcap=128: NONE visited=1228 time=0.0s
ACCEPTED 0 0 0 0 0 0 0 7 8 0 0 0 0 0 0 0 0 0 0 0 0 0 0 0 0 0 0 0 0
SHARD 7530 k=4 m=28 inter=1 colcap=128: NONE visited=115827 time=0.1s
ACCEPTED 0 0 0 0 0 0 0 16 104 443 1015 1028 372 47 2 0 0 0 0 0 0 0 0 0 0 0 0 0 0
SHARD 7531 k=4 m=28 inter=1 colcap=128: NONE visited=5811 time=0.0s
ACCEPTED 0 0 0 0 0 0 0 8 27 53 39 3 0 0 0 0 0 0 0 0 0 0 0 0 0 0 0 0 0
SHARD 7532 k=4 m=28 inter=1 colcap=128: NONE visited=245252 time=0.1s
ACCEPTED 0 0 0 0 0 0 0 9 65 382 1478 2695 1898 396 54 13 1 0 0 0 0 0 0 0 0 0 0 0 0
SHARD 7533 k=4 m=28 inter=1 colcap=128: NONE visited=37458385 time=30.4s
ACCEPTED 0 0 0 0 0 0 0 24 390 4047 26157 103652 248198 363926 355050 263262 168310 99062 99740 70864 26424 6 0 0 0 0 0 0 0
SHARD 7534 k=4 m=28 inter=1 colcap=128: NONE visited=22840494 time=15.3s
ACCEPTED 0 0 0 0 0 0 0 50 1022 10299 54241 155716 253329 240506 135843 45232 12303 782 33 0 0 0 0 0 0 0 0 0 0
SHARD 7535 k=4 m=28 inter=1 colcap=128: NONE visited=999375 time=0.6s
ACCEPTED 0 0 0 0 0 0 0 17 195 1269 4603 9280 10733 7064 2559 484 28 1 0 0 0 0 0 0 0 0 0 0 0
SHARD 7536 k=4 m=28 inter=1 colcap=128: NONE visited=334075 time=0.2s
ACCEPTED 0 0 0 0 0 0 0 9 69 443 2064 4535 4272 1260 71 0 0 0 0 0 0 0 0 0 0 0 0 0 0
SHARD 7537 k=4 m=28 inter=1 colcap=128: NONE visited=128442 time=0.1s
ACCEPTED 0 0 0 0 0 0 0 21 149 525 1007 1003 497 118 10 0 0 0 0 0 0 0 0 0 0 0 0 0 0
SHARD 7538 k=4 m=28 inter=1 colcap=128: NONE visited=7683 time=0.0s
ACCEPTED 0 0 0 0 0 0 0 7 36 54 35 3 0 0 0 0 0 0 0 0 0 0 0 0 0 0 0 0 0
SHARD 7539 k=4 m=28 inter=1 colcap=128: NONE visited=260718 time=0.1s
ACCEPTED 0 0 0 0 0 0 0 8 61 295 987 2011 2434 1803 823 242 34 4 0 0 0 0 0 0 0 0 0 0 0
SHARD 7540 k=4 m=28 inter=1 colcap=128: NONE visited=331177 time=0.2s
ACCEPTED 0 0 0 0 0 0 0 8 52 225 782 2046 3505 3600 2204 856 185 23 1 0 0 0 0 0 0 0 0 0 0
SHARD 7541 k=4 m=28 inter=1 colcap=128: NONE visited=52 time=0.0s
ACCEPTED 0 0 0 0 0 0 0 0 0 0 0 0 0 0 0 0 0 0 0 0 0 0 0 0 0 0 0 0 0
SHARD 7542 k=4 m=28 inter=1 colcap=128: NONE visited=48914 time=0.0s
ACCEPTED 0 0 0 0 0 0 0 12 78 247 428 359 115 25 2 0 0 0 0 0 0 0 0 0 0 0 0 0 0
SHARD 7543 k=4 m=28 inter=1 colcap=128: NONE visited=401 time=0.0s
ACCEPTED 0 0 0 0 0 0 0 4 2 1 0 0 0 0 0 0 0 0 0 0 0 0 0 0 0 0 0 0 0
SHARD 7544 k=4 m=28 inter=1 colcap=128: NONE visited=454280 time=0.3s
ACCEPTED 0 0 0 0 0 0 0 23 198 901 2440 4073 3945 2232 678 112 7 0 0 0 0 0 0 0 0 0 0 0 0
SHARD 7545 k=4 m=28 inter=1 colcap=128: NONE visited=190975 time=0.1s
ACCEPTED 0 0 0 0 0 0 0 14 103 444 1075 1465 1171 546 95 0 0 0 0 0 0 0 0 0 0 0 0 0 0
SHARD 7546 k=4 m=28 inter=1 colcap=128: NONE visited=3885553 time=2.4s
ACCEPTED 0 0 0 0 0 0 0 21 278 2244 10563 28059 42836 38768 20627 7071 1700 282 16 0 0 0 0 0 0 0 0 0 0
SHARD 7547 k=4 m=28 inter=1 colcap=128: NONE visited=17997 time=0.0s
ACCEPTED 0 0 0 0 0 0 0 11 42 118 120 71 16 0 0 0 0 0 0 0 0 0 0 0 0 0 0 0 0
SHARD 7548 k=4 m=28 inter=1 colcap=128: NONE visited=72611 time=0.0s
ACCEPTED 0 0 0 0 0 0 0 10 51 211 503 650 443 140 10 0 0 0 0 0 0 0 0 0 0 0 0 0 0
SHARD 7549 k=4 m=28 inter=1 colcap=128: NONE visited=119383 time=0.1s
ACCEPTED 0 0 0 0 0 0 0 9 49 303 888 1143 595 73 1 0 0 0 0 0 0 0 0 0 0 0 0 0 0
SHARD 7550 k=4 m=28 inter=1 colcap=128: NONE visited=5647029 time=4.4s
ACCEPTED 0 0 0 0 0 0 0 19 300 2706 14398 43673 75982 77984 49216 19247 4432 453 17 0 0 0 0 0 0 0 0 0 0
SHARD 7551 k=4 m=28 inter=1 colcap=128: NONE visited=260717 time=0.2s
ACCEPTED 0 0 0 0 0 0 0 14 106 488 1351 2309 2557 1793 712 157 7 0 0 0 0 0 0 0 0 0 0 0 0
SHARD 7552 k=4 m=28 inter=1 colcap=128: NONE visited=2354 time=0.0s
ACCEPTED 0 0 0 0 0 0 0 4 9 24 15 2 0 0 0 0 0 0 0 0 0 0 0 0 0 0 0 0 0
SHARD 7553 k=4 m=28 inter=1 colcap=128: NONE visited=409560 time=0.3s
ACCEPTED 0 0 0 0 0 0 0 13 86 476 1853 4104 4446 2329 623 65 1 0 0 0 0 0 0 0 0 0 0 0 0
SHARD 7554 k=4 m=28 inter=1 colcap=128: NONE visited=1165009 time=0.9s
ACCEPTED 0 0 0 0 0 0 0 9 90 626 2935 8593 15174 15286 8398 2349 333 34 0 0 0 0 0 0 0 0 0 0 0
SHARD 7555 k=4 m=28 inter=1 colcap=128: NONE visited=438 time=0.0s
ACCEPTED 0 0 0 0 0 0 0 4 6 2 0 0 0 0 0 0 0 0 0 0 0 0 0 0 0 0 0 0 0
SHARD 7556 k=4 m=28 inter=1 colcap=128: NONE visited=16133 time=0.0s
ACCEPTED 0 0 0 0 0 0 0 14 68 154 136 30 1 0 0 0 0 0 0 0 0 0 0 0 0 0 0 0 0
SHARD 7557 k=4 m=28 inter=1 colcap=128: NONE visited=120661 time=0.1s
ACCEPTED 0 0 0 0 0 0 0 8 57 322 1003 1575 1132 326 27 2 0 0 0 0 0 0 0 0 0 0 0 0 0
SHARD 7558 k=4 m=28 inter=1 colcap=128: NONE visited=73486 time=0.0s
ACCEPTED 0 0 0 0 0 0 0 19 127 422 698 535 146 13 0 0 0 0 0 0 0 0 0 0 0 0 0 0 0
SHARD 7559 k=4 m=28 inter=1 colcap=128: NONE visited=1757718 time=1.2s
ACCEPTED 0 0 0 0 0 0 0 16 167 1216 5303 13271 19095 15763 6689 1563 227 6 0 0 0 0 0 0 0 0 0 0 0
DONE exit=20
