SHARD 6440 k=4 m=28 inter=1 colcap=128: NONE visited=77806312 time=338.0s
ACCEPTED 0 0 0 0 0 0 0 27 463 5401 42107 213956 696357 1436598 1870886 1546272 818965 254369 33846 2827 114 0 0 0 0 0 0 0 0
SHARD 6441 k=4 m=28 inter=1 colcap=128: NONE visited=35041463 time=132.4s
ACCEPTED 0 0 0 0 0 0 0 32 518 5313 35559 152594 409972 669986 640668 336650 119206 27154 2074 25 0 0 0 0 0 0 0 0 0
SHARD 6442 k=4 m=28 inter=1 colcap=128: NONE visited=21030935 time=87.1s
ACCEPTED 0 0 0 0 0 0 0 22 301 2901 19072 82547 229075 404074 458862 341339 169688 49283 2639 181 15 1 0 0 0 0 0 0 0
SHARD 6443 k=4 m=28 inter=1 colcap=128: NONE visited=46926323 time=182.7s
ACCEPTED 0 0 0 0 0 0 0 30 483 4937 30971 119688 289001 444190 454763 340747 266244 247099 236872 200486 80499 0 0 0 0 0 0 0 0
SHARD 6444 k=4 m=28 inter=1 colcap=128: NONE visited=407791 time=1.1s
ACCEPTED 0 0 0 0 0 0 0 7 46 380 2041 5882 7163 3783 731 108 2 0 0 0 0 0 0 0 0 0 0 0 0
SHARD 6445 k=4 m=28 inter=1 colcap=128: NONE visited=5040606 time=15.1s
ACCEPTED 0 0 0 0 0 0 0 25 322 2645 13681 42004 73793 75788 48323 19808 4615 556 40 1 0 0 0 0 0 0 0 0 0
SHARD 6446 k=4 m=28 inter=1 colcap=128: NONE visited=5792851 time=19.3s
ACCEPTED 0 0 0 0 0 0 0 19 209 1640 8789 30460 67561 96784 88764 51235 18712 4087 185 10 0 0 0 0 0 0 0 0 0
SHARD 6447 k=4 m=28 inter=1 colcap=128: NONE visited=3986864 time=11.9s
ACCEPTED 0 0 0 0 0 0 0 14 123 862 4477 15786 35303 48428 40729 21791 7978 1457 51 1 0 0 0 0 0 0 0 0 0
SHARD 6448 k=4 m=28 inter=1 colcap=128: NONE visited=4245240 time=13.3s
ACCEPTED 0 0 0 0 0 0 0 18 208 1671 8866 29234 57454 67811 47267 19311 4500 590 56 4 0 0 0 0 0 0 0 0 0
SHARD 6449 k=4 m=28 inter=1 colcap=128: NONE visited=30023964 time=115.3s
ACCEPTED 0 0 0 0 0 0 0 25 378 4012 28315 125877 343088 573894 594842 372523 134631 21472 1443 75 2 0 0 0 0 0 0 0 0
SHARD 6450 k=4 m=28 inter=1 colcap=128: NONE visited=8153936 time=26.7s
ACCEPTED 0 0 0 0 0 0 0 17 205 1775 10758 43061 107524 158069 132206 61137 15978 2392 83 1 0 0 0 0 0 0 0 0 0
SHARD 6451 k=4 m=28 inter=1 colcap=128: NONE visited=125866 time=0.3s
ACCEPTED 0 0 0 0 0 0 0 4 23 128 391 716 866 940 602 163 33 0 0 0 0 0 0 0 0 0 0 0 0
SHARD 6452 k=4 m=28 inter=1 colcap=128: NONE visited=1317863 time=3.9s
ACCEPTED 0 0 0 0 0 0 0 12 98 635 2982 9523 19417 23948 16266 5679 903 51 0 0 0 0 0 0 0 0 0 0 0
SHARD 6453 k=4 m=28 inter=1 colcap=128: NONE visited=1919104 time=5.4s
ACCEPTED 0 0 0 0 0 0 0 10 72 495 2653 9027 17801 21117 15722 8077 2350 193 1 0 0 0 0 0 0 0 0 0 0
SHARD 6454 k=4 m=28 inter=1 colcap=128: NONE visited=2202772 time=7.1s
ACCEPTED 0 0 0 0 0 0 0 10 72 453 2529 11001 29525 41988 29373 9509 1307 102 4 0 0 0 0 0 0 0 0 0 0
SHARD 6455 k=4 m=28 inter=1 colcap=128: NONE visited=375 time=0.0s
ACCEPTED 0 0 0 0 0 0 0 1 3 2 0 0 0 0 0 0 0 0 0 0 0 0 0 0 0 0 0 0 0
SHARD 6456 k=4 m=28 inter=1 colcap=128: NONE visited=485505 time=1.3s
ACCEPTED 0 0 0 0 0 0 0 5 42 358 1754 4935 6537 3143 478 4 0 0 0 0 0 0 0 0 0 0 0 0 0
SHARD 6457 k=4 m=28 inter=1 colcap=128: NONE visited=76807747 time=342.9s
ACCEPTED 0 0 0 0 0 0 0 26 401 4044 25711 102407 256702 410038 462399 476745 556404 708501 798299 634983 251654 5 0 0 0 0 0 0 0
SHARD 6458 k=4 m=28 inter=1 colcap=128: NONE visited=17279050 time=61.6s
ACCEPTED 0 0 0 0 0 0 0 20 272 2656 17751 77225 209493 337632 314043 165006 50261 9210 1029 45 0 0 0 0 0 0 0 0 0
SHARD 6459 k=4 m=28 inter=1 colcap=128: NONE visited=139180940 time=694.1s
ACCEPTED 0 0 0 0 0 0 0 12 124 1102 7318 32877 96224 197186 340230 592400 1058478 1646212 1919996 1541341 519480 0 0 0 0 0 0 0 0
SHARD 6460 k=4 m=28 inter=1 colcap=128: NONE visited=65315144 time=219.0s
ACCEPTED 0 0 0 0 0 0 0 59 1426 17330 111092 395563 846951 1154132 980314 462526 124599 23176 2971 412 43 1 0 0 0 0 0 0 0
SHARD 6461 k=4 m=28 inter=1 colcap=128: NONE visited=16657180 time=50.9s
ACCEPTED 0 0 0 0 0 0 0 45 800 7168 35520 107358 206944 252800 188809 85780 23572 3941 430 21 1 0 0 0 0 0 0 0 0
SHARD 6462 k=4 m=28 inter=1 colcap=128: NONE visited=28149613 time=102.6s
ACCEPTED 0 0 0 0 0 0 0 36 605 5881 35009 131463 314057 474586 467223 312728 151941 53116 12033 1387 62 0 0 0 0 0 0 0 0
SHARD 6463 k=4 m=28 inter=1 colcap=128: NONE visited=62689246 time=187.4s
ACCEPTED 0 0 0 0 0 0 0 53 1162 13088 80877 282070 568866 706613 594291 351396 130159 23104 14594 12969 4626 0 0 0 0 0 0 0 0
SHARD 6464 k=4 m=28 inter=1 colcap=128: NONE visited=4272205357 time=14325.7s
ACCEPTED 0 0 0 0 0 0 0 41 1278 21785 210671 1187080 4078812 9168436 15416496 23492753 36024331 51920629 63179954 52621645 23105801 419 26 2 0 0 0 0 0
SHARD 6465 k=4 m=28 inter=1 colcap=128: NONE visited=37194006 time=32.8s
ACCEPTED 0 0 0 0 0 0 0 34 535 4732 25320 84369 182909 285088 321627 199545 53595 392 7 0 0 0 0 0 0 0 0 0 0
SHARD 6466 k=4 m=28 inter=1 colcap=128: NONE visited=1510835817 time=2602.0s
ACCEPTED 0 0 0 0 0 0 0 62 1589 21418 163341 746617 2162092 4216928 6232186 8475953 12231045 17706893 21539459 17798814 7425088 645 53 1 0 0 0 0 0
SHARD 6467 k=4 m=28 inter=1 colcap=128: NONE visited=202442335 time=310.1s
ACCEPTED 0 0 0 0 0 0 0 49 1111 14803 121698 616289 1908863 3634900 4399664 3517904 1804866 459377 46400 2637 162 6 0 0 0 0 0 0 0
SHARD 6468 k=4 m=28 inter=1 colcap=128: NONE visited=25012548 time=23.8s
ACCEPTED 0 0 0 0 0 0 0 28 479 4662 26342 88893 184623 251498 241936 159267 64038 6476 925 130 7 0 0 0 0 0 0 0 0
SHARD 6469 k=4 m=28 inter=1 colcap=128: NONE visited=28263454 time=33.2s
ACCEPTED 0 0 0 0 0 0 0 26 413 4198 27264 110379 274184 418793 403956 259930 122146 51010 27785 15689 7442 2 0 0 0 0 0 0 0
SHARD 6470 k=4 m=28 inter=1 colcap=128: NONE visited=36636401 time=35.8s
ACCEPTED 0 0 0 0 0 0 0 50 1044 11259 67585 233633 466916 530263 342772 125225 27898 3918 340 22 1 0 0 0 0 0 0 0 0
SHARD 6471 k=4 m=28 inter=1 colcap=128: NONE visited=6066967 time=5.9s
ACCEPTED 0 0 0 0 0 0 0 33 507 4342 20389 54418 86860 82128 45341 15832 4209 836 65 2 0 0 0 0 0 0 0 0 0
SHARD 6472 k=4 m=28 inter=1 colcap=128: NONE visited=85013460 time=96.0s
ACCEPTED 0 0 0 0 0 0 0 50 1015 11262 75194 313063 812822 1308853 1323298 828373 387953 144339 43235 10918 2411 420 52 4 0 0 0 0 0
SHARD 6473 k=4 m=28 inter=1 colcap=128: NONE visited=173268609 time=225.3s
ACCEPTED 0 0 0 0 0 0 0 44 902 10955 82266 380753 1079717 1918761 2273863 1916430 1297297 840771 622485 427341 186391 366 17 0 0 0 0 0 0
SHARD 6474 k=4 m=28 inter=1 colcap=128: NONE visited=139917853 time=152.1s
ACCEPTED 0 0 0 0 0 0 0 54 1235 15241 108238 453315 1137364 1770796 1801227 1186548 538521 156481 82667 50393 21196 69 2 0 0 0 0 0 0
SHARD 6475 k=4 m=28 inter=1 colcap=128: NONE visited=12493429 time=12.0s
ACCEPTED 0 0 0 0 0 0 0 33 467 3756 20126 66778 127344 138651 97023 50950 18148 1014 44 22 8 0 0 0 0 0 0 0 0
SHARD 6476 k=4 m=28 inter=1 colcap=128: NONE visited=6711981 time=6.7s
ACCEPTED 0 0 0 0 0 0 0 17 155 1205 6751 20670 36375 42469 46491 40698 14663 0 0 0 0 0 0 0 0 0 0 0 0
SHARD 6477 k=4 m=28 inter=1 colcap=128: NONE visited=2463157 time=1.9s
ACCEPTED 0 0 0 0 0 0 0 21 247 1885 7780 16920 21417 16280 6512 1884 554 63 1 0 0 0 0 0 0 0 0 0 0
SHARD 6478 k=4 m=28 inter=1 colcap=128: NONE visited=38660574 time=44.7s
ACCEPTED 0 0 0 0 0 0 0 29 537 5484 32197 108625 221251 295057 281973 221386 173030 169567 191553 133450 43998 0 0 0 0 0 0 0 0
SHARD 6479 k=4 m=28 inter=1 colcap=128: NONE visited=7497076 time=6.6s
ACCEPTED 0 0 0 0 0 0 0 37 617 5550 26851 68830 96800 76002 33565 8451 1428 145 10 1 0 0 0 0 0 0 0 0 0
DONE exit=20
