SHARD 560 k=4 m=28 inter=1 colcap=128: NONE visited=164 time=0.0s
ACCEPTED 0 0 0 0 0 0 0 1 0 0 0 0 0 0 0 0 0 0 0 0 0 0 0 0 0 0 0 0 0
SHARD 561 k=4 m=28 inter=1 colcap=128: NONE visited=191 time=0.0s
ACCEPTED 0 0 0 0 0 0 0 1 0 0 0 0 0 0 0 0 0 0 0 0 0 0 0 0 0 0 0 0 0
SHARD 562 k=4 m=28 inter=1 colcap=128: NONE visited=187 time=0.0s
ACCEPTED 0 0 0 0 0 0 0 1 0 0 0 0 0 0 0 0 0 0 0 0 0 0 0 0 0 0 0 0 0
SHARD 563 k=4 m=28 inter=1 colcap=128: NONE visited=257 time=0.0s
ACCEPTED 0 0 0 0 0 0 0 2 0 0 0 0 0 0 0 0 0 0 0 0 0 0 0 0 0 0 0 0 0
SHARD 564 k=4 m=28 inter=1 colcap=128: NONE visited=156 time=0.0s
ACCEPTED 0 0 0 0 0 0 0 1 0 0 0 0 0 0 0 0 0 0 0 0 0 0 0 0 0 0 0 0 0
SHARD 565 k=4 m=28 inter=1 colcap=128: NONE visited=228 time=0.0s
ACCEPTED 0 0 0 0 0 0 0 2 1 0 0 0 0 0 0 0 0 0 0 0 0 0 0 0 0 0 0 0 0
SHARD 566 k=4 m=28 inter=1 colcap=128: NONE visited=2863 time=0.0s
ACCEPTED 0 0 0 0 0 0 0 12 28 1 0 0 0 0 0 0 0 0 0 0 0 0 0 0 0 0 0 0 0
SHARD 567 k=4 m=28 inter=1 colcap=128: NONE visited=491 time=0.0s
ACCEPTED 0 0 0 0 0 0 0 4 7 1 0 0 0 0 0 0 0 0 0 0 0 0 0 0 0 0 0 0 0
SHARD 568 k=4 m=28 inter=1 colcap=128: NONE visited=590 time=0.0s
ACCEPTED 0 0 0 0 0 0 0 4 5 1 0 0 0 0 0 0 0 0 0 0 0 0 0 0 0 0 0 0 0
SHARD 569 k=4 m=28 inter=1 colcap=128: NONE visited=1694 time=0.0s
ACCEPTED 0 0 0 0 0 0 0 7 15 11 2 0 0 0 0 0 0 0 0 0 0 0 0 0 0 0 0 0 0
SHARD 570 k=4 m=28 inter=1 colcap=128: NONE visited=464 time=0.0s
ACCEPTED 0 0 0 0 0 0 0 3 2 0 0 0 0 0 0 0 0 0 0 0 0 0 0 0 0 0 0 0 0
SHARD 571 k=4 m=28 inter=1 colcap=128: NONE visited=786 time=0.0s
ACCEPTED 0 0 0 0 0 0 0 4 5 0 0 0 0 0 0 0 0 0 0 0 0 0 0 0 0 0 0 0 0
SHARD 572 k=4 m=28 inter=1 colcap=128: NONE visited=7721 time=0.0s
ACCEPTED 0 0 0 0 0 0 0 19 62 49 6 0 0 0 0 0 0 0 0 0 0 0 0 0 0 0 0 0 0
SHARD 573 k=4 m=28 inter=1 colcap=128: NONE visited=16907 time=0.0s
ACCEPTED 0 0 0 0 0 0 0 13 73 134 90 43 0 0 0 0 0 0 0 0 0 0 0 0 0 0 0 0 0
SHARD 574 k=4 m=28 inter=1 colcap=128: NONE visited=1014 time=0.0s
ACCEPTED 0 0 0 0 0 0 0 5 7 0 0 0 0 0 0 0 0 0 0 0 0 0 0 0 0 0 0 0 0
SHARD 575 k=4 m=28 inter=1 colcap=128: NONE visited=281 time=0.0s
ACCEPTED 0 0 0 0 0 0 0 3 0 0 0 0 0 0 0 0 0 0 0 0 0 0 0 0 0 0 0 0 0
SHARD 576 k=4 m=28 inter=1 colcap=128: NONE visited=649 time=0.0s
ACCEPTED 0 0 0 0 0 0 0 3 4 0 0 0 0 0 0 0 0 0 0 0 0 0 0 0 0 0 0 0 0
SHARD 577 k=4 m=28 inter=1 colcap=128: NONE visited=544 time=0.0s
ACCEPTED 0 0 0 0 0 0 0 3 4 2 0 0 0 0 0 0 0 0 0 0 0 0 0 0 0 0 0 0 0
SHARD 578 k=4 m=28 inter=1 colcap=128: NONE visited=300 time=0.0s
ACCEPTED 0 0 0 0 0 0 0 2 3 0 0 0 0 0 0 0 0 0 0 0 0 0 0 0 0 0 0 0 0
SHARD 579 k=4 m=28 inter=1 colcap=128: NONE visited=9692 time=0.0s
ACCEPTED 0 0 0 0 0 0 0 5 37 91 68 12 0 0 0 0 0 0 0 0 0 0 0 0 0 0 0 0 0
SHARD 580 k=4 m=28 inter=1 colcap=128: NONE visited=672 time=0.0s
ACCEPTED 0 0 0 0 0 0 0 5 5 0 0 0 0 0 0 0 0 0 0 0 0 0 0 0 0 0 0 0 0
SHARD 581 k=4 m=28 inter=1 colcap=128: NONE visited=144 time=0.0s
ACCEPTED 0 0 0 0 0 0 0 1 0 0 0 0 0 0 0 0 0 0 0 0 0 0 0 0 0 0 0 0 0
SHARD 582 k=4 m=28 inter=1 colcap=128: NONE visited=134 time=0.0s
ACCEPTED 0 0 0 0 0 0 0 1 1 0 0 0 0 0 0 0 0 0 0 0 0 0 0 0 0 0 0 0 0
SHARD 583 k=4 m=28 inter=1 colcap=128: NONE visited=20247 time=0.0s
ACCEPTED 0 0 0 0 0 0 0 18 151 351 197 26 0 0 0 0 0 0 0 0 0 0 0 0 0 0 0 0 0
SHARD 584 k=4 m=28 inter=1 colcap=128: NONE visited=1182 time=0.0s
ACCEPTED 0 0 0 0 0 0 0 4 11 4 0 0 0 0 0 0 0 0 0 0 0 0 0 0 0 0 0 0 0
SHARD 585 k=4 m=28 inter=1 colcap=128: NONE visited=1553 time=0.0s
ACCEPTED 0 0 0 0 0 0 0 6 12 10 3 0 0 0 0 0 0 0 0 0 0 0 0 0 0 0 0 0 0
SHARD 586 k=4 m=28 inter=1 colcap=128: NONE visited=12622 time=0.0s
ACCEPTED 0 0 0 0 0 0 0 22 96 94 25 2 0 0 0 0 0 0 0 0 0 0 0 0 0 0 0 0 0
SHARD 587 k=4 m=28 inter=1 colcap=128: NONE visited=103 time=0.0s
ACCEPTED 0 0 0 0 0 0 0 1 0 0 0 0 0 0 0 0 0 0 0 0 0 0 0 0 0 0 0 0 0
SHARD 588 k=4 m=28 inter=1 colcap=128: NONE visited=545 time=0.0s
ACCEPTED 0 0 0 0 0 0 0 4 4 0 0 0 0 0 0 0 0 0 0 0 0 0 0 0 0 0 0 0 0
SHARD 589 k=4 m=28 inter=1 colcap=128: NONE visited=565 time=0.0s
ACCEPTED 0 0 0 0 0 0 0 2 4 3 0 0 0 0 0 0 0 0 0 0 0 0 0 0 0 0 0 0 0
SHARD 590 k=4 m=28 inter=1 colcap=128: NONE visited=914 time=0.0s
ACCEPTED 0 0 0 0 0 0 0 6 7 2 0 0 0 0 0 0 0 0 0 0 0 0 0 0 0 0 0 0 0
SHARD 591 k=4 m=28 inter=1 colcap=128: NONE visited=11510 time=0.0s
ACCEPTED 0 0 0 0 0 0 0 21 96 90 20 1 0 0 0 0 0 0 0 0 0 0 0 0 0 0 0 0 0
SHARD 592 k=4 m=28 inter=1 colcap=128: NONE visited=299 time=0.0s
ACCEPTED 0 0 0 0 0 0 0 3 3 0 0 0 0 0 0 0 0 0 0 0 0 0 0 0 0 0 0 0 0
SHARD 593 k=4 m=28 inter=1 colcap=128: NONE visited=587 time=0.0s
ACCEPTED 0 0 0 0 0 0 0 5 3 0 0 0 0 0 0 0 0 0 0 0 0 0 0 0 0 0 0 0 0
SHARD 594 k=4 m=28 inter=1 colcap=128: NONE visited=288 time=0.0s
ACCEPTED 0 0 0 0 0 0 0 3 0 0 0 0 0 0 0 0 0 0 0 0 0 0 0 0 0 0 0 0 0
SHARD 595 k=4 m=28 inter=1 colcap=128: NONE visited=210 time=0.0s
ACCEPTED 0 0 0 0 0 0 0 2 2 0 0 0 0 0 0 0 0 0 0 0 0 0 0 0 0 0 0 0 0
SHARD 596 k=4 m=28 inter=1 colcap=128: NONE visited=3171 time=0.0s
ACCEPTED 0 0 0 0 0 0 0 8 25 22 6 0 0 0 0 0 0 0 0 0 0 0 0 0 0 0 0 0 0
SHARD 597 k=4 m=28 inter=1 colcap=128: NONE visited=10761 time=0.0s
ACCEPTED 0 0 0 0 0 0 0 9 50 91 57 2 0 0 0 0 0 0 0 0 0 0 0 0 0 0 0 0 0
SHARD 598 k=4 m=28 inter=1 colcap=128: NONE visited=5044 time=0.0s
ACCEPTED 0 0 0 0 0 0 0 8 28 41 21 0 0 0 0 0 0 0 0 0 0 0 0 0 0 0 0 0 0
SHARD 599 k=4 m=28 inter=1 colcap=128: NONE visited=7638 time=0.0s
ACCEPTED 0 0 0 0 0 0 0 11 47 55 24 2 0 0 0 0 0 0 0 0 0 0 0 0 0 0 0 0 0
DONE exit=20
