SHARD 8840 k=4 m=28 inter=1 colcap=128: NONE visited=74424 time=0.0s
ACCEPTED 0 0 0 0 0 0 0 10 44 212 565 729 386 70 3 0 0 0 0 0 0 0 0 0 0 0 0 0 0
SHARD 8841 k=4 m=28 inter=1 colcap=128: NONE visited=458895 time=0.3s
ACCEPTED 0 0 0 0 0 0 0 18 173 889 2744 4941 4529 1973 444 58 5 0 0 0 0 0 0 0 0 0 0 0 0
SHARD 8842 k=4 m=28 inter=1 colcap=128: NONE visited=18481 time=0.0s
ACCEPTED 0 0 0 0 0 0 0 12 54 127 140 71 20 0 0 0 0 0 0 0 0 0 0 0 0 0 0 0 0
SHARD 8843 k=4 m=28 inter=1 colcap=128: NONE visited=103977 time=0.1s
ACCEPTED 0 0 0 0 0 0 0 18 121 412 685 662 609 389 120 21 2 0 0 0 0 0 0 0 0 0 0 0 0
SHARD 8844 k=4 m=28 inter=1 colcap=128: NONE visited=4920 time=0.0s
ACCEPTED 0 0 0 0 0 0 0 3 15 43 41 8 0 0 0 0 0 0 0 0 0 0 0 0 0 0 0 0 0
SHARD 8845 k=4 m=28 inter=1 colcap=128: NONE visited=1700093 time=1.2s
ACCEPTED 0 0 0 0 0 0 0 11 130 938 4312 11919 21531 23514 13970 4029 756 149 24 3 0 0 0 0 0 0 0 0 0
SHARD 8846 k=4 m=28 inter=1 colcap=128: NONE visited=148267 time=0.1s
ACCEPTED 0 0 0 0 0 0 0 14 88 333 809 1347 1302 617 125 13 1 0 0 0 0 0 0 0 0 0 0 0 0
SHARD 8847 k=4 m=28 inter=1 colcap=128: NONE visited=440669 time=0.2s
ACCEPTED 0 0 0 0 0 0 0 12 105 585 2006 4354 5176 2699 444 40 4 0 0 0 0 0 0 0 0 0 0 0 0
SHARD 8848 k=4 m=28 inter=1 colcap=128: NONE visited=15314 time=0.0s
ACCEPTED 0 0 0 0 0 0 0 6 26 71 126 110 33 5 0 0 0 0 0 0 0 0 0 0 0 0 0 0 0
SHARD 8849 k=4 m=28 inter=1 colcap=128: NONE visited=13501 time=0.0s
ACCEPTED 0 0 0 0 0 0 0 7 29 50 77 112 58 5 0 0 0 0 0 0 0 0 0 0 0 0 0 0 0
SHARD 8850 k=4 m=28 inter=1 colcap=128: NONE visited=101976 time=0.0s
ACCEPTED 0 0 0 0 0 0 0 6 53 255 800 1122 780 207 39 4 0 0 0 0 0 0 0 0 0 0 0 0 0
SHARD 8851 k=4 m=28 inter=1 colcap=128: NONE visited=1957 time=0.0s
ACCEPTED 0 0 0 0 0 0 0 3 10 20 4 0 0 0 0 0 0 0 0 0 0 0 0 0 0 0 0 0 0
SHARD 8852 k=4 m=28 inter=1 colcap=128: NONE visited=11725058 time=8.6s
ACCEPTED 0 0 0 0 0 0 0 35 564 5175 27909 87512 160980 168537 99376 32505 6420 549 8 0 0 0 0 0 0 0 0 0 0
SHARD 8853 k=4 m=28 inter=1 colcap=128: NONE visited=1149682 time=0.7s
ACCEPTED 0 0 0 0 0 0 0 23 262 1634 5735 11246 11849 7169 2874 657 50 0 0 0 0 0 0 0 0 0 0 0 0
SHARD 8854 k=4 m=28 inter=1 colcap=128: NONE visited=122102 time=0.1s
ACCEPTED 0 0 0 0 0 0 0 16 117 472 1006 1061 511 96 11 0 0 0 0 0 0 0 0 0 0 0 0 0 0
SHARD 8855 k=4 m=28 inter=1 colcap=128: NONE visited=503741 time=0.4s
ACCEPTED 0 0 0 0 0 0 0 12 107 645 2340 4989 6156 4467 2039 396 20 0 0 0 0 0 0 0 0 0 0 0 0
SHARD 8856 k=4 m=28 inter=1 colcap=128: NONE visited=6152 time=0.0s
ACCEPTED 0 0 0 0 0 0 0 1 13 42 54 18 0 0 0 0 0 0 0 0 0 0 0 0 0 0 0 0 0
SHARD 8857 k=4 m=28 inter=1 colcap=128: NONE visited=54912 time=0.0s
ACCEPTED 0 0 0 0 0 0 0 14 105 365 535 330 93 13 0 0 0 0 0 0 0 0 0 0 0 0 0 0 0
SHARD 8858 k=4 m=28 inter=1 colcap=128: NONE visited=2828 time=0.0s
ACCEPTED 0 0 0 0 0 0 0 5 17 25 7 1 0 0 0 0 0 0 0 0 0 0 0 0 0 0 0 0 0
SHARD 8859 k=4 m=28 inter=1 colcap=128: NONE visited=623687 time=0.4s
ACCEPTED 0 0 0 0 0 0 0 20 191 1094 3571 6381 6311 3369 1002 144 7 0 0 0 0 0 0 0 0 0 0 0 0
SHARD 8860 k=4 m=28 inter=1 colcap=128: NONE visited=1173 time=0.0s
ACCEPTED 0 0 0 0 0 0 0 4 8 6 2 0 0 0 0 0 0 0 0 0 0 0 0 0 0 0 0 0 0
SHARD 8861 k=4 m=28 inter=1 colcap=128: NONE visited=73802 time=0.0s
ACCEPTED 0 0 0 0 0 0 0 15 107 413 693 510 183 49 5 0 0 0 0 0 0 0 0 0 0 0 0 0 0
SHARD 8862 k=4 m=28 inter=1 colcap=128: NONE visited=3659 time=0.0s
ACCEPTED 0 0 0 0 0 0 0 7 21 29 11 0 0 0 0 0 0 0 0 0 0 0 0 0 0 0 0 0 0
SHARD 8863 k=4 m=28 inter=1 colcap=128: NONE visited=915605 time=0.6s
ACCEPTED 0 0 0 0 0 0 0 10 90 666 3177 8339 11555 8123 3191 730 86 3 0 0 0 0 0 0 0 0 0 0 0
SHARD 8864 k=4 m=28 inter=1 colcap=128: NONE visited=8025 time=0.0s
ACCEPTED 0 0 0 0 0 0 0 8 31 56 45 17 3 0 0 0 0 0 0 0 0 0 0 0 0 0 0 0 0
SHARD 8865 k=4 m=28 inter=1 colcap=128: NONE visited=1750 time=0.0s
ACCEPTED 0 0 0 0 0 0 0 2 12 16 5 0 0 0 0 0 0 0 0 0 0 0 0 0 0 0 0 0 0
SHARD 8866 k=4 m=28 inter=1 colcap=128: NONE visited=215041 time=0.1s
ACCEPTED 0 0 0 0 0 0 0 17 158 837 2111 2194 1044 264 43 5 0 0 0 0 0 0 0 0 0 0 0 0 0
SHARD 8867 k=4 m=28 inter=1 colcap=128: NONE visited=35016 time=0.0s
ACCEPTED 0 0 0 0 0 0 0 11 63 200 322 208 55 4 1 0 0 0 0 0 0 0 0 0 0 0 0 0 0
SHARD 8868 k=4 m=28 inter=1 colcap=128: NONE visited=197 time=0.0s
ACCEPTED 0 0 0 0 0 0 0 2 0 0 0 0 0 0 0 0 0 0 0 0 0 0 0 0 0 0 0 0 0
SHARD 8869 k=4 m=28 inter=1 colcap=128: NONE visited=826773 time=0.5s
ACCEPTED 0 0 0 0 0 0 0 25 289 1789 5703 9045 7465 3351 744 75 4 0 0 0 0 0 0 0 0 0 0 0 0
SHARD 8870 k=4 m=28 inter=1 colcap=128: NONE visited=40826 time=0.0s
ACCEPTED 0 0 0 0 0 0 0 8 44 156 317 359 183 30 0 0 0 0 0 0 0 0 0 0 0 0 0 0 0
SHARD 8871 k=4 m=28 inter=1 colcap=128: NONE visited=1208113 time=0.8s
ACCEPTED 0 0 0 0 0 0 0 13 127 924 4330 11560 16700 12834 5266 1045 124 17 2 0 0 0 0 0 0 0 0 0 0
SHARD 8872 k=4 m=28 inter=1 colcap=128: NONE visited=26725 time=0.0s
ACCEPTED 0 0 0 0 0 0 0 9 44 159 251 132 25 1 0 0 0 0 0 0 0 0 0 0 0 0 0 0 0
SHARD 8873 k=4 m=28 inter=1 colcap=128: NONE visited=36439 time=0.0s
ACCEPTED 0 0 0 0 0 0 0 16 115 324 320 165 50 20 3 0 0 0 0 0 0 0 0 0 0 0 0 0 0
SHARD 8874 k=4 m=28 inter=1 colcap=128: NONE visited=302221 time=0.2s
ACCEPTED 0 0 0 0 0 0 0 28 298 1414 2940 2693 1147 209 2 0 0 0 0 0 0 0 0 0 0 0 0 0 0
SHARD 8875 k=4 m=28 inter=1 colcap=128: NONE visited=2681 time=0.0s
ACCEPTED 0 0 0 0 0 0 0 4 16 25 7 1 0 0 0 0 0 0 0 0 0 0 0 0 0 0 0 0 0
SHARD 8876 k=4 m=28 inter=1 colcap=128: NONE visited=4237 time=0.0s
ACCEPTED 0 0 0 0 0 0 0 7 22 38 16 1 0 0 0 0 0 0 0 0 0 0 0 0 0 0 0 0 0
SHARD 8877 k=4 m=28 inter=1 colcap=128: NONE visited=13708 time=0.0s
ACCEPTED 0 0 0 0 0 0 0 6 16 41 93 123 89 36 5 0 0 0 0 0 0 0 0 0 0 0 0 0 0
SHARD 8878 k=4 m=28 inter=1 colcap=128: NONE visited=7386 time=0.0s
ACCEPTED 0 0 0 0 0 0 0 9 36 67 30 5 0 0 0 0 0 0 0 0 0 0 0 0 0 0 0 0 0
SHARD 8879 k=4 m=28 inter=1 colcap=128: NONE visited=23972 time=0.0s
ACCEPTED 0 0 0 0 0 0 0 17 95 231 181 43 3 0 0 0 0 0 0 0 0 0 0 0 0 0 0 0 0
DONE exit=20
