SHARD 8280 k=4 m=28 inter=1 colcap=128: NONE visited=112 time=0.0s
ACCEPTED 0 0 0 0 0 0 0 1 0 0 0 0 0 0 0 0 0 0 0 0 0 0 0 0 0 0 0 0 0
SHARD 8281 k=4 m=28 inter=1 colcap=128: NONE visited=178462 time=0.1s
ACCEPTED 0 0 0 0 0 0 0 19 164 765 1611 1517 616 159 35 5 0 0 0 0 0 0 0 0 0 0 0 0 0
SHARD 8282 k=4 m=28 inter=1 colcap=128: NONE visited=1362271 time=0.8s
ACCEPTED 0 0 0 0 0 0 0 24 273 1829 6883 13980 15508 9491 3591 843 100 3 0 0 0 0 0 0 0 0 0 0 0
SHARD 8283 k=4 m=28 inter=1 colcap=128: NONE visited=21376 time=0.0s
ACCEPTED 0 0 0 0 0 0 0 4 28 127 181 140 37 0 0 0 0 0 0 0 0 0 0 0 0 0 0 0 0
SHARD 8284 k=4 m=28 inter=1 colcap=128: NONE visited=458137 time=0.2s
ACCEPTED 0 0 0 0 0 0 0 15 117 591 1903 4034 4806 3289 1235 234 17 0 0 0 0 0 0 0 0 0 0 0 0
SHARD 8285 k=4 m=28 inter=1 colcap=128: NONE visited=435285 time=0.2s
ACCEPTED 0 0 0 0 0 0 0 19 200 1254 3722 4794 2667 597 44 1 0 0 0 0 0 0 0 0 0 0 0 0 0
SHARD 8286 k=4 m=28 inter=1 colcap=128: NONE visited=2492762 time=1.7s
ACCEPTED 0 0 0 0 0 0 0 24 282 1944 7688 18237 28271 27996 16213 5166 820 70 3 0 0 0 0 0 0 0 0 0 0
SHARD 8287 k=4 m=28 inter=1 colcap=128: NONE visited=11083 time=0.0s
ACCEPTED 0 0 0 0 0 0 0 9 33 65 76 41 3 0 0 0 0 0 0 0 0 0 0 0 0 0 0 0 0
SHARD 8288 k=4 m=28 inter=1 colcap=128: NONE visited=9336733 time=7.0s
ACCEPTED 0 0 0 0 0 0 0 31 479 4279 22506 69425 124602 128383 76796 29338 7844 1799 518 0 0 0 0 0 0 0 0 0 0
SHARD 8289 k=4 m=28 inter=1 colcap=128: NONE visited=247890 time=0.1s
ACCEPTED 0 0 0 0 0 0 0 12 77 402 1377 2358 2075 976 290 60 8 0 0 0 0 0 0 0 0 0 0 0 0
SHARD 8290 k=4 m=28 inter=1 colcap=128: NONE visited=414701 time=0.2s
ACCEPTED 0 0 0 0 0 0 0 19 185 1023 2850 3614 2431 888 186 15 0 0 0 0 0 0 0 0 0 0 0 0 0
SHARD 8291 k=4 m=28 inter=1 colcap=128: NONE visited=4662319 time=2.9s
ACCEPTED 0 0 0 0 0 0 0 25 332 2537 11060 27975 43522 43776 30237 16312 5777 330 2 0 0 0 0 0 0 0 0 0 0
SHARD 8292 k=4 m=28 inter=1 colcap=128: NONE visited=28322 time=0.0s
ACCEPTED 0 0 0 0 0 0 0 6 28 110 263 205 61 1 0 0 0 0 0 0 0 0 0 0 0 0 0 0 0
SHARD 8293 k=4 m=28 inter=1 colcap=128: NONE visited=146320 time=0.1s
ACCEPTED 0 0 0 0 0 0 0 16 116 480 1054 1408 1035 375 45 0 0 0 0 0 0 0 0 0 0 0 0 0 0
SHARD 8294 k=4 m=28 inter=1 colcap=128: NONE visited=2206125 time=1.6s
ACCEPTED 0 0 0 0 0 0 0 14 148 1150 5899 17878 30699 29629 16773 5846 1224 77 12 1 0 0 0 0 0 0 0 0 0
SHARD 8295 k=4 m=28 inter=1 colcap=128: NONE visited=1383111 time=1.0s
ACCEPTED 0 0 0 0 0 0 0 24 275 1846 7129 15320 17488 10442 3492 688 40 2 0 0 0 0 0 0 0 0 0 0 0
SHARD 8296 k=4 m=28 inter=1 colcap=128: NONE visited=406876 time=0.3s
ACCEPTED 0 0 0 0 0 0 0 8 68 390 1363 2816 3918 3453 1707 516 119 22 1 0 0 0 0 0 0 0 0 0 0
SHARD 8297 k=4 m=28 inter=1 colcap=128: NONE visited=5879 time=0.0s
ACCEPTED 0 0 0 0 0 0 0 6 21 49 27 4 0 0 0 0 0 0 0 0 0 0 0 0 0 0 0 0 0
SHARD 8298 k=4 m=28 inter=1 colcap=128: NONE visited=506956 time=0.3s
ACCEPTED 0 0 0 0 0 0 0 12 116 712 2544 5117 4894 2106 456 53 5 0 0 0 0 0 0 0 0 0 0 0 0
SHARD 8299 k=4 m=28 inter=1 colcap=128: NONE visited=7386907 time=5.5s
ACCEPTED 0 0 0 0 0 0 0 11 119 995 5911 22613 53275 76782 72474 51232 28858 15730 12448 7001 2079 0 0 0 0 0 0 0 0
SHARD 8300 k=4 m=28 inter=1 colcap=128: NONE visited=1584584 time=0.8s
ACCEPTED 0 0 0 0 0 0 0 10 101 867 4710 13594 19533 13247 3851 482 68 0 0 0 0 0 0 0 0 0 0 0 0
SHARD 8301 k=4 m=28 inter=1 colcap=128: NONE visited=13104 time=0.0s
ACCEPTED 0 0 0 0 0 0 0 2 17 64 119 69 6 0 0 0 0 0 0 0 0 0 0 0 0 0 0 0 0
SHARD 8302 k=4 m=28 inter=1 colcap=128: NONE visited=3147310 time=1.7s
ACCEPTED 0 0 0 0 0 0 0 25 314 2526 11567 28222 34896 20711 5653 766 104 9 0 0 0 0 0 0 0 0 0 0 0
SHARD 8303 k=4 m=28 inter=1 colcap=128: NONE visited=10495615 time=7.3s
ACCEPTED 0 0 0 0 0 0 0 17 213 1940 11647 42190 90110 114771 93582 54403 22562 3217 177 72 27 0 0 0 0 0 0 0 0
SHARD 8304 k=4 m=28 inter=1 colcap=128: NONE visited=38604 time=0.0s
ACCEPTED 0 0 0 0 0 0 0 5 32 125 306 342 168 37 3 0 0 0 0 0 0 0 0 0 0 0 0 0 0
SHARD 8305 k=4 m=28 inter=1 colcap=128: NONE visited=146 time=0.0s
ACCEPTED 0 0 0 0 0 0 0 2 1 0 0 0 0 0 0 0 0 0 0 0 0 0 0 0 0 0 0 0 0
SHARD 8306 k=4 m=28 inter=1 colcap=128: NONE visited=40550 time=0.0s
ACCEPTED 0 0 0 0 0 0 0 13 77 253 408 255 62 6 0 0 0 0 0 0 0 0 0 0 0 0 0 0 0
SHARD 8307 k=4 m=28 inter=1 colcap=128: NONE visited=178 time=0.0s
ACCEPTED 0 0 0 0 0 0 0 1 3 0 0 0 0 0 0 0 0 0 0 0 0 0 0 0 0 0 0 0 0
SHARD 8308 k=4 m=28 inter=1 colcap=128: NONE visited=10151 time=0.0s
ACCEPTED 0 0 0 0 0 0 0 8 28 61 70 37 2 0 0 0 0 0 0 0 0 0 0 0 0 0 0 0 0
SHARD 8309 k=4 m=28 inter=1 colcap=128: NONE visited=21429 time=0.0s
ACCEPTED 0 0 0 0 0 0 0 9 48 143 185 89 23 0 0 0 0 0 0 0 0 0 0 0 0 0 0 0 0
SHARD 8310 k=4 m=28 inter=1 colcap=128: NONE visited=632 time=0.0s
ACCEPTED 0 0 0 0 0 0 0 4 3 1 0 0 0 0 0 0 0 0 0 0 0 0 0 0 0 0 0 0 0
SHARD 8311 k=4 m=28 inter=1 colcap=128: NONE visited=25637 time=0.0s
ACCEPTED 0 0 0 0 0 0 0 11 52 140 204 114 33 8 0 0 0 0 0 0 0 0 0 0 0 0 0 0 0
SHARD 8312 k=4 m=28 inter=1 colcap=128: NONE visited=181106 time=0.1s
ACCEPTED 0 0 0 0 0 0 0 3 18 161 823 2037 1902 704 87 2 0 0 0 0 0 0 0 0 0 0 0 0 0
SHARD 8313 k=4 m=28 inter=1 colcap=128: NONE visited=14231422 time=12.0s
ACCEPTED 0 0 0 0 0 0 0 17 228 2195 13342 47614 102277 145832 161377 146350 86539 18824 844 123 22 0 0 0 0 0 0 0 0
SHARD 8314 k=4 m=28 inter=1 colcap=128: NONE visited=517386 time=0.3s
ACCEPTED 0 0 0 0 0 0 0 10 76 440 1717 4220 5882 4064 1385 217 9 0 0 0 0 0 0 0 0 0 0 0 0
SHARD 8315 k=4 m=28 inter=1 colcap=128: NONE visited=3032 time=0.0s
ACCEPTED 0 0 0 0 0 0 0 13 30 31 27 9 0 0 0 0 0 0 0 0 0 0 0 0 0 0 0 0 0
SHARD 8316 k=4 m=28 inter=1 colcap=128: NONE visited=186226 time=0.1s
ACCEPTED 0 0 0 0 0 0 0 30 337 1371 1995 939 107 8 0 0 0 0 0 0 0 0 0 0 0 0 0 0 0
SHARD 8317 k=4 m=28 inter=1 colcap=128: NONE visited=82 time=0.0s
ACCEPTED 0 0 0 0 0 0 0 0 0 0 0 0 0 0 0 0 0 0 0 0 0 0 0 0 0 0 0 0 0
SHARD 8318 k=4 m=28 inter=1 colcap=128: NONE visited=247 time=0.0s
ACCEPTED 0 0 0 0 0 0 0 2 0 0 0 0 0 0 0 0 0 0 0 0 0 0 0 0 0 0 0 0 0
SHARD 8319 k=4 m=28 inter=1 colcap=128: NONE visited=75 time=0.0s
ACCEPTED 0 0 0 0 0 0 0 0 0 0 0 0 0 0 0 0 0 0 0 0 0 0 0 0 0 0 0 0 0
DONE exit=20
