SHARD 9880 k=4 m=28 inter=1 colcap=128: NONE visited=21791 time=0.0s
ACCEPTED 0 0 0 0 0 0 0 6 28 131 278 185 38 1 0 0 0 0 0 0 0 0 0 0 0 0 0 0 0
SHARD 9881 k=4 m=28 inter=1 colcap=128: NONE visited=7735 time=0.0s
ACCEPTED 0 0 0 0 0 0 0 12 50 88 61 6 0 0 0 0 0 0 0 0 0 0 0 0 0 0 0 0 0
SHARD 9882 k=4 m=28 inter=1 colcap=128: NONE visited=902778 time=0.6s
ACCEPTED 0 0 0 0 0 0 0 21 240 1452 4929 9664 10990 6680 1996 285 18 0 0 0 0 0 0 0 0 0 0 0 0
SHARD 9883 k=4 m=28 inter=1 colcap=128: NONE visited=3334617 time=2.4s
ACCEPTED 0 0 0 0 0 0 0 27 366 2910 13156 33505 47338 37004 15669 3621 436 18 0 0 0 0 0 0 0 0 0 0 0
SHARD 9884 k=4 m=28 inter=1 colcap=128: NONE visited=243168 time=0.1s
ACCEPTED 0 0 0 0 0 0 0 20 144 636 1780 2804 2422 1103 228 18 0 0 0 0 0 0 0 0 0 0 0 0 0
SHARD 9885 k=4 m=28 inter=1 colcap=128: NONE visited=311475 time=0.2s
ACCEPTED 0 0 0 0 0 0 0 12 98 500 1489 2666 3226 2204 686 68 0 0 0 0 0 0 0 0 0 0 0 0 0
SHARD 9886 k=4 m=28 inter=1 colcap=128: NONE visited=47147 time=0.0s
ACCEPTED 0 0 0 0 0 0 0 14 67 207 391 393 246 115 35 5 0 0 0 0 0 0 0 0 0 0 0 0 0
SHARD 9887 k=4 m=28 inter=1 colcap=128: NONE visited=139926 time=0.1s
ACCEPTED 0 0 0 0 0 0 0 17 139 569 1155 1267 844 316 56 6 0 0 0 0 0 0 0 0 0 0 0 0 0
SHARD 9888 k=4 m=28 inter=1 colcap=128: NONE visited=202043 time=0.1s
ACCEPTED 0 0 0 0 0 0 0 17 148 726 1872 2263 1279 381 80 9 1 0 0 0 0 0 0 0 0 0 0 0 0
SHARD 9889 k=4 m=28 inter=1 colcap=128: NONE visited=785 time=0.0s
ACCEPTED 0 0 0 0 0 0 0 4 7 2 0 0 0 0 0 0 0 0 0 0 0 0 0 0 0 0 0 0 0
SHARD 9890 k=4 m=28 inter=1 colcap=128: NONE visited=64789 time=0.0s
ACCEPTED 0 0 0 0 0 0 0 7 23 80 284 624 827 639 292 61 4 0 0 0 0 0 0 0 0 0 0 0 0
SHARD 9891 k=4 m=28 inter=1 colcap=128: NONE visited=6385843 time=5.5s
ACCEPTED 0 0 0 0 0 0 0 19 280 2675 15059 49596 95728 105743 65718 23278 4168 299 6 0 0 0 0 0 0 0 0 0 0
SHARD 9892 k=4 m=28 inter=1 colcap=128: NONE visited=30018 time=0.0s
ACCEPTED 0 0 0 0 0 0 0 9 59 205 308 190 42 2 0 0 0 0 0 0 0 0 0 0 0 0 0 0 0
SHARD 9893 k=4 m=28 inter=1 colcap=128: NONE visited=16817804 time=15.5s
ACCEPTED 0 0 0 0 0 0 0 30 477 4680 28394 105642 238276 309101 220984 97220 27951 3604 232 11 0 0 0 0 0 0 0 0 0
SHARD 9894 k=4 m=28 inter=1 colcap=128: NONE visited=7462138 time=7.4s
ACCEPTED 0 0 0 0 0 0 0 20 250 2216 13321 52140 121337 148178 86311 26902 3828 294 5 0 0 0 0 0 0 0 0 0 0
SHARD 9895 k=4 m=28 inter=1 colcap=128: NONE visited=1651161 time=1.3s
ACCEPTED 0 0 0 0 0 0 0 27 304 1967 7626 17778 23587 17360 7556 1900 221 18 1 0 0 0 0 0 0 0 0 0 0
SHARD 9896 k=4 m=28 inter=1 colcap=128: NONE visited=9128149 time=8.6s
ACCEPTED 0 0 0 0 0 0 0 14 171 1671 10897 44042 106164 151530 128989 75821 33840 4202 476 4 0 0 0 0 0 0 0 0 0
SHARD 9897 k=4 m=28 inter=1 colcap=128: NONE visited=5863 time=0.0s
ACCEPTED 0 0 0 0 0 0 0 4 15 45 63 36 13 1 0 0 0 0 0 0 0 0 0 0 0 0 0 0 0
SHARD 9898 k=4 m=28 inter=1 colcap=128: NONE visited=99521 time=0.1s
ACCEPTED 0 0 0 0 0 0 0 8 43 190 551 1052 1198 776 259 43 3 0 0 0 0 0 0 0 0 0 0 0 0
SHARD 9899 k=4 m=28 inter=1 colcap=128: NONE visited=3294788 time=3.2s
ACCEPTED 0 0 0 0 0 0 0 11 108 875 5037 18926 43742 58499 43256 20576 7141 902 50 1 0 0 0 0 0 0 0 0 0
SHARD 9900 k=4 m=28 inter=1 colcap=128: NONE visited=1129296 time=1.0s
ACCEPTED 0 0 0 0 0 0 0 6 62 494 2640 8780 17128 18375 9042 2345 323 29 0 0 0 0 0 0 0 0 0 0 0
SHARD 9901 k=4 m=28 inter=1 colcap=128: NONE visited=24149 time=0.0s
ACCEPTED 0 0 0 0 0 0 0 3 15 108 333 259 60 11 0 0 0 0 0 0 0 0 0 0 0 0 0 0 0
SHARD 9902 k=4 m=28 inter=1 colcap=128: NONE visited=47389 time=0.0s
ACCEPTED 0 0 0 0 0 0 0 9 50 204 507 516 247 38 3 0 0 0 0 0 0 0 0 0 0 0 0 0 0
SHARD 9903 k=4 m=28 inter=1 colcap=128: NONE visited=1112979 time=1.1s
ACCEPTED 0 0 0 0 0 0 0 13 123 793 3409 9560 17622 21403 16573 8194 2526 478 6 0 0 0 0 0 0 0 0 0 0
SHARD 9904 k=4 m=28 inter=1 colcap=128: NONE visited=1019190 time=0.8s
ACCEPTED 0 0 0 0 0 0 0 18 159 903 3280 7509 11471 13159 11832 7613 2835 594 107 26 3 0 0 0 0 0 0 0 0
SHARD 9905 k=4 m=28 inter=1 colcap=128: NONE visited=2004362 time=1.6s
ACCEPTED 0 0 0 0 0 0 0 9 94 738 3971 13424 27768 35101 25626 11048 2821 378 6 0 0 0 0 0 0 0 0 0 0
SHARD 9906 k=4 m=28 inter=1 colcap=128: NONE visited=346406 time=0.3s
ACCEPTED 0 0 0 0 0 0 0 10 58 266 1144 3501 5910 4909 1941 372 45 2 0 0 0 0 0 0 0 0 0 0 0
SHARD 9907 k=4 m=28 inter=1 colcap=128: NONE visited=4989351 time=5.1s
ACCEPTED 0 0 0 0 0 0 0 11 122 1029 5891 21473 50490 78959 81763 53770 21754 5590 731 16 0 0 0 0 0 0 0 0 0
SHARD 9908 k=4 m=28 inter=1 colcap=128: NONE visited=4434045 time=3.1s
ACCEPTED 0 0 0 0 0 0 0 40 682 5831 25040 53023 54411 27077 7090 915 37 1 0 0 0 0 0 0 0 0 0 0 0
SHARD 9909 k=4 m=28 inter=1 colcap=128: NONE visited=38736 time=0.0s
ACCEPTED 0 0 0 0 0 0 0 18 128 301 327 197 59 13 0 0 0 0 0 0 0 0 0 0 0 0 0 0 0
SHARD 9910 k=4 m=28 inter=1 colcap=128: NONE visited=121192 time=0.1s
ACCEPTED 0 0 0 0 0 0 0 15 125 559 1132 1046 490 122 12 1 0 0 0 0 0 0 0 0 0 0 0 0 0
SHARD 9911 k=4 m=28 inter=1 colcap=128: NONE visited=170 time=0.0s
ACCEPTED 0 0 0 0 0 0 0 1 1 0 0 0 0 0 0 0 0 0 0 0 0 0 0 0 0 0 0 0 0
SHARD 9912 k=4 m=28 inter=1 colcap=128: NONE visited=766 time=0.0s
ACCEPTED 0 0 0 0 0 0 0 4 3 5 1 0 0 0 0 0 0 0 0 0 0 0 0 0 0 0 0 0 0
SHARD 9913 k=4 m=28 inter=1 colcap=128: NONE visited=3727 time=0.0s
ACCEPTED 0 0 0 0 0 0 0 8 19 27 19 2 0 0 0 0 0 0 0 0 0 0 0 0 0 0 0 0 0
SHARD 9914 k=4 m=28 inter=1 colcap=128: NONE visited=3416 time=0.0s
ACCEPTED 0 0 0 0 0 0 0 9 25 24 6 1 0 0 0 0 0 0 0 0 0 0 0 0 0 0 0 0 0
SHARD 9915 k=4 m=28 inter=1 colcap=128: NONE visited=20389 time=0.0s
ACCEPTED 0 0 0 0 0 0 0 10 46 118 153 109 46 9 0 0 0 0 0 0 0 0 0 0 0 0 0 0 0
SHARD 9916 k=4 m=28 inter=1 colcap=128: NONE visited=85 time=0.0s
ACCEPTED 0 0 0 0 0 0 0 0 0 0 0 0 0 0 0 0 0 0 0 0 0 0 0 0 0 0 0 0 0
SHARD 9917 k=4 m=28 inter=1 colcap=128: NONE visited=171 time=0.0s
ACCEPTED 0 0 0 0 0 0 0 1 1 0 0 0 0 0 0 0 0 0 0 0 0 0 0 0 0 0 0 0 0
SHARD 9918 k=4 m=28 inter=1 colcap=128: NONE visited=1415 time=0.0s
ACCEPTED 0 0 0 0 0 0 0 10 6 1 0 0 0 0 0 0 0 0 0 0 0 0 0 0 0 0 0 0 0
SHARD 9919 k=4 m=28 inter=1 colcap=128: NONE visited=3464 time=0.0s
ACCEPTED 0 0 0 0 0 0 0 7 19 21 10 3 0 0 0 0 0 0 0 0 0 0 0 0 0 0 0 0 0
DONE exit=20
