SHARD 6840 k=4 m=28 inter=1 colcap=128: NONE visited=207097 time=0.1s
ACCEPTED 0 0 0 0 0 0 0 34 296 1065 1811 1290 344 60 7 0 0 0 0 0 0 0 0 0 0 0 0 0 0
SHARD 6841 k=4 m=28 inter=1 colcap=128: NONE visited=517154 time=0.3s
ACCEPTED 0 0 0 0 0 0 0 30 340 1748 4001 4475 2693 900 149 2 0 0 0 0 0 0 0 0 0 0 0 0 0
SHARD 6842 k=4 m=28 inter=1 colcap=128: NONE visited=154519 time=0.1s
ACCEPTED 0 0 0 0 0 0 0 24 224 910 1558 1072 298 21 1 0 0 0 0 0 0 0 0 0 0 0 0 0 0
SHARD 6843 k=4 m=28 inter=1 colcap=128: NONE visited=393888 time=0.2s
ACCEPTED 0 0 0 0 0 0 0 27 283 1426 3309 3608 1781 400 31 0 0 0 0 0 0 0 0 0 0 0 0 0 0
SHARD 6844 k=4 m=28 inter=1 colcap=128: NONE visited=3800 time=0.0s
ACCEPTED 0 0 0 0 0 0 0 4 13 29 35 15 1 0 0 0 0 0 0 0 0 0 0 0 0 0 0 0 0
SHARD 6845 k=4 m=28 inter=1 colcap=128: NONE visited=55614 time=0.0s
ACCEPTED 0 0 0 0 0 0 0 15 98 325 457 321 103 10 1 0 0 0 0 0 0 0 0 0 0 0 0 0 0
SHARD 6846 k=4 m=28 inter=1 colcap=128: NONE visited=42657 time=0.0s
ACCEPTED 0 0 0 0 0 0 0 8 58 220 373 285 56 2 0 0 0 0 0 0 0 0 0 0 0 0 0 0 0
SHARD 6847 k=4 m=28 inter=1 colcap=128: NONE visited=50462 time=0.0s
ACCEPTED 0 0 0 0 0 0 0 14 85 297 439 272 73 7 2 0 0 0 0 0 0 0 0 0 0 0 0 0 0
SHARD 6848 k=4 m=28 inter=1 colcap=128: NONE visited=170289 time=0.1s
ACCEPTED 0 0 0 0 0 0 0 18 139 646 1407 1365 602 89 4 0 0 0 0 0 0 0 0 0 0 0 0 0 0
SHARD 6849 k=4 m=28 inter=1 colcap=128: NONE visited=36018 time=0.0s
ACCEPTED 0 0 0 0 0 0 0 14 84 210 301 197 44 4 0 0 0 0 0 0 0 0 0 0 0 0 0 0 0
SHARD 6850 k=4 m=28 inter=1 colcap=128: NONE visited=177549 time=0.1s
ACCEPTED 0 0 0 0 0 0 0 10 89 494 1292 1597 779 151 12 0 0 0 0 0 0 0 0 0 0 0 0 0 0
SHARD 6851 k=4 m=28 inter=1 colcap=128: NONE visited=911 time=0.0s
ACCEPTED 0 0 0 0 0 0 0 2 7 7 2 0 0 0 0 0 0 0 0 0 0 0 0 0 0 0 0 0 0
SHARD 6852 k=4 m=28 inter=1 colcap=128: NONE visited=6625 time=0.0s
ACCEPTED 0 0 0 0 0 0 0 6 29 52 31 10 2 0 0 0 0 0 0 0 0 0 0 0 0 0 0 0 0
SHARD 6853 k=4 m=28 inter=1 colcap=128: NONE visited=15102 time=0.0s
ACCEPTED 0 0 0 0 0 0 0 8 36 102 178 140 48 7 0 0 0 0 0 0 0 0 0 0 0 0 0 0 0
SHARD 6854 k=4 m=28 inter=1 colcap=128: NONE visited=110079 time=0.1s
ACCEPTED 0 0 0 0 0 0 0 27 220 772 1083 598 136 10 0 0 0 0 0 0 0 0 0 0 0 0 0 0 0
SHARD 6855 k=4 m=28 inter=1 colcap=128: NONE visited=50711 time=0.0s
ACCEPTED 0 0 0 0 0 0 0 13 104 364 470 219 35 1 0 0 0 0 0 0 0 0 0 0 0 0 0 0 0
SHARD 6856 k=4 m=28 inter=1 colcap=128: NONE visited=4027977 time=2.1s
ACCEPTED 0 0 0 0 0 0 0 36 564 4335 16475 32409 35880 23079 8770 2717 556 6 0 0 0 0 0 0 0 0 0 0 0
SHARD 6857 k=4 m=28 inter=1 colcap=128: NONE visited=462469 time=0.3s
ACCEPTED 0 0 0 0 0 0 0 26 273 1423 3619 4359 2247 450 54 0 0 0 0 0 0 0 0 0 0 0 0 0 0
SHARD 6858 k=4 m=28 inter=1 colcap=128: NONE visited=339513 time=0.2s
ACCEPTED 0 0 0 0 0 0 0 28 304 1449 3087 2997 1444 345 35 0 0 0 0 0 0 0 0 0 0 0 0 0 0
SHARD 6859 k=4 m=28 inter=1 colcap=128: NONE visited=826957 time=0.5s
ACCEPTED 0 0 0 0 0 0 0 26 357 2161 6302 9227 7182 2916 612 86 1 0 0 0 0 0 0 0 0 0 0 0 0
SHARD 6860 k=4 m=28 inter=1 colcap=128: NONE visited=2377744 time=1.4s
ACCEPTED 0 0 0 0 0 0 0 38 620 4881 17962 30407 23616 7928 1203 68 0 0 0 0 0 0 0 0 0 0 0 0 0
SHARD 6861 k=4 m=28 inter=1 colcap=128: NONE visited=215143 time=0.1s
ACCEPTED 0 0 0 0 0 0 0 27 225 1006 2173 2100 833 185 52 8 0 0 0 0 0 0 0 0 0 0 0 0 0
SHARD 6862 k=4 m=28 inter=1 colcap=128: NONE visited=256066 time=0.1s
ACCEPTED 0 0 0 0 0 0 0 15 155 803 2096 2603 1328 309 37 6 1 0 0 0 0 0 0 0 0 0 0 0 0
SHARD 6863 k=4 m=28 inter=1 colcap=128: NONE visited=20839 time=0.0s
ACCEPTED 0 0 0 0 0 0 0 17 78 142 117 42 7 1 0 0 0 0 0 0 0 0 0 0 0 0 0 0 0
SHARD 6864 k=4 m=28 inter=1 colcap=128: NONE visited=189764 time=0.1s
ACCEPTED 0 0 0 0 0 0 0 19 109 349 831 1612 2000 1447 570 110 8 0 0 0 0 0 0 0 0 0 0 0 0
SHARD 6865 k=4 m=28 inter=1 colcap=128: NONE visited=68931 time=0.0s
ACCEPTED 0 0 0 0 0 0 0 18 115 381 558 334 105 18 0 0 0 0 0 0 0 0 0 0 0 0 0 0 0
SHARD 6866 k=4 m=28 inter=1 colcap=128: NONE visited=205055 time=0.1s
ACCEPTED 0 0 0 0 0 0 0 16 123 641 1872 2392 1241 347 41 1 0 0 0 0 0 0 0 0 0 0 0 0 0
SHARD 6867 k=4 m=28 inter=1 colcap=128: NONE visited=3537 time=0.0s
ACCEPTED 0 0 0 0 0 0 0 2 14 35 8 3 0 0 0 0 0 0 0 0 0 0 0 0 0 0 0 0 0
SHARD 6868 k=4 m=28 inter=1 colcap=128: NONE visited=4064 time=0.0s
ACCEPTED 0 0 0 0 0 0 0 3 14 35 17 1 0 0 0 0 0 0 0 0 0 0 0 0 0 0 0 0 0
SHARD 6869 k=4 m=28 inter=1 colcap=128: NONE visited=5465 time=0.0s
ACCEPTED 0 0 0 0 0 0 0 6 20 37 28 4 0 0 0 0 0 0 0 0 0 0 0 0 0 0 0 0 0
SHARD 6870 k=4 m=28 inter=1 colcap=128: NONE visited=128075 time=0.1s
ACCEPTED 0 0 0 0 0 0 0 11 98 458 1067 1280 863 315 68 3 0 0 0 0 0 0 0 0 0 0 0 0 0
SHARD 6871 k=4 m=28 inter=1 colcap=128: NONE visited=5643586 time=4.6s
ACCEPTED 0 0 0 0 0 0 0 24 352 3037 15321 44883 76859 78813 49174 18358 3886 434 24 0 0 0 0 0 0 0 0 0 0
SHARD 6872 k=4 m=28 inter=1 colcap=128: NONE visited=8760573 time=6.0s
ACCEPTED 0 0 0 0 0 0 0 46 834 7300 32500 78461 109402 95102 53718 19341 4243 498 21 1 0 0 0 0 0 0 0 0 0
SHARD 6873 k=4 m=28 inter=1 colcap=128: NONE visited=707538 time=0.4s
ACCEPTED 0 0 0 0 0 0 0 21 236 1496 5274 9074 7860 4136 1534 355 24 0 0 0 0 0 0 0 0 0 0 0 0
SHARD 6874 k=4 m=28 inter=1 colcap=128: NONE visited=3283152 time=2.4s
ACCEPTED 0 0 0 0 0 0 0 43 643 4819 18536 37714 40916 24352 8352 1626 176 5 0 0 0 0 0 0 0 0 0 0 0
SHARD 6875 k=4 m=28 inter=1 colcap=128: NONE visited=3528286 time=2.4s
ACCEPTED 0 0 0 0 0 0 0 32 466 3779 16305 36764 45014 32204 14576 4493 1031 174 14 0 0 0 0 0 0 0 0 0 0
SHARD 6876 k=4 m=28 inter=1 colcap=128: NONE visited=3301559 time=2.4s
ACCEPTED 0 0 0 0 0 0 0 31 434 3474 15432 36942 47454 33510 13823 3347 443 33 0 0 0 0 0 0 0 0 0 0 0
SHARD 6877 k=4 m=28 inter=1 colcap=128: NONE visited=9334 time=0.0s
ACCEPTED 0 0 0 0 0 0 0 4 20 68 118 67 6 0 0 0 0 0 0 0 0 0 0 0 0 0 0 0 0
SHARD 6878 k=4 m=28 inter=1 colcap=128: NONE visited=86877 time=0.1s
ACCEPTED 0 0 0 0 0 0 0 10 80 391 892 827 321 44 6 0 0 0 0 0 0 0 0 0 0 0 0 0 0
SHARD 6879 k=4 m=28 inter=1 colcap=128: NONE visited=77764 time=0.0s
ACCEPTED 0 0 0 0 0 0 0 5 29 150 507 908 744 267 53 5 0 0 0 0 0 0 0 0 0 0 0 0 0
DONE exit=20
