SHARD 10160 k=4 m=28 inter=1 colcap=128: NONE visited=15070643 time=16.2s
ACCEPTED 0 0 0 0 0 0 0 25 373 3736 24277 96971 229250 315012 251215 123989 42093 9161 1072 56 2 0 0 0 0 0 0 0 0
SHARD 10161 k=4 m=28 inter=1 colcap=128: NONE visited=18453852 time=17.4s
ACCEPTED 0 0 0 0 0 0 0 30 481 4821 30231 116074 267939 368430 302487 151856 46465 8275 778 40 0 0 0 0 0 0 0 0 0
SHARD 10162 k=4 m=28 inter=1 colcap=128: NONE visited=3973916 time=3.2s
ACCEPTED 0 0 0 0 0 0 0 21 247 1789 8304 25458 51161 63525 47590 20157 4281 317 6 0 0 0 0 0 0 0 0 0 0
SHARD 10163 k=4 m=28 inter=1 colcap=128: NONE visited=147313 time=0.1s
ACCEPTED 0 0 0 0 0 0 0 7 37 238 1024 1983 1663 615 106 15 0 0 0 0 0 0 0 0 0 0 0 0 0
SHARD 10164 k=4 m=28 inter=1 colcap=128: NONE visited=268873 time=0.2s
ACCEPTED 0 0 0 0 0 0 0 15 115 480 1242 2429 3108 2196 789 102 8 0 0 0 0 0 0 0 0 0 0 0 0
SHARD 10165 k=4 m=28 inter=1 colcap=128: NONE visited=2843664 time=2.3s
ACCEPTED 0 0 0 0 0 0 0 13 129 957 5064 17547 36804 45364 34694 18166 6581 1597 196 6 0 0 0 0 0 0 0 0 0
SHARD 10166 k=4 m=28 inter=1 colcap=128: NONE visited=135202 time=0.1s
ACCEPTED 0 0 0 0 0 0 0 9 52 203 640 1428 1562 732 195 26 1 0 0 0 0 0 0 0 0 0 0 0 0
SHARD 10167 k=4 m=28 inter=1 colcap=128: NONE visited=1371 time=0.0s
ACCEPTED 0 0 0 0 0 0 0 2 9 15 5 0 0 0 0 0 0 0 0 0 0 0 0 0 0 0 0 0 0
SHARD 10168 k=4 m=28 inter=1 colcap=128: NONE visited=246961 time=0.2s
ACCEPTED 0 0 0 0 0 0 0 14 108 528 1571 2806 2764 1279 218 15 3 0 0 0 0 0 0 0 0 0 0 0 0
SHARD 10169 k=4 m=28 inter=1 colcap=128: NONE visited=3459341 time=2.9s
ACCEPTED 0 0 0 0 0 0 0 13 136 1111 6249 21971 45955 55943 39400 16490 3980 433 22 0 0 0 0 0 0 0 0 0 0
SHARD 10170 k=4 m=28 inter=1 colcap=128: NONE visited=54788 time=0.0s
ACCEPTED 0 0 0 0 0 0 0 3 22 95 251 433 513 417 161 16 0 0 0 0 0 0 0 0 0 0 0 0 0
SHARD 10171 k=4 m=28 inter=1 colcap=128: NONE visited=32722 time=0.0s
ACCEPTED 0 0 0 0 0 0 0 9 53 169 286 257 121 24 2 0 0 0 0 0 0 0 0 0 0 0 0 0 0
SHARD 10172 k=4 m=28 inter=1 colcap=128: NONE visited=640255 time=0.6s
ACCEPTED 0 0 0 0 0 0 0 8 67 442 2081 6245 11020 10631 5652 1598 197 3 0 0 0 0 0 0 0 0 0 0 0
SHARD 10173 k=4 m=28 inter=1 colcap=128: NONE visited=14146 time=0.0s
ACCEPTED 0 0 0 0 0 0 0 8 36 102 125 51 6 0 0 0 0 0 0 0 0 0 0 0 0 0 0 0 0
SHARD 10174 k=4 m=28 inter=1 colcap=128: NONE visited=47327 time=0.0s
ACCEPTED 0 0 0 0 0 0 0 6 31 160 425 577 291 28 0 0 0 0 0 0 0 0 0 0 0 0 0 0 0
SHARD 10175 k=4 m=28 inter=1 colcap=128: NONE visited=4593561 time=4.1s
ACCEPTED 0 0 0 0 0 0 0 19 193 1398 7512 27381 61141 77699 54043 21194 5492 874 14 0 0 0 0 0 0 0 0 0 0
SHARD 10176 k=4 m=28 inter=1 colcap=128: NONE visited=3769390 time=3.1s
ACCEPTED 0 0 0 0 0 0 0 15 181 1510 8366 28958 58930 66768 41277 13663 2259 140 1 0 0 0 0 0 0 0 0 0 0
SHARD 10177 k=4 m=28 inter=1 colcap=128: NONE visited=694491 time=0.4s
ACCEPTED 0 0 0 0 0 0 0 11 87 643 3162 8246 10025 5126 1099 48 0 0 0 0 0 0 0 0 0 0 0 0 0
SHARD 10178 k=4 m=28 inter=1 colcap=128: NONE visited=6845813 time=5.6s
ACCEPTED 0 0 0 0 0 0 0 27 390 3275 16207 48636 87938 94893 64509 27840 7926 1260 18 0 0 0 0 0 0 0 0 0 0
SHARD 10179 k=4 m=28 inter=1 colcap=128: NONE visited=356239 time=0.2s
ACCEPTED 0 0 0 0 0 0 0 11 81 545 2207 4815 5241 2518 478 16 0 0 0 0 0 0 0 0 0 0 0 0 0
SHARD 10180 k=4 m=28 inter=1 colcap=128: NONE visited=807467 time=0.5s
ACCEPTED 0 0 0 0 0 0 0 15 163 1055 4210 9718 11645 6730 1862 234 7 0 0 0 0 0 0 0 0 0 0 0 0
SHARD 10181 k=4 m=28 inter=1 colcap=128: NONE visited=41 time=0.0s
ACCEPTED 0 0 0 0 0 0 0 0 0 0 0 0 0 0 0 0 0 0 0 0 0 0 0 0 0 0 0 0 0
SHARD 10182 k=4 m=28 inter=1 colcap=128: NONE visited=2669 time=0.0s
ACCEPTED 0 0 0 0 0 0 0 4 14 22 11 3 0 0 0 0 0 0 0 0 0 0 0 0 0 0 0 0 0
SHARD 10183 k=4 m=28 inter=1 colcap=128: NONE visited=95293 time=0.1s
ACCEPTED 0 0 0 0 0 0 0 4 23 138 530 1042 1008 494 104 9 0 0 0 0 0 0 0 0 0 0 0 0 0
SHARD 10184 k=4 m=28 inter=1 colcap=128: NONE visited=463 time=0.0s
ACCEPTED 0 0 0 0 0 0 0 3 2 0 0 0 0 0 0 0 0 0 0 0 0 0 0 0 0 0 0 0 0
SHARD 10185 k=4 m=28 inter=1 colcap=128: NONE visited=878 time=0.0s
ACCEPTED 0 0 0 0 0 0 0 3 5 6 2 0 0 0 0 0 0 0 0 0 0 0 0 0 0 0 0 0 0
SHARD 10186 k=4 m=28 inter=1 colcap=128: NONE visited=256 time=0.0s
ACCEPTED 0 0 0 0 0 0 0 2 2 0 0 0 0 0 0 0 0 0 0 0 0 0 0 0 0 0 0 0 0
SHARD 10187 k=4 m=28 inter=1 colcap=128: NONE visited=17382 time=0.0s
ACCEPTED 0 0 0 0 0 0 0 9 47 123 143 62 15 0 0 0 0 0 0 0 0 0 0 0 0 0 0 0 0
SHARD 10188 k=4 m=28 inter=1 colcap=128: NONE visited=663132 time=0.5s
ACCEPTED 0 0 0 0 0 0 0 6 46 355 1837 5539 9329 7905 3167 676 89 7 0 0 0 0 0 0 0 0 0 0 0
SHARD 10189 k=4 m=28 inter=1 colcap=128: NONE visited=117202 time=0.1s
ACCEPTED 0 0 0 0 0 0 0 5 44 278 897 1394 1057 349 49 4 0 0 0 0 0 0 0 0 0 0 0 0 0
SHARD 10190 k=4 m=28 inter=1 colcap=128: NONE visited=13721 time=0.0s
ACCEPTED 0 0 0 0 0 0 0 8 36 109 157 98 31 2 0 0 0 0 0 0 0 0 0 0 0 0 0 0 0
SHARD 10191 k=4 m=28 inter=1 colcap=128: NONE visited=573125 time=0.4s
ACCEPTED 0 0 0 0 0 0 0 26 299 1742 5076 7073 5209 2299 609 102 12 0 0 0 0 0 0 0 0 0 0 0 0
SHARD 10192 k=4 m=28 inter=1 colcap=128: NONE visited=1915759 time=1.8s
ACCEPTED 0 0 0 0 0 0 0 17 186 1449 6833 18537 29672 29480 18479 6571 1387 146 3 0 0 0 0 0 0 0 0 0 0
SHARD 10193 k=4 m=28 inter=1 colcap=128: NONE visited=164044 time=0.1s
ACCEPTED 0 0 0 0 0 0 0 14 114 543 1324 1533 1016 492 115 7 0 0 0 0 0 0 0 0 0 0 0 0 0
SHARD 10194 k=4 m=28 inter=1 colcap=128: NONE visited=327579 time=0.2s
ACCEPTED 0 0 0 0 0 0 0 18 168 907 2592 3658 2659 1076 292 49 4 0 0 0 0 0 0 0 0 0 0 0 0
SHARD 10195 k=4 m=28 inter=1 colcap=128: NONE visited=234932 time=0.2s
ACCEPTED 0 0 0 0 0 0 0 11 71 486 1785 2888 2142 734 112 7 0 0 0 0 0 0 0 0 0 0 0 0 0
SHARD 10196 k=4 m=28 inter=1 colcap=128: NONE visited=233402 time=0.1s
ACCEPTED 0 0 0 0 0 0 0 7 52 359 1436 2622 2387 1291 362 56 4 0 0 0 0 0 0 0 0 0 0 0 0
SHARD 10197 k=4 m=28 inter=1 colcap=128: NONE visited=45241 time=0.0s
ACCEPTED 0 0 0 0 0 0 0 13 93 332 507 297 52 4 0 0 0 0 0 0 0 0 0 0 0 0 0 0 0
SHARD 10198 k=4 m=28 inter=1 colcap=128: NONE visited=1610125 time=1.0s
ACCEPTED 0 0 0 0 0 0 0 37 487 3023 9577 16820 18206 12121 4636 1084 160 9 1 0 0 0 0 0 0 0 0 0 0
SHARD 10199 k=4 m=28 inter=1 colcap=128: NONE visited=4036264 time=2.9s
ACCEPTED 0 0 0 0 0 0 0 20 251 2172 11332 33914 58037 57350 33348 10865 1727 132 1 0 0 0 0 0 0 0 0 0 0
DONE exit=20
