SHARD 9560 k=4 m=28 inter=1 colcap=128: NONE visited=6924 time=0.0s
ACCEPTED 0 0 0 0 0 0 0 4 15 49 58 14 0 0 0 0 0 0 0 0 0 0 0 0 0 0 0 0 0
SHARD 9561 k=4 m=28 inter=1 colcap=128: NONE visited=420854 time=0.2s
ACCEPTED 0 0 0 0 0 0 0 22 273 1539 3692 3676 1552 342 53 1 0 0 0 0 0 0 0 0 0 0 0 0 0
SHARD 9562 k=4 m=28 inter=1 colcap=128: NONE visited=945984 time=0.4s
ACCEPTED 0 0 0 0 0 0 0 24 344 2334 7195 9856 6299 2111 347 23 4 0 0 0 0 0 0 0 0 0 0 0 0
SHARD 9563 k=4 m=28 inter=1 colcap=128: NONE visited=294972 time=0.2s
ACCEPTED 0 0 0 0 0 0 0 15 135 753 2255 3234 2022 514 41 2 0 0 0 0 0 0 0 0 0 0 0 0 0
SHARD 9564 k=4 m=28 inter=1 colcap=128: NONE visited=12448 time=0.0s
ACCEPTED 0 0 0 0 0 0 0 8 34 86 109 51 11 0 0 0 0 0 0 0 0 0 0 0 0 0 0 0 0
SHARD 9565 k=4 m=28 inter=1 colcap=128: NONE visited=748936 time=0.4s
ACCEPTED 0 0 0 0 0 0 0 18 175 1053 3671 6994 7067 3954 1123 67 3 0 0 0 0 0 0 0 0 0 0 0 0
SHARD 9566 k=4 m=28 inter=1 colcap=128: NONE visited=2714385 time=1.9s
ACCEPTED 0 0 0 0 0 0 0 10 105 795 4216 13616 25763 28419 20264 11156 4095 822 100 33 12 0 0 0 0 0 0 0 0
SHARD 9567 k=4 m=28 inter=1 colcap=128: NONE visited=901733 time=0.5s
ACCEPTED 0 0 0 0 0 0 0 20 212 1389 5036 9095 7949 3613 784 24 0 0 0 0 0 0 0 0 0 0 0 0 0
SHARD 9568 k=4 m=28 inter=1 colcap=128: NONE visited=11888 time=0.0s
ACCEPTED 0 0 0 0 0 0 0 6 23 71 99 53 10 0 0 0 0 0 0 0 0 0 0 0 0 0 0 0 0
SHARD 9569 k=4 m=28 inter=1 colcap=128: NONE visited=50238 time=0.0s
ACCEPTED 0 0 0 0 0 0 0 7 35 151 434 499 210 35 4 0 0 0 0 0 0 0 0 0 0 0 0 0 0
SHARD 9570 k=4 m=28 inter=1 colcap=128: NONE visited=7536 time=0.0s
ACCEPTED 0 0 0 0 0 0 0 2 14 61 57 22 2 0 0 0 0 0 0 0 0 0 0 0 0 0 0 0 0
SHARD 9571 k=4 m=28 inter=1 colcap=128: NONE visited=39612 time=0.0s
ACCEPTED 0 0 0 0 0 0 0 5 25 98 281 384 252 120 18 0 0 0 0 0 0 0 0 0 0 0 0 0 0
SHARD 9572 k=4 m=28 inter=1 colcap=128: NONE visited=114641 time=0.1s
ACCEPTED 0 0 0 0 0 0 0 9 63 280 772 1139 748 187 14 0 0 0 0 0 0 0 0 0 0 0 0 0 0
SHARD 9573 k=4 m=28 inter=1 colcap=128: NONE visited=3958 time=0.0s
ACCEPTED 0 0 0 0 0 0 0 8 22 21 12 1 0 0 0 0 0 0 0 0 0 0 0 0 0 0 0 0 0
SHARD 9574 k=4 m=28 inter=1 colcap=128: NONE visited=34396 time=0.0s
ACCEPTED 0 0 0 0 0 0 0 16 86 218 268 122 27 3 0 0 0 0 0 0 0 0 0 0 0 0 0 0 0
SHARD 9575 k=4 m=28 inter=1 colcap=128: NONE visited=630 time=0.0s
ACCEPTED 0 0 0 0 0 0 0 4 4 2 0 0 0 0 0 0 0 0 0 0 0 0 0 0 0 0 0 0 0
SHARD 9576 k=4 m=28 inter=1 colcap=128: NONE visited=6181 time=0.0s
ACCEPTED 0 0 0 0 0 0 0 6 20 48 41 8 0 0 0 0 0 0 0 0 0 0 0 0 0 0 0 0 0
SHARD 9577 k=4 m=28 inter=1 colcap=128: NONE visited=21016 time=0.0s
ACCEPTED 0 0 0 0 0 0 0 5 25 99 196 160 46 3 0 0 0 0 0 0 0 0 0 0 0 0 0 0 0
SHARD 9578 k=4 m=28 inter=1 colcap=128: NONE visited=12734 time=0.0s
ACCEPTED 0 0 0 0 0 0 0 7 28 80 84 35 8 0 0 0 0 0 0 0 0 0 0 0 0 0 0 0 0
SHARD 9579 k=4 m=28 inter=1 colcap=128: NONE visited=2551 time=0.0s
ACCEPTED 0 0 0 0 0 0 0 5 14 14 5 0 0 0 0 0 0 0 0 0 0 0 0 0 0 0 0 0 0
SHARD 9580 k=4 m=28 inter=1 colcap=128: NONE visited=2687 time=0.0s
ACCEPTED 0 0 0 0 0 0 0 3 11 18 12 9 3 0 0 0 0 0 0 0 0 0 0 0 0 0 0 0 0
SHARD 9581 k=4 m=28 inter=1 colcap=128: NONE visited=67 time=0.0s
ACCEPTED 0 0 0 0 0 0 0 0 0 0 0 0 0 0 0 0 0 0 0 0 0 0 0 0 0 0 0 0 0
SHARD 9582 k=4 m=28 inter=1 colcap=128: NONE visited=226989 time=0.1s
ACCEPTED 0 0 0 0 0 0 0 15 173 926 2048 1490 264 1 0 0 0 0 0 0 0 0 0 0 0 0 0 0 0
SHARD 9583 k=4 m=28 inter=1 colcap=128: NONE visited=3287 time=0.0s
ACCEPTED 0 0 0 0 0 0 0 5 24 31 8 0 0 0 0 0 0 0 0 0 0 0 0 0 0 0 0 0 0
SHARD 9584 k=4 m=28 inter=1 colcap=128: NONE visited=22948 time=0.0s
ACCEPTED 0 0 0 0 0 0 0 19 95 177 132 26 3 0 0 0 0 0 0 0 0 0 0 0 0 0 0 0 0
SHARD 9585 k=4 m=28 inter=1 colcap=128: NONE visited=1302 time=0.0s
ACCEPTED 0 0 0 0 0 0 0 5 10 5 0 0 0 0 0 0 0 0 0 0 0 0 0 0 0 0 0 0 0
SHARD 9586 k=4 m=28 inter=1 colcap=128: NONE visited=28200 time=0.0s
ACCEPTED 0 0 0 0 0 0 0 18 90 189 179 55 29 3 0 0 0 0 0 0 0 0 0 0 0 0 0 0 0
SHARD 9587 k=4 m=28 inter=1 colcap=128: NONE visited=365 time=0.0s
ACCEPTED 0 0 0 0 0 0 0 2 3 0 0 0 0 0 0 0 0 0 0 0 0 0 0 0 0 0 0 0 0
SHARD 9588 k=4 m=28 inter=1 colcap=128: NONE visited=193 time=0.0s
ACCEPTED 0 0 0 0 0 0 0 1 0 0 0 0 0 0 0 0 0 0 0 0 0 0 0 0 0 0 0 0 0
SHARD 9589 k=4 m=28 inter=1 colcap=128: NONE visited=496 time=0.0s
ACCEPTED 0 0 0 0 0 0 0 2 3 1 0 0 0 0 0 0 0 0 0 0 0 0 0 0 0 0 0 0 0
SHARD 9590 k=4 m=28 inter=1 colcap=128: NONE visited=96 time=0.0s
ACCEPTED 0 0 0 0 0 0 0 0 0 0 0 0 0 0 0 0 0 0 0 0 0 0 0 0 0 0 0 0 0
SHARD 9591 k=4 m=28 inter=1 colcap=128: NONE visited=812 time=0.0s
ACCEPTED 0 0 0 0 0 0 0 3 5 3 0 0 0 0 0 0 0 0 0 0 0 0 0 0 0 0 0 0 0
SHARD 9592 k=4 m=28 inter=1 colcap=128: NONE visited=814 time=0.0s
ACCEPTED 0 0 0 0 0 0 0 4 5 1 0 0 0 0 0 0 0 0 0 0 0 0 0 0 0 0 0 0 0
SHARD 9593 k=4 m=28 inter=1 colcap=128: NONE visited=156501 time=0.1s
ACCEPTED 0 0 0 0 0 0 0 22 161 628 1349 1221 602 189 19 0 0 0 0 0 0 0 0 0 0 0 0 0 0
SHARD 9594 k=4 m=28 inter=1 colcap=128: NONE visited=207710 time=0.1s
ACCEPTED 0 0 0 0 0 0 0 14 106 508 1307 1943 1488 338 7 0 0 0 0 0 0 0 0 0 0 0 0 0 0
SHARD 9595 k=4 m=28 inter=1 colcap=128: NONE visited=270 time=0.0s
ACCEPTED 0 0 0 0 0 0 0 2 0 0 0 0 0 0 0 0 0 0 0 0 0 0 0 0 0 0 0 0 0
SHARD 9596 k=4 m=28 inter=1 colcap=128: NONE visited=415 time=0.0s
ACCEPTED 0 0 0 0 0 0 0 2 2 1 0 0 0 0 0 0 0 0 0 0 0 0 0 0 0 0 0 0 0
SHARD 9597 k=4 m=28 inter=1 colcap=128: NONE visited=2477 time=0.0s
ACCEPTED 0 0 0 0 0 0 0 8 21 9 0 0 0 0 0 0 0 0 0 0 0 0 0 0 0 0 0 0 0
SHARD 9598 k=4 m=28 inter=1 colcap=128: NONE visited=1034 time=0.0s
ACCEPTED 0 0 0 0 0 0 0 5 8 4 0 0 0 0 0 0 0 0 0 0 0 0 0 0 0 0 0 0 0
SHARD 9599 k=4 m=28 inter=1 colcap=128: NONE visited=49 time=0.0s
ACCEPTED 0 0 0 0 0 0 0 0 0 0 0 0 0 0 0 0 0 0 0 0 0 0 0 0 0 0 0 0 0
DONE exit=20
