SHARD 8000 k=4 m=28 inter=1 colcap=128: NONE visited=501 time=0.0s
ACCEPTED 0 0 0 0 0 0 0 3 2 0 0 0 0 0 0 0 0 0 0 0 0 0 0 0 0 0 0 0 0
SHARD 8001 k=4 m=28 inter=1 colcap=128: NONE visited=23343 time=0.0s
ACCEPTED 0 0 0 0 0 0 0 7 33 109 211 178 90 23 3 0 0 0 0 0 0 0 0 0 0 0 0 0 0
SHARD 8002 k=4 m=28 inter=1 colcap=128: NONE visited=7894 time=0.0s
ACCEPTED 0 0 0 0 0 0 0 4 18 60 51 14 0 0 0 0 0 0 0 0 0 0 0 0 0 0 0 0 0
SHARD 8003 k=4 m=28 inter=1 colcap=128: NONE visited=186898 time=0.1s
ACCEPTED 0 0 0 0 0 0 0 14 118 530 1224 1579 1324 867 368 80 15 1 0 0 0 0 0 0 0 0 0 0 0
SHARD 8004 k=4 m=28 inter=1 colcap=128: NONE visited=11293 time=0.0s
ACCEPTED 0 0 0 0 0 0 0 6 30 85 88 32 3 0 0 0 0 0 0 0 0 0 0 0 0 0 0 0 0
SHARD 8005 k=4 m=28 inter=1 colcap=128: NONE visited=644896 time=0.4s
ACCEPTED 0 0 0 0 0 0 0 21 205 1131 3597 6547 6596 3666 1073 172 20 0 0 0 0 0 0 0 0 0 0 0 0
SHARD 8006 k=4 m=28 inter=1 colcap=128: NONE visited=36907 time=0.0s
ACCEPTED 0 0 0 0 0 0 0 7 29 114 280 326 160 30 6 0 0 0 0 0 0 0 0 0 0 0 0 0 0
SHARD 8007 k=4 m=28 inter=1 colcap=128: NONE visited=295968 time=0.2s
ACCEPTED 0 0 0 0 0 0 0 17 146 759 2112 2876 1927 699 139 10 0 0 0 0 0 0 0 0 0 0 0 0 0
SHARD 8008 k=4 m=28 inter=1 colcap=128: NONE visited=218510 time=0.1s
ACCEPTED 0 0 0 0 0 0 0 6 37 293 1179 2100 1869 864 250 19 1 0 0 0 0 0 0 0 0 0 0 0 0
SHARD 8009 k=4 m=28 inter=1 colcap=128: NONE visited=911749 time=0.6s
ACCEPTED 0 0 0 0 0 0 0 22 230 1398 4687 8543 8935 5713 2138 457 56 0 0 0 0 0 0 0 0 0 0 0 0
SHARD 8010 k=4 m=28 inter=1 colcap=128: NONE visited=4626265 time=2.9s
ACCEPTED 0 0 0 0 0 0 0 27 355 2743 12192 30775 45635 40459 21425 7393 2061 476 19 7 3 0 0 0 0 0 0 0 0
SHARD 8011 k=4 m=28 inter=1 colcap=128: NONE visited=7569 time=0.0s
ACCEPTED 0 0 0 0 0 0 0 7 29 58 51 6 0 0 0 0 0 0 0 0 0 0 0 0 0 0 0 0 0
SHARD 8012 k=4 m=28 inter=1 colcap=128: NONE visited=2996323 time=1.7s
ACCEPTED 0 0 0 0 0 0 0 6 55 422 2316 7929 16657 22603 22081 17799 9107 312 0 0 0 0 0 0 0 0 0 0 0
SHARD 8013 k=4 m=28 inter=1 colcap=128: NONE visited=8977 time=0.0s
ACCEPTED 0 0 0 0 0 0 0 8 33 72 64 11 0 0 0 0 0 0 0 0 0 0 0 0 0 0 0 0 0
SHARD 8014 k=4 m=28 inter=1 colcap=128: NONE visited=4907 time=0.0s
ACCEPTED 0 0 0 0 0 0 0 4 16 44 23 12 1 0 0 0 0 0 0 0 0 0 0 0 0 0 0 0 0
SHARD 8015 k=4 m=28 inter=1 colcap=128: NONE visited=1038798 time=0.6s
ACCEPTED 0 0 0 0 0 0 0 17 178 1179 4456 9202 11392 8584 3499 665 46 0 0 0 0 0 0 0 0 0 0 0 0
SHARD 8016 k=4 m=28 inter=1 colcap=128: NONE visited=86360 time=0.0s
ACCEPTED 0 0 0 0 0 0 0 10 64 261 617 752 433 122 16 2 0 0 0 0 0 0 0 0 0 0 0 0 0
SHARD 8017 k=4 m=28 inter=1 colcap=128: NONE visited=7132 time=0.0s
ACCEPTED 0 0 0 0 0 0 0 2 21 70 42 6 0 0 0 0 0 0 0 0 0 0 0 0 0 0 0 0 0
SHARD 8018 k=4 m=28 inter=1 colcap=128: NONE visited=71172 time=0.0s
ACCEPTED 0 0 0 0 0 0 0 10 55 206 506 682 370 72 1 0 0 0 0 0 0 0 0 0 0 0 0 0 0
SHARD 8019 k=4 m=28 inter=1 colcap=128: NONE visited=4048468 time=2.9s
ACCEPTED 0 0 0 0 0 0 0 16 181 1501 8390 28094 53424 55629 31515 9425 1379 119 3 0 0 0 0 0 0 0 0 0 0
SHARD 8020 k=4 m=28 inter=1 colcap=128: NONE visited=25217 time=0.0s
ACCEPTED 0 0 0 0 0 0 0 10 40 115 212 166 22 0 0 0 0 0 0 0 0 0 0 0 0 0 0 0 0
SHARD 8021 k=4 m=28 inter=1 colcap=128: NONE visited=54236 time=0.0s
ACCEPTED 0 0 0 0 0 0 0 19 119 323 413 253 81 22 5 0 0 0 0 0 0 0 0 0 0 0 0 0 0
SHARD 8022 k=4 m=28 inter=1 colcap=128: NONE visited=4010 time=0.0s
ACCEPTED 0 0 0 0 0 0 0 10 24 19 8 0 0 0 0 0 0 0 0 0 0 0 0 0 0 0 0 0 0
SHARD 8023 k=4 m=28 inter=1 colcap=128: NONE visited=574797 time=0.3s
ACCEPTED 0 0 0 0 0 0 0 32 381 2046 4970 5555 3268 1112 179 10 0 0 0 0 0 0 0 0 0 0 0 0 0
SHARD 8024 k=4 m=28 inter=1 colcap=128: NONE visited=4148 time=0.0s
ACCEPTED 0 0 0 0 0 0 0 9 27 23 6 0 0 0 0 0 0 0 0 0 0 0 0 0 0 0 0 0 0
SHARD 8025 k=4 m=28 inter=1 colcap=128: NONE visited=354810 time=0.2s
ACCEPTED 0 0 0 0 0 0 0 22 188 835 2205 3393 2730 1310 345 28 0 0 0 0 0 0 0 0 0 0 0 0 0
SHARD 8026 k=4 m=28 inter=1 colcap=128: NONE visited=522917 time=0.4s
ACCEPTED 0 0 0 0 0 0 0 21 197 1024 2922 4771 4616 2745 1071 233 31 5 1 0 0 0 0 0 0 0 0 0 0
SHARD 8027 k=4 m=28 inter=1 colcap=128: NONE visited=482182 time=0.2s
ACCEPTED 0 0 0 0 0 0 0 26 266 1350 3624 4535 2843 1065 236 15 0 0 0 0 0 0 0 0 0 0 0 0 0
SHARD 8028 k=4 m=28 inter=1 colcap=128: NONE visited=2169 time=0.0s
ACCEPTED 0 0 0 0 0 0 0 5 12 15 3 0 0 0 0 0 0 0 0 0 0 0 0 0 0 0 0 0 0
SHARD 8029 k=4 m=28 inter=1 colcap=128: NONE visited=587 time=0.0s
ACCEPTED 0 0 0 0 0 0 0 2 3 5 4 0 0 0 0 0 0 0 0 0 0 0 0 0 0 0 0 0 0
SHARD 8030 k=4 m=28 inter=1 colcap=128: NONE visited=548 time=0.0s
ACCEPTED 0 0 0 0 0 0 0 2 3 1 0 0 0 0 0 0 0 0 0 0 0 0 0 0 0 0 0 0 0
SHARD 8031 k=4 m=28 inter=1 colcap=128: NONE visited=4063 time=0.0s
ACCEPTED 0 0 0 0 0 0 0 7 21 28 10 0 0 0 0 0 0 0 0 0 0 0 0 0 0 0 0 0 0
SHARD 8032 k=4 m=28 inter=1 colcap=128: NONE visited=98 time=0.0s
ACCEPTED 0 0 0 0 0 0 0 0 0 0 0 0 0 0 0 0 0 0 0 0 0 0 0 0 0 0 0 0 0
SHARD 8033 k=4 m=28 inter=1 colcap=128: NONE visited=347 time=0.0s
ACCEPTED 0 0 0 0 0 0 0 2 2 1 0 0 0 0 0 0 0 0 0 0 0 0 0 0 0 0 0 0 0
SHARD 8034 k=4 m=28 inter=1 colcap=128: NONE visited=7118 time=0.0s
ACCEPTED 0 0 0 0 0 0 0 6 21 46 36 18 0 0 0 0 0 0 0 0 0 0 0 0 0 0 0 0 0
SHARD 8035 k=4 m=28 inter=1 colcap=128: NONE visited=46133 time=0.0s
ACCEPTED 0 0 0 0 0 0 0 7 33 147 367 451 246 62 13 1 0 0 0 0 0 0 0 0 0 0 0 0 0
SHARD 8036 k=4 m=28 inter=1 colcap=128: NONE visited=328962 time=0.2s
ACCEPTED 0 0 0 0 0 0 0 18 167 888 2450 3322 2072 605 91 10 0 0 0 0 0 0 0 0 0 0 0 0 0
SHARD 8037 k=4 m=28 inter=1 colcap=128: NONE visited=12633 time=0.0s
ACCEPTED 0 0 0 0 0 0 0 6 34 103 74 14 0 0 0 0 0 0 0 0 0 0 0 0 0 0 0 0 0
SHARD 8038 k=4 m=28 inter=1 colcap=128: NONE visited=952 time=0.0s
ACCEPTED 0 0 0 0 0 0 0 7 11 1 0 0 0 0 0 0 0 0 0 0 0 0 0 0 0 0 0 0 0
SHARD 8039 k=4 m=28 inter=1 colcap=128: NONE visited=163597 time=0.1s
ACCEPTED 0 0 0 0 0 0 0 32 311 1023 1285 743 93 3 0 0 0 0 0 0 0 0 0 0 0 0 0 0 0
DONE exit=20
