SHARD 10240 k=4 m=28 inter=1 colcap=128: NONE visited=337721 time=0.3s
ACCEPTED 0 0 0 0 0 0 0 5 43 255 1140 3143 5022 4306 1846 342 32 2 0 0 0 0 0 0 0 0 0 0 0
SHARD 10241 k=4 m=28 inter=1 colcap=128: NONE visited=1678865 time=1.3s
ACCEPTED 0 0 0 0 0 0 0 10 95 673 3178 9312 17539 21250 17452 8604 1856 74 3 0 0 0 0 0 0 0 0 0 0
SHARD 10242 k=4 m=28 inter=1 colcap=128: NONE visited=11739988 time=12.3s
ACCEPTED 0 0 0 0 0 0 0 14 176 1656 10936 48255 137157 242649 257187 156280 51600 8114 619 2 0 0 0 0 0 0 0 0 0
SHARD 10243 k=4 m=28 inter=1 colcap=128: NONE visited=109814896 time=122.2s
ACCEPTED 0 0 0 0 0 0 0 29 527 6583 55290 300005 1020079 2132369 2700566 2052250 923428 241879 33328 1417 78 5 0 0 0 0 0 0 0
SHARD 10244 k=4 m=28 inter=1 colcap=128: NONE visited=1343659 time=1.0s
ACCEPTED 0 0 0 0 0 0 0 14 110 725 3475 10296 17577 16884 9059 2674 386 17 0 0 0 0 0 0 0 0 0 0 0
SHARD 10245 k=4 m=28 inter=1 colcap=128: NONE visited=15565104 time=18.1s
ACCEPTED 0 0 0 0 0 0 0 16 172 1464 9407 43892 140789 293382 384160 317561 166935 54254 9262 36 0 0 0 0 0 0 0 0 0
SHARD 10246 k=4 m=28 inter=1 colcap=128: NONE visited=350062 time=0.3s
ACCEPTED 0 0 0 0 0 0 0 6 30 187 767 2002 3534 4993 3217 578 17 0 0 0 0 0 0 0 0 0 0 0 0
SHARD 10247 k=4 m=28 inter=1 colcap=128: NONE visited=50122329 time=57.6s
ACCEPTED 0 0 0 0 0 0 0 22 331 3642 27194 130176 397420 787362 1033287 904195 531571 192914 15445 738 41 0 0 0 0 0 0 0 0
SHARD 10248 k=4 m=28 inter=1 colcap=128: NONE visited=3219093 time=2.5s
ACCEPTED 0 0 0 0 0 0 0 11 91 814 5174 19794 42583 50485 30774 9725 1506 133 10 0 0 0 0 0 0 0 0 0 0
SHARD 10249 k=4 m=28 inter=1 colcap=128: NONE visited=7441981 time=8.4s
ACCEPTED 0 0 0 0 0 0 0 12 132 1053 6160 25623 74258 145871 185519 141925 58786 11468 632 7 0 0 0 0 0 0 0 0 0
SHARD 10250 k=4 m=28 inter=1 colcap=128: NONE visited=23267388 time=25.6s
ACCEPTED 0 0 0 0 0 0 0 22 293 2824 18682 82274 236474 432706 495090 347807 143386 32031 2449 105 4 0 0 0 0 0 0 0 0
SHARD 10251 k=4 m=28 inter=1 colcap=128: NONE visited=49764 time=0.0s
ACCEPTED 0 0 0 0 0 0 0 1 10 70 280 589 514 242 66 3 0 0 0 0 0 0 0 0 0 0 0 0 0
SHARD 10252 k=4 m=28 inter=1 colcap=128: NONE visited=2045941 time=1.7s
ACCEPTED 0 0 0 0 0 0 0 8 75 482 2416 8898 22049 33523 27841 11746 2996 521 56 3 0 0 0 0 0 0 0 0 0
SHARD 10253 k=4 m=28 inter=1 colcap=128: NONE visited=29042 time=0.0s
ACCEPTED 0 0 0 0 0 0 0 8 40 115 200 246 167 58 13 2 0 0 0 0 0 0 0 0 0 0 0 0 0
SHARD 10254 k=4 m=28 inter=1 colcap=128: NONE visited=2026978 time=1.5s
ACCEPTED 0 0 0 0 0 0 0 13 128 985 4943 15010 26843 27260 14715 4100 782 22 0 0 0 0 0 0 0 0 0 0 0
SHARD 10255 k=4 m=28 inter=1 colcap=128: NONE visited=4556 time=0.0s
ACCEPTED 0 0 0 0 0 0 0 2 17 45 36 11 0 0 0 0 0 0 0 0 0 0 0 0 0 0 0 0 0
SHARD 10256 k=4 m=28 inter=1 colcap=128: NONE visited=83956 time=0.0s
ACCEPTED 0 0 0 0 0 0 0 12 86 347 724 894 624 193 20 0 0 0 0 0 0 0 0 0 0 0 0 0 0
SHARD 10257 k=4 m=28 inter=1 colcap=128: NONE visited=11109133 time=9.3s
ACCEPTED 0 0 0 0 0 0 0 36 637 6419 36779 115446 193309 173135 85956 24352 3874 398 26 0 0 0 0 0 0 0 0 0 0
SHARD 10258 k=4 m=28 inter=1 colcap=128: NONE visited=413834 time=0.3s
ACCEPTED 0 0 0 0 0 0 0 15 113 510 1601 3861 5766 4290 1535 278 24 0 0 0 0 0 0 0 0 0 0 0 0
SHARD 10259 k=4 m=28 inter=1 colcap=128: NONE visited=1546114 time=1.3s
ACCEPTED 0 0 0 0 0 0 0 19 190 1264 5412 14501 23634 22952 12800 4320 975 124 2 0 0 0 0 0 0 0 0 0 0
SHARD 10260 k=4 m=28 inter=1 colcap=128: NONE visited=5217084 time=5.0s
ACCEPTED 0 0 0 0 0 0 0 17 202 1741 10291 38687 86471 109841 78942 33140 7318 650 19 1 0 0 0 0 0 0 0 0 0
SHARD 10261 k=4 m=28 inter=1 colcap=128: NONE visited=2554237 time=1.7s
ACCEPTED 0 0 0 0 0 0 0 23 259 1764 7440 20004 33894 33815 20046 7199 1561 212 28 1 0 0 0 0 0 0 0 0 0
SHARD 10262 k=4 m=28 inter=1 colcap=128: NONE visited=287962 time=0.2s
ACCEPTED 0 0 0 0 0 0 0 4 30 299 1482 3634 3853 1612 188 8 0 0 0 0 0 0 0 0 0 0 0 0 0
SHARD 10263 k=4 m=28 inter=1 colcap=128: NONE visited=2266307 time=1.5s
ACCEPTED 0 0 0 0 0 0 0 23 275 1949 8261 20643 29136 24490 13564 5491 1566 233 5 0 0 0 0 0 0 0 0 0 0
SHARD 10264 k=4 m=28 inter=1 colcap=128: NONE visited=6053285 time=5.3s
ACCEPTED 0 0 0 0 0 0 0 16 183 1539 8702 31149 69009 96293 86180 49922 18936 5865 1498 83 0 0 0 0 0 0 0 0 0
SHARD 10265 k=4 m=28 inter=1 colcap=128: NONE visited=428006 time=0.3s
ACCEPTED 0 0 0 0 0 0 0 13 92 498 1846 4328 5817 4183 1617 371 43 2 0 0 0 0 0 0 0 0 0 0 0
SHARD 10266 k=4 m=28 inter=1 colcap=128: NONE visited=111974 time=0.1s
ACCEPTED 0 0 0 0 0 0 0 18 136 539 1006 932 407 95 7 1 0 0 0 0 0 0 0 0 0 0 0 0 0
SHARD 10267 k=4 m=28 inter=1 colcap=128: NONE visited=2053306 time=1.3s
ACCEPTED 0 0 0 0 0 0 0 23 244 1579 6306 15434 23678 23618 15638 6101 948 71 9 0 0 0 0 0 0 0 0 0 0
SHARD 10268 k=4 m=28 inter=1 colcap=128: NONE visited=1476 time=0.0s
ACCEPTED 0 0 0 0 0 0 0 6 11 6 1 0 0 0 0 0 0 0 0 0 0 0 0 0 0 0 0 0 0
SHARD 10269 k=4 m=28 inter=1 colcap=128: NONE visited=4528559 time=4.0s
ACCEPTED 0 0 0 0 0 0 0 15 173 1421 7701 26256 55449 72818 62711 36944 14673 3343 95 0 0 0 0 0 0 0 0 0 0
SHARD 10270 k=4 m=28 inter=1 colcap=128: NONE visited=1063319 time=0.8s
ACCEPTED 0 0 0 0 0 0 0 15 131 964 4743 12227 15236 8980 2533 280 15 0 0 0 0 0 0 0 0 0 0 0 0
SHARD 10271 k=4 m=28 inter=1 colcap=128: NONE visited=4956 time=0.0s
ACCEPTED 0 0 0 0 0 0 0 6 23 39 26 0 0 0 0 0 0 0 0 0 0 0 0 0 0 0 0 0 0
SHARD 10272 k=4 m=28 inter=1 colcap=128: NONE visited=142642 time=0.1s
ACCEPTED 0 0 0 0 0 0 0 10 67 324 996 1653 1327 444 63 4 0 0 0 0 0 0 0 0 0 0 0 0 0
SHARD 10273 k=4 m=28 inter=1 colcap=128: NONE visited=210 time=0.0s
ACCEPTED 0 0 0 0 0 0 0 1 1 0 0 0 0 0 0 0 0 0 0 0 0 0 0 0 0 0 0 0 0
SHARD 10274 k=4 m=28 inter=1 colcap=128: NONE visited=357 time=0.0s
ACCEPTED 0 0 0 0 0 0 0 4 3 0 0 0 0 0 0 0 0 0 0 0 0 0 0 0 0 0 0 0 0
SHARD 10275 k=4 m=28 inter=1 colcap=128: NONE visited=80534 time=0.0s
ACCEPTED 0 0 0 0 0 0 0 17 109 389 790 704 283 52 3 0 0 0 0 0 0 0 0 0 0 0 0 0 0
SHARD 10276 k=4 m=28 inter=1 colcap=128: NONE visited=4416 time=0.0s
ACCEPTED 0 0 0 0 0 0 0 6 20 34 22 2 0 0 0 0 0 0 0 0 0 0 0 0 0 0 0 0 0
SHARD 10277 k=4 m=28 inter=1 colcap=128: NONE visited=12471 time=0.0s
ACCEPTED 0 0 0 0 0 0 0 8 30 68 90 72 19 5 0 0 0 0 0 0 0 0 0 0 0 0 0 0 0
SHARD 10278 k=4 m=28 inter=1 colcap=128: NONE visited=151 time=0.0s
ACCEPTED 0 0 0 0 0 0 0 1 2 0 0 0 0 0 0 0 0 0 0 0 0 0 0 0 0 0 0 0 0
SHARD 10279 k=4 m=28 inter=1 colcap=128: NONE visited=84464 time=0.1s
ACCEPTED 0 0 0 0 0 0 0 5 26 175 579 951 620 176 24 3 0 0 0 0 0 0 0 0 0 0 0 0 0
DONE exit=20
