SHARD 3200 k=4 m=28 inter=1 colcap=128: NONE visited=694311 time=0.6s
ACCEPTED 0 0 0 0 0 0 0 16 143 869 3368 7613 9206 5648 1989 605 190 24 0 0 0 0 0 0 0 0 0 0 0
SHARD 3201 k=4 m=28 inter=1 colcap=128: NONE visited=483870 time=0.4s
ACCEPTED 0 0 0 0 0 0 0 18 157 844 2975 6254 6248 2402 571 100 12 1 0 0 0 0 0 0 0 0 0 0 0
SHARD 3202 k=4 m=28 inter=1 colcap=128: NONE visited=3155 time=0.0s
ACCEPTED 0 0 0 0 0 0 0 3 11 27 26 11 2 0 0 0 0 0 0 0 0 0 0 0 0 0 0 0 0
SHARD 3203 k=4 m=28 inter=1 colcap=128: NONE visited=56555 time=0.0s
ACCEPTED 0 0 0 0 0 0 0 9 57 262 575 516 218 35 1 0 0 0 0 0 0 0 0 0 0 0 0 0 0
SHARD 3204 k=4 m=28 inter=1 colcap=128: NONE visited=30554 time=0.0s
ACCEPTED 0 0 0 0 0 0 0 6 27 121 308 337 184 48 4 0 0 0 0 0 0 0 0 0 0 0 0 0 0
SHARD 3205 k=4 m=28 inter=1 colcap=128: NONE visited=122653 time=0.1s
ACCEPTED 0 0 0 0 0 0 0 12 85 391 1080 1525 960 294 53 7 0 0 0 0 0 0 0 0 0 0 0 0 0
SHARD 3206 k=4 m=28 inter=1 colcap=128: NONE visited=109177 time=0.1s
ACCEPTED 0 0 0 0 0 0 0 15 105 401 953 1393 860 201 8 1 0 0 0 0 0 0 0 0 0 0 0 0 0
SHARD 3207 k=4 m=28 inter=1 colcap=128: NONE visited=10749202 time=12.0s
ACCEPTED 0 0 0 0 0 0 0 27 423 4166 25531 91532 180641 186535 102993 29094 4039 134 4 0 0 0 0 0 0 0 0 0 0
SHARD 3208 k=4 m=28 inter=1 colcap=128: NONE visited=10521944 time=10.6s
ACCEPTED 0 0 0 0 0 0 0 36 571 5219 28449 90784 165130 165275 89469 25655 3900 359 25 1 0 0 0 0 0 0 0 0 0
SHARD 3209 k=4 m=28 inter=1 colcap=128: NONE visited=2444572 time=2.4s
ACCEPTED 0 0 0 0 0 0 0 27 333 2434 10547 26105 35889 28876 14508 4580 820 70 1 0 0 0 0 0 0 0 0 0 0
SHARD 3210 k=4 m=28 inter=1 colcap=128: NONE visited=4847028 time=4.6s
ACCEPTED 0 0 0 0 0 0 0 38 611 5104 23242 57332 74457 50119 18906 3837 257 9 0 0 0 0 0 0 0 0 0 0 0
SHARD 3211 k=4 m=28 inter=1 colcap=128: NONE visited=18401533 time=24.6s
ACCEPTED 0 0 0 0 0 0 0 26 358 3205 19243 76433 197406 325218 343061 228631 95747 19859 950 0 0 0 0 0 0 0 0 0 0
SHARD 3212 k=4 m=28 inter=1 colcap=128: NONE visited=1846007 time=1.6s
ACCEPTED 0 0 0 0 0 0 0 31 398 2743 10921 23736 27123 14171 3367 485 41 0 0 0 0 0 0 0 0 0 0 0 0
SHARD 3213 k=4 m=28 inter=1 colcap=128: NONE visited=64606 time=0.0s
ACCEPTED 0 0 0 0 0 0 0 8 51 274 740 713 235 20 0 0 0 0 0 0 0 0 0 0 0 0 0 0 0
SHARD 3214 k=4 m=28 inter=1 colcap=128: NONE visited=211032 time=0.1s
ACCEPTED 0 0 0 0 0 0 0 20 172 825 2170 2672 1332 267 22 0 0 0 0 0 0 0 0 0 0 0 0 0 0
SHARD 3215 k=4 m=28 inter=1 colcap=128: NONE visited=78062 time=0.1s
ACCEPTED 0 0 0 0 0 0 0 12 68 243 543 735 678 504 262 61 3 0 0 0 0 0 0 0 0 0 0 0 0
SHARD 3216 k=4 m=28 inter=1 colcap=128: NONE visited=1233652 time=1.0s
ACCEPTED 0 0 0 0 0 0 0 18 194 1427 6256 14536 16043 7603 1738 174 7 0 0 0 0 0 0 0 0 0 0 0 0
SHARD 3217 k=4 m=28 inter=1 colcap=128: NONE visited=815906 time=0.7s
ACCEPTED 0 0 0 0 0 0 0 16 148 1061 4578 10076 10063 3757 471 28 0 0 0 0 0 0 0 0 0 0 0 0 0
SHARD 3218 k=4 m=28 inter=1 colcap=128: NONE visited=786 time=0.0s
ACCEPTED 0 0 0 0 0 0 0 2 6 10 3 0 0 0 0 0 0 0 0 0 0 0 0 0 0 0 0 0 0
SHARD 3219 k=4 m=28 inter=1 colcap=128: NONE visited=6812 time=0.0s
ACCEPTED 0 0 0 0 0 0 0 5 11 20 52 82 59 10 0 0 0 0 0 0 0 0 0 0 0 0 0 0 0
SHARD 3220 k=4 m=28 inter=1 colcap=128: NONE visited=1850 time=0.0s
ACCEPTED 0 0 0 0 0 0 0 3 3 9 22 12 1 0 0 0 0 0 0 0 0 0 0 0 0 0 0 0 0
SHARD 3221 k=4 m=28 inter=1 colcap=128: NONE visited=32 time=0.0s
ACCEPTED 0 0 0 0 0 0 0 0 0 0 0 0 0 0 0 0 0 0 0 0 0 0 0 0 0 0 0 0 0
SHARD 3222 k=4 m=28 inter=1 colcap=128: NONE visited=78 time=0.0s
ACCEPTED 0 0 0 0 0 0 0 0 0 0 0 0 0 0 0 0 0 0 0 0 0 0 0 0 0 0 0 0 0
SHARD 3223 k=4 m=28 inter=1 colcap=128: NONE visited=741 time=0.0s
ACCEPTED 0 0 0 0 0 0 0 5 7 0 0 0 0 0 0 0 0 0 0 0 0 0 0 0 0 0 0 0 0
SHARD 3224 k=4 m=28 inter=1 colcap=128: NONE visited=1203757 time=1.0s
ACCEPTED 0 0 0 0 0 0 0 36 500 3346 11064 15760 8812 1773 130 4 0 0 0 0 0 0 0 0 0 0 0 0 0
SHARD 3225 k=4 m=28 inter=1 colcap=128: NONE visited=13723 time=0.0s
ACCEPTED 0 0 0 0 0 0 0 15 74 124 110 81 38 0 0 0 0 0 0 0 0 0 0 0 0 0 0 0 0
SHARD 3226 k=4 m=28 inter=1 colcap=128: NONE visited=71766 time=0.1s
ACCEPTED 0 0 0 0 0 0 0 11 74 292 638 778 468 96 5 0 0 0 0 0 0 0 0 0 0 0 0 0 0
SHARD 3227 k=4 m=28 inter=1 colcap=128: NONE visited=184 time=0.0s
ACCEPTED 0 0 0 0 0 0 0 3 0 0 0 0 0 0 0 0 0 0 0 0 0 0 0 0 0 0 0 0 0
SHARD 3228 k=4 m=28 inter=1 colcap=128: NONE visited=2333 time=0.0s
ACCEPTED 0 0 0 0 0 0 0 10 25 15 1 0 0 0 0 0 0 0 0 0 0 0 0 0 0 0 0 0 0
SHARD 3229 k=4 m=28 inter=1 colcap=128: NONE visited=41288 time=0.0s
ACCEPTED 0 0 0 0 0 0 0 12 80 298 498 388 115 14 2 0 0 0 0 0 0 0 0 0 0 0 0 0 0
SHARD 3230 k=4 m=28 inter=1 colcap=128: NONE visited=156 time=0.0s
ACCEPTED 0 0 0 0 0 0 0 2 0 0 0 0 0 0 0 0 0 0 0 0 0 0 0 0 0 0 0 0 0
SHARD 3231 k=4 m=28 inter=1 colcap=128: NONE visited=642 time=0.0s
ACCEPTED 0 0 0 0 0 0 0 4 9 2 1 0 0 0 0 0 0 0 0 0 0 0 0 0 0 0 0 0 0
SHARD 3232 k=4 m=28 inter=1 colcap=128: NONE visited=2933 time=0.0s
ACCEPTED 0 0 0 0 0 0 0 4 12 21 22 19 1 0 0 0 0 0 0 0 0 0 0 0 0 0 0 0 0
SHARD 3233 k=4 m=28 inter=1 colcap=128: NONE visited=70 time=0.0s
ACCEPTED 0 0 0 0 0 0 0 0 0 0 0 0 0 0 0 0 0 0 0 0 0 0 0 0 0 0 0 0 0
SHARD 3234 k=4 m=28 inter=1 colcap=128: NONE visited=3194 time=0.0s
ACCEPTED 0 0 0 0 0 0 0 8 17 18 14 5 0 0 0 0 0 0 0 0 0 0 0 0 0 0 0 0 0
SHARD 3235 k=4 m=28 inter=1 colcap=128: NONE visited=40967 time=0.0s
ACCEPTED 0 0 0 0 0 0 0 18 103 266 341 222 52 4 0 0 0 0 0 0 0 0 0 0 0 0 0 0 0
SHARD 3236 k=4 m=28 inter=1 colcap=128: NONE visited=289 time=0.0s
ACCEPTED 0 0 0 0 0 0 0 2 2 0 0 0 0 0 0 0 0 0 0 0 0 0 0 0 0 0 0 0 0
SHARD 3237 k=4 m=28 inter=1 colcap=128: NONE visited=2081 time=0.0s
ACCEPTED 0 0 0 0 0 0 0 7 14 11 0 0 0 0 0 0 0 0 0 0 0 0 0 0 0 0 0 0 0
SHARD 3238 k=4 m=28 inter=1 colcap=128: NONE visited=1804853 time=1.3s
ACCEPTED 0 0 0 0 0 0 0 41 630 4405 14487 21203 14094 4613 763 67 4 0 0 0 0 0 0 0 0 0 0 0 0
SHARD 3239 k=4 m=28 inter=1 colcap=128: NONE visited=9127 time=0.0s
ACCEPTED 0 0 0 0 0 0 0 9 41 67 53 16 0 0 0 0 0 0 0 0 0 0 0 0 0 0 0 0 0
DONE exit=20
