SHARD 7720 k=4 m=28 inter=1 colcap=128: NONE visited=8992 time=0.0s
ACCEPTED 0 0 0 0 0 0 0 2 16 56 70 28 6 0 0 0 0 0 0 0 0 0 0 0 0 0 0 0 0
SHARD 7721 k=4 m=28 inter=1 colcap=128: NONE visited=5372 time=0.0s
ACCEPTED 0 0 0 0 0 0 0 8 33 56 22 5 0 0 0 0 0 0 0 0 0 0 0 0 0 0 0 0 0
SHARD 7722 k=4 m=28 inter=1 colcap=128: NONE visited=20126 time=0.0s
ACCEPTED 0 0 0 0 0 0 0 14 78 170 133 21 0 0 0 0 0 0 0 0 0 0 0 0 0 0 0 0 0
SHARD 7723 k=4 m=28 inter=1 colcap=128: NONE visited=200200 time=0.1s
ACCEPTED 0 0 0 0 0 0 0 25 240 1038 1967 1569 523 93 5 0 0 0 0 0 0 0 0 0 0 0 0 0 0
SHARD 7724 k=4 m=28 inter=1 colcap=128: NONE visited=50979 time=0.0s
ACCEPTED 0 0 0 0 0 0 0 14 86 275 520 370 105 10 0 0 0 0 0 0 0 0 0 0 0 0 0 0 0
SHARD 7725 k=4 m=28 inter=1 colcap=128: NONE visited=702578 time=0.4s
ACCEPTED 0 0 0 0 0 0 0 28 311 1681 4776 7391 6384 3175 776 88 11 1 0 0 0 0 0 0 0 0 0 0 0
SHARD 7726 k=4 m=28 inter=1 colcap=128: NONE visited=289751 time=0.2s
ACCEPTED 0 0 0 0 0 0 0 28 258 1202 2785 2944 1383 224 10 0 0 0 0 0 0 0 0 0 0 0 0 0 0
SHARD 7727 k=4 m=28 inter=1 colcap=128: NONE visited=509790 time=0.3s
ACCEPTED 0 0 0 0 0 0 0 20 238 1470 4254 5620 3299 861 97 6 0 0 0 0 0 0 0 0 0 0 0 0 0
SHARD 7728 k=4 m=28 inter=1 colcap=128: NONE visited=380 time=0.0s
ACCEPTED 0 0 0 0 0 0 0 1 4 1 0 0 0 0 0 0 0 0 0 0 0 0 0 0 0 0 0 0 0
SHARD 7729 k=4 m=28 inter=1 colcap=128: NONE visited=48033 time=0.0s
ACCEPTED 0 0 0 0 0 0 0 19 108 287 380 260 67 7 1 0 0 0 0 0 0 0 0 0 0 0 0 0 0
SHARD 7730 k=4 m=28 inter=1 colcap=128: NONE visited=5479 time=0.0s
ACCEPTED 0 0 0 0 0 0 0 5 25 37 19 5 0 0 0 0 0 0 0 0 0 0 0 0 0 0 0 0 0
SHARD 7731 k=4 m=28 inter=1 colcap=128: NONE visited=6512 time=0.0s
ACCEPTED 0 0 0 0 0 0 0 2 13 44 52 10 2 0 0 0 0 0 0 0 0 0 0 0 0 0 0 0 0
SHARD 7732 k=4 m=28 inter=1 colcap=128: NONE visited=1359 time=0.0s
ACCEPTED 0 0 0 0 0 0 0 4 5 12 0 0 0 0 0 0 0 0 0 0 0 0 0 0 0 0 0 0 0
SHARD 7733 k=4 m=28 inter=1 colcap=128: NONE visited=20741 time=0.0s
ACCEPTED 0 0 0 0 0 0 0 10 45 136 164 72 6 0 0 0 0 0 0 0 0 0 0 0 0 0 0 0 0
SHARD 7734 k=4 m=28 inter=1 colcap=128: NONE visited=77551 time=0.0s
ACCEPTED 0 0 0 0 0 0 0 10 51 210 562 744 414 87 3 0 0 0 0 0 0 0 0 0 0 0 0 0 0
SHARD 7735 k=4 m=28 inter=1 colcap=128: NONE visited=355325 time=0.2s
ACCEPTED 0 0 0 0 0 0 0 17 137 715 1762 2264 2178 1510 391 1 0 0 0 0 0 0 0 0 0 0 0 0 0
SHARD 7736 k=4 m=28 inter=1 colcap=128: NONE visited=55429 time=0.0s
ACCEPTED 0 0 0 0 0 0 0 11 61 250 489 428 110 8 0 0 0 0 0 0 0 0 0 0 0 0 0 0 0
SHARD 7737 k=4 m=28 inter=1 colcap=128: NONE visited=527621 time=0.3s
ACCEPTED 0 0 0 0 0 0 0 17 154 1019 3423 5501 4210 1774 524 105 10 0 0 0 0 0 0 0 0 0 0 0 0
SHARD 7738 k=4 m=28 inter=1 colcap=128: NONE visited=15356 time=0.0s
ACCEPTED 0 0 0 0 0 0 0 14 50 110 101 59 13 0 0 0 0 0 0 0 0 0 0 0 0 0 0 0 0
SHARD 7739 k=4 m=28 inter=1 colcap=128: NONE visited=263593 time=0.1s
ACCEPTED 0 0 0 0 0 0 0 12 92 553 1785 2702 1853 397 17 0 0 0 0 0 0 0 0 0 0 0 0 0 0
SHARD 7740 k=4 m=28 inter=1 colcap=128: NONE visited=5664824 time=3.4s
ACCEPTED 0 0 0 0 0 0 0 32 469 3614 15213 36552 51459 45713 25916 8484 2023 191 4 0 0 0 0 0 0 0 0 0 0
SHARD 7741 k=4 m=28 inter=1 colcap=128: NONE visited=11863043 time=8.4s
ACCEPTED 0 0 0 0 0 0 0 26 458 4157 20548 59747 107355 120519 89752 48295 20328 5887 1726 548 157 32 5 1 1 0 0 0 0
SHARD 7742 k=4 m=28 inter=1 colcap=128: NONE visited=32543085 time=25.0s
ACCEPTED 0 0 0 0 0 0 0 24 394 4145 26938 107391 260064 375536 348011 234188 114505 24921 8396 3240 1379 0 0 0 0 0 0 0 0
SHARD 7743 k=4 m=28 inter=1 colcap=128: NONE visited=19351022 time=13.4s
ACCEPTED 0 0 0 0 0 0 0 51 1005 9765 49440 139022 224124 210360 117434 40813 8548 766 39 2 0 0 0 0 0 0 0 0 0
SHARD 7744 k=4 m=28 inter=1 colcap=128: NONE visited=9267742 time=6.2s
ACCEPTED 0 0 0 0 0 0 0 19 248 1838 8915 30314 66440 86524 68641 37376 18969 2758 149 60 23 0 0 0 0 0 0 0 0
SHARD 7745 k=4 m=28 inter=1 colcap=128: NONE visited=1276431 time=0.7s
ACCEPTED 0 0 0 0 0 0 0 33 396 2319 6983 11315 10108 5495 1784 303 37 2 0 0 0 0 0 0 0 0 0 0 0
SHARD 7746 k=4 m=28 inter=1 colcap=128: NONE visited=286789 time=0.1s
ACCEPTED 0 0 0 0 0 0 0 27 249 1076 2266 2355 1127 324 51 2 0 0 0 0 0 0 0 0 0 0 0 0 0
SHARD 7747 k=4 m=28 inter=1 colcap=128: NONE visited=1160460 time=0.8s
ACCEPTED 0 0 0 0 0 0 0 17 154 953 3885 9587 13699 10705 4498 1114 164 9 0 0 0 0 0 0 0 0 0 0 0
SHARD 7748 k=4 m=28 inter=1 colcap=128: NONE visited=22231 time=0.0s
ACCEPTED 0 0 0 0 0 0 0 8 47 151 224 100 19 1 0 0 0 0 0 0 0 0 0 0 0 0 0 0 0
SHARD 7749 k=4 m=28 inter=1 colcap=128: NONE visited=287172 time=0.2s
ACCEPTED 0 0 0 0 0 0 0 15 125 608 1761 2834 2421 1179 316 48 2 0 0 0 0 0 0 0 0 0 0 0 0
SHARD 7750 k=4 m=28 inter=1 colcap=128: NONE visited=25384 time=0.0s
ACCEPTED 0 0 0 0 0 0 0 11 61 153 189 57 19 1 0 0 0 0 0 0 0 0 0 0 0 0 0 0 0
SHARD 7751 k=4 m=28 inter=1 colcap=128: NONE visited=378462 time=0.3s
ACCEPTED 0 0 0 0 0 0 0 7 48 222 881 2527 4347 4323 2427 855 168 12 1 0 0 0 0 0 0 0 0 0 0
SHARD 7752 k=4 m=28 inter=1 colcap=128: NONE visited=2192 time=0.0s
ACCEPTED 0 0 0 0 0 0 0 1 7 19 7 6 0 0 0 0 0 0 0 0 0 0 0 0 0 0 0 0 0
SHARD 7753 k=4 m=28 inter=1 colcap=128: NONE visited=20492 time=0.0s
ACCEPTED 0 0 0 0 0 0 0 6 35 104 181 115 22 1 0 0 0 0 0 0 0 0 0 0 0 0 0 0 0
SHARD 7754 k=4 m=28 inter=1 colcap=128: NONE visited=2933284 time=1.8s
ACCEPTED 0 0 0 0 0 0 0 38 554 4020 15393 30953 33649 21066 7998 1787 194 10 0 0 0 0 0 0 0 0 0 0 0
SHARD 7755 k=4 m=28 inter=1 colcap=128: NONE visited=7962504 time=5.6s
ACCEPTED 0 0 0 0 0 0 0 27 380 3277 16584 48044 82524 88656 63721 32954 11601 1621 113 29 8 0 0 0 0 0 0 0 0
SHARD 7756 k=4 m=28 inter=1 colcap=128: NONE visited=592901 time=0.3s
ACCEPTED 0 0 0 0 0 0 0 21 177 927 2936 4811 4582 2734 757 93 10 0 0 0 0 0 0 0 0 0 0 0 0
SHARD 7757 k=4 m=28 inter=1 colcap=128: NONE visited=467337 time=0.3s
ACCEPTED 0 0 0 0 0 0 0 11 104 636 2434 5143 5637 2958 749 69 2 0 0 0 0 0 0 0 0 0 0 0 0
SHARD 7758 k=4 m=28 inter=1 colcap=128: NONE visited=6795 time=0.0s
ACCEPTED 0 0 0 0 0 0 0 5 14 49 44 21 2 0 0 0 0 0 0 0 0 0 0 0 0 0 0 0 0
SHARD 7759 k=4 m=28 inter=1 colcap=128: NONE visited=518491 time=0.3s
ACCEPTED 0 0 0 0 0 0 0 24 211 1068 3187 4862 3468 1112 174 21 1 0 0 0 0 0 0 0 0 0 0 0 0
DONE exit=20
