SHARD 6800 k=4 m=28 inter=1 colcap=128: NONE visited=187 time=0.0s
ACCEPTED 0 0 0 0 0 0 0 1 2 2 0 0 0 0 0 0 0 0 0 0 0 0 0 0 0 0 0 0 0
SHARD 6801 k=4 m=28 inter=1 colcap=128: NONE visited=42712 time=0.0s
ACCEPTED 0 0 0 0 0 0 0 5 27 103 299 458 418 79 8 0 0 0 0 0 0 0 0 0 0 0 0 0 0
SHARD 6802 k=4 m=28 inter=1 colcap=128: NONE visited=861579 time=0.6s
ACCEPTED 0 0 0 0 0 0 0 6 24 187 1104 3770 6494 5722 4604 3494 871 0 0 0 0 0 0 0 0 0 0 0 0
SHARD 6803 k=4 m=28 inter=1 colcap=128: NONE visited=1780211 time=1.3s
ACCEPTED 0 0 0 0 0 0 0 8 61 380 1947 6638 13551 17050 15341 10286 4468 802 689 443 163 0 0 0 0 0 0 0 0
SHARD 6804 k=4 m=28 inter=1 colcap=128: NONE visited=6293338 time=6.3s
ACCEPTED 0 0 0 0 0 0 0 7 69 570 3698 15998 43136 70671 73963 53981 30431 18045 18261 15078 6580 0 0 0 0 0 0 0 0
SHARD 6805 k=4 m=28 inter=1 colcap=128: NONE visited=710054 time=0.5s
ACCEPTED 0 0 0 0 0 0 0 7 40 238 975 2684 4842 6075 5555 3609 1244 8 0 0 0 0 0 0 0 0 0 0 0
SHARD 6806 k=4 m=28 inter=1 colcap=128: NONE visited=230262 time=0.1s
ACCEPTED 0 0 0 0 0 0 0 13 65 271 704 1550 2582 2364 911 117 10 0 0 0 0 0 0 0 0 0 0 0 0
SHARD 6807 k=4 m=28 inter=1 colcap=128: NONE visited=7821769 time=6.8s
ACCEPTED 0 0 0 0 0 0 0 11 111 969 6204 27160 76454 132473 139425 92277 40363 10001 1399 137 7 0 0 0 0 0 0 0 0
SHARD 6808 k=4 m=28 inter=1 colcap=128: NONE visited=73265 time=0.0s
ACCEPTED 0 0 0 0 0 0 0 3 10 65 276 779 1019 621 141 9 0 0 0 0 0 0 0 0 0 0 0 0 0
SHARD 6809 k=4 m=28 inter=1 colcap=128: NONE visited=138 time=0.0s
ACCEPTED 0 0 0 0 0 0 0 2 3 0 0 0 0 0 0 0 0 0 0 0 0 0 0 0 0 0 0 0 0
SHARD 6810 k=4 m=28 inter=1 colcap=128: NONE visited=792554 time=0.6s
ACCEPTED 0 0 0 0 0 0 0 11 74 351 1406 3855 6464 6693 5526 3623 1106 0 0 0 0 0 0 0 0 0 0 0 0
SHARD 6811 k=4 m=28 inter=1 colcap=128: NONE visited=23 time=0.0s
ACCEPTED 0 0 0 0 0 0 0 0 0 0 0 0 0 0 0 0 0 0 0 0 0 0 0 0 0 0 0 0 0
SHARD 6812 k=4 m=28 inter=1 colcap=128: NONE visited=51 time=0.0s
ACCEPTED 0 0 0 0 0 0 0 1 1 0 0 0 0 0 0 0 0 0 0 0 0 0 0 0 0 0 0 0 0
SHARD 6813 k=4 m=28 inter=1 colcap=128: NONE visited=101282 time=0.0s
ACCEPTED 0 0 0 0 0 0 0 30 283 948 1375 785 96 0 0 0 0 0 0 0 0 0 0 0 0 0 0 0 0
SHARD 6814 k=4 m=28 inter=1 colcap=128: NONE visited=1109348 time=0.6s
ACCEPTED 0 0 0 0 0 0 0 55 975 6047 12779 9628 2853 300 15 0 0 0 0 0 0 0 0 0 0 0 0 0 0
SHARD 6815 k=4 m=28 inter=1 colcap=128: NONE visited=2406955 time=1.1s
ACCEPTED 0 0 0 0 0 0 0 40 774 6566 22958 32643 18326 3416 263 16 0 0 0 0 0 0 0 0 0 0 0 0 0
SHARD 6816 k=4 m=28 inter=1 colcap=128: NONE visited=311101 time=0.1s
ACCEPTED 0 0 0 0 0 0 0 28 410 2245 4610 3539 1010 103 3 0 0 0 0 0 0 0 0 0 0 0 0 0 0
SHARD 6817 k=4 m=28 inter=1 colcap=128: NONE visited=8012 time=0.0s
ACCEPTED 0 0 0 0 0 0 0 19 71 52 2 0 0 0 0 0 0 0 0 0 0 0 0 0 0 0 0 0 0
SHARD 6818 k=4 m=28 inter=1 colcap=128: NONE visited=630 time=0.0s
ACCEPTED 0 0 0 0 0 0 0 4 8 1 0 0 0 0 0 0 0 0 0 0 0 0 0 0 0 0 0 0 0
SHARD 6819 k=4 m=28 inter=1 colcap=128: NONE visited=5309 time=0.0s
ACCEPTED 0 0 0 0 0 0 0 16 49 11 0 0 0 0 0 0 0 0 0 0 0 0 0 0 0 0 0 0 0
SHARD 6820 k=4 m=28 inter=1 colcap=128: NONE visited=1708 time=0.0s
ACCEPTED 0 0 0 0 0 0 0 6 13 5 0 0 0 0 0 0 0 0 0 0 0 0 0 0 0 0 0 0 0
SHARD 6821 k=4 m=28 inter=1 colcap=128: NONE visited=294 time=0.0s
ACCEPTED 0 0 0 0 0 0 0 2 3 3 0 0 0 0 0 0 0 0 0 0 0 0 0 0 0 0 0 0 0
SHARD 6822 k=4 m=28 inter=1 colcap=128: NONE visited=4282 time=0.0s
ACCEPTED 0 0 0 0 0 0 0 9 35 38 2 0 0 0 0 0 0 0 0 0 0 0 0 0 0 0 0 0 0
SHARD 6823 k=4 m=28 inter=1 colcap=128: NONE visited=10762 time=0.0s
ACCEPTED 0 0 0 0 0 0 0 15 68 99 57 10 1 0 0 0 0 0 0 0 0 0 0 0 0 0 0 0 0
SHARD 6824 k=4 m=28 inter=1 colcap=128: NONE visited=121142 time=0.1s
ACCEPTED 0 0 0 0 0 0 0 18 210 909 1403 830 147 7 0 0 0 0 0 0 0 0 0 0 0 0 0 0 0
SHARD 6825 k=4 m=28 inter=1 colcap=128: NONE visited=234 time=0.0s
ACCEPTED 0 0 0 0 0 0 0 2 2 0 0 0 0 0 0 0 0 0 0 0 0 0 0 0 0 0 0 0 0
SHARD 6826 k=4 m=28 inter=1 colcap=128: NONE visited=1437 time=0.0s
ACCEPTED 0 0 0 0 0 0 0 5 11 9 0 0 0 0 0 0 0 0 0 0 0 0 0 0 0 0 0 0 0
SHARD 6827 k=4 m=28 inter=1 colcap=128: NONE visited=4615 time=0.0s
ACCEPTED 0 0 0 0 0 0 0 12 35 26 3 0 0 0 0 0 0 0 0 0 0 0 0 0 0 0 0 0 0
SHARD 6828 k=4 m=28 inter=1 colcap=128: NONE visited=873 time=0.0s
ACCEPTED 0 0 0 0 0 0 0 2 5 7 0 0 0 0 0 0 0 0 0 0 0 0 0 0 0 0 0 0 0
SHARD 6829 k=4 m=28 inter=1 colcap=128: NONE visited=189357 time=0.1s
ACCEPTED 0 0 0 0 0 0 0 23 280 1271 2129 1219 205 9 0 0 0 0 0 0 0 0 0 0 0 0 0 0 0
SHARD 6830 k=4 m=28 inter=1 colcap=128: NONE visited=999048 time=0.4s
ACCEPTED 0 0 0 0 0 0 0 37 507 3008 7958 9538 5627 1702 244 9 0 0 0 0 0 0 0 0 0 0 0 0 0
SHARD 6831 k=4 m=28 inter=1 colcap=128: NONE visited=13187845 time=8.5s
ACCEPTED 0 0 0 0 0 0 0 54 1151 11714 58178 142589 173370 108167 37226 7514 950 87 5 0 0 0 0 0 0 0 0 0 0
SHARD 6832 k=4 m=28 inter=1 colcap=128: NONE visited=20160131 time=11.9s
ACCEPTED 0 0 0 0 0 0 0 53 1125 11484 58231 150324 206926 162936 80674 32033 14462 9381 5388 884 620 0 0 0 0 0 0 0 0
SHARD 6833 k=4 m=28 inter=1 colcap=128: NONE visited=839580 time=0.5s
ACCEPTED 0 0 0 0 0 0 0 42 562 2921 6788 7550 4329 1464 207 14 0 0 0 0 0 0 0 0 0 0 0 0 0
SHARD 6834 k=4 m=28 inter=1 colcap=128: NONE visited=2312254 time=1.2s
ACCEPTED 0 0 0 0 0 0 0 42 657 4529 14111 20750 16359 7929 2035 264 31 2 0 0 0 0 0 0 0 0 0 0 0
SHARD 6835 k=4 m=28 inter=1 colcap=128: NONE visited=29827534 time=17.4s
ACCEPTED 0 0 0 0 0 0 0 67 1670 18555 95994 241229 310136 219764 83995 14947 2849 143 7 0 0 0 0 0 0 0 0 0 0
SHARD 6836 k=4 m=28 inter=1 colcap=128: NONE visited=19050139 time=12.3s
ACCEPTED 0 0 0 0 0 0 0 32 676 7470 42393 125154 200685 185351 101587 35557 8750 1027 45 20 9 0 0 0 0 0 0 0 0
SHARD 6837 k=4 m=28 inter=1 colcap=128: NONE visited=531129 time=0.3s
ACCEPTED 0 0 0 0 0 0 0 24 307 1706 4438 5689 3849 1370 201 10 0 0 0 0 0 0 0 0 0 0 0 0 0
SHARD 6838 k=4 m=28 inter=1 colcap=128: NONE visited=948232 time=0.5s
ACCEPTED 0 0 0 0 0 0 0 56 805 4193 9118 9145 4806 1382 203 21 0 0 0 0 0 0 0 0 0 0 0 0 0
SHARD 6839 k=4 m=28 inter=1 colcap=128: NONE visited=3586557 time=1.8s
ACCEPTED 0 0 0 0 0 0 0 47 764 5820 21383 39482 35732 14390 2259 109 0 0 0 0 0 0 0 0 0 0 0 0 0
DONE exit=20
