SHARD 6360 k=4 m=28 inter=1 colcap=128: NONE visited=791924 time=1.1s
ACCEPTED 0 0 0 0 0 0 0 15 105 547 2174 5804 9614 8498 3152 487 65 7 0 0 0 0 0 0 0 0 0 0 0
SHARD 6361 k=4 m=28 inter=1 colcap=128: NONE visited=543245 time=0.5s
ACCEPTED 0 0 0 0 0 0 0 11 69 558 2501 5349 5519 2164 289 33 2 0 0 0 0 0 0 0 0 0 0 0 0
SHARD 6362 k=4 m=28 inter=1 colcap=128: NONE visited=146370 time=0.1s
ACCEPTED 0 0 0 0 0 0 0 15 109 484 1064 1182 433 16 0 0 0 0 0 0 0 0 0 0 0 0 0 0 0
SHARD 6363 k=4 m=28 inter=1 colcap=128: NONE visited=17764731 time=19.3s
ACCEPTED 0 0 0 0 0 0 0 31 430 3737 20856 65514 113634 130033 111261 70925 28008 905 2 0 0 0 0 0 0 0 0 0 0
SHARD 6364 k=4 m=28 inter=1 colcap=128: NONE visited=4703 time=0.0s
ACCEPTED 0 0 0 0 0 0 0 6 22 38 12 0 0 0 0 0 0 0 0 0 0 0 0 0 0 0 0 0 0
SHARD 6365 k=4 m=28 inter=1 colcap=128: NONE visited=13412 time=0.0s
ACCEPTED 0 0 0 0 0 0 0 8 37 84 86 36 9 0 0 0 0 0 0 0 0 0 0 0 0 0 0 0 0
SHARD 6366 k=4 m=28 inter=1 colcap=128: NONE visited=220764 time=0.2s
ACCEPTED 0 0 0 0 0 0 0 15 106 488 1419 2133 1568 551 131 22 3 0 0 0 0 0 0 0 0 0 0 0 0
SHARD 6367 k=4 m=28 inter=1 colcap=128: NONE visited=852 time=0.0s
ACCEPTED 0 0 0 0 0 0 0 2 4 4 0 0 0 0 0 0 0 0 0 0 0 0 0 0 0 0 0 0 0
SHARD 6368 k=4 m=28 inter=1 colcap=128: NONE visited=524 time=0.0s
ACCEPTED 0 0 0 0 0 0 0 1 4 2 0 0 0 0 0 0 0 0 0 0 0 0 0 0 0 0 0 0 0
SHARD 6369 k=4 m=28 inter=1 colcap=128: NONE visited=3812 time=0.0s
ACCEPTED 0 0 0 0 0 0 0 2 11 36 14 0 0 0 0 0 0 0 0 0 0 0 0 0 0 0 0 0 0
SHARD 6370 k=4 m=28 inter=1 colcap=128: NONE visited=68859 time=0.1s
ACCEPTED 0 0 0 0 0 0 0 7 57 238 477 562 204 10 0 0 0 0 0 0 0 0 0 0 0 0 0 0 0
SHARD 6371 k=4 m=28 inter=1 colcap=128: NONE visited=52512 time=0.1s
ACCEPTED 0 0 0 0 0 0 0 9 50 159 334 399 293 146 34 2 0 0 0 0 0 0 0 0 0 0 0 0 0
SHARD 6372 k=4 m=28 inter=1 colcap=128: NONE visited=6493727 time=7.8s
ACCEPTED 0 0 0 0 0 0 0 18 219 1835 9422 25963 40620 45494 39172 22560 9169 50 2 0 0 0 0 0 0 0 0 0 0
SHARD 6373 k=4 m=28 inter=1 colcap=128: NONE visited=80216 time=0.1s
ACCEPTED 0 0 0 0 0 0 0 9 72 307 577 621 203 5 0 0 0 0 0 0 0 0 0 0 0 0 0 0 0
SHARD 6374 k=4 m=28 inter=1 colcap=128: NONE visited=16432462 time=18.3s
ACCEPTED 0 0 0 0 0 0 0 22 316 3103 18915 62700 114212 127204 98619 58832 23369 139 3 0 0 0 0 0 0 0 0 0 0
SHARD 6375 k=4 m=28 inter=1 colcap=128: NONE visited=1867951 time=2.0s
ACCEPTED 0 0 0 0 0 0 0 10 107 885 4684 12725 16978 9996 566 21 3 0 0 0 0 0 0 0 0 0 0 0 0
SHARD 6376 k=4 m=28 inter=1 colcap=128: NONE visited=5789895 time=7.1s
ACCEPTED 0 0 0 0 0 0 0 11 101 844 5155 18133 37380 51618 43875 17501 3201 13 0 0 0 0 0 0 0 0 0 0 0
SHARD 6377 k=4 m=28 inter=1 colcap=128: NONE visited=207156 time=0.3s
ACCEPTED 0 0 0 0 0 0 0 4 28 181 785 2170 3379 1982 142 1 0 0 0 0 0 0 0 0 0 0 0 0 0
SHARD 6378 k=4 m=28 inter=1 colcap=128: NONE visited=9218338 time=13.9s
ACCEPTED 0 0 0 0 0 0 0 24 344 3327 19591 69139 138231 154962 92115 26983 2077 10 0 0 0 0 0 0 0 0 0 0 0
SHARD 6379 k=4 m=28 inter=1 colcap=128: NONE visited=16043023 time=21.2s
ACCEPTED 0 0 0 0 0 0 0 45 788 7046 36684 116841 220208 242298 154349 56082 10813 935 33 1 0 0 0 0 0 0 0 0 0
SHARD 6380 k=4 m=28 inter=1 colcap=128: NONE visited=4283696 time=6.3s
ACCEPTED 0 0 0 0 0 0 0 22 276 2054 9423 28514 57049 73102 57400 26067 6620 791 33 0 0 0 0 0 0 0 0 0 0
SHARD 6381 k=4 m=28 inter=1 colcap=128: NONE visited=15073763 time=20.7s
ACCEPTED 0 0 0 0 0 0 0 38 610 5340 27924 89302 173915 212389 173538 97049 36775 9473 2228 289 1 0 0 0 0 0 0 0 0
SHARD 6382 k=4 m=28 inter=1 colcap=128: NONE visited=28973672 time=42.7s
ACCEPTED 0 0 0 0 0 0 0 32 558 5792 37466 151824 368159 512341 391394 161347 35026 3854 321 12 0 0 0 0 0 0 0 0 0
SHARD 6383 k=4 m=28 inter=1 colcap=128: NONE visited=745169853 time=2302.3s
ACCEPTED 0 0 0 0 0 0 0 45 1220 21282 232258 1540110 6099682 14343889 20042005 15896607 7277107 1557644 174859 18738 348 12 0 0 0 0 0 0 0
SHARD 6384 k=4 m=28 inter=1 colcap=128: NONE visited=350567763 time=1013.5s
ACCEPTED 0 0 0 0 0 0 0 54 1371 20496 187125 1037967 3464041 6930672 8393888 6247608 2929797 898130 110548 13083 1067 70 4 0 0 0 0 0 0
SHARD 6385 k=4 m=28 inter=1 colcap=128: NONE visited=244071681 time=700.6s
ACCEPTED 0 0 0 0 0 0 0 54 1314 18582 161640 860952 2749356 5186720 5850731 4065434 1812417 534137 36947 5325 609 2 0 0 0 0 0 0 0
SHARD 6386 k=4 m=28 inter=1 colcap=128: NONE visited=567203097 time=2105.1s
ACCEPTED 0 0 0 0 0 0 0 77 2415 40026 374367 2013713 6299337 11524967 12505113 8070519 2918607 661609 72211 8675 440 20 0 0 0 0 0 0 0
SHARD 6387 k=4 m=28 inter=1 colcap=128: NONE visited=4836519 time=13.9s
ACCEPTED 0 0 0 0 0 0 0 18 234 2380 14810 49155 80551 60430 19060 2361 104 0 0 0 0 0 0 0 0 0 0 0 0
SHARD 6388 k=4 m=28 inter=1 colcap=128: NONE visited=8143519 time=26.3s
ACCEPTED 0 0 0 0 0 0 0 19 224 2085 13099 48855 106275 136038 99757 41958 9027 835 32 1 0 0 0 0 0 0 0 0 0
SHARD 6389 k=4 m=28 inter=1 colcap=128: NONE visited=4963870 time=15.0s
ACCEPTED 0 0 0 0 0 0 0 19 237 1979 11087 37387 71245 75842 45684 15729 3191 306 10 0 0 0 0 0 0 0 0 0 0
SHARD 6390 k=4 m=28 inter=1 colcap=128: NONE visited=22038605 time=73.0s
ACCEPTED 0 0 0 0 0 0 0 31 455 4593 31573 128297 297650 385681 263159 89491 12462 665 35 0 0 0 0 0 0 0 0 0 0
SHARD 6391 k=4 m=28 inter=1 colcap=128: NONE visited=6617935 time=24.0s
ACCEPTED 0 0 0 0 0 0 0 12 113 1086 8046 36103 92425 123338 77277 21159 1286 16 0 0 0 0 0 0 0 0 0 0 0
SHARD 6392 k=4 m=28 inter=1 colcap=128: NONE visited=5329271 time=14.6s
ACCEPTED 0 0 0 0 0 0 0 27 376 3130 15173 42504 66467 55840 23710 5974 825 25 0 0 0 0 0 0 0 0 0 0 0
SHARD 6393 k=4 m=28 inter=1 colcap=128: NONE visited=43120494 time=183.7s
ACCEPTED 0 0 0 0 0 0 0 17 307 3597 28590 143984 451351 861500 1009963 741324 369042 123486 22756 2160 144 5 0 0 0 0 0 0 0
SHARD 6394 k=4 m=28 inter=1 colcap=128: NONE visited=17343126 time=58.8s
ACCEPTED 0 0 0 0 0 0 0 17 239 2490 18137 86251 256057 451043 451573 242267 68446 7776 258 1 0 0 0 0 0 0 0 0 0
SHARD 6395 k=4 m=28 inter=1 colcap=128: NONE visited=17877912 time=38.1s
ACCEPTED 0 0 0 0 0 0 0 44 802 7673 40403 124422 232397 256988 152831 54100 13436 3158 623 65 1 0 0 0 0 0 0 0 0
SHARD 6396 k=4 m=28 inter=1 colcap=128: NONE visited=10034351 time=25.4s
ACCEPTED 0 0 0 0 0 0 0 30 433 3737 19617 63470 129851 170147 139307 67106 19026 2795 195 10 0 0 0 0 0 0 0 0 0
SHARD 6397 k=4 m=28 inter=1 colcap=128: NONE visited=71824890 time=207.5s
ACCEPTED 0 0 0 0 0 0 0 37 665 7396 51093 221395 611692 1091868 1295433 1063346 596064 172006 11771 1058 77 5 0 0 0 0 0 0 0
SHARD 6398 k=4 m=28 inter=1 colcap=128: NONE visited=13882753 time=29.5s
ACCEPTED 0 0 0 0 0 0 0 42 737 6722 33528 99056 182752 201413 110353 27550 3491 342 21 0 0 0 0 0 0 0 0 0 0
SHARD 6399 k=4 m=28 inter=1 colcap=128: NONE visited=108589171 time=352.9s
ACCEPTED 0 0 0 0 0 0 0 37 680 7832 58269 279115 854952 1668460 2162372 1992163 1331146 492163 3646 33 1 0 0 0 0 0 0 0 0
DONE exit=20
