SHARD 1520 k=4 m=28 inter=1 colcap=128: NONE visited=266 time=0.0s
ACCEPTED 0 0 0 0 0 0 0 3 1 0 0 0 0 0 0 0 0 0 0 0 0 0 0 0 0 0 0 0 0
SHARD 1521 k=4 m=28 inter=1 colcap=128: NONE visited=63 time=0.0s
ACCEPTED 0 0 0 0 0 0 0 0 0 0 0 0 0 0 0 0 0 0 0 0 0 0 0 0 0 0 0 0 0
SHARD 1522 k=4 m=28 inter=1 colcap=128: NONE visited=5271251412 time=16029.2s
ACCEPTED 0 0 0 0 0 0 0 43 1375 24827 253848 1465760 5008871 11045000 18385648 28506992 42684368 56446849 48163161 24130640 6962353 0 0 0 0 0 0 0 0
SHARD 1523 k=4 m=28 inter=1 colcap=128: NONE visited=5570609 time=6.3s
ACCEPTED 0 0 0 0 0 0 0 33 477 3682 17869 52089 81998 67246 29288 8225 1098 58 0 0 0 0 0 0 0 0 0 0 0
SHARD 1524 k=4 m=28 inter=1 colcap=128: NONE visited=13754408 time=13.0s
ACCEPTED 0 0 0 0 0 0 0 57 1107 9689 48391 141812 213976 140208 45231 10772 1526 68 0 0 0 0 0 0 0 0 0 0 0
SHARD 1525 k=4 m=28 inter=1 colcap=128: NONE visited=108198118 time=100.5s
ACCEPTED 0 0 0 0 0 0 0 58 1176 12936 86402 319544 642558 824243 834911 578162 150686 419 0 0 0 0 0 0 0 0 0 0 0
SHARD 1526 k=4 m=28 inter=1 colcap=128: NONE visited=17599859 time=17.8s
ACCEPTED 0 0 0 0 0 0 0 36 784 9360 57039 171582 257569 201839 85618 22532 2778 118 2 0 0 0 0 0 0 0 0 0 0
SHARD 1527 k=4 m=28 inter=1 colcap=128: NONE visited=29114999 time=25.3s
ACCEPTED 0 0 0 0 0 0 0 17 240 2300 13066 40123 97443 197442 239753 110882 18596 3 0 0 0 0 0 0 0 0 0 0 0
SHARD 1528 k=4 m=28 inter=1 colcap=128: NONE visited=210032607 time=243.6s
ACCEPTED 0 0 0 0 0 0 0 36 869 11675 90845 414058 1057590 1584806 1624751 1330884 786935 459773 495050 431865 138847 0 0 0 0 0 0 0 0
SHARD 1529 k=4 m=28 inter=1 colcap=128: NONE visited=46233550 time=58.5s
ACCEPTED 0 0 0 0 0 0 0 23 482 6647 56040 267278 681767 893974 586471 174013 25527 835 8 0 0 0 0 0 0 0 0 0 0
SHARD 1530 k=4 m=28 inter=1 colcap=128: NONE visited=158515 time=0.1s
ACCEPTED 0 0 0 0 0 0 0 22 180 739 1638 1504 516 55 0 0 0 0 0 0 0 0 0 0 0 0 0 0 0
SHARD 1531 k=4 m=28 inter=1 colcap=128: NONE visited=13375634 time=15.0s
ACCEPTED 0 0 0 0 0 0 0 34 531 4876 30829 120377 237049 203345 83567 16569 1557 89 1 0 0 0 0 0 0 0 0 0 0
SHARD 1532 k=4 m=28 inter=1 colcap=128: NONE visited=100745632 time=95.2s
ACCEPTED 0 0 0 0 0 0 0 56 1096 11167 72348 272131 579929 776761 815815 584694 161386 425 0 0 0 0 0 0 0 0 0 0 0
SHARD 1533 k=4 m=28 inter=1 colcap=128: NONE visited=21870955 time=23.4s
ACCEPTED 0 0 0 0 0 0 0 37 829 10098 63537 204150 344498 288652 109375 15573 694 5 0 0 0 0 0 0 0 0 0 0 0
SHARD 1534 k=4 m=28 inter=1 colcap=128: NONE visited=15272684 time=15.1s
ACCEPTED 0 0 0 0 0 0 0 26 289 2406 14793 53670 105394 108255 85145 57545 16963 3 0 0 0 0 0 0 0 0 0 0 0
SHARD 1535 k=4 m=28 inter=1 colcap=128: NONE visited=27581609 time=28.2s
ACCEPTED 0 0 0 0 0 0 0 29 447 3791 21580 75766 157801 220291 242845 178216 44797 569 5 0 0 0 0 0 0 0 0 0 0
SHARD 1536 k=4 m=28 inter=1 colcap=128: NONE visited=200145 time=0.1s
ACCEPTED 0 0 0 0 0 0 0 8 63 454 1411 1418 1146 500 27 0 0 0 0 0 0 0 0 0 0 0 0 0 0
SHARD 1537 k=4 m=28 inter=1 colcap=128: NONE visited=5783904 time=5.0s
ACCEPTED 0 0 0 0 0 0 0 28 472 4054 18442 42613 53592 39608 17603 3588 489 0 0 0 0 0 0 0 0 0 0 0 0
SHARD 1538 k=4 m=28 inter=1 colcap=128: NONE visited=9396430 time=9.8s
ACCEPTED 0 0 0 0 0 0 0 23 394 4116 25369 82823 141838 119546 48674 9174 589 15 0 0 0 0 0 0 0 0 0 0 0
SHARD 1539 k=4 m=28 inter=1 colcap=128: NONE visited=1350 time=0.0s
ACCEPTED 0 0 0 0 0 0 0 5 13 10 0 0 0 0 0 0 0 0 0 0 0 0 0 0 0 0 0 0 0
SHARD 1540 k=4 m=28 inter=1 colcap=128: NONE visited=18561 time=0.0s
ACCEPTED 0 0 0 0 0 0 0 16 58 108 112 76 12 0 0 0 0 0 0 0 0 0 0 0 0 0 0 0 0
SHARD 1541 k=4 m=28 inter=1 colcap=128: NONE visited=12052 time=0.0s
ACCEPTED 0 0 0 0 0 0 0 14 52 91 76 15 0 0 0 0 0 0 0 0 0 0 0 0 0 0 0 0 0
SHARD 1542 k=4 m=28 inter=1 colcap=128: NONE visited=35739 time=0.0s
ACCEPTED 0 0 0 0 0 0 0 24 117 254 253 52 0 0 0 0 0 0 0 0 0 0 0 0 0 0 0 0 0
SHARD 1543 k=4 m=28 inter=1 colcap=128: NONE visited=340532 time=0.3s
ACCEPTED 0 0 0 0 0 0 0 16 107 548 1787 3192 2881 1058 63 0 0 0 0 0 0 0 0 0 0 0 0 0 0
SHARD 1544 k=4 m=28 inter=1 colcap=128: NONE visited=2149694 time=1.8s
ACCEPTED 0 0 0 0 0 0 0 16 170 976 2872 8093 15414 17923 8483 1187 165 0 0 0 0 0 0 0 0 0 0 0 0
SHARD 1545 k=4 m=28 inter=1 colcap=128: NONE visited=27366233 time=26.1s
ACCEPTED 0 0 0 0 0 0 0 13 171 1506 9839 43469 118141 205495 230695 165297 48068 445 0 0 0 0 0 0 0 0 0 0 0
SHARD 1546 k=4 m=28 inter=1 colcap=128: NONE visited=19521 time=0.0s
ACCEPTED 0 0 0 0 0 0 0 16 57 122 109 79 12 0 0 0 0 0 0 0 0 0 0 0 0 0 0 0 0
SHARD 1547 k=4 m=28 inter=1 colcap=128: NONE visited=34249 time=0.0s
ACCEPTED 0 0 0 0 0 0 0 14 58 155 257 237 168 52 8 0 0 0 0 0 0 0 0 0 0 0 0 0 0
SHARD 1548 k=4 m=28 inter=1 colcap=128: NONE visited=410989 time=0.3s
ACCEPTED 0 0 0 0 0 0 0 17 128 692 2184 3743 3540 1476 127 3 1 0 0 0 0 0 0 0 0 0 0 0 0
SHARD 1549 k=4 m=28 inter=1 colcap=128: NONE visited=439731 time=0.5s
ACCEPTED 0 0 0 0 0 0 0 11 66 519 2237 4567 4388 1390 96 3 0 0 0 0 0 0 0 0 0 0 0 0 0
SHARD 1550 k=4 m=28 inter=1 colcap=128: NONE visited=5259 time=0.0s
ACCEPTED 0 0 0 0 0 0 0 3 13 42 44 8 0 0 0 0 0 0 0 0 0 0 0 0 0 0 0 0 0
SHARD 1551 k=4 m=28 inter=1 colcap=128: NONE visited=79521 time=0.1s
ACCEPTED 0 0 0 0 0 0 0 9 68 276 539 640 219 10 0 0 0 0 0 0 0 0 0 0 0 0 0 0 0
SHARD 1552 k=4 m=28 inter=1 colcap=128: NONE visited=8534 time=0.0s
ACCEPTED 0 0 0 0 0 0 0 7 22 45 62 46 15 0 0 0 0 0 0 0 0 0 0 0 0 0 0 0 0
SHARD 1553 k=4 m=28 inter=1 colcap=128: NONE visited=19870 time=0.0s
ACCEPTED 0 0 0 0 0 0 0 10 50 104 176 79 11 2 0 0 0 0 0 0 0 0 0 0 0 0 0 0 0
SHARD 1554 k=4 m=28 inter=1 colcap=128: NONE visited=15715238 time=13.0s
ACCEPTED 0 0 0 0 0 0 0 24 357 3303 17819 52635 93046 119341 97208 33900 6220 61 0 0 0 0 0 0 0 0 0 0 0
SHARD 1555 k=4 m=28 inter=1 colcap=128: NONE visited=104529 time=0.1s
ACCEPTED 0 0 0 0 0 0 0 10 81 350 763 909 281 8 0 0 0 0 0 0 0 0 0 0 0 0 0 0 0
SHARD 1556 k=4 m=28 inter=1 colcap=128: NONE visited=19656 time=0.0s
ACCEPTED 0 0 0 0 0 0 0 8 35 93 157 142 60 2 0 0 0 0 0 0 0 0 0 0 0 0 0 0 0
SHARD 1557 k=4 m=28 inter=1 colcap=128: NONE visited=6734556 time=5.8s
ACCEPTED 0 0 0 0 0 0 0 23 322 2870 15172 40953 57194 46813 17434 4916 1760 0 0 0 0 0 0 0 0 0 0 0 0
SHARD 1558 k=4 m=28 inter=1 colcap=128: NONE visited=1382909 time=1.2s
ACCEPTED 0 0 0 0 0 0 0 10 93 693 3230 8444 12058 7976 431 19 0 0 0 0 0 0 0 0 0 0 0 0 0
SHARD 1559 k=4 m=28 inter=1 colcap=128: NONE visited=16396266 time=14.1s
ACCEPTED 0 0 0 0 0 0 0 13 154 1540 10305 39019 87568 137067 127262 51446 10471 59 0 0 0 0 0 0 0 0 0 0 0
DONE exit=20
