SHARD 7960 k=4 m=28 inter=1 colcap=128: NONE visited=1173414 time=0.7s
ACCEPTED 0 0 0 0 0 0 0 24 273 1682 5572 10654 12151 8025 3093 630 56 1 0 0 0 0 0 0 0 0 0 0 0
SHARD 7961 k=4 m=28 inter=1 colcap=128: NONE visited=11724121 time=9.8s
ACCEPTED 0 0 0 0 0 0 0 32 497 4719 26725 88065 165827 177955 110106 37293 6964 855 53 3 0 0 0 0 0 0 0 0 0
SHARD 7962 k=4 m=28 inter=1 colcap=128: NONE visited=140641 time=0.1s
ACCEPTED 0 0 0 0 0 0 0 18 154 664 1276 1019 437 112 16 1 0 0 0 0 0 0 0 0 0 0 0 0 0
SHARD 7963 k=4 m=28 inter=1 colcap=128: NONE visited=909691 time=0.6s
ACCEPTED 0 0 0 0 0 0 0 21 221 1268 4170 8527 10554 7085 2279 399 38 0 0 0 0 0 0 0 0 0 0 0 0
SHARD 7964 k=4 m=28 inter=1 colcap=128: NONE visited=9122346 time=7.3s
ACCEPTED 0 0 0 0 0 0 0 17 277 2576 14707 50351 104744 135671 111977 56208 17458 2786 73 0 0 0 0 0 0 0 0 0 0
SHARD 7965 k=4 m=28 inter=1 colcap=128: NONE visited=82361 time=0.0s
ACCEPTED 0 0 0 0 0 0 0 6 28 190 618 801 450 141 30 0 0 0 0 0 0 0 0 0 0 0 0 0 0
SHARD 7966 k=4 m=28 inter=1 colcap=128: NONE visited=442970 time=0.3s
ACCEPTED 0 0 0 0 0 0 0 15 103 535 1945 4177 4770 2818 653 62 3 0 0 0 0 0 0 0 0 0 0 0 0
SHARD 7967 k=4 m=28 inter=1 colcap=128: NONE visited=247885 time=0.1s
ACCEPTED 0 0 0 0 0 0 0 19 185 937 2109 2095 1113 283 18 1 0 0 0 0 0 0 0 0 0 0 0 0 0
SHARD 7968 k=4 m=28 inter=1 colcap=128: NONE visited=249830 time=0.1s
ACCEPTED 0 0 0 0 0 0 0 19 167 761 1822 2318 1684 672 154 18 1 0 0 0 0 0 0 0 0 0 0 0 0
SHARD 7969 k=4 m=28 inter=1 colcap=128: NONE visited=1506229 time=1.0s
ACCEPTED 0 0 0 0 0 0 0 24 262 1624 5733 11976 15738 14514 8819 2997 544 90 0 0 0 0 0 0 0 0 0 0 0
SHARD 7970 k=4 m=28 inter=1 colcap=128: NONE visited=5312745 time=3.8s
ACCEPTED 0 0 0 0 0 0 0 33 514 4390 20101 49465 68628 55951 28768 10428 2613 409 14 0 0 0 0 0 0 0 0 0 0
SHARD 7971 k=4 m=28 inter=1 colcap=128: NONE visited=189236 time=0.1s
ACCEPTED 0 0 0 0 0 0 0 10 56 356 1311 2009 1258 241 26 0 0 0 0 0 0 0 0 0 0 0 0 0 0
SHARD 7972 k=4 m=28 inter=1 colcap=128: NONE visited=459825 time=0.3s
ACCEPTED 0 0 0 0 0 0 0 13 78 460 1923 4255 4881 3094 1086 234 25 0 0 0 0 0 0 0 0 0 0 0 0
SHARD 7973 k=4 m=28 inter=1 colcap=128: NONE visited=27897 time=0.0s
ACCEPTED 0 0 0 0 0 0 0 4 44 164 240 170 42 3 0 0 0 0 0 0 0 0 0 0 0 0 0 0 0
SHARD 7974 k=4 m=28 inter=1 colcap=128: NONE visited=886163 time=0.5s
ACCEPTED 0 0 0 0 0 0 0 22 222 1273 4285 8891 10295 6227 1824 235 8 0 0 0 0 0 0 0 0 0 0 0 0
SHARD 7975 k=4 m=28 inter=1 colcap=128: NONE visited=55148 time=0.0s
ACCEPTED 0 0 0 0 0 0 0 7 38 135 308 499 500 136 11 2 0 0 0 0 0 0 0 0 0 0 0 0 0
SHARD 7976 k=4 m=28 inter=1 colcap=128: NONE visited=1430322 time=1.0s
ACCEPTED 0 0 0 0 0 0 0 14 141 995 4417 11309 16779 14757 7669 2316 322 30 3 0 0 0 0 0 0 0 0 0 0
SHARD 7977 k=4 m=28 inter=1 colcap=128: NONE visited=487956 time=0.3s
ACCEPTED 0 0 0 0 0 0 0 21 201 1099 3341 5330 4404 1708 322 33 4 0 0 0 0 0 0 0 0 0 0 0 0
SHARD 7978 k=4 m=28 inter=1 colcap=128: NONE visited=153344 time=0.1s
ACCEPTED 0 0 0 0 0 0 0 11 82 348 840 1406 1405 600 118 13 0 0 0 0 0 0 0 0 0 0 0 0 0
SHARD 7979 k=4 m=28 inter=1 colcap=128: NONE visited=1255464 time=1.0s
ACCEPTED 0 0 0 0 0 0 0 7 78 550 2800 8619 16339 16696 9206 2546 391 25 0 0 0 0 0 0 0 0 0 0 0
SHARD 7980 k=4 m=28 inter=1 colcap=128: NONE visited=5248 time=0.0s
ACCEPTED 0 0 0 0 0 0 0 1 14 47 50 4 0 0 0 0 0 0 0 0 0 0 0 0 0 0 0 0 0
SHARD 7981 k=4 m=28 inter=1 colcap=128: NONE visited=33499 time=0.0s
ACCEPTED 0 0 0 0 0 0 0 2 23 146 332 284 63 0 0 0 0 0 0 0 0 0 0 0 0 0 0 0 0
SHARD 7982 k=4 m=28 inter=1 colcap=128: NONE visited=99549 time=0.0s
ACCEPTED 0 0 0 0 0 0 0 7 38 202 676 1147 825 187 14 0 0 0 0 0 0 0 0 0 0 0 0 0 0
SHARD 7983 k=4 m=28 inter=1 colcap=128: NONE visited=2884783 time=2.0s
ACCEPTED 0 0 0 0 0 0 0 15 172 1388 7163 22115 39339 38395 20923 6342 1075 99 5 0 0 0 0 0 0 0 0 0 0
SHARD 7984 k=4 m=28 inter=1 colcap=128: NONE visited=1271177 time=0.8s
ACCEPTED 0 0 0 0 0 0 0 24 288 1982 7309 13659 12758 5808 1302 115 3 0 0 0 0 0 0 0 0 0 0 0 0
SHARD 7985 k=4 m=28 inter=1 colcap=128: NONE visited=4415 time=0.0s
ACCEPTED 0 0 0 0 0 0 0 9 26 31 15 2 0 0 0 0 0 0 0 0 0 0 0 0 0 0 0 0 0
SHARD 7986 k=4 m=28 inter=1 colcap=128: NONE visited=49637 time=0.0s
ACCEPTED 0 0 0 0 0 0 0 20 129 323 414 253 82 9 0 0 0 0 0 0 0 0 0 0 0 0 0 0 0
SHARD 7987 k=4 m=28 inter=1 colcap=128: NONE visited=4664 time=0.0s
ACCEPTED 0 0 0 0 0 0 0 11 28 31 7 1 0 0 0 0 0 0 0 0 0 0 0 0 0 0 0 0 0
SHARD 7988 k=4 m=28 inter=1 colcap=128: NONE visited=57397 time=0.0s
ACCEPTED 0 0 0 0 0 0 0 12 40 138 369 522 336 106 5 0 0 0 0 0 0 0 0 0 0 0 0 0 0
SHARD 7989 k=4 m=28 inter=1 colcap=128: NONE visited=4009 time=0.0s
ACCEPTED 0 0 0 0 0 0 0 9 20 25 13 0 0 0 0 0 0 0 0 0 0 0 0 0 0 0 0 0 0
SHARD 7990 k=4 m=28 inter=1 colcap=128: NONE visited=46623 time=0.0s
ACCEPTED 0 0 0 0 0 0 0 11 69 244 407 340 122 34 2 0 0 0 0 0 0 0 0 0 0 0 0 0 0
SHARD 7991 k=4 m=28 inter=1 colcap=128: NONE visited=1185 time=0.0s
ACCEPTED 0 0 0 0 0 0 0 3 8 6 0 0 0 0 0 0 0 0 0 0 0 0 0 0 0 0 0 0 0
SHARD 7992 k=4 m=28 inter=1 colcap=128: NONE visited=1109 time=0.0s
ACCEPTED 0 0 0 0 0 0 0 2 8 11 2 0 0 0 0 0 0 0 0 0 0 0 0 0 0 0 0 0 0
SHARD 7993 k=4 m=28 inter=1 colcap=128: NONE visited=130 time=0.0s
ACCEPTED 0 0 0 0 0 0 0 1 0 0 0 0 0 0 0 0 0 0 0 0 0 0 0 0 0 0 0 0 0
SHARD 7994 k=4 m=28 inter=1 colcap=128: NONE visited=448 time=0.0s
ACCEPTED 0 0 0 0 0 0 0 2 3 0 0 0 0 0 0 0 0 0 0 0 0 0 0 0 0 0 0 0 0
SHARD 7995 k=4 m=28 inter=1 colcap=128: NONE visited=92283 time=0.0s
ACCEPTED 0 0 0 0 0 0 0 8 52 248 724 955 533 115 6 0 0 0 0 0 0 0 0 0 0 0 0 0 0
SHARD 7996 k=4 m=28 inter=1 colcap=128: NONE visited=10153 time=0.0s
ACCEPTED 0 0 0 0 0 0 0 5 38 89 52 11 0 0 0 0 0 0 0 0 0 0 0 0 0 0 0 0 0
SHARD 7997 k=4 m=28 inter=1 colcap=128: NONE visited=73810 time=0.0s
ACCEPTED 0 0 0 0 0 0 0 19 131 446 621 423 122 13 0 0 0 0 0 0 0 0 0 0 0 0 0 0 0
SHARD 7998 k=4 m=28 inter=1 colcap=128: NONE visited=324259 time=0.2s
ACCEPTED 0 0 0 0 0 0 0 16 134 668 1871 3103 2859 1214 184 3 0 0 0 0 0 0 0 0 0 0 0 0 0
SHARD 7999 k=4 m=28 inter=1 colcap=128: NONE visited=348614 time=0.2s
ACCEPTED 0 0 0 0 0 0 0 17 151 774 2142 3252 2724 1219 267 31 2 0 0 0 0 0 0 0 0 0 0 0 0
DONE exit=20
