SHARD 1560 k=4 m=28 inter=1 colcap=128: NONE visited=1112 time=0.0s
ACCEPTED 0 0 0 0 0 0 0 1 7 13 4 0 0 0 0 0 0 0 0 0 0 0 0 0 0 0 0 0 0
SHARD 1561 k=4 m=28 inter=1 colcap=128: NONE visited=7300 time=0.0s
ACCEPTED 0 0 0 0 0 0 0 3 17 47 66 31 0 0 0 0 0 0 0 0 0 0 0 0 0 0 0 0 0
SHARD 1562 k=4 m=28 inter=1 colcap=128: NONE visited=6480 time=0.0s
ACCEPTED 0 0 0 0 0 0 0 4 16 35 59 49 29 2 0 0 0 0 0 0 0 0 0 0 0 0 0 0 0
SHARD 1563 k=4 m=28 inter=1 colcap=128: NONE visited=203 time=0.0s
ACCEPTED 0 0 0 0 0 0 0 1 2 0 0 0 0 0 0 0 0 0 0 0 0 0 0 0 0 0 0 0 0
SHARD 1564 k=4 m=28 inter=1 colcap=128: NONE visited=73631062 time=82.1s
ACCEPTED 0 0 0 0 0 0 0 54 1419 19904 148509 573486 1161349 1258931 746990 261459 65541 14347 1258 15 0 0 0 0 0 0 0 0 0
SHARD 1565 k=4 m=28 inter=1 colcap=128: NONE visited=8145743213 time=28777.5s
ACCEPTED 0 0 0 0 0 0 0 87 3070 55284 545527 3035855 10044238 21358337 33876332 48668339 66999602 81861310 81147577 54266959 19456327 0 0 0 0 0 0 0 0
SHARD 1566 k=4 m=28 inter=1 colcap=128: NONE visited=14502572 time=15.7s
ACCEPTED 0 0 0 0 0 0 0 36 588 5236 26268 84786 178961 238960 155867 19829 1098 11 0 0 0 0 0 0 0 0 0 0 0
SHARD 1567 k=4 m=28 inter=1 colcap=128: NONE visited=27032371 time=28.2s
ACCEPTED 0 0 0 0 0 0 0 56 1151 11504 61929 189323 352626 418900 282418 63682 8267 548 17 0 0 0 0 0 0 0 0 0 0
SHARD 1568 k=4 m=28 inter=1 colcap=128: NONE visited=11198138 time=9.2s
ACCEPTED 0 0 0 0 0 0 0 53 1085 10647 51701 123669 150963 100764 39563 9824 1618 173 13 0 0 0 0 0 0 0 0 0 0
SHARD 1569 k=4 m=28 inter=1 colcap=128: NONE visited=65001253 time=74.0s
ACCEPTED 0 0 0 0 0 0 0 49 1092 13377 91972 353142 772828 1004192 843258 484469 201801 53042 5160 146 26 0 0 0 0 0 0 0 0
SHARD 1570 k=4 m=28 inter=1 colcap=128: NONE visited=40449410 time=40.2s
ACCEPTED 0 0 0 0 0 0 0 71 1661 18024 101174 314975 571562 630405 396465 84824 8634 437 13 0 0 0 0 0 0 0 0 0 0
SHARD 1571 k=4 m=28 inter=1 colcap=128: NONE visited=9181860 time=8.5s
ACCEPTED 0 0 0 0 0 0 0 38 632 5653 28153 79985 132328 126182 66935 18158 2119 156 4 0 0 0 0 0 0 0 0 0 0
SHARD 1572 k=4 m=28 inter=1 colcap=128: NONE visited=92254729 time=100.1s
ACCEPTED 0 0 0 0 0 0 0 66 1745 23379 167744 648132 1352972 1547438 1051575 431138 117827 22753 2745 190 8 0 0 0 0 0 0 0 0
SHARD 1573 k=4 m=28 inter=1 colcap=128: NONE visited=196234525 time=196.1s
ACCEPTED 0 0 0 0 0 0 0 64 1622 20648 141202 538761 1239869 1892226 2014366 1389080 513431 32332 11235 4750 1317 0 0 0 0 0 0 0 0
SHARD 1574 k=4 m=28 inter=1 colcap=128: NONE visited=469222 time=0.3s
ACCEPTED 0 0 0 0 0 0 0 29 325 1615 3741 4474 3123 1433 382 32 1 0 0 0 0 0 0 0 0 0 0 0 0
SHARD 1575 k=4 m=28 inter=1 colcap=128: NONE visited=15536901 time=14.3s
ACCEPTED 0 0 0 0 0 0 0 47 862 7862 41164 127094 224888 214912 107100 26972 2977 162 0 0 0 0 0 0 0 0 0 0 0
SHARD 1576 k=4 m=28 inter=1 colcap=128: NONE visited=10128250 time=9.4s
ACCEPTED 0 0 0 0 0 0 0 38 557 4220 20082 57020 92879 84324 53570 32510 9953 9 0 0 0 0 0 0 0 0 0 0 0
SHARD 1577 k=4 m=28 inter=1 colcap=128: NONE visited=71957542 time=64.2s
ACCEPTED 0 0 0 0 0 0 0 40 748 7527 42143 138176 304235 512885 623020 380259 74126 261 5 0 0 0 0 0 0 0 0 0 0
SHARD 1578 k=4 m=28 inter=1 colcap=128: NONE visited=32902376 time=28.0s
ACCEPTED 0 0 0 0 0 0 0 38 842 8717 44644 121666 192092 223292 243557 163287 39685 72 0 0 0 0 0 0 0 0 0 0 0
SHARD 1579 k=4 m=28 inter=1 colcap=128: NONE visited=37096174 time=35.8s
ACCEPTED 0 0 0 0 0 0 0 38 900 11549 79928 293973 568217 574726 302860 83569 12357 914 39 3 0 0 0 0 0 0 0 0 0
SHARD 1580 k=4 m=28 inter=1 colcap=128: NONE visited=67025062 time=70.0s
ACCEPTED 0 0 0 0 0 0 0 58 1435 18261 127650 489462 982749 989981 522358 130623 16415 968 14 0 0 0 0 0 0 0 0 0 0
SHARD 1581 k=4 m=28 inter=1 colcap=128: NONE visited=318866 time=0.2s
ACCEPTED 0 0 0 0 0 0 0 31 306 1302 2850 3027 1560 402 49 5 0 0 0 0 0 0 0 0 0 0 0 0 0
SHARD 1582 k=4 m=28 inter=1 colcap=128: NONE visited=10397431 time=9.7s
ACCEPTED 0 0 0 0 0 0 0 33 502 4504 26298 88959 156371 130611 53509 11291 1120 46 0 0 0 0 0 0 0 0 0 0 0
SHARD 1583 k=4 m=28 inter=1 colcap=128: NONE visited=60467836 time=55.3s
ACCEPTED 0 0 0 0 0 0 0 47 825 7827 47707 167275 340151 457229 490604 364310 117016 1071 57 54 22 0 0 0 0 0 0 0 0
SHARD 1584 k=4 m=28 inter=1 colcap=128: NONE visited=9196746 time=9.2s
ACCEPTED 0 0 0 0 0 0 0 20 179 1363 7861 25204 45657 49355 60472 61933 17170 0 0 0 0 0 0 0 0 0 0 0 0
SHARD 1585 k=4 m=28 inter=1 colcap=128: NONE visited=2596065 time=2.0s
ACCEPTED 0 0 0 0 0 0 0 24 281 2191 8668 17319 20273 14199 4473 974 142 0 0 0 0 0 0 0 0 0 0 0 0
SHARD 1586 k=4 m=28 inter=1 colcap=128: NONE visited=48073104 time=49.1s
ACCEPTED 0 0 0 0 0 0 0 33 658 6952 39922 122417 218768 279815 304148 299107 262156 165000 83384 34736 9902 0 0 0 0 0 0 0 0
SHARD 1587 k=4 m=28 inter=1 colcap=128: NONE visited=2070132 time=1.6s
ACCEPTED 0 0 0 0 0 0 0 21 293 2187 8896 17897 17478 9979 3491 369 44 0 0 0 0 0 0 0 0 0 0 0 0
SHARD 1588 k=4 m=28 inter=1 colcap=128: NONE visited=2625973 time=2.3s
ACCEPTED 0 0 0 0 0 0 0 23 334 2770 12705 29601 34983 20491 6120 850 64 5 0 0 0 0 0 0 0 0 0 0 0
SHARD 1589 k=4 m=28 inter=1 colcap=128: NONE visited=6406224 time=4.4s
ACCEPTED 0 0 0 0 0 0 0 45 750 6092 24053 47721 52516 37241 14636 1855 247 0 0 0 0 0 0 0 0 0 0 0 0
SHARD 1590 k=4 m=28 inter=1 colcap=128: NONE visited=7374909 time=6.2s
ACCEPTED 0 0 0 0 0 0 0 45 844 7927 37707 87801 102742 61654 17114 1752 100 1 0 0 0 0 0 0 0 0 0 0 0
SHARD 1591 k=4 m=28 inter=1 colcap=128: NONE visited=6778733 time=5.9s
ACCEPTED 0 0 0 0 0 0 0 47 903 8311 36834 76243 77952 41408 11168 1266 38 0 0 0 0 0 0 0 0 0 0 0 0
SHARD 1592 k=4 m=28 inter=1 colcap=128: NONE visited=36587 time=0.0s
ACCEPTED 0 0 0 0 0 0 0 12 72 274 373 187 19 1 0 0 0 0 0 0 0 0 0 0 0 0 0 0 0
SHARD 1593 k=4 m=28 inter=1 colcap=128: NONE visited=152712 time=0.1s
ACCEPTED 0 0 0 0 0 0 0 21 146 484 885 1161 969 533 147 1 0 0 0 0 0 0 0 0 0 0 0 0 0
SHARD 1594 k=4 m=28 inter=1 colcap=128: NONE visited=330308 time=0.2s
ACCEPTED 0 0 0 0 0 0 0 27 280 1285 2756 2992 1667 542 125 3 0 0 0 0 0 0 0 0 0 0 0 0 0
SHARD 1595 k=4 m=28 inter=1 colcap=128: NONE visited=1710463 time=1.5s
ACCEPTED 0 0 0 0 0 0 0 26 310 2117 8378 18062 20981 11808 2610 210 7 0 0 0 0 0 0 0 0 0 0 0 0
SHARD 1596 k=4 m=28 inter=1 colcap=128: NONE visited=88455 time=0.0s
ACCEPTED 0 0 0 0 0 0 0 25 196 602 774 443 97 4 0 0 0 0 0 0 0 0 0 0 0 0 0 0 0
SHARD 1597 k=4 m=28 inter=1 colcap=128: NONE visited=171327 time=0.1s
ACCEPTED 0 0 0 0 0 0 0 20 162 680 1567 1918 1097 282 38 1 0 0 0 0 0 0 0 0 0 0 0 0 0
SHARD 1598 k=4 m=28 inter=1 colcap=128: NONE visited=3333046 time=2.7s
ACCEPTED 0 0 0 0 0 0 0 33 467 3597 15404 35012 42660 25801 7236 901 38 0 0 0 0 0 0 0 0 0 0 0 0
SHARD 1599 k=4 m=28 inter=1 colcap=128: NONE visited=2899486 time=2.8s
ACCEPTED 0 0 0 0 0 0 0 28 364 2970 13700 32656 38183 19078 3368 222 1 0 0 0 0 0 0 0 0 0 0 0 0
DONE exit=20
