SHARD 7920 k=4 m=28 inter=1 colcap=128: NONE visited=7103 time=0.0s
ACCEPTED 0 0 0 0 0 0 0 5 24 63 52 7 1 0 0 0 0 0 0 0 0 0 0 0 0 0 0 0 0
SHARD 7921 k=4 m=28 inter=1 colcap=128: NONE visited=113 time=0.0s
ACCEPTED 0 0 0 0 0 0 0 0 0 0 0 0 0 0 0 0 0 0 0 0 0 0 0 0 0 0 0 0 0
SHARD 7922 k=4 m=28 inter=1 colcap=128: NONE visited=95 time=0.0s
ACCEPTED 0 0 0 0 0 0 0 0 0 0 0 0 0 0 0 0 0 0 0 0 0 0 0 0 0 0 0 0 0
SHARD 7923 k=4 m=28 inter=1 colcap=128: NONE visited=63 time=0.0s
ACCEPTED 0 0 0 0 0 0 0 0 0 0 0 0 0 0 0 0 0 0 0 0 0 0 0 0 0 0 0 0 0
SHARD 7924 k=4 m=28 inter=1 colcap=128: NONE visited=22023 time=0.0s
ACCEPTED 0 0 0 0 0 0 0 12 59 143 139 55 2 0 0 0 0 0 0 0 0 0 0 0 0 0 0 0 0
SHARD 7925 k=4 m=28 inter=1 colcap=128: NONE visited=269 time=0.0s
ACCEPTED 0 0 0 0 0 0 0 2 0 0 0 0 0 0 0 0 0 0 0 0 0 0 0 0 0 0 0 0 0
SHARD 7926 k=4 m=28 inter=1 colcap=128: NONE visited=11395 time=0.0s
ACCEPTED 0 0 0 0 0 0 0 9 38 93 72 11 0 0 0 0 0 0 0 0 0 0 0 0 0 0 0 0 0
SHARD 7927 k=4 m=28 inter=1 colcap=128: NONE visited=2678 time=0.0s
ACCEPTED 0 0 0 0 0 0 0 8 13 23 10 0 0 0 0 0 0 0 0 0 0 0 0 0 0 0 0 0 0
SHARD 7928 k=4 m=28 inter=1 colcap=128: NONE visited=19209 time=0.0s
ACCEPTED 0 0 0 0 0 0 0 10 60 147 112 21 0 0 0 0 0 0 0 0 0 0 0 0 0 0 0 0 0
SHARD 7929 k=4 m=28 inter=1 colcap=128: NONE visited=134280 time=0.1s
ACCEPTED 0 0 0 0 0 0 0 24 221 861 1418 886 219 22 0 0 0 0 0 0 0 0 0 0 0 0 0 0 0
SHARD 7930 k=4 m=28 inter=1 colcap=128: NONE visited=314951 time=0.2s
ACCEPTED 0 0 0 0 0 0 0 24 252 1219 2802 3282 1767 371 35 0 0 0 0 0 0 0 0 0 0 0 0 0 0
SHARD 7931 k=4 m=28 inter=1 colcap=128: NONE visited=5371121 time=3.2s
ACCEPTED 0 0 0 0 0 0 0 40 658 5361 21985 46794 54024 34139 12466 2552 459 25 0 0 0 0 0 0 0 0 0 0 0
SHARD 7932 k=4 m=28 inter=1 colcap=128: NONE visited=4334 time=0.0s
ACCEPTED 0 0 0 0 0 0 0 8 20 28 11 3 0 0 0 0 0 0 0 0 0 0 0 0 0 0 0 0 0
SHARD 7933 k=4 m=28 inter=1 colcap=128: NONE visited=25213 time=0.0s
ACCEPTED 0 0 0 0 0 0 0 11 55 146 203 142 40 0 0 0 0 0 0 0 0 0 0 0 0 0 0 0 0
SHARD 7934 k=4 m=28 inter=1 colcap=128: NONE visited=65444 time=0.0s
ACCEPTED 0 0 0 0 0 0 0 11 73 280 571 588 205 23 0 0 0 0 0 0 0 0 0 0 0 0 0 0 0
SHARD 7935 k=4 m=28 inter=1 colcap=128: NONE visited=191447 time=0.1s
ACCEPTED 0 0 0 0 0 0 0 24 259 1188 2106 1463 472 123 5 1 0 0 0 0 0 0 0 0 0 0 0 0 0
SHARD 7936 k=4 m=28 inter=1 colcap=128: NONE visited=14090 time=0.0s
ACCEPTED 0 0 0 0 0 0 0 3 29 119 120 57 0 0 0 0 0 0 0 0 0 0 0 0 0 0 0 0 0
SHARD 7937 k=4 m=28 inter=1 colcap=128: NONE visited=35939 time=0.0s
ACCEPTED 0 0 0 0 0 0 0 8 57 251 341 155 18 0 0 0 0 0 0 0 0 0 0 0 0 0 0 0 0
SHARD 7938 k=4 m=28 inter=1 colcap=128: NONE visited=45203 time=0.0s
ACCEPTED 0 0 0 0 0 0 0 11 58 183 341 360 173 45 9 0 0 0 0 0 0 0 0 0 0 0 0 0 0
SHARD 7939 k=4 m=28 inter=1 colcap=128: NONE visited=23938 time=0.0s
ACCEPTED 0 0 0 0 0 0 0 9 43 144 198 142 21 1 0 0 0 0 0 0 0 0 0 0 0 0 0 0 0
SHARD 7940 k=4 m=28 inter=1 colcap=128: NONE visited=6529 time=0.0s
ACCEPTED 0 0 0 0 0 0 0 5 20 52 51 9 0 0 0 0 0 0 0 0 0 0 0 0 0 0 0 0 0
SHARD 7941 k=4 m=28 inter=1 colcap=128: NONE visited=24679 time=0.0s
ACCEPTED 0 0 0 0 0 0 0 18 96 194 135 36 3 0 0 0 0 0 0 0 0 0 0 0 0 0 0 0 0
SHARD 7942 k=4 m=28 inter=1 colcap=128: NONE visited=153832 time=0.1s
ACCEPTED 0 0 0 0 0 0 0 12 89 411 1109 1655 1221 487 104 16 0 0 0 0 0 0 0 0 0 0 0 0 0
SHARD 7943 k=4 m=28 inter=1 colcap=128: NONE visited=38188 time=0.0s
ACCEPTED 0 0 0 0 0 0 0 11 61 205 352 258 75 10 1 0 0 0 0 0 0 0 0 0 0 0 0 0 0
SHARD 7944 k=4 m=28 inter=1 colcap=128: NONE visited=26668 time=0.0s
ACCEPTED 0 0 0 0 0 0 0 14 74 160 195 150 61 4 0 0 0 0 0 0 0 0 0 0 0 0 0 0 0
SHARD 7945 k=4 m=28 inter=1 colcap=128: NONE visited=613659 time=0.4s
ACCEPTED 0 0 0 0 0 0 0 16 143 808 2699 5146 6230 5129 2506 574 65 3 0 0 0 0 0 0 0 0 0 0 0
SHARD 7946 k=4 m=28 inter=1 colcap=128: NONE visited=53187 time=0.0s
ACCEPTED 0 0 0 0 0 0 0 16 108 321 436 238 63 11 2 0 0 0 0 0 0 0 0 0 0 0 0 0 0
SHARD 7947 k=4 m=28 inter=1 colcap=128: NONE visited=235850 time=0.1s
ACCEPTED 0 0 0 0 0 0 0 23 195 722 1534 1937 1358 439 79 1 0 0 0 0 0 0 0 0 0 0 0 0 0
SHARD 7948 k=4 m=28 inter=1 colcap=128: NONE visited=430298 time=0.2s
ACCEPTED 0 0 0 0 0 0 0 15 135 742 2345 4012 3681 1828 519 63 3 0 0 0 0 0 0 0 0 0 0 0 0
SHARD 7949 k=4 m=28 inter=1 colcap=128: NONE visited=420113 time=0.2s
ACCEPTED 0 0 0 0 0 0 0 19 177 966 2841 4181 3559 1787 446 44 2 0 0 0 0 0 0 0 0 0 0 0 0
SHARD 7950 k=4 m=28 inter=1 colcap=128: NONE visited=1397 time=0.0s
ACCEPTED 0 0 0 0 0 0 0 1 8 13 0 0 0 0 0 0 0 0 0 0 0 0 0 0 0 0 0 0 0
SHARD 7951 k=4 m=28 inter=1 colcap=128: NONE visited=1974 time=0.0s
ACCEPTED 0 0 0 0 0 0 0 2 8 14 8 0 0 0 0 0 0 0 0 0 0 0 0 0 0 0 0 0 0
SHARD 7952 k=4 m=28 inter=1 colcap=128: NONE visited=539 time=0.0s
ACCEPTED 0 0 0 0 0 0 0 3 2 1 0 0 0 0 0 0 0 0 0 0 0 0 0 0 0 0 0 0 0
SHARD 7953 k=4 m=28 inter=1 colcap=128: NONE visited=10278 time=0.0s
ACCEPTED 0 0 0 0 0 0 0 12 47 70 47 9 0 0 0 0 0 0 0 0 0 0 0 0 0 0 0 0 0
SHARD 7954 k=4 m=28 inter=1 colcap=128: NONE visited=2394899 time=1.6s
ACCEPTED 0 0 0 0 0 0 0 17 181 1379 6815 20384 33465 26424 10271 2035 205 7 0 0 0 0 0 0 0 0 0 0 0
SHARD 7955 k=4 m=28 inter=1 colcap=128: NONE visited=171224 time=0.1s
ACCEPTED 0 0 0 0 0 0 0 14 106 495 1282 1715 1096 303 37 4 0 0 0 0 0 0 0 0 0 0 0 0 0
SHARD 7956 k=4 m=28 inter=1 colcap=128: NONE visited=296019 time=0.1s
ACCEPTED 0 0 0 0 0 0 0 16 151 899 2610 3232 1715 392 54 7 0 0 0 0 0 0 0 0 0 0 0 0 0
SHARD 7957 k=4 m=28 inter=1 colcap=128: NONE visited=476715 time=0.3s
ACCEPTED 0 0 0 0 0 0 0 17 159 904 2906 4899 4425 2085 509 53 3 0 0 0 0 0 0 0 0 0 0 0 0
SHARD 7958 k=4 m=28 inter=1 colcap=128: NONE visited=21984 time=0.0s
ACCEPTED 0 0 0 0 0 0 0 13 62 141 159 61 7 0 0 0 0 0 0 0 0 0 0 0 0 0 0 0 0
SHARD 7959 k=4 m=28 inter=1 colcap=128: NONE visited=229696 time=0.1s
ACCEPTED 0 0 0 0 0 0 0 18 170 829 1868 2079 1332 472 83 2 0 0 0 0 0 0 0 0 0 0 0 0 0
DONE exit=20
