SHARD 10080 k=4 m=28 inter=1 colcap=128: NONE visited=183943342 time=239.2s
ACCEPTED 0 0 0 0 0 0 0 21 379 5457 53452 337983 1343055 3311023 5027688 4638814 2609608 830795 160713 20476 2199 217 21 2 0 0 0 0 0
SHARD 10081 k=4 m=28 inter=1 colcap=128: NONE visited=140533881 time=154.5s
ACCEPTED 0 0 0 0 0 0 0 45 961 12339 97555 472461 1412136 2637576 3135330 2405667 1198379 365968 51968 5565 367 6 0 0 0 0 0 0 0
SHARD 10082 k=4 m=28 inter=1 colcap=128: NONE visited=84310293 time=103.5s
ACCEPTED 0 0 0 0 0 0 0 30 513 5897 45651 233403 774544 1648147 2230994 1905814 1009246 314911 51709 4678 203 0 0 0 0 0 0 0 0
SHARD 10083 k=4 m=28 inter=1 colcap=128: NONE visited=3693180 time=3.1s
ACCEPTED 0 0 0 0 0 0 0 9 99 1009 6388 23721 54253 68762 43528 14328 3175 671 68 0 0 0 0 0 0 0 0 0 0
SHARD 10084 k=4 m=28 inter=1 colcap=128: NONE visited=5513347 time=4.9s
ACCEPTED 0 0 0 0 0 0 0 12 106 876 5648 23061 59815 97378 98279 61127 21991 4007 262 3 0 0 0 0 0 0 0 0 0
SHARD 10085 k=4 m=28 inter=1 colcap=128: NONE visited=3206310 time=2.9s
ACCEPTED 0 0 0 0 0 0 0 13 147 1318 8073 30452 62170 62865 29646 6317 473 23 2 0 0 0 0 0 0 0 0 0 0
SHARD 10086 k=4 m=28 inter=1 colcap=128: NONE visited=122377819 time=137.5s
ACCEPTED 0 0 0 0 0 0 0 44 865 10548 81418 393583 1179201 2197807 2648008 2171893 1124612 290161 35016 2021 111 1 0 0 0 0 0 0 0
SHARD 10087 k=4 m=28 inter=1 colcap=128: NONE visited=151235467 time=173.8s
ACCEPTED 0 0 0 0 0 0 0 32 547 6669 56167 315184 1144370 2634380 3788914 3365767 1835381 602201 104864 11066 857 29 0 0 0 0 0 0 0
SHARD 10088 k=4 m=28 inter=1 colcap=128: NONE visited=11343097 time=10.6s
ACCEPTED 0 0 0 0 0 0 0 27 367 3248 19381 74869 175537 237989 186831 86239 23202 3607 219 3 0 0 0 0 0 0 0 0 0
SHARD 10089 k=4 m=28 inter=1 colcap=128: NONE visited=11783454 time=11.8s
ACCEPTED 0 0 0 0 0 0 0 11 130 1321 9831 48006 143740 252682 252156 141489 45045 7007 526 27 2 0 0 0 0 0 0 0 0
SHARD 10090 k=4 m=28 inter=1 colcap=128: NONE visited=14379381 time=13.6s
ACCEPTED 0 0 0 0 0 0 0 25 354 3411 21195 82099 191213 265344 221407 113580 41315 8892 640 7 0 0 0 0 0 0 0 0 0
SHARD 10091 k=4 m=28 inter=1 colcap=128: NONE visited=44393736 time=52.1s
ACCEPTED 0 0 0 0 0 0 0 24 352 3722 27044 129597 406249 830111 1089611 894737 430696 97008 10067 592 15 0 0 0 0 0 0 0 0
SHARD 10092 k=4 m=28 inter=1 colcap=128: NONE visited=4316887 time=3.4s
ACCEPTED 0 0 0 0 0 0 0 14 121 912 5521 22305 52249 68103 53665 26623 8668 1962 131 0 0 0 0 0 0 0 0 0 0
SHARD 10093 k=4 m=28 inter=1 colcap=128: NONE visited=3446727 time=3.2s
ACCEPTED 0 0 0 0 0 0 0 12 106 839 5291 22002 53132 70189 50246 18554 3319 283 11 1 0 0 0 0 0 0 0 0 0
SHARD 10094 k=4 m=28 inter=1 colcap=128: NONE visited=444 time=0.0s
ACCEPTED 0 0 0 0 0 0 0 1 4 4 1 0 0 0 0 0 0 0 0 0 0 0 0 0 0 0 0 0 0
SHARD 10095 k=4 m=28 inter=1 colcap=128: NONE visited=17949492 time=16.3s
ACCEPTED 0 0 0 0 0 0 0 21 245 2420 18821 91125 240409 335035 248889 85023 11782 1024 19 0 0 0 0 0 0 0 0 0 0
SHARD 10096 k=4 m=28 inter=1 colcap=128: NONE visited=21515777 time=24.8s
ACCEPTED 0 0 0 0 0 0 0 25 399 4149 28000 120964 328704 544834 525916 296985 101822 22717 3172 168 5 0 0 0 0 0 0 0 0
SHARD 10097 k=4 m=28 inter=1 colcap=128: NONE visited=15389498 time=18.8s
ACCEPTED 0 0 0 0 0 0 0 25 353 3276 20308 82581 217466 368697 400609 278051 124598 31498 1482 11 0 0 0 0 0 0 0 0 0
SHARD 10098 k=4 m=28 inter=1 colcap=128: NONE visited=35273631 time=31.9s
ACCEPTED 0 0 0 0 0 0 0 33 548 5747 38233 157546 396366 605450 568080 327018 120801 29832 4615 295 12 0 0 0 0 0 0 0 0
SHARD 10099 k=4 m=28 inter=1 colcap=128: NONE visited=30093995 time=34.4s
ACCEPTED 0 0 0 0 0 0 0 18 245 2584 19669 100458 324603 638876 747105 505436 190704 38366 4780 390 15 0 0 0 0 0 0 0 0
SHARD 10100 k=4 m=28 inter=1 colcap=128: NONE visited=59275129 time=64.3s
ACCEPTED 0 0 0 0 0 0 0 29 443 4856 37984 194744 612935 1154078 1311171 914827 419497 113951 12420 203 9 0 0 0 0 0 0 0 0
SHARD 10101 k=4 m=28 inter=1 colcap=128: NONE visited=194398 time=0.2s
ACCEPTED 0 0 0 0 0 0 0 4 22 192 966 2742 2870 758 31 1 0 0 0 0 0 0 0 0 0 0 0 0 0
SHARD 10102 k=4 m=28 inter=1 colcap=128: NONE visited=2882928 time=2.1s
ACCEPTED 0 0 0 0 0 0 0 9 88 826 5166 19403 40900 45054 24728 7476 1194 70 2 0 0 0 0 0 0 0 0 0 0
SHARD 10103 k=4 m=28 inter=1 colcap=128: NONE visited=1252132 time=1.1s
ACCEPTED 0 0 0 0 0 0 0 6 46 296 1571 5977 14869 22909 22288 13076 4140 550 21 2 0 0 0 0 0 0 0 0 0
SHARD 10104 k=4 m=28 inter=1 colcap=128: NONE visited=44053961 time=37.9s
ACCEPTED 0 0 0 0 0 0 0 36 703 8217 55759 223481 544973 797864 686774 340370 93592 13901 1095 44 1 0 0 0 0 0 0 0 0
SHARD 10105 k=4 m=28 inter=1 colcap=128: NONE visited=140736112 time=150.9s
ACCEPTED 0 0 0 0 0 0 0 49 1104 14526 116538 566382 1664237 2973407 3256073 2181582 854147 179348 20982 1473 83 2 0 0 0 0 0 0 0
SHARD 10106 k=4 m=28 inter=1 colcap=128: NONE visited=113658210 time=114.0s
ACCEPTED 0 0 0 0 0 0 0 44 920 11287 85128 399154 1166295 2106700 2354565 1615810 681498 181806 32638 4086 361 4 0 0 0 0 0 0 0
SHARD 10107 k=4 m=28 inter=1 colcap=128: NONE visited=217468008 time=248.3s
ACCEPTED 0 0 0 0 0 0 0 34 734 10442 94783 537353 1871354 3976415 5198972 4288154 2273395 771801 164323 29002 3426 198 8 0 0 0 0 0 0
SHARD 10108 k=4 m=28 inter=1 colcap=128: NONE visited=102960639 time=141.8s
ACCEPTED 0 0 0 0 0 0 0 18 272 3132 26566 156971 624263 1633817 2740449 2812832 1825661 770690 233470 49290 4398 174 1 0 0 0 0 0 0
SHARD 10109 k=4 m=28 inter=1 colcap=128: NONE visited=4302654 time=3.4s
ACCEPTED 0 0 0 0 0 0 0 23 285 2274 11330 34233 61991 64110 36389 11087 2019 292 0 0 0 0 0 0 0 0 0 0 0
SHARD 10110 k=4 m=28 inter=1 colcap=128: NONE visited=158482280 time=184.6s
ACCEPTED 0 0 0 0 0 0 0 44 919 11652 94576 491456 1611884 3233591 3884365 2810173 1267288 369453 73352 11380 988 25 0 0 0 0 0 0 0
SHARD 10111 k=4 m=28 inter=1 colcap=128: NONE visited=83512687 time=104.3s
ACCEPTED 0 0 0 0 0 0 0 31 538 6221 48523 249904 829759 1730309 2203388 1706209 807574 239078 48463 6659 657 43 4 0 0 0 0 0 0
SHARD 10112 k=4 m=28 inter=1 colcap=128: NONE visited=58702278 time=67.2s
ACCEPTED 0 0 0 0 0 0 0 30 467 4638 31307 144166 445721 916224 1270949 1196791 716539 206583 13061 475 22 1 0 0 0 0 0 0 0
SHARD 10113 k=4 m=28 inter=1 colcap=128: NONE visited=27841647 time=27.8s
ACCEPTED 0 0 0 0 0 0 0 21 263 2459 18440 96581 304787 545598 532032 277896 79691 12764 744 8 0 0 0 0 0 0 0 0 0
SHARD 10114 k=4 m=28 inter=1 colcap=128: NONE visited=73641712 time=76.1s
ACCEPTED 0 0 0 0 0 0 0 33 581 6404 46421 220644 667942 1262872 1510656 1199942 623082 165753 10225 726 29 0 0 0 0 0 0 0 0
SHARD 10115 k=4 m=28 inter=1 colcap=128: NONE visited=518554 time=0.4s
ACCEPTED 0 0 0 0 0 0 0 9 60 450 2231 5628 7431 5557 2113 285 11 0 0 0 0 0 0 0 0 0 0 0 0
SHARD 10116 k=4 m=28 inter=1 colcap=128: NONE visited=1772666 time=1.2s
ACCEPTED 0 0 0 0 0 0 0 16 187 1505 7063 18698 26185 17693 5067 660 42 2 0 0 0 0 0 0 0 0 0 0 0
SHARD 10117 k=4 m=28 inter=1 colcap=128: NONE visited=36345366 time=35.3s
ACCEPTED 0 0 0 0 0 0 0 37 638 6795 44797 180568 446799 685053 653245 391553 150755 36926 4597 478 22 0 0 0 0 0 0 0 0
SHARD 10118 k=4 m=28 inter=1 colcap=128: NONE visited=28976501 time=29.4s
ACCEPTED 0 0 0 0 0 0 0 22 333 3583 26055 120843 344684 592786 613245 389005 153717 35086 4024 149 0 0 0 0 0 0 0 0 0
SHARD 10119 k=4 m=28 inter=1 colcap=128: NONE visited=22765112 time=19.3s
ACCEPTED 0 0 0 0 0 0 0 35 614 6529 41469 151409 316391 387076 287432 135118 41804 8808 1049 50 3 0 0 0 0 0 0 0 0
DONE exit=20
