SHARD 5560 k=4 m=28 inter=1 colcap=128: NONE visited=15699 time=0.0s
ACCEPTED 0 0 0 0 0 0 0 21 93 144 30 0 0 0 0 0 0 0 0 0 0 0 0 0 0 0 0 0 0
SHARD 5561 k=4 m=28 inter=1 colcap=128: NONE visited=24170 time=0.0s
ACCEPTED 0 0 0 0 0 0 0 22 121 196 89 10 0 0 0 0 0 0 0 0 0 0 0 0 0 0 0 0 0
SHARD 5562 k=4 m=28 inter=1 colcap=128: NONE visited=10830 time=0.0s
ACCEPTED 0 0 0 0 0 0 0 18 76 80 16 0 0 0 0 0 0 0 0 0 0 0 0 0 0 0 0 0 0
SHARD 5563 k=4 m=28 inter=1 colcap=128: NONE visited=24961 time=0.0s
ACCEPTED 0 0 0 0 0 0 0 13 82 215 158 27 1 0 0 0 0 0 0 0 0 0 0 0 0 0 0 0 0
SHARD 5564 k=4 m=28 inter=1 colcap=128: NONE visited=669 time=0.0s
ACCEPTED 0 0 0 0 0 0 0 4 6 1 0 0 0 0 0 0 0 0 0 0 0 0 0 0 0 0 0 0 0
SHARD 5565 k=4 m=28 inter=1 colcap=128: NONE visited=58814 time=0.0s
ACCEPTED 0 0 0 0 0 0 0 22 132 347 485 388 83 9 0 0 0 0 0 0 0 0 0 0 0 0 0 0 0
SHARD 5566 k=4 m=28 inter=1 colcap=128: NONE visited=3985 time=0.0s
ACCEPTED 0 0 0 0 0 0 0 11 31 15 2 0 0 0 0 0 0 0 0 0 0 0 0 0 0 0 0 0 0
SHARD 5567 k=4 m=28 inter=1 colcap=128: NONE visited=18230 time=0.0s
ACCEPTED 0 0 0 0 0 0 0 8 43 129 132 37 1 0 0 0 0 0 0 0 0 0 0 0 0 0 0 0 0
SHARD 5568 k=4 m=28 inter=1 colcap=128: NONE visited=1913 time=0.0s
ACCEPTED 0 0 0 0 0 0 0 5 10 15 8 1 0 0 0 0 0 0 0 0 0 0 0 0 0 0 0 0 0
SHARD 5569 k=4 m=28 inter=1 colcap=128: NONE visited=6803 time=0.0s
ACCEPTED 0 0 0 0 0 0 0 12 43 57 7 0 0 0 0 0 0 0 0 0 0 0 0 0 0 0 0 0 0
SHARD 5570 k=4 m=28 inter=1 colcap=128: NONE visited=13004 time=0.0s
ACCEPTED 0 0 0 0 0 0 0 11 50 117 89 32 0 0 0 0 0 0 0 0 0 0 0 0 0 0 0 0 0
SHARD 5571 k=4 m=28 inter=1 colcap=128: NONE visited=36075 time=0.0s
ACCEPTED 0 0 0 0 0 0 0 13 75 225 317 190 69 11 0 0 0 0 0 0 0 0 0 0 0 0 0 0 0
SHARD 5572 k=4 m=28 inter=1 colcap=128: NONE visited=157283 time=0.1s
ACCEPTED 0 0 0 0 0 0 0 29 276 1066 1408 766 267 29 1 0 0 0 0 0 0 0 0 0 0 0 0 0 0
SHARD 5573 k=4 m=28 inter=1 colcap=128: NONE visited=76514 time=0.0s
ACCEPTED 0 0 0 0 0 0 0 25 185 616 600 181 11 0 0 0 0 0 0 0 0 0 0 0 0 0 0 0 0
SHARD 5574 k=4 m=28 inter=1 colcap=128: NONE visited=280178 time=0.2s
ACCEPTED 0 0 0 0 0 0 0 39 433 1769 2703 1788 634 63 1 0 0 0 0 0 0 0 0 0 0 0 0 0 0
SHARD 5575 k=4 m=28 inter=1 colcap=128: NONE visited=15082 time=0.0s
ACCEPTED 0 0 0 0 0 0 0 12 55 125 109 17 0 0 0 0 0 0 0 0 0 0 0 0 0 0 0 0 0
SHARD 5576 k=4 m=28 inter=1 colcap=128: NONE visited=80651 time=0.1s
ACCEPTED 0 0 0 0 0 0 0 22 169 570 739 383 120 14 1 0 0 0 0 0 0 0 0 0 0 0 0 0 0
SHARD 5577 k=4 m=28 inter=1 colcap=128: NONE visited=46090 time=0.0s
ACCEPTED 0 0 0 0 0 0 0 20 126 378 386 100 13 0 0 0 0 0 0 0 0 0 0 0 0 0 0 0 0
SHARD 5578 k=4 m=28 inter=1 colcap=128: NONE visited=65185 time=0.0s
ACCEPTED 0 0 0 0 0 0 0 16 120 471 623 202 20 1 0 0 0 0 0 0 0 0 0 0 0 0 0 0 0
SHARD 5579 k=4 m=28 inter=1 colcap=128: NONE visited=1238 time=0.0s
ACCEPTED 0 0 0 0 0 0 0 4 12 4 0 0 0 0 0 0 0 0 0 0 0 0 0 0 0 0 0 0 0
SHARD 5580 k=4 m=28 inter=1 colcap=128: NONE visited=3080 time=0.0s
ACCEPTED 0 0 0 0 0 0 0 6 20 17 2 0 0 0 0 0 0 0 0 0 0 0 0 0 0 0 0 0 0
SHARD 5581 k=4 m=28 inter=1 colcap=128: NONE visited=2571 time=0.0s
ACCEPTED 0 0 0 0 0 0 0 6 19 11 3 0 0 0 0 0 0 0 0 0 0 0 0 0 0 0 0 0 0
SHARD 5582 k=4 m=28 inter=1 colcap=128: NONE visited=12503 time=0.0s
ACCEPTED 0 0 0 0 0 0 0 5 37 98 84 33 6 0 0 0 0 0 0 0 0 0 0 0 0 0 0 0 0
SHARD 5583 k=4 m=28 inter=1 colcap=128: NONE visited=969 time=0.0s
ACCEPTED 0 0 0 0 0 0 0 3 6 10 0 0 0 0 0 0 0 0 0 0 0 0 0 0 0 0 0 0 0
SHARD 5584 k=4 m=28 inter=1 colcap=128: NONE visited=9871 time=0.0s
ACCEPTED 0 0 0 0 0 0 0 11 55 94 40 3 0 0 0 0 0 0 0 0 0 0 0 0 0 0 0 0 0
SHARD 5585 k=4 m=28 inter=1 colcap=128: NONE visited=8095 time=0.0s
ACCEPTED 0 0 0 0 0 0 0 6 20 74 72 13 1 0 0 0 0 0 0 0 0 0 0 0 0 0 0 0 0
SHARD 5586 k=4 m=28 inter=1 colcap=128: NONE visited=6392 time=0.0s
ACCEPTED 0 0 0 0 0 0 0 11 34 62 22 0 0 0 0 0 0 0 0 0 0 0 0 0 0 0 0 0 0
SHARD 5587 k=4 m=28 inter=1 colcap=128: NONE visited=558 time=0.0s
ACCEPTED 0 0 0 0 0 0 0 1 5 3 0 0 0 0 0 0 0 0 0 0 0 0 0 0 0 0 0 0 0
SHARD 5588 k=4 m=28 inter=1 colcap=128: NONE visited=7151024 time=5.3s
ACCEPTED 0 0 0 0 0 0 0 36 569 4561 19819 48324 60833 38874 12008 392 81 0 0 0 0 0 0 0 0 0 0 0 0
SHARD 5589 k=4 m=28 inter=1 colcap=128: NONE visited=34396804 time=29.3s
ACCEPTED 0 0 0 0 0 0 0 59 1347 14565 79081 225939 365429 342071 189281 61564 16128 1801 140 83 34 0 0 0 0 0 0 0 0
SHARD 5590 k=4 m=28 inter=1 colcap=128: NONE visited=16889245 time=13.5s
ACCEPTED 0 0 0 0 0 0 0 53 1129 11031 52193 125639 160779 109988 32564 1835 271 1 0 0 0 0 0 0 0 0 0 0 0
SHARD 5591 k=4 m=28 inter=1 colcap=128: NONE visited=365825 time=0.3s
ACCEPTED 0 0 0 0 0 0 0 33 352 1490 3061 3175 1815 515 60 0 0 0 0 0 0 0 0 0 0 0 0 0 0
SHARD 5592 k=4 m=28 inter=1 colcap=128: NONE visited=13401956 time=11.3s
ACCEPTED 0 0 0 0 0 0 0 43 823 8259 44957 130611 191108 130223 43867 7826 763 38 3 0 0 0 0 0 0 0 0 0 0
SHARD 5593 k=4 m=28 inter=1 colcap=128: NONE visited=1189339 time=0.8s
ACCEPTED 0 0 0 0 0 0 0 33 439 2734 8199 12129 9046 3597 727 88 8 0 0 0 0 0 0 0 0 0 0 0 0
SHARD 5594 k=4 m=28 inter=1 colcap=128: NONE visited=3615521 time=3.1s
ACCEPTED 0 0 0 0 0 0 0 50 909 7119 25291 43061 35746 13727 2566 260 4 0 0 0 0 0 0 0 0 0 0 0 0
SHARD 5595 k=4 m=28 inter=1 colcap=128: NONE visited=1475415 time=1.0s
ACCEPTED 0 0 0 0 0 0 0 34 463 2848 8196 11343 8869 5128 926 0 0 0 0 0 0 0 0 0 0 0 0 0 0
SHARD 5596 k=4 m=28 inter=1 colcap=128: NONE visited=18360928 time=15.4s
ACCEPTED 0 0 0 0 0 0 0 53 1071 10002 47639 125436 190447 168614 87769 26008 4692 312 3 0 0 0 0 0 0 0 0 0 0
SHARD 5597 k=4 m=28 inter=1 colcap=128: NONE visited=27516 time=0.0s
ACCEPTED 0 0 0 0 0 0 0 12 70 172 217 114 14 1 0 0 0 0 0 0 0 0 0 0 0 0 0 0 0
SHARD 5598 k=4 m=28 inter=1 colcap=128: NONE visited=2011383 time=1.7s
ACCEPTED 0 0 0 0 0 0 0 42 643 4309 13789 21929 18830 9016 2412 367 28 0 0 0 0 0 0 0 0 0 0 0 0
SHARD 5599 k=4 m=28 inter=1 colcap=128: NONE visited=1157368 time=0.8s
ACCEPTED 0 0 0 0 0 0 0 32 451 3053 9776 13613 8377 2465 349 10 0 0 0 0 0 0 0 0 0 0 0 0 0
DONE exit=20
