SHARD 3080 k=4 m=28 inter=1 colcap=128: NONE visited=29656 time=0.0s
ACCEPTED 0 0 0 0 0 0 0 6 28 130 354 527 307 82 4 0 0 0 0 0 0 0 0 0 0 0 0 0 0
SHARD 3081 k=4 m=28 inter=1 colcap=128: NONE visited=4644679 time=3.9s
ACCEPTED 0 0 0 0 0 0 0 20 208 1482 6720 18965 33566 39913 31931 18176 5997 186 2 0 0 0 0 0 0 0 0 0 0
SHARD 3082 k=4 m=28 inter=1 colcap=128: NONE visited=479274 time=0.5s
ACCEPTED 0 0 0 0 0 0 0 9 64 336 1255 3273 5755 6882 5286 2581 864 148 0 0 0 0 0 0 0 0 0 0 0
SHARD 3083 k=4 m=28 inter=1 colcap=128: NONE visited=4240957 time=4.1s
ACCEPTED 0 0 0 0 0 0 0 18 216 1760 9319 30337 59002 67921 45681 17620 3674 376 14 0 0 0 0 0 0 0 0 0 0
SHARD 3084 k=4 m=28 inter=1 colcap=128: NONE visited=668414 time=0.6s
ACCEPTED 0 0 0 0 0 0 0 17 150 781 2396 4295 4675 3980 3187 1858 710 0 0 0 0 0 0 0 0 0 0 0 0
SHARD 3085 k=4 m=28 inter=1 colcap=128: NONE visited=168876 time=0.1s
ACCEPTED 0 0 0 0 0 0 0 9 39 119 304 613 921 1044 1146 586 192 0 0 0 0 0 0 0 0 0 0 0 0
SHARD 3086 k=4 m=28 inter=1 colcap=128: NONE visited=317741 time=0.3s
ACCEPTED 0 0 0 0 0 0 0 12 91 489 1680 3452 4057 2353 585 76 5 0 0 0 0 0 0 0 0 0 0 0 0
SHARD 3087 k=4 m=28 inter=1 colcap=128: NONE visited=15696 time=0.0s
ACCEPTED 0 0 0 0 0 0 0 6 19 49 95 140 120 43 2 0 0 0 0 0 0 0 0 0 0 0 0 0 0
SHARD 3088 k=4 m=28 inter=1 colcap=128: NONE visited=138575 time=0.1s
ACCEPTED 0 0 0 0 0 0 0 6 40 200 697 1509 1939 1452 599 116 9 0 0 0 0 0 0 0 0 0 0 0 0
SHARD 3089 k=4 m=28 inter=1 colcap=128: NONE visited=161080 time=0.1s
ACCEPTED 0 0 0 0 0 0 0 2 7 41 180 423 584 1130 1091 537 170 0 0 0 0 0 0 0 0 0 0 0 0
SHARD 3090 k=4 m=28 inter=1 colcap=128: NONE visited=5812240 time=5.6s
ACCEPTED 0 0 0 0 0 0 0 27 386 3369 17621 52486 85833 77716 40032 11547 1687 98 1 0 0 0 0 0 0 0 0 0 0
SHARD 3091 k=4 m=28 inter=1 colcap=128: NONE visited=5268516 time=4.7s
ACCEPTED 0 0 0 0 0 0 0 33 526 4447 19963 49696 69914 56634 29410 12658 5409 1852 257 6 0 0 0 0 0 0 0 0 0
SHARD 3092 k=4 m=28 inter=1 colcap=128: NONE visited=62262 time=0.0s
ACCEPTED 0 0 0 0 0 0 0 9 38 192 610 761 303 63 2 0 0 0 0 0 0 0 0 0 0 0 0 0 0
SHARD 3093 k=4 m=28 inter=1 colcap=128: NONE visited=1431010 time=1.3s
ACCEPTED 0 0 0 0 0 0 0 15 179 1203 4924 13132 21597 20012 9990 2639 319 21 1 0 0 0 0 0 0 0 0 0 0
SHARD 3094 k=4 m=28 inter=1 colcap=128: NONE visited=2173568 time=2.1s
ACCEPTED 0 0 0 0 0 0 0 14 159 1200 5836 17446 30423 29839 16752 5610 1058 93 0 0 0 0 0 0 0 0 0 0 0
SHARD 3095 k=4 m=28 inter=1 colcap=128: NONE visited=1130334 time=0.9s
ACCEPTED 0 0 0 0 0 0 0 20 219 1469 6310 14881 15231 5889 768 27 1 0 0 0 0 0 0 0 0 0 0 0 0
SHARD 3096 k=4 m=28 inter=1 colcap=128: NONE visited=2173670 time=2.0s
ACCEPTED 0 0 0 0 0 0 0 28 393 2882 11103 23826 29484 20418 7874 1790 181 3 0 0 0 0 0 0 0 0 0 0 0
SHARD 3097 k=4 m=28 inter=1 colcap=128: NONE visited=332762 time=0.3s
ACCEPTED 0 0 0 0 0 0 0 9 61 417 1797 4209 4493 1896 378 26 0 0 0 0 0 0 0 0 0 0 0 0 0
SHARD 3098 k=4 m=28 inter=1 colcap=128: NONE visited=266700 time=0.2s
ACCEPTED 0 0 0 0 0 0 0 21 206 992 2316 2775 1799 615 120 9 0 0 0 0 0 0 0 0 0 0 0 0 0
SHARD 3099 k=4 m=28 inter=1 colcap=128: NONE visited=2440919 time=2.3s
ACCEPTED 0 0 0 0 0 0 0 19 246 1970 9152 23640 33253 25922 12314 3803 660 34 0 0 0 0 0 0 0 0 0 0 0
SHARD 3100 k=4 m=28 inter=1 colcap=128: NONE visited=49992 time=0.0s
ACCEPTED 0 0 0 0 0 0 0 16 106 333 436 256 84 16 2 0 0 0 0 0 0 0 0 0 0 0 0 0 0
SHARD 3101 k=4 m=28 inter=1 colcap=128: NONE visited=187614 time=0.1s
ACCEPTED 0 0 0 0 0 0 0 13 94 448 1251 1917 1626 672 202 35 1 0 0 0 0 0 0 0 0 0 0 0 0
SHARD 3102 k=4 m=28 inter=1 colcap=128: NONE visited=53999 time=0.0s
ACCEPTED 0 0 0 0 0 0 0 7 57 262 641 686 281 39 2 0 0 0 0 0 0 0 0 0 0 0 0 0 0
SHARD 3103 k=4 m=28 inter=1 colcap=128: NONE visited=895701 time=0.7s
ACCEPTED 0 0 0 0 0 0 0 29 316 1762 5535 9995 10065 5596 1701 269 11 0 0 0 0 0 0 0 0 0 0 0 0
SHARD 3104 k=4 m=28 inter=1 colcap=128: NONE visited=1466914 time=1.3s
ACCEPTED 0 0 0 0 0 0 0 21 220 1430 5675 13520 19319 15867 7177 1781 168 7 0 0 0 0 0 0 0 0 0 0 0
SHARD 3105 k=4 m=28 inter=1 colcap=128: NONE visited=3028993 time=2.3s
ACCEPTED 0 0 0 0 0 0 0 29 402 3211 14156 32861 40247 27416 12536 4294 868 108 0 0 0 0 0 0 0 0 0 0 0
SHARD 3106 k=4 m=28 inter=1 colcap=128: NONE visited=288917 time=0.2s
ACCEPTED 0 0 0 0 0 0 0 20 168 778 2117 3512 2695 841 119 18 1 0 0 0 0 0 0 0 0 0 0 0 0
SHARD 3107 k=4 m=28 inter=1 colcap=128: NONE visited=1811940 time=1.6s
ACCEPTED 0 0 0 0 0 0 0 21 229 1619 7299 18749 25555 18239 7566 2088 386 62 5 0 0 0 0 0 0 0 0 0 0
SHARD 3108 k=4 m=28 inter=1 colcap=128: NONE visited=1313077 time=1.1s
ACCEPTED 0 0 0 0 0 0 0 37 466 2646 7846 13680 13772 6644 1473 143 5 0 0 0 0 0 0 0 0 0 0 0 0
SHARD 3109 k=4 m=28 inter=1 colcap=128: NONE visited=1659349 time=1.3s
ACCEPTED 0 0 0 0 0 0 0 26 322 2246 8617 17668 19383 11732 3966 869 114 6 0 0 0 0 0 0 0 0 0 0 0
SHARD 3110 k=4 m=28 inter=1 colcap=128: NONE visited=773089 time=0.7s
ACCEPTED 0 0 0 0 0 0 0 21 207 1353 5326 10622 9836 4143 904 141 7 0 0 0 0 0 0 0 0 0 0 0 0
SHARD 3111 k=4 m=28 inter=1 colcap=128: NONE visited=23928 time=0.0s
ACCEPTED 0 0 0 0 0 0 0 14 66 155 204 122 20 2 0 0 0 0 0 0 0 0 0 0 0 0 0 0 0
SHARD 3112 k=4 m=28 inter=1 colcap=128: NONE visited=100451 time=0.1s
ACCEPTED 0 0 0 0 0 0 0 13 75 255 622 988 902 517 130 18 3 0 0 0 0 0 0 0 0 0 0 0 0
SHARD 3113 k=4 m=28 inter=1 colcap=128: NONE visited=84729 time=0.0s
ACCEPTED 0 0 0 0 0 0 0 15 111 418 775 658 228 27 1 0 0 0 0 0 0 0 0 0 0 0 0 0 0
SHARD 3114 k=4 m=28 inter=1 colcap=128: NONE visited=6035 time=0.0s
ACCEPTED 0 0 0 0 0 0 0 5 15 36 66 42 6 2 0 0 0 0 0 0 0 0 0 0 0 0 0 0 0
SHARD 3115 k=4 m=28 inter=1 colcap=128: NONE visited=12189 time=0.0s
ACCEPTED 0 0 0 0 0 0 0 6 19 42 85 104 70 20 2 0 0 0 0 0 0 0 0 0 0 0 0 0 0
SHARD 3116 k=4 m=28 inter=1 colcap=128: NONE visited=16555 time=0.0s
ACCEPTED 0 0 0 0 0 0 0 4 25 104 184 123 37 5 0 0 0 0 0 0 0 0 0 0 0 0 0 0 0
SHARD 3117 k=4 m=28 inter=1 colcap=128: NONE visited=95788 time=0.1s
ACCEPTED 0 0 0 0 0 0 0 12 90 385 917 1184 757 194 22 0 0 0 0 0 0 0 0 0 0 0 0 0 0
SHARD 3118 k=4 m=28 inter=1 colcap=128: NONE visited=109724 time=0.1s
ACCEPTED 0 0 0 0 0 0 0 7 33 137 431 928 1273 790 205 11 0 0 0 0 0 0 0 0 0 0 0 0 0
SHARD 3119 k=4 m=28 inter=1 colcap=128: NONE visited=325 time=0.0s
ACCEPTED 0 0 0 0 0 0 0 1 4 1 0 0 0 0 0 0 0 0 0 0 0 0 0 0 0 0 0 0 0
DONE exit=20
