SHARD 7320 k=4 m=28 inter=1 colcap=128: NONE visited=3505 time=0.0s
ACCEPTED 0 0 0 0 0 0 0 5 22 25 7 0 0 0 0 0 0 0 0 0 0 0 0 0 0 0 0 0 0
SHARD 7321 k=4 m=28 inter=1 colcap=128: NONE visited=9976 time=0.0s
ACCEPTED 0 0 0 0 0 0 0 12 51 73 28 0 0 0 0 0 0 0 0 0 0 0 0 0 0 0 0 0 0
SHARD 7322 k=4 m=28 inter=1 colcap=128: NONE visited=37901 time=0.0s
ACCEPTED 0 0 0 0 0 0 0 17 124 354 350 108 18 2 0 0 0 0 0 0 0 0 0 0 0 0 0 0 0
SHARD 7323 k=4 m=28 inter=1 colcap=128: NONE visited=41183 time=0.0s
ACCEPTED 0 0 0 0 0 0 0 19 120 306 345 167 50 5 0 0 0 0 0 0 0 0 0 0 0 0 0 0 0
SHARD 7324 k=4 m=28 inter=1 colcap=128: NONE visited=496516 time=0.3s
ACCEPTED 0 0 0 0 0 0 0 23 237 1223 3141 3964 2812 1384 634 313 43 0 0 0 0 0 0 0 0 0 0 0 0
SHARD 7325 k=4 m=28 inter=1 colcap=128: NONE visited=66222 time=0.0s
ACCEPTED 0 0 0 0 0 0 0 20 136 417 532 303 83 7 1 0 0 0 0 0 0 0 0 0 0 0 0 0 0
SHARD 7326 k=4 m=28 inter=1 colcap=128: NONE visited=5277 time=0.0s
ACCEPTED 0 0 0 0 0 0 0 9 33 41 16 0 0 0 0 0 0 0 0 0 0 0 0 0 0 0 0 0 0
SHARD 7327 k=4 m=28 inter=1 colcap=128: NONE visited=22201 time=0.0s
ACCEPTED 0 0 0 0 0 0 0 17 89 175 136 49 10 0 0 0 0 0 0 0 0 0 0 0 0 0 0 0 0
SHARD 7328 k=4 m=28 inter=1 colcap=128: NONE visited=35958 time=0.0s
ACCEPTED 0 0 0 0 0 0 0 19 110 266 260 63 3 0 0 0 0 0 0 0 0 0 0 0 0 0 0 0 0
SHARD 7329 k=4 m=28 inter=1 colcap=128: NONE visited=79690 time=0.0s
ACCEPTED 0 0 0 0 0 0 0 23 197 680 765 291 46 1 0 0 0 0 0 0 0 0 0 0 0 0 0 0 0
SHARD 7330 k=4 m=28 inter=1 colcap=128: NONE visited=1721 time=0.0s
ACCEPTED 0 0 0 0 0 0 0 2 11 16 4 0 0 0 0 0 0 0 0 0 0 0 0 0 0 0 0 0 0
SHARD 7331 k=4 m=28 inter=1 colcap=128: NONE visited=158516 time=0.1s
ACCEPTED 0 0 0 0 0 0 0 25 199 750 1405 1188 481 74 1 0 0 0 0 0 0 0 0 0 0 0 0 0 0
SHARD 7332 k=4 m=28 inter=1 colcap=128: NONE visited=43649 time=0.0s
ACCEPTED 0 0 0 0 0 0 0 14 80 230 375 224 50 1 0 0 0 0 0 0 0 0 0 0 0 0 0 0 0
SHARD 7333 k=4 m=28 inter=1 colcap=128: NONE visited=100028 time=0.1s
ACCEPTED 0 0 0 0 0 0 0 12 90 401 898 884 399 81 7 0 0 0 0 0 0 0 0 0 0 0 0 0 0
SHARD 7334 k=4 m=28 inter=1 colcap=128: NONE visited=23593 time=0.0s
ACCEPTED 0 0 0 0 0 0 0 11 61 167 186 86 13 2 0 0 0 0 0 0 0 0 0 0 0 0 0 0 0
SHARD 7335 k=4 m=28 inter=1 colcap=128: NONE visited=4436 time=0.0s
ACCEPTED 0 0 0 0 0 0 0 6 28 37 9 0 0 0 0 0 0 0 0 0 0 0 0 0 0 0 0 0 0
SHARD 7336 k=4 m=28 inter=1 colcap=128: NONE visited=5251 time=0.0s
ACCEPTED 0 0 0 0 0 0 0 5 18 30 33 21 3 0 0 0 0 0 0 0 0 0 0 0 0 0 0 0 0
SHARD 7337 k=4 m=28 inter=1 colcap=128: NONE visited=3991 time=0.0s
ACCEPTED 0 0 0 0 0 0 0 5 16 25 19 2 0 0 0 0 0 0 0 0 0 0 0 0 0 0 0 0 0
SHARD 7338 k=4 m=28 inter=1 colcap=128: NONE visited=11979 time=0.0s
ACCEPTED 0 0 0 0 0 0 0 11 54 98 58 9 0 0 0 0 0 0 0 0 0 0 0 0 0 0 0 0 0
SHARD 7339 k=4 m=28 inter=1 colcap=128: NONE visited=3124 time=0.0s
ACCEPTED 0 0 0 0 0 0 0 4 16 24 11 0 0 0 0 0 0 0 0 0 0 0 0 0 0 0 0 0 0
SHARD 7340 k=4 m=28 inter=1 colcap=128: NONE visited=2388 time=0.0s
ACCEPTED 0 0 0 0 0 0 0 4 13 16 8 0 0 0 0 0 0 0 0 0 0 0 0 0 0 0 0 0 0
SHARD 7341 k=4 m=28 inter=1 colcap=128: NONE visited=10749 time=0.0s
ACCEPTED 0 0 0 0 0 0 0 4 28 119 81 25 1 0 0 0 0 0 0 0 0 0 0 0 0 0 0 0 0
SHARD 7342 k=4 m=28 inter=1 colcap=128: NONE visited=28923 time=0.0s
ACCEPTED 0 0 0 0 0 0 0 11 43 164 262 205 28 0 0 0 0 0 0 0 0 0 0 0 0 0 0 0 0
SHARD 7343 k=4 m=28 inter=1 colcap=128: NONE visited=12553 time=0.0s
ACCEPTED 0 0 0 0 0 0 0 13 47 84 59 16 2 0 0 0 0 0 0 0 0 0 0 0 0 0 0 0 0
SHARD 7344 k=4 m=28 inter=1 colcap=128: NONE visited=155489 time=0.1s
ACCEPTED 0 0 0 0 0 0 0 15 122 537 1209 1390 857 344 75 11 0 0 0 0 0 0 0 0 0 0 0 0 0
SHARD 7345 k=4 m=28 inter=1 colcap=128: NONE visited=48982 time=0.0s
ACCEPTED 0 0 0 0 0 0 0 13 88 300 475 341 102 14 0 0 0 0 0 0 0 0 0 0 0 0 0 0 0
SHARD 7346 k=4 m=28 inter=1 colcap=128: NONE visited=430 time=0.0s
ACCEPTED 0 0 0 0 0 0 0 3 1 0 0 0 0 0 0 0 0 0 0 0 0 0 0 0 0 0 0 0 0
SHARD 7347 k=4 m=28 inter=1 colcap=128: NONE visited=4615 time=0.0s
ACCEPTED 0 0 0 0 0 0 0 6 18 33 26 7 1 0 0 0 0 0 0 0 0 0 0 0 0 0 0 0 0
SHARD 7348 k=4 m=28 inter=1 colcap=128: NONE visited=1637 time=0.0s
ACCEPTED 0 0 0 0 0 0 0 5 11 11 0 0 0 0 0 0 0 0 0 0 0 0 0 0 0 0 0 0 0
SHARD 7349 k=4 m=28 inter=1 colcap=128: NONE visited=38069 time=0.0s
ACCEPTED 0 0 0 0 0 0 0 17 113 295 270 53 2 0 0 0 0 0 0 0 0 0 0 0 0 0 0 0 0
SHARD 7350 k=4 m=28 inter=1 colcap=128: NONE visited=4388 time=0.0s
ACCEPTED 0 0 0 0 0 0 0 14 33 16 1 0 0 0 0 0 0 0 0 0 0 0 0 0 0 0 0 0 0
SHARD 7351 k=4 m=28 inter=1 colcap=128: NONE visited=829 time=0.0s
ACCEPTED 0 0 0 0 0 0 0 5 4 0 0 0 0 0 0 0 0 0 0 0 0 0 0 0 0 0 0 0 0
SHARD 7352 k=4 m=28 inter=1 colcap=128: NONE visited=2105 time=0.0s
ACCEPTED 0 0 0 0 0 0 0 8 15 6 0 0 0 0 0 0 0 0 0 0 0 0 0 0 0 0 0 0 0
SHARD 7353 k=4 m=28 inter=1 colcap=128: NONE visited=1579 time=0.0s
ACCEPTED 0 0 0 0 0 0 0 5 12 6 0 0 0 0 0 0 0 0 0 0 0 0 0 0 0 0 0 0 0
SHARD 7354 k=4 m=28 inter=1 colcap=128: NONE visited=2524 time=0.0s
ACCEPTED 0 0 0 0 0 0 0 8 15 14 6 1 0 0 0 0 0 0 0 0 0 0 0 0 0 0 0 0 0
SHARD 7355 k=4 m=28 inter=1 colcap=128: NONE visited=285 time=0.0s
ACCEPTED 0 0 0 0 0 0 0 1 3 0 0 0 0 0 0 0 0 0 0 0 0 0 0 0 0 0 0 0 0
SHARD 7356 k=4 m=28 inter=1 colcap=128: NONE visited=797 time=0.0s
ACCEPTED 0 0 0 0 0 0 0 5 4 0 0 0 0 0 0 0 0 0 0 0 0 0 0 0 0 0 0 0 0
SHARD 7357 k=4 m=28 inter=1 colcap=128: NONE visited=160 time=0.0s
ACCEPTED 0 0 0 0 0 0 0 1 0 0 0 0 0 0 0 0 0 0 0 0 0 0 0 0 0 0 0 0 0
SHARD 7358 k=4 m=28 inter=1 colcap=128: NONE visited=1894 time=0.0s
ACCEPTED 0 0 0 0 0 0 0 5 15 9 0 0 0 0 0 0 0 0 0 0 0 0 0 0 0 0 0 0 0
SHARD 7359 k=4 m=28 inter=1 colcap=128: NONE visited=13897 time=0.0s
ACCEPTED 0 0 0 0 0 0 0 15 81 122 37 3 0 0 0 0 0 0 0 0 0 0 0 0 0 0 0 0 0
DONE exit=20
