SHARD 8640 k=4 m=28 inter=1 colcap=128: NONE visited=294346 time=0.2s
ACCEPTED 0 0 0 0 0 0 0 17 142 768 2285 3397 2378 757 112 6 0 0 0 0 0 0 0 0 0 0 0 0 0
SHARD 8641 k=4 m=28 inter=1 colcap=128: NONE visited=206079 time=0.1s
ACCEPTED 0 0 0 0 0 0 0 11 64 387 1375 2271 1860 549 43 0 0 0 0 0 0 0 0 0 0 0 0 0 0
SHARD 8642 k=4 m=28 inter=1 colcap=128: NONE visited=1682169 time=1.1s
ACCEPTED 0 0 0 0 0 0 0 22 229 1451 5717 13250 18065 15873 10037 4521 1164 133 6 0 0 0 0 0 0 0 0 0 0
SHARD 8643 k=4 m=28 inter=1 colcap=128: NONE visited=2540232 time=1.7s
ACCEPTED 0 0 0 0 0 0 0 27 367 2849 11976 27322 33352 21535 6267 770 34 0 0 0 0 0 0 0 0 0 0 0 0
SHARD 8644 k=4 m=28 inter=1 colcap=128: NONE visited=166551 time=0.1s
ACCEPTED 0 0 0 0 0 0 0 7 54 324 988 1750 1711 754 135 12 0 0 0 0 0 0 0 0 0 0 0 0 0
SHARD 8645 k=4 m=28 inter=1 colcap=128: NONE visited=1848517 time=1.2s
ACCEPTED 0 0 0 0 0 0 0 25 286 1896 7210 16254 21959 17668 8484 2550 445 44 2 0 0 0 0 0 0 0 0 0 0
SHARD 8646 k=4 m=28 inter=1 colcap=128: NONE visited=831423 time=0.5s
ACCEPTED 0 0 0 0 0 0 0 21 216 1306 4529 9072 9968 5911 1887 343 26 0 0 0 0 0 0 0 0 0 0 0 0
SHARD 8647 k=4 m=28 inter=1 colcap=128: NONE visited=5160709 time=4.4s
ACCEPTED 0 0 0 0 0 0 0 10 139 1307 7753 27231 57518 76119 65173 36081 13247 2185 18 1 0 0 0 0 0 0 0 0 0
SHARD 8648 k=4 m=28 inter=1 colcap=128: NONE visited=7572 time=0.0s
ACCEPTED 0 0 0 0 0 0 0 3 15 49 73 54 13 1 0 0 0 0 0 0 0 0 0 0 0 0 0 0 0
SHARD 8649 k=4 m=28 inter=1 colcap=128: NONE visited=79047 time=0.1s
ACCEPTED 0 0 0 0 0 0 0 4 24 87 269 611 999 726 193 26 2 0 0 0 0 0 0 0 0 0 0 0 0
SHARD 8650 k=4 m=28 inter=1 colcap=128: NONE visited=3473124 time=2.6s
ACCEPTED 0 0 0 0 0 0 0 33 433 3186 13943 35413 52526 43946 18616 3944 491 25 0 0 0 0 0 0 0 0 0 0 0
SHARD 8651 k=4 m=28 inter=1 colcap=128: NONE visited=6070438 time=4.5s
ACCEPTED 0 0 0 0 0 0 0 25 327 2733 14351 45554 84138 88906 56332 21407 4603 487 16 0 0 0 0 0 0 0 0 0 0
SHARD 8652 k=4 m=28 inter=1 colcap=128: NONE visited=10738 time=0.0s
ACCEPTED 0 0 0 0 0 0 0 4 23 101 132 63 8 0 0 0 0 0 0 0 0 0 0 0 0 0 0 0 0
SHARD 8653 k=4 m=28 inter=1 colcap=128: NONE visited=496844 time=0.3s
ACCEPTED 0 0 0 0 0 0 0 27 277 1461 4006 5758 4462 1740 266 9 0 0 0 0 0 0 0 0 0 0 0 0 0
SHARD 8654 k=4 m=28 inter=1 colcap=128: NONE visited=358650 time=0.2s
ACCEPTED 0 0 0 0 0 0 0 18 154 819 2519 4119 3695 1848 485 74 7 0 0 0 0 0 0 0 0 0 0 0 0
SHARD 8655 k=4 m=28 inter=1 colcap=128: NONE visited=956133 time=0.6s
ACCEPTED 0 0 0 0 0 0 0 17 163 1033 4037 9129 11459 8386 4185 1174 157 6 0 0 0 0 0 0 0 0 0 0 0
SHARD 8656 k=4 m=28 inter=1 colcap=128: NONE visited=119090 time=0.1s
ACCEPTED 0 0 0 0 0 0 0 9 60 355 1057 1385 807 169 2 0 0 0 0 0 0 0 0 0 0 0 0 0 0
SHARD 8657 k=4 m=28 inter=1 colcap=128: NONE visited=481190 time=0.2s
ACCEPTED 0 0 0 0 0 0 0 11 93 643 2518 5216 5806 3291 876 89 4 0 0 0 0 0 0 0 0 0 0 0 0
SHARD 8658 k=4 m=28 inter=1 colcap=128: NONE visited=337917 time=0.2s
ACCEPTED 0 0 0 0 0 0 0 13 115 688 2296 3978 3150 1127 137 11 1 0 0 0 0 0 0 0 0 0 0 0 0
SHARD 8659 k=4 m=28 inter=1 colcap=128: NONE visited=33050 time=0.0s
ACCEPTED 0 0 0 0 0 0 0 7 29 142 420 529 213 27 0 0 0 0 0 0 0 0 0 0 0 0 0 0 0
SHARD 8660 k=4 m=28 inter=1 colcap=128: NONE visited=221786 time=0.1s
ACCEPTED 0 0 0 0 0 0 0 11 81 455 1564 2804 2683 1487 452 81 9 0 0 0 0 0 0 0 0 0 0 0 0
SHARD 8661 k=4 m=28 inter=1 colcap=128: NONE visited=259467 time=0.1s
ACCEPTED 0 0 0 0 0 0 0 15 113 541 1630 2831 2556 1171 262 45 4 0 0 0 0 0 0 0 0 0 0 0 0
SHARD 8662 k=4 m=28 inter=1 colcap=128: NONE visited=4386177 time=3.5s
ACCEPTED 0 0 0 0 0 0 0 28 352 2658 12451 35714 62114 67082 46326 18613 4760 514 0 0 0 0 0 0 0 0 0 0 0
SHARD 8663 k=4 m=28 inter=1 colcap=128: NONE visited=312360 time=0.2s
ACCEPTED 0 0 0 0 0 0 0 19 143 666 2048 3511 3372 1831 313 16 0 0 0 0 0 0 0 0 0 0 0 0 0
SHARD 8664 k=4 m=28 inter=1 colcap=128: NONE visited=835192 time=0.6s
ACCEPTED 0 0 0 0 0 0 0 10 108 838 3985 10102 12833 8050 2798 560 50 2 0 0 0 0 0 0 0 0 0 0 0
SHARD 8665 k=4 m=28 inter=1 colcap=128: NONE visited=7101153 time=5.8s
ACCEPTED 0 0 0 0 0 0 0 25 327 2785 15166 50516 99964 115210 76794 30243 7444 1101 43 0 0 0 0 0 0 0 0 0 0
SHARD 8666 k=4 m=28 inter=1 colcap=128: NONE visited=3734755 time=2.6s
ACCEPTED 0 0 0 0 0 0 0 35 499 3780 16064 37805 49288 37227 19158 8023 2467 496 48 1 0 0 0 0 0 0 0 0 0
SHARD 8667 k=4 m=28 inter=1 colcap=128: NONE visited=3124510 time=2.5s
ACCEPTED 0 0 0 0 0 0 0 15 196 1648 8794 27650 49550 49420 26852 7786 1268 73 0 0 0 0 0 0 0 0 0 0 0
SHARD 8668 k=4 m=28 inter=1 colcap=128: NONE visited=23157 time=0.0s
ACCEPTED 0 0 0 0 0 0 0 3 15 91 242 234 87 13 0 0 0 0 0 0 0 0 0 0 0 0 0 0 0
SHARD 8669 k=4 m=28 inter=1 colcap=128: NONE visited=62452 time=0.0s
ACCEPTED 0 0 0 0 0 0 0 9 48 191 466 623 461 146 23 2 0 0 0 0 0 0 0 0 0 0 0 0 0
SHARD 8670 k=4 m=28 inter=1 colcap=128: NONE visited=35 time=0.0s
ACCEPTED 0 0 0 0 0 0 0 0 0 0 0 0 0 0 0 0 0 0 0 0 0 0 0 0 0 0 0 0 0
SHARD 8671 k=4 m=28 inter=1 colcap=128: NONE visited=19830 time=0.0s
ACCEPTED 0 0 0 0 0 0 0 11 63 180 180 78 5 0 0 0 0 0 0 0 0 0 0 0 0 0 0 0 0
SHARD 8672 k=4 m=28 inter=1 colcap=128: NONE visited=37634 time=0.0s
ACCEPTED 0 0 0 0 0 0 0 18 110 267 302 164 41 3 0 0 0 0 0 0 0 0 0 0 0 0 0 0 0
SHARD 8673 k=4 m=28 inter=1 colcap=128: NONE visited=220637 time=0.1s
ACCEPTED 0 0 0 0 0 0 0 16 140 718 1896 2302 1305 345 56 1 0 0 0 0 0 0 0 0 0 0 0 0 0
SHARD 8674 k=4 m=28 inter=1 colcap=128: NONE visited=418945 time=0.2s
ACCEPTED 0 0 0 0 0 0 0 19 185 1091 3424 4943 2921 656 62 0 0 0 0 0 0 0 0 0 0 0 0 0 0
SHARD 8675 k=4 m=28 inter=1 colcap=128: NONE visited=8802 time=0.0s
ACCEPTED 0 0 0 0 0 0 0 3 28 92 63 29 2 0 0 0 0 0 0 0 0 0 0 0 0 0 0 0 0
SHARD 8676 k=4 m=28 inter=1 colcap=128: NONE visited=190623 time=0.1s
ACCEPTED 0 0 0 0 0 0 0 22 223 1010 2001 1866 658 74 8 0 0 0 0 0 0 0 0 0 0 0 0 0 0
SHARD 8677 k=4 m=28 inter=1 colcap=128: NONE visited=20567 time=0.0s
ACCEPTED 0 0 0 0 0 0 0 6 36 142 216 126 10 0 0 0 0 0 0 0 0 0 0 0 0 0 0 0 0
SHARD 8678 k=4 m=28 inter=1 colcap=128: NONE visited=24818 time=0.0s
ACCEPTED 0 0 0 0 0 0 0 10 67 229 230 56 5 0 0 0 0 0 0 0 0 0 0 0 0 0 0 0 0
SHARD 8679 k=4 m=28 inter=1 colcap=128: NONE visited=1215558 time=0.7s
ACCEPTED 0 0 0 0 0 0 0 36 501 3202 9606 13958 10874 4637 1086 140 5 0 0 0 0 0 0 0 0 0 0 0 0
DONE exit=20
