SHARD 9280 k=4 m=28 inter=1 colcap=128: NONE visited=7019 time=0.0s
ACCEPTED 0 0 0 0 0 0 0 5 21 51 47 12 1 0 0 0 0 0 0 0 0 0 0 0 0 0 0 0 0
SHARD 9281 k=4 m=28 inter=1 colcap=128: NONE visited=12065 time=0.0s
ACCEPTED 0 0 0 0 0 0 0 6 25 82 89 27 1 0 0 0 0 0 0 0 0 0 0 0 0 0 0 0 0
SHARD 9282 k=4 m=28 inter=1 colcap=128: NONE visited=71850 time=0.0s
ACCEPTED 0 0 0 0 0 0 0 13 93 348 581 359 91 6 0 0 0 0 0 0 0 0 0 0 0 0 0 0 0
SHARD 9283 k=4 m=28 inter=1 colcap=128: NONE visited=651612 time=0.3s
ACCEPTED 0 0 0 0 0 0 0 19 241 1558 4818 6139 2889 452 11 0 0 0 0 0 0 0 0 0 0 0 0 0 0
SHARD 9284 k=4 m=28 inter=1 colcap=128: NONE visited=5303619 time=3.2s
ACCEPTED 0 0 0 0 0 0 0 47 844 6945 27442 53476 54348 31306 11046 2335 334 18 0 0 0 0 0 0 0 0 0 0 0
SHARD 9285 k=4 m=28 inter=1 colcap=128: NONE visited=6587958 time=3.5s
ACCEPTED 0 0 0 0 0 0 0 30 404 2782 11616 32600 57527 55791 26342 4513 994 60 1 0 0 0 0 0 0 0 0 0 0
SHARD 9286 k=4 m=28 inter=1 colcap=128: NONE visited=11685167 time=7.2s
ACCEPTED 0 0 0 0 0 0 0 48 906 8343 40408 104384 141158 97544 36389 6909 1168 24 0 0 0 0 0 0 0 0 0 0 0
SHARD 9287 k=4 m=28 inter=1 colcap=128: NONE visited=3823947 time=2.0s
ACCEPTED 0 0 0 0 0 0 0 31 455 3420 13387 27732 29733 18912 7081 177 18 0 0 0 0 0 0 0 0 0 0 0 0
SHARD 9288 k=4 m=28 inter=1 colcap=128: NONE visited=12134625 time=7.1s
ACCEPTED 0 0 0 0 0 0 0 48 897 8022 36098 87177 120606 99218 49251 13955 3574 553 22 13 6 0 0 0 0 0 0 0 0
SHARD 9289 k=4 m=28 inter=1 colcap=128: NONE visited=267342 time=0.1s
ACCEPTED 0 0 0 0 0 0 0 11 82 452 1453 2189 1597 642 1 0 0 0 0 0 0 0 0 0 0 0 0 0 0
SHARD 9290 k=4 m=28 inter=1 colcap=128: NONE visited=1201494 time=0.7s
ACCEPTED 0 0 0 0 0 0 0 35 439 2553 7072 9846 8457 5396 2503 1096 343 0 0 0 0 0 0 0 0 0 0 0 0
SHARD 9291 k=4 m=28 inter=1 colcap=128: NONE visited=822639 time=0.5s
ACCEPTED 0 0 0 0 0 0 0 24 264 1590 5065 8812 9026 5054 1549 304 44 2 0 0 0 0 0 0 0 0 0 0 0
SHARD 9292 k=4 m=28 inter=1 colcap=128: NONE visited=1600519 time=1.0s
ACCEPTED 0 0 0 0 0 0 0 36 477 2935 9544 17266 17394 9391 2935 503 35 1 0 0 0 0 0 0 0 0 0 0 0
SHARD 9293 k=4 m=28 inter=1 colcap=128: NONE visited=4176304 time=3.0s
ACCEPTED 0 0 0 0 0 0 0 29 384 2908 13152 34889 54310 49505 26322 8180 1667 220 13 0 0 0 0 0 0 0 0 0 0
SHARD 9294 k=4 m=28 inter=1 colcap=128: NONE visited=705689 time=0.4s
ACCEPTED 0 0 0 0 0 0 0 28 292 1531 4087 5684 4666 2692 782 62 4 0 0 0 0 0 0 0 0 0 0 0 0
SHARD 9295 k=4 m=28 inter=1 colcap=128: NONE visited=1552356 time=0.9s
ACCEPTED 0 0 0 0 0 0 0 21 225 1381 4943 10401 13827 11564 6447 2447 545 59 0 0 0 0 0 0 0 0 0 0 0
SHARD 9296 k=4 m=28 inter=1 colcap=128: NONE visited=2374279 time=1.5s
ACCEPTED 0 0 0 0 0 0 0 42 658 4653 15884 27222 24261 12056 3593 810 144 12 0 0 0 0 0 0 0 0 0 0 0
SHARD 9297 k=4 m=28 inter=1 colcap=128: NONE visited=7574777 time=5.4s
ACCEPTED 0 0 0 0 0 0 0 31 435 3475 16357 45834 79395 87279 61875 29833 10095 2503 285 88 30 0 0 0 0 0 0 0 0
SHARD 9298 k=4 m=28 inter=1 colcap=128: NONE visited=511784 time=0.3s
ACCEPTED 0 0 0 0 0 0 0 26 259 1324 3614 4724 2867 981 124 10 0 0 0 0 0 0 0 0 0 0 0 0 0
SHARD 9299 k=4 m=28 inter=1 colcap=128: NONE visited=103849 time=0.1s
ACCEPTED 0 0 0 0 0 0 0 18 117 429 848 881 340 53 5 1 0 0 0 0 0 0 0 0 0 0 0 0 0
SHARD 9300 k=4 m=28 inter=1 colcap=128: NONE visited=396856 time=0.2s
ACCEPTED 0 0 0 0 0 0 0 17 148 812 2559 4354 3926 1863 454 56 4 0 0 0 0 0 0 0 0 0 0 0 0
SHARD 9301 k=4 m=28 inter=1 colcap=128: NONE visited=7551 time=0.0s
ACCEPTED 0 0 0 0 0 0 0 9 27 48 39 11 0 0 0 0 0 0 0 0 0 0 0 0 0 0 0 0 0
SHARD 9302 k=4 m=28 inter=1 colcap=128: NONE visited=150363 time=0.1s
ACCEPTED 0 0 0 0 0 0 0 15 107 412 974 1597 1658 956 250 13 0 0 0 0 0 0 0 0 0 0 0 0 0
SHARD 9303 k=4 m=28 inter=1 colcap=128: NONE visited=252958 time=0.1s
ACCEPTED 0 0 0 0 0 0 0 17 148 713 1865 2454 1592 471 62 3 0 0 0 0 0 0 0 0 0 0 0 0 0
SHARD 9304 k=4 m=28 inter=1 colcap=128: NONE visited=7670 time=0.0s
ACCEPTED 0 0 0 0 0 0 0 5 15 54 56 26 0 0 0 0 0 0 0 0 0 0 0 0 0 0 0 0 0
SHARD 9305 k=4 m=28 inter=1 colcap=128: NONE visited=203221 time=0.1s
ACCEPTED 0 0 0 0 0 0 0 23 194 801 1588 1529 720 177 46 3 0 0 0 0 0 0 0 0 0 0 0 0 0
SHARD 9306 k=4 m=28 inter=1 colcap=128: NONE visited=415871 time=0.3s
ACCEPTED 0 0 0 0 0 0 0 21 190 965 2700 4137 3664 1750 338 27 0 0 0 0 0 0 0 0 0 0 0 0 0
SHARD 9307 k=4 m=28 inter=1 colcap=128: NONE visited=105312 time=0.1s
ACCEPTED 0 0 0 0 0 0 0 21 150 464 689 637 380 144 37 0 0 0 0 0 0 0 0 0 0 0 0 0 0
SHARD 9308 k=4 m=28 inter=1 colcap=128: NONE visited=1934994 time=1.2s
ACCEPTED 0 0 0 0 0 0 0 23 249 1615 6161 13368 17018 13059 6125 1364 311 32 1 0 0 0 0 0 0 0 0 0 0
SHARD 9309 k=4 m=28 inter=1 colcap=128: NONE visited=117640 time=0.1s
ACCEPTED 0 0 0 0 0 0 0 13 90 405 997 1062 427 81 9 0 0 0 0 0 0 0 0 0 0 0 0 0 0
SHARD 9310 k=4 m=28 inter=1 colcap=128: NONE visited=424041 time=0.3s
ACCEPTED 0 0 0 0 0 0 0 16 147 808 2211 3112 3070 2108 566 31 1 0 0 0 0 0 0 0 0 0 0 0 0
SHARD 9311 k=4 m=28 inter=1 colcap=128: NONE visited=4190944 time=2.6s
ACCEPTED 0 0 0 0 0 0 0 28 377 2920 12700 30256 41210 33268 14647 3375 710 54 10 1 0 0 0 0 0 0 0 0 0
SHARD 9312 k=4 m=28 inter=1 colcap=128: NONE visited=270135 time=0.2s
ACCEPTED 0 0 0 0 0 0 0 15 124 639 1826 2842 2291 957 184 28 2 0 0 0 0 0 0 0 0 0 0 0 0
SHARD 9313 k=4 m=28 inter=1 colcap=128: NONE visited=278329 time=0.2s
ACCEPTED 0 0 0 0 0 0 0 15 125 640 1949 3146 2419 949 214 23 0 0 0 0 0 0 0 0 0 0 0 0 0
SHARD 9314 k=4 m=28 inter=1 colcap=128: NONE visited=10628 time=0.0s
ACCEPTED 0 0 0 0 0 0 0 7 30 70 75 39 9 2 0 0 0 0 0 0 0 0 0 0 0 0 0 0 0
SHARD 9315 k=4 m=28 inter=1 colcap=128: NONE visited=11251 time=0.0s
ACCEPTED 0 0 0 0 0 0 0 6 35 81 83 35 7 0 0 0 0 0 0 0 0 0 0 0 0 0 0 0 0
SHARD 9316 k=4 m=28 inter=1 colcap=128: NONE visited=59682 time=0.0s
ACCEPTED 0 0 0 0 0 0 0 7 52 253 550 485 226 83 8 0 0 0 0 0 0 0 0 0 0 0 0 0 0
SHARD 9317 k=4 m=28 inter=1 colcap=128: NONE visited=81438 time=0.0s
ACCEPTED 0 0 0 0 0 0 0 17 115 401 728 585 130 3 0 0 0 0 0 0 0 0 0 0 0 0 0 0 0
SHARD 9318 k=4 m=28 inter=1 colcap=128: NONE visited=1768188 time=1.1s
ACCEPTED 0 0 0 0 0 0 0 26 330 2448 9775 19224 17998 8131 1899 204 14 0 0 0 0 0 0 0 0 0 0 0 0
SHARD 9319 k=4 m=28 inter=1 colcap=128: NONE visited=158949 time=0.1s
ACCEPTED 0 0 0 0 0 0 0 15 105 422 936 1386 1271 603 138 24 5 0 0 0 0 0 0 0 0 0 0 0 0
DONE exit=20
