SHARD 9800 k=4 m=28 inter=1 colcap=128: NONE visited=43079288 time=41.6s
ACCEPTED 0 0 0 0 0 0 0 43 800 8691 57326 232374 576323 863516 768328 407548 128502 25108 3368 294 3 0 0 0 0 0 0 0 0
SHARD 9801 k=4 m=28 inter=1 colcap=128: NONE visited=3699977 time=3.4s
ACCEPTED 0 0 0 0 0 0 0 16 139 1092 6852 27988 64391 76034 39569 8603 716 27 1 0 0 0 0 0 0 0 0 0 0
SHARD 9802 k=4 m=28 inter=1 colcap=128: NONE visited=70054 time=0.0s
ACCEPTED 0 0 0 0 0 0 0 5 35 163 441 719 672 355 92 8 0 0 0 0 0 0 0 0 0 0 0 0 0
SHARD 9803 k=4 m=28 inter=1 colcap=128: NONE visited=2915066 time=2.2s
ACCEPTED 0 0 0 0 0 0 0 20 229 1752 8593 25386 43359 42087 22972 8160 2123 341 33 0 0 0 0 0 0 0 0 0 0
SHARD 9804 k=4 m=28 inter=1 colcap=128: NONE visited=47823 time=0.0s
ACCEPTED 0 0 0 0 0 0 0 5 27 123 315 521 500 246 72 5 0 0 0 0 0 0 0 0 0 0 0 0 0
SHARD 9805 k=4 m=28 inter=1 colcap=128: NONE visited=2594053 time=1.9s
ACCEPTED 0 0 0 0 0 0 0 24 289 2048 8946 23821 37874 34578 17308 4664 705 52 0 0 0 0 0 0 0 0 0 0 0
SHARD 9806 k=4 m=28 inter=1 colcap=128: NONE visited=7129897 time=6.6s
ACCEPTED 0 0 0 0 0 0 0 10 125 1184 7942 33078 84795 130836 119309 63219 19529 2820 240 20 2 0 0 0 0 0 0 0 0
SHARD 9807 k=4 m=28 inter=1 colcap=128: NONE visited=429731 time=0.3s
ACCEPTED 0 0 0 0 0 0 0 10 94 537 2043 4691 6248 4520 1699 366 32 0 0 0 0 0 0 0 0 0 0 0 0
SHARD 9808 k=4 m=28 inter=1 colcap=128: NONE visited=1059030 time=0.9s
ACCEPTED 0 0 0 0 0 0 0 12 82 660 3623 10898 16757 12880 4986 987 85 2 0 0 0 0 0 0 0 0 0 0 0
SHARD 9809 k=4 m=28 inter=1 colcap=128: NONE visited=696374 time=0.6s
ACCEPTED 0 0 0 0 0 0 0 10 73 431 1956 5863 10696 11294 6573 1972 267 33 0 0 0 0 0 0 0 0 0 0 0
SHARD 9810 k=4 m=28 inter=1 colcap=128: NONE visited=5051771 time=4.1s
ACCEPTED 0 0 0 0 0 0 0 11 118 1034 6456 26102 63466 88649 69595 30951 8300 1388 147 8 0 0 0 0 0 0 0 0 0
SHARD 9811 k=4 m=28 inter=1 colcap=128: NONE visited=13109 time=0.0s
ACCEPTED 0 0 0 0 0 0 0 2 12 35 113 165 62 2 0 0 0 0 0 0 0 0 0 0 0 0 0 0 0
SHARD 9812 k=4 m=28 inter=1 colcap=128: NONE visited=120079 time=0.1s
ACCEPTED 0 0 0 0 0 0 0 5 28 121 432 1010 1532 1493 625 84 3 0 0 0 0 0 0 0 0 0 0 0 0
SHARD 9813 k=4 m=28 inter=1 colcap=128: NONE visited=6919075 time=5.7s
ACCEPTED 0 0 0 0 0 0 0 35 537 4527 23454 71710 105125 69579 27628 7388 858 31 0 0 0 0 0 0 0 0 0 0 0
SHARD 9814 k=4 m=28 inter=1 colcap=128: NONE visited=420742 time=0.3s
ACCEPTED 0 0 0 0 0 0 0 16 111 530 1765 3904 5368 3404 202 0 0 0 0 0 0 0 0 0 0 0 0 0 0
SHARD 9815 k=4 m=28 inter=1 colcap=128: NONE visited=477206 time=0.5s
ACCEPTED 0 0 0 0 0 0 0 11 82 415 1650 4922 7910 5277 690 14 0 0 0 0 0 0 0 0 0 0 0 0 0
SHARD 9816 k=4 m=28 inter=1 colcap=128: NONE visited=23251 time=0.0s
ACCEPTED 0 0 0 0 0 0 0 16 86 233 230 35 12 0 0 0 0 0 0 0 0 0 0 0 0 0 0 0 0
SHARD 9817 k=4 m=28 inter=1 colcap=128: NONE visited=829658 time=0.7s
ACCEPTED 0 0 0 0 0 0 0 19 206 1392 5660 10402 8318 2485 485 62 5 0 0 0 0 0 0 0 0 0 0 0 0
SHARD 9818 k=4 m=28 inter=1 colcap=128: NONE visited=18 time=0.0s
ACCEPTED 0 0 0 0 0 0 0 0 0 0 0 0 0 0 0 0 0 0 0 0 0 0 0 0 0 0 0 0 0
SHARD 9819 k=4 m=28 inter=1 colcap=128: NONE visited=4717 time=0.0s
ACCEPTED 0 0 0 0 0 0 0 7 29 43 35 3 0 0 0 0 0 0 0 0 0 0 0 0 0 0 0 0 0
SHARD 9820 k=4 m=28 inter=1 colcap=128: NONE visited=215330 time=0.1s
ACCEPTED 0 0 0 0 0 0 0 8 55 248 940 2201 3016 1776 463 55 2 0 0 0 0 0 0 0 0 0 0 0 0
SHARD 9821 k=4 m=28 inter=1 colcap=128: NONE visited=61 time=0.0s
ACCEPTED 0 0 0 0 0 0 0 0 0 0 0 0 0 0 0 0 0 0 0 0 0 0 0 0 0 0 0 0 0
SHARD 9822 k=4 m=28 inter=1 colcap=128: NONE visited=141 time=0.0s
ACCEPTED 0 0 0 0 0 0 0 1 1 0 0 0 0 0 0 0 0 0 0 0 0 0 0 0 0 0 0 0 0
SHARD 9823 k=4 m=28 inter=1 colcap=128: NONE visited=430 time=0.0s
ACCEPTED 0 0 0 0 0 0 0 3 7 1 0 0 0 0 0 0 0 0 0 0 0 0 0 0 0 0 0 0 0
SHARD 9824 k=4 m=28 inter=1 colcap=128: NONE visited=385 time=0.0s
ACCEPTED 0 0 0 0 0 0 0 3 2 0 0 0 0 0 0 0 0 0 0 0 0 0 0 0 0 0 0 0 0
SHARD 9825 k=4 m=28 inter=1 colcap=128: NONE visited=239 time=0.0s
ACCEPTED 0 0 0 0 0 0 0 2 0 0 0 0 0 0 0 0 0 0 0 0 0 0 0 0 0 0 0 0 0
SHARD 9826 k=4 m=28 inter=1 colcap=128: NONE visited=3899 time=0.0s
ACCEPTED 0 0 0 0 0 0 0 9 26 24 10 0 0 0 0 0 0 0 0 0 0 0 0 0 0 0 0 0 0
SHARD 9827 k=4 m=28 inter=1 colcap=128: NONE visited=74 time=0.0s
ACCEPTED 0 0 0 0 0 0 0 0 0 0 0 0 0 0 0 0 0 0 0 0 0 0 0 0 0 0 0 0 0
SHARD 9828 k=4 m=28 inter=1 colcap=128: NONE visited=1669727 time=1.5s
ACCEPTED 0 0 0 0 0 0 0 20 202 1449 6931 20926 31345 23408 8826 1818 296 11 0 0 0 0 0 0 0 0 0 0 0
SHARD 9829 k=4 m=28 inter=1 colcap=128: NONE visited=7684571 time=7.0s
ACCEPTED 0 0 0 0 0 0 0 29 398 3323 17866 58914 107361 114805 82008 40981 14948 3642 458 25 1 0 0 0 0 0 0 0 0
SHARD 9830 k=4 m=28 inter=1 colcap=128: NONE visited=93055 time=0.1s
ACCEPTED 0 0 0 0 0 0 0 7 33 210 748 1167 874 301 57 3 0 0 0 0 0 0 0 0 0 0 0 0 0
SHARD 9831 k=4 m=28 inter=1 colcap=128: NONE visited=888 time=0.0s
ACCEPTED 0 0 0 0 0 0 0 3 7 5 0 0 0 0 0 0 0 0 0 0 0 0 0 0 0 0 0 0 0
SHARD 9832 k=4 m=28 inter=1 colcap=128: NONE visited=48860 time=0.0s
ACCEPTED 0 0 0 0 0 0 0 6 49 196 541 646 432 124 15 0 0 0 0 0 0 0 0 0 0 0 0 0 0
SHARD 9833 k=4 m=28 inter=1 colcap=128: NONE visited=880187 time=0.7s
ACCEPTED 0 0 0 0 0 0 0 8 78 530 2749 8239 13624 11276 4989 1107 130 5 0 0 0 0 0 0 0 0 0 0 0
SHARD 9834 k=4 m=28 inter=1 colcap=128: NONE visited=17843 time=0.0s
ACCEPTED 0 0 0 0 0 0 0 10 48 111 163 104 38 4 0 0 0 0 0 0 0 0 0 0 0 0 0 0 0
SHARD 9835 k=4 m=28 inter=1 colcap=128: NONE visited=67 time=0.0s
ACCEPTED 0 0 0 0 0 0 0 1 1 0 0 0 0 0 0 0 0 0 0 0 0 0 0 0 0 0 0 0 0
SHARD 9836 k=4 m=28 inter=1 colcap=128: NONE visited=1080 time=0.0s
ACCEPTED 0 0 0 0 0 0 0 4 9 6 0 0 0 0 0 0 0 0 0 0 0 0 0 0 0 0 0 0 0
SHARD 9837 k=4 m=28 inter=1 colcap=128: NONE visited=101597 time=0.1s
ACCEPTED 0 0 0 0 0 0 0 8 54 215 601 1089 1086 483 71 3 0 0 0 0 0 0 0 0 0 0 0 0 0
SHARD 9838 k=4 m=28 inter=1 colcap=128: NONE visited=116183 time=0.1s
ACCEPTED 0 0 0 0 0 0 0 9 45 190 631 1237 1288 784 250 51 5 0 0 0 0 0 0 0 0 0 0 0 0
SHARD 9839 k=4 m=28 inter=1 colcap=128: NONE visited=65 time=0.0s
ACCEPTED 0 0 0 0 0 0 0 0 0 0 0 0 0 0 0 0 0 0 0 0 0 0 0 0 0 0 0 0 0
DONE exit=20
