SHARD 6240 k=4 m=28 inter=1 colcap=128: NONE visited=229126 time=0.6s
ACCEPTED 0 0 0 0 0 0 0 4 32 207 958 3023 5672 3480 484 23 0 0 0 0 0 0 0 0 0 0 0 0 0
SHARD 6241 k=4 m=28 inter=1 colcap=128: NONE visited=181362251 time=495.1s
ACCEPTED 0 0 0 0 0 0 0 29 633 8799 77805 427570 1442832 2991461 3890044 3274469 1852190 708391 137953 19620 2252 206 14 0 0 0 0 0 0
SHARD 6242 k=4 m=28 inter=1 colcap=128: NONE visited=211318525 time=774.1s
ACCEPTED 0 0 0 0 0 0 0 15 190 1947 14689 77182 276069 674140 1182557 1672204 2203154 2894350 3440473 2952996 1297431 889 16 0 0 0 0 0 0
SHARD 6243 k=4 m=28 inter=1 colcap=128: NONE visited=743939587 time=2686.7s
ACCEPTED 0 0 0 0 0 0 0 33 546 6121 47290 247879 875389 2110333 3662234 5189579 7134784 10029044 12440019 10822486 4744200 2198 53 1 0 0 0 0 0
SHARD 6244 k=4 m=28 inter=1 colcap=128: NONE visited=152435018 time=307.5s
ACCEPTED 0 0 0 0 0 0 0 45 977 12681 101413 494768 1466234 2648857 2982800 2142728 1023869 325223 59877 7893 864 68 2 0 0 0 0 0 0
SHARD 6245 k=4 m=28 inter=1 colcap=128: NONE visited=234523718 time=500.7s
ACCEPTED 0 0 0 0 0 0 0 34 636 8060 70554 412767 1567915 3785669 5794585 5692268 3660320 1537153 378651 78931 13092 1081 81 1 0 0 0 0 0
SHARD 6246 k=4 m=28 inter=1 colcap=128: NONE visited=386081086 time=1079.2s
ACCEPTED 0 0 0 0 0 0 0 52 1252 17938 161649 912167 3178329 6779886 9011420 7765034 4495013 1748547 278234 49962 6567 876 177 29 2 0 0 0 0
SHARD 6247 k=4 m=28 inter=1 colcap=128: NONE visited=17958011 time=43.7s
ACCEPTED 0 0 0 0 0 0 0 22 302 3010 21186 92792 229263 305035 243804 141930 66405 20373 1739 32 0 0 0 0 0 0 0 0 0
SHARD 6248 k=4 m=28 inter=1 colcap=128: NONE visited=19250408 time=42.7s
ACCEPTED 0 0 0 0 0 0 0 29 431 3993 24078 93134 221924 313725 269029 149438 54633 13845 2552 446 82 10 1 0 0 0 0 0 0
SHARD 6249 k=4 m=28 inter=1 colcap=128: NONE visited=28714878 time=77.8s
ACCEPTED 0 0 0 0 0 0 0 28 419 4098 27016 118126 335622 602411 659076 423550 156037 33169 4043 271 2 0 0 0 0 0 0 0 0
SHARD 6250 k=4 m=28 inter=1 colcap=128: NONE visited=99847096 time=265.2s
ACCEPTED 0 0 0 0 0 0 0 41 784 8978 64866 297130 860682 1574727 1871324 1515414 859808 333585 86045 14714 1969 218 24 3 0 0 0 0 0
SHARD 6251 k=4 m=28 inter=1 colcap=128: NONE visited=1468902 time=3.2s
ACCEPTED 0 0 0 0 0 0 0 13 112 888 4870 15209 26145 21907 9507 2850 365 10 0 0 0 0 0 0 0 0 0 0 0
SHARD 6252 k=4 m=28 inter=1 colcap=128: NONE visited=3840647 time=7.8s
ACCEPTED 0 0 0 0 0 0 0 18 233 2059 11372 37447 65613 57342 24544 5244 584 34 0 0 0 0 0 0 0 0 0 0 0
SHARD 6253 k=4 m=28 inter=1 colcap=128: NONE visited=1168715713 time=4549.6s
ACCEPTED 0 0 0 0 0 0 0 36 655 7932 64628 353147 1286291 3173211 5649645 8188889 10915443 13665884 15700854 14214802 5635662 1404 67 1 0 0 0 0 0
SHARD 6254 k=4 m=28 inter=1 colcap=128: NONE visited=62851853 time=219.4s
ACCEPTED 0 0 0 0 0 0 0 35 629 6981 47521 192399 457677 660808 629893 442706 275614 209434 194869 139431 59900 0 0 0 0 0 0 0 0
SHARD 6255 k=4 m=28 inter=1 colcap=128: NONE visited=14572886 time=55.6s
ACCEPTED 0 0 0 0 0 0 0 13 161 1526 10496 47796 136918 241520 264770 188692 92197 30234 6472 620 3 0 0 0 0 0 0 0 0
SHARD 6256 k=4 m=28 inter=1 colcap=128: NONE visited=8459591 time=26.7s
ACCEPTED 0 0 0 0 0 0 0 25 328 2800 15390 52797 108859 133677 100504 49362 16309 3622 533 10 0 0 0 0 0 0 0 0 0
SHARD 6257 k=4 m=28 inter=1 colcap=128: NONE visited=17929683 time=53.6s
ACCEPTED 0 0 0 0 0 0 0 21 280 2630 16838 71549 194161 327464 338205 213208 88520 24618 783 68 1 0 0 0 0 0 0 0 0
SHARD 6258 k=4 m=28 inter=1 colcap=128: NONE visited=15152450 time=40.2s
ACCEPTED 0 0 0 0 0 0 0 29 428 3923 22796 83804 191737 268329 233146 134531 59649 12155 332 0 0 0 0 0 0 0 0 0 0
SHARD 6259 k=4 m=28 inter=1 colcap=128: NONE visited=5358954 time=13.0s
ACCEPTED 0 0 0 0 0 0 0 15 173 1501 9039 34131 73510 87127 55053 21392 5719 826 97 5 1 0 0 0 0 0 0 0 0
SHARD 6260 k=4 m=28 inter=1 colcap=128: NONE visited=15210197 time=38.3s
ACCEPTED 0 0 0 0 0 0 0 34 554 5333 30964 107728 222930 277175 212375 98435 27045 5063 745 162 0 0 0 0 0 0 0 0 0
SHARD 6261 k=4 m=28 inter=1 colcap=128: NONE visited=27281143 time=77.2s
ACCEPTED 0 0 0 0 0 0 0 22 298 2888 19433 86695 248348 451527 531323 421185 226453 71000 7819 813 85 5 0 0 0 0 0 0 0
SHARD 6262 k=4 m=28 inter=1 colcap=128: NONE visited=25349980 time=59.6s
ACCEPTED 0 0 0 0 0 0 0 27 401 3764 22045 79199 176498 254941 257912 195507 120073 70015 50282 37006 15897 5 0 0 0 0 0 0 0
SHARD 6263 k=4 m=28 inter=1 colcap=128: NONE visited=12455584 time=36.2s
ACCEPTED 0 0 0 0 0 0 0 20 251 2269 14203 59050 155574 251995 251281 153089 53177 6983 320 7 0 0 0 0 0 0 0 0 0
SHARD 6264 k=4 m=28 inter=1 colcap=128: NONE visited=34338582 time=98.5s
ACCEPTED 0 0 0 0 0 0 0 31 487 4890 32634 142192 392315 665090 680613 431548 178008 49274 9856 1460 61 2 0 0 0 0 0 0 0
SHARD 6265 k=4 m=28 inter=1 colcap=128: NONE visited=478899 time=1.0s
ACCEPTED 0 0 0 0 0 0 0 9 53 387 2021 5619 7297 4124 759 13 0 0 0 0 0 0 0 0 0 0 0 0 0
SHARD 6266 k=4 m=28 inter=1 colcap=128: NONE visited=26360970 time=76.1s
ACCEPTED 0 0 0 0 0 0 0 27 405 3868 22801 79677 167828 225432 211182 161657 128964 133849 140860 113840 41656 0 0 0 0 0 0 0 0
SHARD 6267 k=4 m=28 inter=1 colcap=128: NONE visited=23208805 time=68.4s
ACCEPTED 0 0 0 0 0 0 0 19 226 2010 12723 55120 164608 336073 451871 389379 216104 79007 13092 1495 39 0 0 0 0 0 0 0 0
SHARD 6268 k=4 m=28 inter=1 colcap=128: NONE visited=14539736 time=44.2s
ACCEPTED 0 0 0 0 0 0 0 14 127 919 4887 17188 40278 69921 98764 117545 115912 92420 82147 62126 23302 0 0 0 0 0 0 0 0
SHARD 6269 k=4 m=28 inter=1 colcap=128: NONE visited=3618798 time=8.3s
ACCEPTED 0 0 0 0 0 0 0 20 221 1668 8328 25826 47294 52217 37771 19487 7084 1082 32 1 0 0 0 0 0 0 0 0 0
SHARD 6270 k=4 m=28 inter=1 colcap=128: NONE visited=6228566 time=16.1s
ACCEPTED 0 0 0 0 0 0 0 16 177 1420 7832 27891 63994 96152 96312 66384 29006 8171 326 1 0 0 0 0 0 0 0 0 0
SHARD 6271 k=4 m=28 inter=1 colcap=128: NONE visited=17710558 time=49.5s
ACCEPTED 0 0 0 0 0 0 0 20 275 2618 16654 68107 177082 295222 322126 230397 101189 19810 1515 42 1 0 0 0 0 0 0 0 0
SHARD 6272 k=4 m=28 inter=1 colcap=128: NONE visited=13811537 time=30.9s
ACCEPTED 0 0 0 0 0 0 0 22 264 2138 11573 42910 105758 164715 158361 98426 37784 9093 2540 748 238 0 0 0 0 0 0 0 0
SHARD 6273 k=4 m=28 inter=1 colcap=128: NONE visited=5744931 time=14.2s
ACCEPTED 0 0 0 0 0 0 0 15 158 1259 7033 25716 59824 87931 82581 52065 21147 4860 544 6 0 0 0 0 0 0 0 0 0
SHARD 6274 k=4 m=28 inter=1 colcap=128: NONE visited=354189 time=0.7s
ACCEPTED 0 0 0 0 0 0 0 7 49 264 1033 2619 3563 2438 896 100 8 0 0 0 0 0 0 0 0 0 0 0 0
SHARD 6275 k=4 m=28 inter=1 colcap=128: NONE visited=1869471 time=4.7s
ACCEPTED 0 0 0 0 0 0 0 10 74 463 2276 8287 20300 30912 27561 13950 4004 887 100 0 0 0 0 0 0 0 0 0 0
SHARD 6276 k=4 m=28 inter=1 colcap=128: NONE visited=156930 time=0.3s
ACCEPTED 0 0 0 0 0 0 0 3 19 145 557 1227 1507 1080 470 93 11 0 0 0 0 0 0 0 0 0 0 0 0
SHARD 6277 k=4 m=28 inter=1 colcap=128: NONE visited=32663 time=0.1s
ACCEPTED 0 0 0 0 0 0 0 2 19 88 253 461 392 113 6 0 0 0 0 0 0 0 0 0 0 0 0 0 0
SHARD 6278 k=4 m=28 inter=1 colcap=128: NONE visited=260562 time=0.6s
ACCEPTED 0 0 0 0 0 0 0 6 38 229 956 2336 3260 2270 891 114 5 0 0 0 0 0 0 0 0 0 0 0 0
SHARD 6279 k=4 m=28 inter=1 colcap=128: NONE visited=2973022 time=7.1s
ACCEPTED 0 0 0 0 0 0 0 10 83 583 3194 12230 30268 45474 39472 18245 5201 1057 87 10 0 0 0 0 0 0 0 0 0
DONE exit=20
