SHARD 8040 k=4 m=28 inter=1 colcap=128: NONE visited=112 time=0.0s
ACCEPTED 0 0 0 0 0 0 0 1 0 0 0 0 0 0 0 0 0 0 0 0 0 0 0 0 0 0 0 0 0
SHARD 8041 k=4 m=28 inter=1 colcap=128: NONE visited=94 time=0.0s
ACCEPTED 0 0 0 0 0 0 0 1 0 0 0 0 0 0 0 0 0 0 0 0 0 0 0 0 0 0 0 0 0
SHARD 8042 k=4 m=28 inter=1 colcap=128: NONE visited=127 time=0.0s
ACCEPTED 0 0 0 0 0 0 0 0 0 0 0 0 0 0 0 0 0 0 0 0 0 0 0 0 0 0 0 0 0
SHARD 8043 k=4 m=28 inter=1 colcap=128: NONE visited=166 time=0.0s
ACCEPTED 0 0 0 0 0 0 0 1 0 0 0 0 0 0 0 0 0 0 0 0 0 0 0 0 0 0 0 0 0
SHARD 8044 k=4 m=28 inter=1 colcap=128: NONE visited=82787 time=0.0s
ACCEPTED 0 0 0 0 0 0 0 13 70 232 534 731 437 93 3 0 0 0 0 0 0 0 0 0 0 0 0 0 0
SHARD 8045 k=4 m=28 inter=1 colcap=128: NONE visited=776337 time=0.4s
ACCEPTED 0 0 0 0 0 0 0 24 211 1015 3214 6423 6837 3937 1326 251 22 0 0 0 0 0 0 0 0 0 0 0 0
SHARD 8046 k=4 m=28 inter=1 colcap=128: NONE visited=4495 time=0.0s
ACCEPTED 0 0 0 0 0 0 0 10 23 19 9 0 0 0 0 0 0 0 0 0 0 0 0 0 0 0 0 0 0
SHARD 8047 k=4 m=28 inter=1 colcap=128: NONE visited=7311 time=0.0s
ACCEPTED 0 0 0 0 0 0 0 9 34 61 18 0 0 0 0 0 0 0 0 0 0 0 0 0 0 0 0 0 0
SHARD 8048 k=4 m=28 inter=1 colcap=128: NONE visited=70767 time=0.0s
ACCEPTED 0 0 0 0 0 0 0 18 123 378 595 409 112 11 0 0 0 0 0 0 0 0 0 0 0 0 0 0 0
SHARD 8049 k=4 m=28 inter=1 colcap=128: NONE visited=1000159 time=0.6s
ACCEPTED 0 0 0 0 0 0 0 31 372 2232 6927 10751 7981 2802 511 30 0 0 0 0 0 0 0 0 0 0 0 0 0
SHARD 8050 k=4 m=28 inter=1 colcap=128: NONE visited=111238 time=0.1s
ACCEPTED 0 0 0 0 0 0 0 20 155 531 852 677 295 67 3 0 0 0 0 0 0 0 0 0 0 0 0 0 0
SHARD 8051 k=4 m=28 inter=1 colcap=128: NONE visited=21884 time=0.0s
ACCEPTED 0 0 0 0 0 0 0 11 58 153 164 54 6 0 0 0 0 0 0 0 0 0 0 0 0 0 0 0 0
SHARD 8052 k=4 m=28 inter=1 colcap=128: NONE visited=160888 time=0.1s
ACCEPTED 0 0 0 0 0 0 0 23 204 794 1234 921 435 97 4 0 0 0 0 0 0 0 0 0 0 0 0 0 0
SHARD 8053 k=4 m=28 inter=1 colcap=128: NONE visited=318714 time=0.2s
ACCEPTED 0 0 0 0 0 0 0 28 282 1241 2591 2546 1130 253 24 0 0 0 0 0 0 0 0 0 0 0 0 0 0
SHARD 8054 k=4 m=28 inter=1 colcap=128: NONE visited=10174 time=0.0s
ACCEPTED 0 0 0 0 0 0 0 6 37 89 57 4 0 0 0 0 0 0 0 0 0 0 0 0 0 0 0 0 0
SHARD 8055 k=4 m=28 inter=1 colcap=128: NONE visited=37165 time=0.0s
ACCEPTED 0 0 0 0 0 0 0 10 61 192 336 207 43 0 0 0 0 0 0 0 0 0 0 0 0 0 0 0 0
SHARD 8056 k=4 m=28 inter=1 colcap=128: NONE visited=37170 time=0.0s
ACCEPTED 0 0 0 0 0 0 0 13 78 216 276 192 67 9 0 0 0 0 0 0 0 0 0 0 0 0 0 0 0
SHARD 8057 k=4 m=28 inter=1 colcap=128: NONE visited=927907 time=0.6s
ACCEPTED 0 0 0 0 0 0 0 28 285 1583 5429 10217 9758 4611 997 107 7 0 0 0 0 0 0 0 0 0 0 0 0
SHARD 8058 k=4 m=28 inter=1 colcap=128: NONE visited=57941 time=0.0s
ACCEPTED 0 0 0 0 0 0 0 13 88 306 530 428 109 3 0 0 0 0 0 0 0 0 0 0 0 0 0 0 0
SHARD 8059 k=4 m=28 inter=1 colcap=128: NONE visited=1119 time=0.0s
ACCEPTED 0 0 0 0 0 0 0 3 5 5 1 0 0 0 0 0 0 0 0 0 0 0 0 0 0 0 0 0 0
SHARD 8060 k=4 m=28 inter=1 colcap=128: NONE visited=6095 time=0.0s
ACCEPTED 0 0 0 0 0 0 0 6 20 35 28 18 7 0 0 0 0 0 0 0 0 0 0 0 0 0 0 0 0
SHARD 8061 k=4 m=28 inter=1 colcap=128: NONE visited=106 time=0.0s
ACCEPTED 0 0 0 0 0 0 0 0 0 0 0 0 0 0 0 0 0 0 0 0 0 0 0 0 0 0 0 0 0
SHARD 8062 k=4 m=28 inter=1 colcap=128: NONE visited=1516 time=0.0s
ACCEPTED 0 0 0 0 0 0 0 3 6 13 12 0 0 0 0 0 0 0 0 0 0 0 0 0 0 0 0 0 0
SHARD 8063 k=4 m=28 inter=1 colcap=128: NONE visited=379 time=0.0s
ACCEPTED 0 0 0 0 0 0 0 2 2 1 0 0 0 0 0 0 0 0 0 0 0 0 0 0 0 0 0 0 0
SHARD 8064 k=4 m=28 inter=1 colcap=128: NONE visited=12377 time=0.0s
ACCEPTED 0 0 0 0 0 0 0 7 36 92 54 10 0 0 0 0 0 0 0 0 0 0 0 0 0 0 0 0 0
SHARD 8065 k=4 m=28 inter=1 colcap=128: NONE visited=642415 time=0.4s
ACCEPTED 0 0 0 0 0 0 0 19 187 1101 3368 5346 4904 3038 1304 335 41 1 0 0 0 0 0 0 0 0 0 0 0
SHARD 8066 k=4 m=28 inter=1 colcap=128: NONE visited=3190 time=0.0s
ACCEPTED 0 0 0 0 0 0 0 6 11 23 14 0 0 0 0 0 0 0 0 0 0 0 0 0 0 0 0 0 0
SHARD 8067 k=4 m=28 inter=1 colcap=128: NONE visited=182290 time=0.1s
ACCEPTED 0 0 0 0 0 0 0 20 181 826 1646 1308 350 38 0 0 0 0 0 0 0 0 0 0 0 0 0 0 0
SHARD 8068 k=4 m=28 inter=1 colcap=128: NONE visited=1223137 time=0.7s
ACCEPTED 0 0 0 0 0 0 0 22 251 1686 6070 10974 10061 5493 1936 424 39 0 0 0 0 0 0 0 0 0 0 0 0
SHARD 8069 k=4 m=28 inter=1 colcap=128: NONE visited=6522 time=0.0s
ACCEPTED 0 0 0 0 0 0 0 4 18 42 33 10 0 0 0 0 0 0 0 0 0 0 0 0 0 0 0 0 0
SHARD 8070 k=4 m=28 inter=1 colcap=128: NONE visited=335324 time=0.2s
ACCEPTED 0 0 0 0 0 0 0 18 182 1031 2649 2945 1515 381 53 2 0 0 0 0 0 0 0 0 0 0 0 0 0
SHARD 8071 k=4 m=28 inter=1 colcap=128: NONE visited=41007 time=0.0s
ACCEPTED 0 0 0 0 0 0 0 9 51 219 349 209 73 23 3 0 0 0 0 0 0 0 0 0 0 0 0 0 0
SHARD 8072 k=4 m=28 inter=1 colcap=128: NONE visited=2539334 time=2.1s
ACCEPTED 0 0 0 0 0 0 0 25 290 2091 8548 19973 27605 22669 11302 4545 1361 217 35 3 0 0 0 0 0 0 0 0 0
SHARD 8073 k=4 m=28 inter=1 colcap=128: NONE visited=101033 time=0.1s
ACCEPTED 0 0 0 0 0 0 0 11 45 148 420 830 862 435 93 7 0 0 0 0 0 0 0 0 0 0 0 0 0
SHARD 8074 k=4 m=28 inter=1 colcap=128: NONE visited=5401 time=0.0s
ACCEPTED 0 0 0 0 0 0 0 2 12 45 45 8 0 0 0 0 0 0 0 0 0 0 0 0 0 0 0 0 0
SHARD 8075 k=4 m=28 inter=1 colcap=128: NONE visited=1048145 time=0.7s
ACCEPTED 0 0 0 0 0 0 0 10 114 823 3602 8893 12768 10130 4503 1060 128 4 0 0 0 0 0 0 0 0 0 0 0
SHARD 8076 k=4 m=28 inter=1 colcap=128: NONE visited=7706 time=0.0s
ACCEPTED 0 0 0 0 0 0 0 4 21 71 38 5 0 0 0 0 0 0 0 0 0 0 0 0 0 0 0 0 0
SHARD 8077 k=4 m=28 inter=1 colcap=128: NONE visited=105620 time=0.1s
ACCEPTED 0 0 0 0 0 0 0 14 99 404 819 747 317 77 3 0 0 0 0 0 0 0 0 0 0 0 0 0 0
SHARD 8078 k=4 m=28 inter=1 colcap=128: NONE visited=20605177 time=16.4s
ACCEPTED 0 0 0 0 0 0 0 10 116 1167 8443 38518 108335 195016 242505 217686 130926 47401 14627 4629 985 66 4 0 0 0 0 0 0
SHARD 8079 k=4 m=28 inter=1 colcap=128: NONE visited=2816531 time=1.8s
ACCEPTED 0 0 0 0 0 0 0 15 146 1116 5571 16480 27068 25069 12585 4279 1281 127 3 0 0 0 0 0 0 0 0 0 0
DONE exit=20
