SHARD 7600 k=4 m=28 inter=1 colcap=128: NONE visited=232891 time=0.2s
ACCEPTED 0 0 0 0 0 0 0 7 75 428 1541 2920 2229 484 29 2 0 0 0 0 0 0 0 0 0 0 0 0 0
SHARD 7601 k=4 m=28 inter=1 colcap=128: NONE visited=448742 time=0.3s
ACCEPTED 0 0 0 0 0 0 0 8 84 611 2177 3805 3770 1908 410 94 16 0 0 0 0 0 0 0 0 0 0 0 0
SHARD 7602 k=4 m=28 inter=1 colcap=128: NONE visited=1530079 time=1.2s
ACCEPTED 0 0 0 0 0 0 0 18 187 1187 4565 10694 15449 15233 11576 7587 3827 1302 411 0 0 0 0 0 0 0 0 0 0
SHARD 7603 k=4 m=28 inter=1 colcap=128: NONE visited=2240004 time=1.9s
ACCEPTED 0 0 0 0 0 0 0 13 136 1039 5254 16666 32127 36608 22415 6858 988 75 3 0 0 0 0 0 0 0 0 0 0
SHARD 7604 k=4 m=28 inter=1 colcap=128: NONE visited=456581 time=0.3s
ACCEPTED 0 0 0 0 0 0 0 10 83 506 1770 3505 4084 2717 1060 336 69 0 0 0 0 0 0 0 0 0 0 0 0
SHARD 7605 k=4 m=28 inter=1 colcap=128: NONE visited=464967 time=0.3s
ACCEPTED 0 0 0 0 0 0 0 9 65 476 2033 4336 4187 1965 495 12 0 0 0 0 0 0 0 0 0 0 0 0 0
SHARD 7606 k=4 m=28 inter=1 colcap=128: NONE visited=2296569 time=1.5s
ACCEPTED 0 0 0 0 0 0 0 15 141 900 3781 10405 19491 23802 17507 7895 2927 362 19 0 0 0 0 0 0 0 0 0 0
SHARD 7607 k=4 m=28 inter=1 colcap=128: NONE visited=1312338 time=0.8s
ACCEPTED 0 0 0 0 0 0 0 21 227 1562 6201 13337 15123 9708 3669 803 98 5 0 0 0 0 0 0 0 0 0 0 0
SHARD 7608 k=4 m=28 inter=1 colcap=128: NONE visited=1554702 time=1.2s
ACCEPTED 0 0 0 0 0 0 0 22 227 1441 5588 12973 18037 15727 9481 3854 896 75 0 0 0 0 0 0 0 0 0 0 0
SHARD 7609 k=4 m=28 inter=1 colcap=128: NONE visited=34000 time=0.0s
ACCEPTED 0 0 0 0 0 0 0 4 28 157 311 296 103 12 0 0 0 0 0 0 0 0 0 0 0 0 0 0 0
SHARD 7610 k=4 m=28 inter=1 colcap=128: NONE visited=1256492 time=0.8s
ACCEPTED 0 0 0 0 0 0 0 14 133 879 3715 9947 14639 11753 5904 2130 496 93 9 0 0 0 0 0 0 0 0 0 0
SHARD 7611 k=4 m=28 inter=1 colcap=128: NONE visited=2481965 time=1.5s
ACCEPTED 0 0 0 0 0 0 0 17 163 971 3792 9728 18121 22612 15948 6425 2216 40 1 0 0 0 0 0 0 0 0 0 0
SHARD 7612 k=4 m=28 inter=1 colcap=128: NONE visited=11092817 time=9.7s
ACCEPTED 0 0 0 0 0 0 0 29 417 3730 20506 66767 129683 158918 135546 93019 52523 18033 159 5 0 0 0 0 0 0 0 0 0
SHARD 7613 k=4 m=28 inter=1 colcap=128: NONE visited=7349502 time=5.9s
ACCEPTED 0 0 0 0 0 0 0 29 386 3141 16037 50394 95835 108761 77371 31327 8296 809 31 2 0 0 0 0 0 0 0 0 0
SHARD 7614 k=4 m=28 inter=1 colcap=128: NONE visited=5869445 time=5.7s
ACCEPTED 0 0 0 0 0 0 0 12 111 834 4602 17765 46385 80586 94315 77425 47060 22548 7853 820 3 0 0 0 0 0 0 0 0
SHARD 7615 k=4 m=28 inter=1 colcap=128: NONE visited=10319643 time=7.9s
ACCEPTED 0 0 0 0 0 0 0 24 293 2232 10624 32088 62977 81104 76002 61651 47939 35937 29943 15963 5258 0 0 0 0 0 0 0 0
SHARD 7616 k=4 m=28 inter=1 colcap=128: NONE visited=787957 time=0.5s
ACCEPTED 0 0 0 0 0 0 0 8 47 354 1830 4925 7157 5958 2044 344 95 0 0 0 0 0 0 0 0 0 0 0 0
SHARD 7617 k=4 m=28 inter=1 colcap=128: NONE visited=11609457 time=7.8s
ACCEPTED 0 0 0 0 0 0 0 26 367 3169 16377 49433 88517 102951 87867 60019 26495 4607 591 71 28 0 0 0 0 0 0 0 0
SHARD 7618 k=4 m=28 inter=1 colcap=128: NONE visited=84023415 time=88.2s
ACCEPTED 0 0 0 0 0 0 0 16 200 1851 11772 49112 135580 262822 399572 547296 738037 937273 961510 671717 288147 11 0 0 0 0 0 0 0
SHARD 7619 k=4 m=28 inter=1 colcap=128: NONE visited=1513307 time=1.0s
ACCEPTED 0 0 0 0 0 0 0 16 140 874 4102 11349 17078 14289 7100 2207 407 42 2 0 0 0 0 0 0 0 0 0 0
SHARD 7620 k=4 m=28 inter=1 colcap=128: NONE visited=9566 time=0.0s
ACCEPTED 0 0 0 0 0 0 0 2 17 58 88 50 1 0 0 0 0 0 0 0 0 0 0 0 0 0 0 0 0
SHARD 7621 k=4 m=28 inter=1 colcap=128: NONE visited=356367 time=0.2s
ACCEPTED 0 0 0 0 0 0 0 11 69 333 1136 2456 3211 2160 638 68 6 0 0 0 0 0 0 0 0 0 0 0 0
SHARD 7622 k=4 m=28 inter=1 colcap=128: NONE visited=7504970 time=5.6s
ACCEPTED 0 0 0 0 0 0 0 13 122 899 4724 16281 36225 53556 58159 49020 32233 21708 21799 14207 4365 0 0 0 0 0 0 0 0
SHARD 7623 k=4 m=28 inter=1 colcap=128: NONE visited=96531 time=0.0s
ACCEPTED 0 0 0 0 0 0 0 5 33 131 400 803 938 541 174 7 0 0 0 0 0 0 0 0 0 0 0 0 0
SHARD 7624 k=4 m=28 inter=1 colcap=128: NONE visited=65665 time=0.0s
ACCEPTED 0 0 0 0 0 0 0 13 98 349 592 583 270 39 1 0 0 0 0 0 0 0 0 0 0 0 0 0 0
SHARD 7625 k=4 m=28 inter=1 colcap=128: NONE visited=275441 time=0.1s
ACCEPTED 0 0 0 0 0 0 0 22 200 874 2049 2724 1941 685 87 2 0 0 0 0 0 0 0 0 0 0 0 0 0
SHARD 7626 k=4 m=28 inter=1 colcap=128: NONE visited=1775878 time=1.0s
ACCEPTED 0 0 0 0 0 0 0 19 211 1564 6928 16906 22335 16084 5953 1051 102 8 0 0 0 0 0 0 0 0 0 0 0
SHARD 7627 k=4 m=28 inter=1 colcap=128: NONE visited=377100 time=0.3s
ACCEPTED 0 0 0 0 0 0 0 22 192 824 2061 3519 3878 2121 582 89 1 0 0 0 0 0 0 0 0 0 0 0 0
SHARD 7628 k=4 m=28 inter=1 colcap=128: NONE visited=10706524 time=7.7s
ACCEPTED 0 0 0 0 0 0 0 18 223 2032 11959 42722 91302 121482 107612 64921 27069 4799 539 46 6 0 0 0 0 0 0 0 0
SHARD 7629 k=4 m=28 inter=1 colcap=128: NONE visited=1543751 time=1.0s
ACCEPTED 0 0 0 0 0 0 0 27 343 2316 8377 15953 16381 9518 3171 610 75 10 0 0 0 0 0 0 0 0 0 0 0
SHARD 7630 k=4 m=28 inter=1 colcap=128: NONE visited=14280 time=0.0s
ACCEPTED 0 0 0 0 0 0 0 5 28 120 154 84 7 0 0 0 0 0 0 0 0 0 0 0 0 0 0 0 0
SHARD 7631 k=4 m=28 inter=1 colcap=128: NONE visited=24828 time=0.0s
ACCEPTED 0 0 0 0 0 0 0 10 49 155 222 149 31 0 0 0 0 0 0 0 0 0 0 0 0 0 0 0 0
SHARD 7632 k=4 m=28 inter=1 colcap=128: NONE visited=335990 time=0.2s
ACCEPTED 0 0 0 0 0 0 0 10 59 276 1016 2597 4127 3607 1543 303 34 2 0 0 0 0 0 0 0 0 0 0 0
SHARD 7633 k=4 m=28 inter=1 colcap=128: NONE visited=94378 time=0.1s
ACCEPTED 0 0 0 0 0 0 0 12 87 358 788 983 540 107 5 0 0 0 0 0 0 0 0 0 0 0 0 0 0
SHARD 7634 k=4 m=28 inter=1 colcap=128: NONE visited=261044 time=0.1s
ACCEPTED 0 0 0 0 0 0 0 23 224 1092 2660 3161 1499 252 4 0 0 0 0 0 0 0 0 0 0 0 0 0 0
SHARD 7635 k=4 m=28 inter=1 colcap=128: NONE visited=459001 time=0.3s
ACCEPTED 0 0 0 0 0 0 0 20 196 1023 2946 4878 4468 2687 957 180 10 0 0 0 0 0 0 0 0 0 0 0 0
SHARD 7636 k=4 m=28 inter=1 colcap=128: NONE visited=1862810 time=1.2s
ACCEPTED 0 0 0 0 0 0 0 35 439 2772 9589 19388 22977 14596 4486 508 23 0 0 0 0 0 0 0 0 0 0 0 0
SHARD 7637 k=4 m=28 inter=1 colcap=128: NONE visited=4124242 time=2.8s
ACCEPTED 0 0 0 0 0 0 0 26 312 2401 11358 31876 52191 49814 28253 9121 1666 164 23 2 0 0 0 0 0 0 0 0 0
SHARD 7638 k=4 m=28 inter=1 colcap=128: NONE visited=2801666 time=1.8s
ACCEPTED 0 0 0 0 0 0 0 36 507 3631 14140 29317 33219 21881 8817 2395 397 27 0 0 0 0 0 0 0 0 0 0 0
SHARD 7639 k=4 m=28 inter=1 colcap=128: NONE visited=20082 time=0.0s
ACCEPTED 0 0 0 0 0 0 0 3 32 169 203 95 9 0 0 0 0 0 0 0 0 0 0 0 0 0 0 0 0
DONE exit=20
