SHARD 6560 k=4 m=28 inter=1 colcap=128: NONE visited=5101033 time=10.9s
ACCEPTED 0 0 0 0 0 0 0 31 427 3307 14774 37672 54605 44046 19278 5135 1506 40 5 0 0 0 0 0 0 0 0 0 0
SHARD 6561 k=4 m=28 inter=1 colcap=128: NONE visited=6421907 time=16.4s
ACCEPTED 0 0 0 0 0 0 0 31 488 4354 21603 58632 88797 76521 36909 9805 1359 122 6 0 0 0 0 0 0 0 0 0 0
SHARD 6562 k=4 m=28 inter=1 colcap=128: NONE visited=55437523 time=213.2s
ACCEPTED 0 0 0 0 0 0 0 23 363 3415 19670 68534 152187 234114 282586 308401 334469 433371 556567 453529 181412 0 0 0 0 0 0 0 0
SHARD 6563 k=4 m=28 inter=1 colcap=128: NONE visited=11254473 time=35.4s
ACCEPTED 0 0 0 0 0 0 0 25 361 3477 21745 82496 178775 214894 143577 50517 8256 623 9 0 0 0 0 0 0 0 0 0 0
SHARD 6564 k=4 m=28 inter=1 colcap=128: NONE visited=7395630 time=16.7s
ACCEPTED 0 0 0 0 0 0 0 38 636 5686 27444 71351 101231 77063 31060 5677 551 29 0 0 0 0 0 0 0 0 0 0 0
SHARD 6565 k=4 m=28 inter=1 colcap=128: NONE visited=23836 time=0.0s
ACCEPTED 0 0 0 0 0 0 0 9 42 146 225 172 39 1 0 0 0 0 0 0 0 0 0 0 0 0 0 0 0
SHARD 6566 k=4 m=28 inter=1 colcap=128: NONE visited=994018 time=2.3s
ACCEPTED 0 0 0 0 0 0 0 28 293 1500 4727 10260 13844 9534 3094 423 27 2 0 0 0 0 0 0 0 0 0 0 0
SHARD 6567 k=4 m=28 inter=1 colcap=128: NONE visited=12991757 time=35.0s
ACCEPTED 0 0 0 0 0 0 0 30 458 4292 24921 86985 175528 197793 124398 44909 8707 1025 47 1 0 0 0 0 0 0 0 0 0
SHARD 6568 k=4 m=28 inter=1 colcap=128: NONE visited=228997 time=0.4s
ACCEPTED 0 0 0 0 0 0 0 17 114 432 1042 1717 1910 1414 703 237 45 4 0 0 0 0 0 0 0 0 0 0 0
SHARD 6569 k=4 m=28 inter=1 colcap=128: NONE visited=3366990 time=9.0s
ACCEPTED 0 0 0 0 0 0 0 22 238 1726 8193 24602 44463 44991 23943 6796 1056 92 3 0 0 0 0 0 0 0 0 0 0
SHARD 6570 k=4 m=28 inter=1 colcap=128: NONE visited=3886472 time=10.7s
ACCEPTED 0 0 0 0 0 0 0 22 235 1811 9590 31533 57148 52175 22168 4279 546 42 0 0 0 0 0 0 0 0 0 0 0
SHARD 6571 k=4 m=28 inter=1 colcap=128: NONE visited=32018 time=0.1s
ACCEPTED 0 0 0 0 0 0 0 5 27 135 255 231 106 15 0 0 0 0 0 0 0 0 0 0 0 0 0 0 0
SHARD 6572 k=4 m=28 inter=1 colcap=128: NONE visited=297589 time=0.4s
ACCEPTED 0 0 0 0 0 0 0 23 214 982 2177 2563 1793 584 78 6 0 0 0 0 0 0 0 0 0 0 0 0 0
SHARD 6573 k=4 m=28 inter=1 colcap=128: NONE visited=4329547 time=8.7s
ACCEPTED 0 0 0 0 0 0 0 23 239 1387 5073 13908 25969 32773 22968 9432 2146 0 0 0 0 0 0 0 0 0 0 0 0
SHARD 6574 k=4 m=28 inter=1 colcap=128: NONE visited=3135039 time=7.2s
ACCEPTED 0 0 0 0 0 0 0 14 124 744 3159 8717 15843 21701 22515 17510 6591 15 0 0 0 0 0 0 0 0 0 0 0
SHARD 6575 k=4 m=28 inter=1 colcap=128: NONE visited=36965 time=0.0s
ACCEPTED 0 0 0 0 0 0 0 11 51 154 273 241 104 18 1 0 0 0 0 0 0 0 0 0 0 0 0 0 0
SHARD 6576 k=4 m=28 inter=1 colcap=128: NONE visited=3530004 time=7.2s
ACCEPTED 0 0 0 0 0 0 0 17 176 1302 6334 16990 25101 23883 21549 16793 6636 143 10 12 5 0 0 0 0 0 0 0 0
SHARD 6577 k=4 m=28 inter=1 colcap=128: NONE visited=673075 time=1.1s
ACCEPTED 0 0 0 0 0 0 0 16 128 643 2238 5233 7694 6852 3212 661 40 2 0 0 0 0 0 0 0 0 0 0 0
SHARD 6578 k=4 m=28 inter=1 colcap=128: NONE visited=23557806 time=65.4s
ACCEPTED 0 0 0 0 0 0 0 34 577 5891 36886 137906 299937 377825 279418 121725 30846 4463 165 5 0 0 0 0 0 0 0 0 0
SHARD 6579 k=4 m=28 inter=1 colcap=128: NONE visited=20627576 time=51.9s
ACCEPTED 0 0 0 0 0 0 0 20 243 2071 11930 43593 99551 153444 181150 156937 75041 3438 192 147 64 0 0 0 0 0 0 0 0
SHARD 6580 k=4 m=28 inter=1 colcap=128: NONE visited=2077281 time=4.6s
ACCEPTED 0 0 0 0 0 0 0 17 162 1301 6795 18777 27030 19987 7676 1575 192 8 0 0 0 0 0 0 0 0 0 0 0
SHARD 6581 k=4 m=28 inter=1 colcap=128: NONE visited=1013613 time=2.8s
ACCEPTED 0 0 0 0 0 0 0 16 144 979 4547 12075 15776 9541 2973 466 30 0 0 0 0 0 0 0 0 0 0 0 0
SHARD 6582 k=4 m=28 inter=1 colcap=128: NONE visited=5504758 time=13.4s
ACCEPTED 0 0 0 0 0 0 0 22 282 2392 12838 41003 74022 71423 38267 12700 3197 452 26 0 0 0 0 0 0 0 0 0 0
SHARD 6583 k=4 m=28 inter=1 colcap=128: NONE visited=17748 time=0.0s
ACCEPTED 0 0 0 0 0 0 0 7 28 74 138 126 57 9 0 0 0 0 0 0 0 0 0 0 0 0 0 0 0
SHARD 6584 k=4 m=28 inter=1 colcap=128: NONE visited=159 time=0.0s
ACCEPTED 0 0 0 0 0 0 0 1 0 0 0 0 0 0 0 0 0 0 0 0 0 0 0 0 0 0 0 0 0
SHARD 6585 k=4 m=28 inter=1 colcap=128: NONE visited=1278 time=0.0s
ACCEPTED 0 0 0 0 0 0 0 1 7 11 1 0 0 0 0 0 0 0 0 0 0 0 0 0 0 0 0 0 0
SHARD 6586 k=4 m=28 inter=1 colcap=128: NONE visited=14119 time=0.0s
ACCEPTED 0 0 0 0 0 0 0 3 13 43 98 117 65 23 2 0 0 0 0 0 0 0 0 0 0 0 0 0 0
SHARD 6587 k=4 m=28 inter=1 colcap=128: NONE visited=4614 time=0.0s
ACCEPTED 0 0 0 0 0 0 0 3 17 40 19 2 0 0 0 0 0 0 0 0 0 0 0 0 0 0 0 0 0
SHARD 6588 k=4 m=28 inter=1 colcap=128: NONE visited=227424 time=0.4s
ACCEPTED 0 0 0 0 0 0 0 10 84 442 1330 2112 1715 762 181 17 0 0 0 0 0 0 0 0 0 0 0 0 0
SHARD 6589 k=4 m=28 inter=1 colcap=128: NONE visited=3265551 time=8.3s
ACCEPTED 0 0 0 0 0 0 0 18 194 1510 7899 24684 43382 42142 21770 6174 941 87 0 0 0 0 0 0 0 0 0 0 0
SHARD 6590 k=4 m=28 inter=1 colcap=128: NONE visited=2474886 time=6.2s
ACCEPTED 0 0 0 0 0 0 0 10 82 577 2858 7893 12278 13675 15819 14157 6196 2 0 0 0 0 0 0 0 0 0 0 0
SHARD 6591 k=4 m=28 inter=1 colcap=128: NONE visited=6324048 time=14.6s
ACCEPTED 0 0 0 0 0 0 0 17 174 1583 10013 34116 57209 51420 36019 23824 8000 0 0 0 0 0 0 0 0 0 0 0 0
SHARD 6592 k=4 m=28 inter=1 colcap=128: NONE visited=32366545 time=70.7s
ACCEPTED 0 0 0 0 0 0 0 21 286 2732 17866 73496 179085 266581 281368 221028 108354 18247 10123 4914 1803 0 0 0 0 0 0 0 0
SHARD 6593 k=4 m=28 inter=1 colcap=128: NONE visited=2442785 time=4.6s
ACCEPTED 0 0 0 0 0 0 0 8 55 390 1988 5812 9918 11923 15989 15636 5542 0 0 0 0 0 0 0 0 0 0 0 0
SHARD 6594 k=4 m=28 inter=1 colcap=128: NONE visited=32903043 time=66.8s
ACCEPTED 0 0 0 0 0 0 0 60 1414 15946 94814 306360 517288 446706 200884 44245 4782 172 3 0 0 0 0 0 0 0 0 0 0
SHARD 6595 k=4 m=28 inter=1 colcap=128: NONE visited=2065533 time=4.5s
ACCEPTED 0 0 0 0 0 0 0 28 324 1927 7224 18205 29537 27886 11104 1744 96 2 0 0 0 0 0 0 0 0 0 0 0
SHARD 6596 k=4 m=28 inter=1 colcap=128: NONE visited=4354140 time=8.5s
ACCEPTED 0 0 0 0 0 0 0 20 238 1712 7607 23045 43622 46870 30333 18155 7518 170 3 6 3 0 0 0 0 0 0 0 0
SHARD 6597 k=4 m=28 inter=1 colcap=128: NONE visited=103870 time=0.1s
ACCEPTED 0 0 0 0 0 0 0 24 187 694 1081 580 194 16 0 0 0 0 0 0 0 0 0 0 0 0 0 0 0
SHARD 6598 k=4 m=28 inter=1 colcap=128: NONE visited=6901808 time=14.1s
ACCEPTED 0 0 0 0 0 0 0 32 528 4716 23396 61515 81921 59297 28233 13002 5046 130 0 0 0 0 0 0 0 0 0 0 0
SHARD 6599 k=4 m=28 inter=1 colcap=128: NONE visited=201 time=0.0s
ACCEPTED 0 0 0 0 0 0 0 2 2 0 0 0 0 0 0 0 0 0 0 0 0 0 0 0 0 0 0 0 0
DONE exit=20
