SHARD 6960 k=4 m=28 inter=1 colcap=128: NONE visited=638956 time=0.3s
ACCEPTED 0 0 0 0 0 0 0 27 277 1351 3355 5003 4716 2910 1102 247 24 0 0 0 0 0 0 0 0 0 0 0 0
SHARD 6961 k=4 m=28 inter=1 colcap=128: NONE visited=174372 time=0.1s
ACCEPTED 0 0 0 0 0 0 0 30 288 1127 1577 950 289 28 0 0 0 0 0 0 0 0 0 0 0 0 0 0 0
SHARD 6962 k=4 m=28 inter=1 colcap=128: NONE visited=130231 time=0.1s
ACCEPTED 0 0 0 0 0 0 0 24 208 741 1069 754 219 22 2 0 0 0 0 0 0 0 0 0 0 0 0 0 0
SHARD 6963 k=4 m=28 inter=1 colcap=128: NONE visited=154887 time=0.1s
ACCEPTED 0 0 0 0 0 0 0 25 217 800 1312 974 325 40 0 0 0 0 0 0 0 0 0 0 0 0 0 0 0
SHARD 6964 k=4 m=28 inter=1 colcap=128: NONE visited=429316 time=0.2s
ACCEPTED 0 0 0 0 0 0 0 32 365 1818 3858 3509 1439 245 16 0 0 0 0 0 0 0 0 0 0 0 0 0 0
SHARD 6965 k=4 m=28 inter=1 colcap=128: NONE visited=7730 time=0.0s
ACCEPTED 0 0 0 0 0 0 0 12 39 58 29 0 0 0 0 0 0 0 0 0 0 0 0 0 0 0 0 0 0
SHARD 6966 k=4 m=28 inter=1 colcap=128: NONE visited=32546 time=0.0s
ACCEPTED 0 0 0 0 0 0 0 16 86 196 221 113 26 4 1 0 0 0 0 0 0 0 0 0 0 0 0 0 0
SHARD 6967 k=4 m=28 inter=1 colcap=128: NONE visited=32691 time=0.0s
ACCEPTED 0 0 0 0 0 0 0 17 93 218 222 124 28 4 0 0 0 0 0 0 0 0 0 0 0 0 0 0 0
SHARD 6968 k=4 m=28 inter=1 colcap=128: NONE visited=10991 time=0.0s
ACCEPTED 0 0 0 0 0 0 0 14 54 82 36 2 0 0 0 0 0 0 0 0 0 0 0 0 0 0 0 0 0
SHARD 6969 k=4 m=28 inter=1 colcap=128: NONE visited=91130 time=0.1s
ACCEPTED 0 0 0 0 0 0 0 15 111 414 699 559 170 15 1 0 0 0 0 0 0 0 0 0 0 0 0 0 0
SHARD 6970 k=4 m=28 inter=1 colcap=128: NONE visited=14306 time=0.0s
ACCEPTED 0 0 0 0 0 0 0 12 62 123 82 8 0 0 0 0 0 0 0 0 0 0 0 0 0 0 0 0 0
SHARD 6971 k=4 m=28 inter=1 colcap=128: NONE visited=10354 time=0.0s
ACCEPTED 0 0 0 0 0 0 0 14 61 77 28 1 0 0 0 0 0 0 0 0 0 0 0 0 0 0 0 0 0
SHARD 6972 k=4 m=28 inter=1 colcap=128: NONE visited=20312 time=0.0s
ACCEPTED 0 0 0 0 0 0 0 14 71 141 113 67 27 6 0 0 0 0 0 0 0 0 0 0 0 0 0 0 0
SHARD 6973 k=4 m=28 inter=1 colcap=128: NONE visited=34665 time=0.0s
ACCEPTED 0 0 0 0 0 0 0 15 97 243 235 93 19 2 0 0 0 0 0 0 0 0 0 0 0 0 0 0 0
SHARD 6974 k=4 m=28 inter=1 colcap=128: NONE visited=189 time=0.0s
ACCEPTED 0 0 0 0 0 0 0 1 0 0 0 0 0 0 0 0 0 0 0 0 0 0 0 0 0 0 0 0 0
SHARD 6975 k=4 m=28 inter=1 colcap=128: NONE visited=10844 time=0.0s
ACCEPTED 0 0 0 0 0 0 0 13 52 77 40 20 7 1 0 0 0 0 0 0 0 0 0 0 0 0 0 0 0
SHARD 6976 k=4 m=28 inter=1 colcap=128: NONE visited=577 time=0.0s
ACCEPTED 0 0 0 0 0 0 0 3 4 0 0 0 0 0 0 0 0 0 0 0 0 0 0 0 0 0 0 0 0
SHARD 6977 k=4 m=28 inter=1 colcap=128: NONE visited=41817 time=0.0s
ACCEPTED 0 0 0 0 0 0 0 25 165 364 246 38 0 0 0 0 0 0 0 0 0 0 0 0 0 0 0 0 0
SHARD 6978 k=4 m=28 inter=1 colcap=128: NONE visited=89966 time=0.0s
ACCEPTED 0 0 0 0 0 0 0 24 198 627 783 413 109 12 0 0 0 0 0 0 0 0 0 0 0 0 0 0 0
SHARD 6979 k=4 m=28 inter=1 colcap=128: NONE visited=60632 time=0.0s
ACCEPTED 0 0 0 0 0 0 0 24 165 441 491 264 78 16 1 0 0 0 0 0 0 0 0 0 0 0 0 0 0
SHARD 6980 k=4 m=28 inter=1 colcap=128: NONE visited=109191 time=0.1s
ACCEPTED 0 0 0 0 0 0 0 23 191 667 1007 735 276 56 10 0 0 0 0 0 0 0 0 0 0 0 0 0 0
SHARD 6981 k=4 m=28 inter=1 colcap=128: NONE visited=5337 time=0.0s
ACCEPTED 0 0 0 0 0 0 0 13 36 33 10 0 0 0 0 0 0 0 0 0 0 0 0 0 0 0 0 0 0
SHARD 6982 k=4 m=28 inter=1 colcap=128: NONE visited=7625 time=0.0s
ACCEPTED 0 0 0 0 0 0 0 12 35 53 39 7 1 0 0 0 0 0 0 0 0 0 0 0 0 0 0 0 0
SHARD 6983 k=4 m=28 inter=1 colcap=128: NONE visited=40274 time=0.0s
ACCEPTED 0 0 0 0 0 0 0 18 83 210 304 258 84 2 0 0 0 0 0 0 0 0 0 0 0 0 0 0 0
SHARD 6984 k=4 m=28 inter=1 colcap=128: NONE visited=10438 time=0.0s
ACCEPTED 0 0 0 0 0 0 0 13 56 77 29 7 0 0 0 0 0 0 0 0 0 0 0 0 0 0 0 0 0
SHARD 6985 k=4 m=28 inter=1 colcap=128: NONE visited=835080 time=0.5s
ACCEPTED 0 0 0 0 0 0 0 24 241 1148 3218 6131 7789 6380 3029 896 163 13 0 0 0 0 0 0 0 0 0 0 0
SHARD 6986 k=4 m=28 inter=1 colcap=128: NONE visited=20048 time=0.0s
ACCEPTED 0 0 0 0 0 0 0 16 75 149 103 37 12 0 0 0 0 0 0 0 0 0 0 0 0 0 0 0 0
SHARD 6987 k=4 m=28 inter=1 colcap=128: NONE visited=43143 time=0.0s
ACCEPTED 0 0 0 0 0 0 0 16 107 283 317 153 36 5 0 0 0 0 0 0 0 0 0 0 0 0 0 0 0
SHARD 6988 k=4 m=28 inter=1 colcap=128: NONE visited=7848 time=0.0s
ACCEPTED 0 0 0 0 0 0 0 14 42 54 23 1 0 0 0 0 0 0 0 0 0 0 0 0 0 0 0 0 0
SHARD 6989 k=4 m=28 inter=1 colcap=128: NONE visited=30074 time=0.0s
ACCEPTED 0 0 0 0 0 0 0 17 91 204 178 55 20 0 0 0 0 0 0 0 0 0 0 0 0 0 0 0 0
SHARD 6990 k=4 m=28 inter=1 colcap=128: NONE visited=135714 time=0.1s
ACCEPTED 0 0 0 0 0 0 0 17 126 453 981 1263 807 319 105 17 1 0 0 0 0 0 0 0 0 0 0 0 0
SHARD 6991 k=4 m=28 inter=1 colcap=128: NONE visited=405 time=0.0s
ACCEPTED 0 0 0 0 0 0 0 2 2 0 0 0 0 0 0 0 0 0 0 0 0 0 0 0 0 0 0 0 0
SHARD 6992 k=4 m=28 inter=1 colcap=128: NONE visited=775 time=0.0s
ACCEPTED 0 0 0 0 0 0 0 4 5 0 0 0 0 0 0 0 0 0 0 0 0 0 0 0 0 0 0 0 0
SHARD 6993 k=4 m=28 inter=1 colcap=128: NONE visited=15315 time=0.0s
ACCEPTED 0 0 0 0 0 0 0 8 40 118 105 24 1 0 0 0 0 0 0 0 0 0 0 0 0 0 0 0 0
SHARD 6994 k=4 m=28 inter=1 colcap=128: NONE visited=70849 time=0.0s
ACCEPTED 0 0 0 0 0 0 0 14 102 379 618 448 153 23 0 0 0 0 0 0 0 0 0 0 0 0 0 0 0
SHARD 6995 k=4 m=28 inter=1 colcap=128: NONE visited=33463 time=0.0s
ACCEPTED 0 0 0 0 0 0 0 13 80 233 314 159 29 0 0 0 0 0 0 0 0 0 0 0 0 0 0 0 0
SHARD 6996 k=4 m=28 inter=1 colcap=128: NONE visited=70998 time=0.0s
ACCEPTED 0 0 0 0 0 0 0 14 100 382 605 344 81 2 0 0 0 0 0 0 0 0 0 0 0 0 0 0 0
SHARD 6997 k=4 m=28 inter=1 colcap=128: NONE visited=1048 time=0.0s
ACCEPTED 0 0 0 0 0 0 0 1 8 6 0 0 0 0 0 0 0 0 0 0 0 0 0 0 0 0 0 0 0
SHARD 6998 k=4 m=28 inter=1 colcap=128: NONE visited=1190 time=0.0s
ACCEPTED 0 0 0 0 0 0 0 2 7 6 1 0 0 0 0 0 0 0 0 0 0 0 0 0 0 0 0 0 0
SHARD 6999 k=4 m=28 inter=1 colcap=128: NONE visited=12082 time=0.0s
ACCEPTED 0 0 0 0 0 0 0 4 28 92 107 16 0 0 0 0 0 0 0 0 0 0 0 0 0 0 0 0 0
DONE exit=20
