SHARD 2680 k=4 m=28 inter=1 colcap=128: NONE visited=475652 time=0.3s
ACCEPTED 0 0 0 0 0 0 0 49 584 2574 4610 3138 1019 219 33 3 0 0 0 0 0 0 0 0 0 0 0 0 0
SHARD 2681 k=4 m=28 inter=1 colcap=128: NONE visited=73945 time=0.0s
ACCEPTED 0 0 0 0 0 0 0 26 177 479 696 464 130 13 1 0 0 0 0 0 0 0 0 0 0 0 0 0 0
SHARD 2682 k=4 m=28 inter=1 colcap=128: NONE visited=1025651 time=0.8s
ACCEPTED 0 0 0 0 0 0 0 41 542 3196 8713 11312 6545 1600 135 1 0 0 0 0 0 0 0 0 0 0 0 0 0
SHARD 2683 k=4 m=28 inter=1 colcap=128: NONE visited=258669 time=0.2s
ACCEPTED 0 0 0 0 0 0 0 26 266 1351 2776 1989 741 108 2 0 0 0 0 0 0 0 0 0 0 0 0 0 0
SHARD 2684 k=4 m=28 inter=1 colcap=128: NONE visited=1861267 time=1.4s
ACCEPTED 0 0 0 0 0 0 0 44 616 3778 10766 14891 11941 6078 1007 16 0 0 0 0 0 0 0 0 0 0 0 0 0
SHARD 2685 k=4 m=28 inter=1 colcap=128: NONE visited=193118 time=0.2s
ACCEPTED 0 0 0 0 0 0 0 37 300 1032 1746 1508 588 79 1 0 0 0 0 0 0 0 0 0 0 0 0 0 0
SHARD 2686 k=4 m=28 inter=1 colcap=128: NONE visited=1099211 time=0.9s
ACCEPTED 0 0 0 0 0 0 0 27 357 2548 8382 12890 9971 3607 559 28 0 0 0 0 0 0 0 0 0 0 0 0 0
SHARD 2687 k=4 m=28 inter=1 colcap=128: NONE visited=62581 time=0.0s
ACCEPTED 0 0 0 0 0 0 0 11 91 350 565 321 10 0 0 0 0 0 0 0 0 0 0 0 0 0 0 0 0
SHARD 2688 k=4 m=28 inter=1 colcap=128: NONE visited=93170 time=0.1s
ACCEPTED 0 0 0 0 0 0 0 24 203 719 891 350 44 2 0 0 0 0 0 0 0 0 0 0 0 0 0 0 0
SHARD 2689 k=4 m=28 inter=1 colcap=128: NONE visited=2281 time=0.0s
ACCEPTED 0 0 0 0 0 0 0 4 21 12 0 0 0 0 0 0 0 0 0 0 0 0 0 0 0 0 0 0 0
SHARD 2690 k=4 m=28 inter=1 colcap=128: NONE visited=170580 time=0.1s
ACCEPTED 0 0 0 0 0 0 0 21 178 704 1411 1376 661 223 44 1 0 0 0 0 0 0 0 0 0 0 0 0 0
SHARD 2691 k=4 m=28 inter=1 colcap=128: NONE visited=32154 time=0.0s
ACCEPTED 0 0 0 0 0 0 0 15 94 269 264 96 6 0 0 0 0 0 0 0 0 0 0 0 0 0 0 0 0
SHARD 2692 k=4 m=28 inter=1 colcap=128: NONE visited=98647 time=0.1s
ACCEPTED 0 0 0 0 0 0 0 15 113 456 920 822 255 28 2 0 0 0 0 0 0 0 0 0 0 0 0 0 0
SHARD 2693 k=4 m=28 inter=1 colcap=128: NONE visited=95 time=0.0s
ACCEPTED 0 0 0 0 0 0 0 1 1 0 0 0 0 0 0 0 0 0 0 0 0 0 0 0 0 0 0 0 0
SHARD 2694 k=4 m=28 inter=1 colcap=128: NONE visited=19366 time=0.0s
ACCEPTED 0 0 0 0 0 0 0 10 64 227 202 71 2 0 0 0 0 0 0 0 0 0 0 0 0 0 0 0 0
SHARD 2695 k=4 m=28 inter=1 colcap=128: NONE visited=36472 time=0.0s
ACCEPTED 0 0 0 0 0 0 0 16 107 331 350 144 21 2 0 0 0 0 0 0 0 0 0 0 0 0 0 0 0
SHARD 2696 k=4 m=28 inter=1 colcap=128: NONE visited=181008 time=0.1s
ACCEPTED 0 0 0 0 0 0 0 26 235 932 1699 1376 494 85 4 1 0 0 0 0 0 0 0 0 0 0 0 0 0
SHARD 2697 k=4 m=28 inter=1 colcap=128: NONE visited=91609 time=0.1s
ACCEPTED 0 0 0 0 0 0 0 16 141 572 917 508 162 51 0 0 0 0 0 0 0 0 0 0 0 0 0 0 0
SHARD 2698 k=4 m=28 inter=1 colcap=128: NONE visited=97164 time=0.1s
ACCEPTED 0 0 0 0 0 0 0 32 259 819 968 435 72 5 0 0 0 0 0 0 0 0 0 0 0 0 0 0 0
SHARD 2699 k=4 m=28 inter=1 colcap=128: NONE visited=132952 time=0.1s
ACCEPTED 0 0 0 0 0 0 0 18 175 748 1392 1014 306 28 0 0 0 0 0 0 0 0 0 0 0 0 0 0 0
SHARD 2700 k=4 m=28 inter=1 colcap=128: NONE visited=1100952 time=0.7s
ACCEPTED 0 0 0 0 0 0 0 31 374 2170 6218 8905 6838 3797 1001 135 34 0 0 0 0 0 0 0 0 0 0 0 0
SHARD 2701 k=4 m=28 inter=1 colcap=128: NONE visited=304578 time=0.2s
ACCEPTED 0 0 0 0 0 0 0 21 248 1499 3465 3004 993 103 4 0 0 0 0 0 0 0 0 0 0 0 0 0 0
SHARD 2702 k=4 m=28 inter=1 colcap=128: NONE visited=11984 time=0.0s
ACCEPTED 0 0 0 0 0 0 0 3 20 96 119 63 7 0 0 0 0 0 0 0 0 0 0 0 0 0 0 0 0
SHARD 2703 k=4 m=28 inter=1 colcap=128: NONE visited=12557 time=0.0s
ACCEPTED 0 0 0 0 0 0 0 8 32 113 126 29 2 0 0 0 0 0 0 0 0 0 0 0 0 0 0 0 0
SHARD 2704 k=4 m=28 inter=1 colcap=128: NONE visited=73080 time=0.0s
ACCEPTED 0 0 0 0 0 0 0 14 97 370 610 446 154 39 1 0 0 0 0 0 0 0 0 0 0 0 0 0 0
SHARD 2705 k=4 m=28 inter=1 colcap=128: NONE visited=39811 time=0.0s
ACCEPTED 0 0 0 0 0 0 0 10 83 345 356 102 9 1 0 0 0 0 0 0 0 0 0 0 0 0 0 0 0
SHARD 2706 k=4 m=28 inter=1 colcap=128: NONE visited=20472 time=0.0s
ACCEPTED 0 0 0 0 0 0 0 8 42 146 194 89 10 0 0 0 0 0 0 0 0 0 0 0 0 0 0 0 0
SHARD 2707 k=4 m=28 inter=1 colcap=128: NONE visited=24617 time=0.0s
ACCEPTED 0 0 0 0 0 0 0 14 86 261 230 97 23 4 0 0 0 0 0 0 0 0 0 0 0 0 0 0 0
SHARD 2708 k=4 m=28 inter=1 colcap=128: NONE visited=91870 time=0.1s
ACCEPTED 0 0 0 0 0 0 0 29 239 732 896 389 88 4 0 0 0 0 0 0 0 0 0 0 0 0 0 0 0
SHARD 2709 k=4 m=28 inter=1 colcap=128: NONE visited=458798 time=0.3s
ACCEPTED 0 0 0 0 0 0 0 35 411 2009 4322 4162 1933 471 89 9 0 0 0 0 0 0 0 0 0 0 0 0 0
SHARD 2710 k=4 m=28 inter=1 colcap=128: NONE visited=463029 time=0.3s
ACCEPTED 0 0 0 0 0 0 0 32 380 1922 4274 4046 1869 500 63 4 0 0 0 0 0 0 0 0 0 0 0 0 0
SHARD 2711 k=4 m=28 inter=1 colcap=128: NONE visited=636924 time=0.5s
ACCEPTED 0 0 0 0 0 0 0 34 388 2009 5152 6626 4342 1767 402 32 0 0 0 0 0 0 0 0 0 0 0 0 0
SHARD 2712 k=4 m=28 inter=1 colcap=128: NONE visited=168755 time=0.1s
ACCEPTED 0 0 0 0 0 0 0 34 326 1152 1730 1038 309 50 1 0 0 0 0 0 0 0 0 0 0 0 0 0 0
SHARD 2713 k=4 m=28 inter=1 colcap=128: NONE visited=1705490 time=1.3s
ACCEPTED 0 0 0 0 0 0 0 34 484 3206 9867 14580 12174 6914 1997 344 63 0 0 0 0 0 0 0 0 0 0 0 0
SHARD 2714 k=4 m=28 inter=1 colcap=128: NONE visited=1097261 time=1.0s
ACCEPTED 0 0 0 0 0 0 0 36 467 2883 8680 12499 8588 2909 579 81 6 0 0 0 0 0 0 0 0 0 0 0 0
SHARD 2715 k=4 m=28 inter=1 colcap=128: NONE visited=520948 time=0.4s
ACCEPTED 0 0 0 0 0 0 0 35 441 2338 5295 4772 1945 371 31 4 0 0 0 0 0 0 0 0 0 0 0 0 0
SHARD 2716 k=4 m=28 inter=1 colcap=128: NONE visited=1938308 time=1.4s
ACCEPTED 0 0 0 0 0 0 0 34 474 3279 11047 17765 14913 7413 1682 107 10 0 0 0 0 0 0 0 0 0 0 0 0
SHARD 2717 k=4 m=28 inter=1 colcap=128: NONE visited=145589 time=0.1s
ACCEPTED 0 0 0 0 0 0 0 30 234 813 1346 1110 386 28 0 0 0 0 0 0 0 0 0 0 0 0 0 0 0
SHARD 2718 k=4 m=28 inter=1 colcap=128: NONE visited=149631 time=0.1s
ACCEPTED 0 0 0 0 0 0 0 32 335 1325 1901 839 123 2 0 0 0 0 0 0 0 0 0 0 0 0 0 0 0
SHARD 2719 k=4 m=28 inter=1 colcap=128: NONE visited=44044 time=0.0s
ACCEPTED 0 0 0 0 0 0 0 12 69 224 385 290 77 8 0 0 0 0 0 0 0 0 0 0 0 0 0 0 0
DONE exit=20
