SHARD 9200 k=4 m=28 inter=1 colcap=128: NONE visited=503 time=0.0s
ACCEPTED 0 0 0 0 0 0 0 4 0 0 0 0 0 0 0 0 0 0 0 0 0 0 0 0 0 0 0 0 0
SHARD 9201 k=4 m=28 inter=1 colcap=128: NONE visited=735 time=0.0s
ACCEPTED 0 0 0 0 0 0 0 5 4 0 0 0 0 0 0 0 0 0 0 0 0 0 0 0 0 0 0 0 0
SHARD 9202 k=4 m=28 inter=1 colcap=128: NONE visited=173 time=0.0s
ACCEPTED 0 0 0 0 0 0 0 1 0 0 0 0 0 0 0 0 0 0 0 0 0 0 0 0 0 0 0 0 0
SHARD 9203 k=4 m=28 inter=1 colcap=128: NONE visited=330 time=0.0s
ACCEPTED 0 0 0 0 0 0 0 2 1 0 0 0 0 0 0 0 0 0 0 0 0 0 0 0 0 0 0 0 0
SHARD 9204 k=4 m=28 inter=1 colcap=128: NONE visited=391 time=0.0s
ACCEPTED 0 0 0 0 0 0 0 3 0 0 0 0 0 0 0 0 0 0 0 0 0 0 0 0 0 0 0 0 0
SHARD 9205 k=4 m=28 inter=1 colcap=128: NONE visited=111 time=0.0s
ACCEPTED 0 0 0 0 0 0 0 0 0 0 0 0 0 0 0 0 0 0 0 0 0 0 0 0 0 0 0 0 0
SHARD 9206 k=4 m=28 inter=1 colcap=128: NONE visited=446 time=0.0s
ACCEPTED 0 0 0 0 0 0 0 3 1 0 0 0 0 0 0 0 0 0 0 0 0 0 0 0 0 0 0 0 0
SHARD 9207 k=4 m=28 inter=1 colcap=128: NONE visited=1967 time=0.0s
ACCEPTED 0 0 0 0 0 0 0 7 14 8 0 0 0 0 0 0 0 0 0 0 0 0 0 0 0 0 0 0 0
SHARD 9208 k=4 m=28 inter=1 colcap=128: NONE visited=98 time=0.0s
ACCEPTED 0 0 0 0 0 0 0 0 0 0 0 0 0 0 0 0 0 0 0 0 0 0 0 0 0 0 0 0 0
SHARD 9209 k=4 m=28 inter=1 colcap=128: NONE visited=935 time=0.0s
ACCEPTED 0 0 0 0 0 0 0 7 3 0 0 0 0 0 0 0 0 0 0 0 0 0 0 0 0 0 0 0 0
SHARD 9210 k=4 m=28 inter=1 colcap=128: NONE visited=4356 time=0.0s
ACCEPTED 0 0 0 0 0 0 0 9 26 28 8 2 0 0 0 0 0 0 0 0 0 0 0 0 0 0 0 0 0
SHARD 9211 k=4 m=28 inter=1 colcap=128: NONE visited=292 time=0.0s
ACCEPTED 0 0 0 0 0 0 0 2 3 0 0 0 0 0 0 0 0 0 0 0 0 0 0 0 0 0 0 0 0
SHARD 9212 k=4 m=28 inter=1 colcap=128: NONE visited=1017 time=0.0s
ACCEPTED 0 0 0 0 0 0 0 4 7 3 0 0 0 0 0 0 0 0 0 0 0 0 0 0 0 0 0 0 0
SHARD 9213 k=4 m=28 inter=1 colcap=128: NONE visited=392 time=0.0s
ACCEPTED 0 0 0 0 0 0 0 2 2 0 0 0 0 0 0 0 0 0 0 0 0 0 0 0 0 0 0 0 0
SHARD 9214 k=4 m=28 inter=1 colcap=128: NONE visited=421 time=0.0s
ACCEPTED 0 0 0 0 0 0 0 2 2 0 0 0 0 0 0 0 0 0 0 0 0 0 0 0 0 0 0 0 0
SHARD 9215 k=4 m=28 inter=1 colcap=128: NONE visited=100170 time=0.1s
ACCEPTED 0 0 0 0 0 0 0 8 60 286 711 887 487 166 27 5 0 0 0 0 0 0 0 0 0 0 0 0 0
SHARD 9216 k=4 m=28 inter=1 colcap=128: NONE visited=440 time=0.0s
ACCEPTED 0 0 0 0 0 0 0 3 1 0 0 0 0 0 0 0 0 0 0 0 0 0 0 0 0 0 0 0 0
SHARD 9217 k=4 m=28 inter=1 colcap=128: NONE visited=28568 time=0.0s
ACCEPTED 0 0 0 0 0 0 0 15 87 230 207 61 1 0 0 0 0 0 0 0 0 0 0 0 0 0 0 0 0
SHARD 9218 k=4 m=28 inter=1 colcap=128: NONE visited=115 time=0.0s
ACCEPTED 0 0 0 0 0 0 0 0 0 0 0 0 0 0 0 0 0 0 0 0 0 0 0 0 0 0 0 0 0
SHARD 9219 k=4 m=28 inter=1 colcap=128: NONE visited=903 time=0.0s
ACCEPTED 0 0 0 0 0 0 0 5 4 0 0 0 0 0 0 0 0 0 0 0 0 0 0 0 0 0 0 0 0
SHARD 9220 k=4 m=28 inter=1 colcap=128: NONE visited=1167 time=0.0s
ACCEPTED 0 0 0 0 0 0 0 4 9 1 0 0 0 0 0 0 0 0 0 0 0 0 0 0 0 0 0 0 0
SHARD 9221 k=4 m=28 inter=1 colcap=128: NONE visited=1058 time=0.0s
ACCEPTED 0 0 0 0 0 0 0 6 5 0 0 0 0 0 0 0 0 0 0 0 0 0 0 0 0 0 0 0 0
SHARD 9222 k=4 m=28 inter=1 colcap=128: NONE visited=2356 time=0.0s
ACCEPTED 0 0 0 0 0 0 0 8 17 5 0 0 0 0 0 0 0 0 0 0 0 0 0 0 0 0 0 0 0
SHARD 9223 k=4 m=28 inter=1 colcap=128: NONE visited=472 time=0.0s
ACCEPTED 0 0 0 0 0 0 0 4 1 0 0 0 0 0 0 0 0 0 0 0 0 0 0 0 0 0 0 0 0
SHARD 9224 k=4 m=28 inter=1 colcap=128: NONE visited=1668 time=0.0s
ACCEPTED 0 0 0 0 0 0 0 8 14 1 0 0 0 0 0 0 0 0 0 0 0 0 0 0 0 0 0 0 0
SHARD 9225 k=4 m=28 inter=1 colcap=128: NONE visited=4787 time=0.0s
ACCEPTED 0 0 0 0 0 0 0 6 29 39 2 1 0 0 0 0 0 0 0 0 0 0 0 0 0 0 0 0 0
SHARD 9226 k=4 m=28 inter=1 colcap=128: NONE visited=321 time=0.0s
ACCEPTED 0 0 0 0 0 0 0 3 1 1 0 0 0 0 0 0 0 0 0 0 0 0 0 0 0 0 0 0 0
SHARD 9227 k=4 m=28 inter=1 colcap=128: NONE visited=1148 time=0.0s
ACCEPTED 0 0 0 0 0 0 0 5 7 2 0 0 0 0 0 0 0 0 0 0 0 0 0 0 0 0 0 0 0
SHARD 9228 k=4 m=28 inter=1 colcap=128: NONE visited=547 time=0.0s
ACCEPTED 0 0 0 0 0 0 0 3 3 0 0 0 0 0 0 0 0 0 0 0 0 0 0 0 0 0 0 0 0
SHARD 9229 k=4 m=28 inter=1 colcap=128: NONE visited=985 time=0.0s
ACCEPTED 0 0 0 0 0 0 0 4 7 1 0 0 0 0 0 0 0 0 0 0 0 0 0 0 0 0 0 0 0
SHARD 9230 k=4 m=28 inter=1 colcap=128: NONE visited=28357 time=0.0s
ACCEPTED 0 0 0 0 0 0 0 9 47 150 229 167 41 7 0 0 0 0 0 0 0 0 0 0 0 0 0 0 0
SHARD 9231 k=4 m=28 inter=1 colcap=128: NONE visited=376 time=0.0s
ACCEPTED 0 0 0 0 0 0 0 2 1 0 0 0 0 0 0 0 0 0 0 0 0 0 0 0 0 0 0 0 0
SHARD 9232 k=4 m=28 inter=1 colcap=128: NONE visited=235 time=0.0s
ACCEPTED 0 0 0 0 0 0 0 1 2 1 0 0 0 0 0 0 0 0 0 0 0 0 0 0 0 0 0 0 0
SHARD 9233 k=4 m=28 inter=1 colcap=128: NONE visited=20557 time=0.0s
ACCEPTED 0 0 0 0 0 0 0 12 53 142 142 29 3 0 0 0 0 0 0 0 0 0 0 0 0 0 0 0 0
SHARD 9234 k=4 m=28 inter=1 colcap=128: NONE visited=1749 time=0.0s
ACCEPTED 0 0 0 0 0 0 0 7 12 5 0 0 0 0 0 0 0 0 0 0 0 0 0 0 0 0 0 0 0
SHARD 9235 k=4 m=28 inter=1 colcap=128: NONE visited=82 time=0.0s
ACCEPTED 0 0 0 0 0 0 0 0 0 0 0 0 0 0 0 0 0 0 0 0 0 0 0 0 0 0 0 0 0
SHARD 9236 k=4 m=28 inter=1 colcap=128: NONE visited=121 time=0.0s
ACCEPTED 0 0 0 0 0 0 0 0 0 0 0 0 0 0 0 0 0 0 0 0 0 0 0 0 0 0 0 0 0
SHARD 9237 k=4 m=28 inter=1 colcap=128: NONE visited=108 time=0.0s
ACCEPTED 0 0 0 0 0 0 0 1 0 0 0 0 0 0 0 0 0 0 0 0 0 0 0 0 0 0 0 0 0
SHARD 9238 k=4 m=28 inter=1 colcap=128: NONE visited=210 time=0.0s
ACCEPTED 0 0 0 0 0 0 0 1 0 0 0 0 0 0 0 0 0 0 0 0 0 0 0 0 0 0 0 0 0
SHARD 9239 k=4 m=28 inter=1 colcap=128: NONE visited=127 time=0.0s
ACCEPTED 0 0 0 0 0 0 0 0 0 0 0 0 0 0 0 0 0 0 0 0 0 0 0 0 0 0 0 0 0
DONE exit=20
