SHARD 760 k=4 m=28 inter=1 colcap=128: NONE visited=3953 time=0.0s
ACCEPTED 0 0 0 0 0 0 0 3 8 20 26 26 16 0 0 0 0 0 0 0 0 0 0 0 0 0 0 0 0
SHARD 761 k=4 m=28 inter=1 colcap=128: NONE visited=1641 time=0.0s
ACCEPTED 0 0 0 0 0 0 0 7 11 13 3 0 0 0 0 0 0 0 0 0 0 0 0 0 0 0 0 0 0
SHARD 762 k=4 m=28 inter=1 colcap=128: NONE visited=1321 time=0.0s
ACCEPTED 0 0 0 0 0 0 0 3 7 17 10 3 0 0 0 0 0 0 0 0 0 0 0 0 0 0 0 0 0
SHARD 763 k=4 m=28 inter=1 colcap=128: NONE visited=85 time=0.0s
ACCEPTED 0 0 0 0 0 0 0 2 3 0 0 0 0 0 0 0 0 0 0 0 0 0 0 0 0 0 0 0 0
SHARD 764 k=4 m=28 inter=1 colcap=128: NONE visited=2680 time=0.0s
ACCEPTED 0 0 0 0 0 0 0 10 46 63 17 0 0 0 0 0 0 0 0 0 0 0 0 0 0 0 0 0 0
SHARD 765 k=4 m=28 inter=1 colcap=128: NONE visited=36 time=0.0s
ACCEPTED 0 0 0 0 0 0 0 1 0 0 0 0 0 0 0 0 0 0 0 0 0 0 0 0 0 0 0 0 0
SHARD 766 k=4 m=28 inter=1 colcap=128: NONE visited=75 time=0.0s
ACCEPTED 0 0 0 0 0 0 0 2 2 0 0 0 0 0 0 0 0 0 0 0 0 0 0 0 0 0 0 0 0
SHARD 767 k=4 m=28 inter=1 colcap=128: NONE visited=67 time=0.0s
ACCEPTED 0 0 0 0 0 0 0 0 0 0 0 0 0 0 0 0 0 0 0 0 0 0 0 0 0 0 0 0 0
SHARD 768 k=4 m=28 inter=1 colcap=128: NONE visited=61 time=0.0s
ACCEPTED 0 0 0 0 0 0 0 0 0 0 0 0 0 0 0 0 0 0 0 0 0 0 0 0 0 0 0 0 0
SHARD 769 k=4 m=28 inter=1 colcap=128: NONE visited=860 time=0.0s
ACCEPTED 0 0 0 0 0 0 0 6 8 2 0 0 0 0 0 0 0 0 0 0 0 0 0 0 0 0 0 0 0
SHARD 770 k=4 m=28 inter=1 colcap=128: NONE visited=2734 time=0.0s
ACCEPTED 0 0 0 0 0 0 0 13 24 10 0 0 0 0 0 0 0 0 0 0 0 0 0 0 0 0 0 0 0
SHARD 771 k=4 m=28 inter=1 colcap=128: NONE visited=400 time=0.0s
ACCEPTED 0 0 0 0 0 0 0 4 0 0 0 0 0 0 0 0 0 0 0 0 0 0 0 0 0 0 0 0 0
SHARD 772 k=4 m=28 inter=1 colcap=128: NONE visited=112 time=0.0s
ACCEPTED 0 0 0 0 0 0 0 1 0 0 0 0 0 0 0 0 0 0 0 0 0 0 0 0 0 0 0 0 0
SHARD 773 k=4 m=28 inter=1 colcap=128: NONE visited=196 time=0.0s
ACCEPTED 0 0 0 0 0 0 0 1 0 0 0 0 0 0 0 0 0 0 0 0 0 0 0 0 0 0 0 0 0
SHARD 774 k=4 m=28 inter=1 colcap=128: NONE visited=161 time=0.0s
ACCEPTED 0 0 0 0 0 0 0 2 0 0 0 0 0 0 0 0 0 0 0 0 0 0 0 0 0 0 0 0 0
SHARD 775 k=4 m=28 inter=1 colcap=128: NONE visited=60 time=0.0s
ACCEPTED 0 0 0 0 0 0 0 0 0 0 0 0 0 0 0 0 0 0 0 0 0 0 0 0 0 0 0 0 0
SHARD 776 k=4 m=28 inter=1 colcap=128: NONE visited=57 time=0.0s
ACCEPTED 0 0 0 0 0 0 0 0 0 0 0 0 0 0 0 0 0 0 0 0 0 0 0 0 0 0 0 0 0
SHARD 777 k=4 m=28 inter=1 colcap=128: NONE visited=105 time=0.0s
ACCEPTED 0 0 0 0 0 0 0 0 0 0 0 0 0 0 0 0 0 0 0 0 0 0 0 0 0 0 0 0 0
SHARD 778 k=4 m=28 inter=1 colcap=128: NONE visited=56 time=0.0s
ACCEPTED 0 0 0 0 0 0 0 0 0 0 0 0 0 0 0 0 0 0 0 0 0 0 0 0 0 0 0 0 0
SHARD 779 k=4 m=28 inter=1 colcap=128: NONE visited=192 time=0.0s
ACCEPTED 0 0 0 0 0 0 0 1 1 0 0 0 0 0 0 0 0 0 0 0 0 0 0 0 0 0 0 0 0
SHARD 780 k=4 m=28 inter=1 colcap=128: NONE visited=29 time=0.0s
ACCEPTED 0 0 0 0 0 0 0 1 0 0 0 0 0 0 0 0 0 0 0 0 0 0 0 0 0 0 0 0 0
SHARD 781 k=4 m=28 inter=1 colcap=128: NONE visited=248 time=0.0s
ACCEPTED 0 0 0 0 0 0 0 3 0 0 0 0 0 0 0 0 0 0 0 0 0 0 0 0 0 0 0 0 0
SHARD 782 k=4 m=28 inter=1 colcap=128: NONE visited=619 time=0.0s
ACCEPTED 0 0 0 0 0 0 0 5 4 0 0 0 0 0 0 0 0 0 0 0 0 0 0 0 0 0 0 0 0
SHARD 783 k=4 m=28 inter=1 colcap=128: NONE visited=245 time=0.0s
ACCEPTED 0 0 0 0 0 0 0 2 0 0 0 0 0 0 0 0 0 0 0 0 0 0 0 0 0 0 0 0 0
SHARD 784 k=4 m=28 inter=1 colcap=128: NONE visited=348 time=0.0s
ACCEPTED 0 0 0 0 0 0 0 3 0 0 0 0 0 0 0 0 0 0 0 0 0 0 0 0 0 0 0 0 0
SHARD 785 k=4 m=28 inter=1 colcap=128: NONE visited=171 time=0.0s
ACCEPTED 0 0 0 0 0 0 0 1 0 0 0 0 0 0 0 0 0 0 0 0 0 0 0 0 0 0 0 0 0
SHARD 786 k=4 m=28 inter=1 colcap=128: NONE visited=976 time=0.0s
ACCEPTED 0 0 0 0 0 0 0 8 5 0 0 0 0 0 0 0 0 0 0 0 0 0 0 0 0 0 0 0 0
SHARD 787 k=4 m=28 inter=1 colcap=128: NONE visited=185 time=0.0s
ACCEPTED 0 0 0 0 0 0 0 1 0 0 0 0 0 0 0 0 0 0 0 0 0 0 0 0 0 0 0 0 0
SHARD 788 k=4 m=28 inter=1 colcap=128: NONE visited=186 time=0.0s
ACCEPTED 0 0 0 0 0 0 0 1 0 0 0 0 0 0 0 0 0 0 0 0 0 0 0 0 0 0 0 0 0
SHARD 789 k=4 m=28 inter=1 colcap=128: NONE visited=102 time=0.0s
ACCEPTED 0 0 0 0 0 0 0 0 0 0 0 0 0 0 0 0 0 0 0 0 0 0 0 0 0 0 0 0 0
SHARD 790 k=4 m=28 inter=1 colcap=128: NONE visited=189 time=0.0s
ACCEPTED 0 0 0 0 0 0 0 1 0 0 0 0 0 0 0 0 0 0 0 0 0 0 0 0 0 0 0 0 0
SHARD 791 k=4 m=28 inter=1 colcap=128: NONE visited=149 time=0.0s
ACCEPTED 0 0 0 0 0 0 0 1 0 0 0 0 0 0 0 0 0 0 0 0 0 0 0 0 0 0 0 0 0
SHARD 792 k=4 m=28 inter=1 colcap=128: NONE visited=1002 time=0.0s
ACCEPTED 0 0 0 0 0 0 0 6 9 0 0 0 0 0 0 0 0 0 0 0 0 0 0 0 0 0 0 0 0
SHARD 793 k=4 m=28 inter=1 colcap=128: NONE visited=511 time=0.0s
ACCEPTED 0 0 0 0 0 0 0 3 3 0 0 0 0 0 0 0 0 0 0 0 0 0 0 0 0 0 0 0 0
SHARD 794 k=4 m=28 inter=1 colcap=128: NONE visited=1620 time=0.0s
ACCEPTED 0 0 0 0 0 0 0 12 10 3 0 0 0 0 0 0 0 0 0 0 0 0 0 0 0 0 0 0 0
SHARD 795 k=4 m=28 inter=1 colcap=128: NONE visited=807 time=0.0s
ACCEPTED 0 0 0 0 0 0 0 8 3 0 0 0 0 0 0 0 0 0 0 0 0 0 0 0 0 0 0 0 0
SHARD 796 k=4 m=28 inter=1 colcap=128: NONE visited=1118 time=0.0s
ACCEPTED 0 0 0 0 0 0 0 8 10 2 0 0 0 0 0 0 0 0 0 0 0 0 0 0 0 0 0 0 0
SHARD 797 k=4 m=28 inter=1 colcap=128: NONE visited=1884 time=0.0s
ACCEPTED 0 0 0 0 0 0 0 11 14 3 0 0 0 0 0 0 0 0 0 0 0 0 0 0 0 0 0 0 0
SHARD 798 k=4 m=28 inter=1 colcap=128: NONE visited=233 time=0.0s
ACCEPTED 0 0 0 0 0 0 0 2 0 0 0 0 0 0 0 0 0 0 0 0 0 0 0 0 0 0 0 0 0
SHARD 799 k=4 m=28 inter=1 colcap=128: NONE visited=4289 time=0.0s
ACCEPTED 0 0 0 0 0 0 0 16 40 12 0 0 0 0 0 0 0 0 0 0 0 0 0 0 0 0 0 0 0
DONE exit=20
