SHARD 6600 k=4 m=28 inter=1 colcap=128: NONE visited=31873 time=0.0s
ACCEPTED 0 0 0 0 0 0 0 18 118 275 275 107 16 0 0 0 0 0 0 0 0 0 0 0 0 0 0 0 0
SHARD 6601 k=4 m=28 inter=1 colcap=128: NONE visited=630230 time=1.1s
ACCEPTED 0 0 0 0 0 0 0 18 173 983 3526 6753 6249 2572 501 37 3 0 0 0 0 0 0 0 0 0 0 0 0
SHARD 6602 k=4 m=28 inter=1 colcap=128: NONE visited=609 time=0.0s
ACCEPTED 0 0 0 0 0 0 0 3 3 0 0 0 0 0 0 0 0 0 0 0 0 0 0 0 0 0 0 0 0
SHARD 6603 k=4 m=28 inter=1 colcap=128: NONE visited=1546 time=0.0s
ACCEPTED 0 0 0 0 0 0 0 7 12 3 0 0 0 0 0 0 0 0 0 0 0 0 0 0 0 0 0 0 0
SHARD 6604 k=4 m=28 inter=1 colcap=128: NONE visited=4998 time=0.0s
ACCEPTED 0 0 0 0 0 0 0 9 37 47 19 0 0 0 0 0 0 0 0 0 0 0 0 0 0 0 0 0 0
SHARD 6605 k=4 m=28 inter=1 colcap=128: NONE visited=3097 time=0.0s
ACCEPTED 0 0 0 0 0 0 0 9 22 7 1 0 0 0 0 0 0 0 0 0 0 0 0 0 0 0 0 0 0
SHARD 6606 k=4 m=28 inter=1 colcap=128: NONE visited=1056 time=0.0s
ACCEPTED 0 0 0 0 0 0 0 4 6 2 0 0 0 0 0 0 0 0 0 0 0 0 0 0 0 0 0 0 0
SHARD 6607 k=4 m=28 inter=1 colcap=128: NONE visited=2335 time=0.0s
ACCEPTED 0 0 0 0 0 0 0 6 11 14 0 0 0 0 0 0 0 0 0 0 0 0 0 0 0 0 0 0 0
SHARD 6608 k=4 m=28 inter=1 colcap=128: NONE visited=81644 time=0.1s
ACCEPTED 0 0 0 0 0 0 0 16 92 287 623 662 324 35 1 0 0 0 0 0 0 0 0 0 0 0 0 0 0
SHARD 6609 k=4 m=28 inter=1 colcap=128: NONE visited=185 time=0.0s
ACCEPTED 0 0 0 0 0 0 0 1 0 0 0 0 0 0 0 0 0 0 0 0 0 0 0 0 0 0 0 0 0
SHARD 6610 k=4 m=28 inter=1 colcap=128: NONE visited=6941 time=0.0s
ACCEPTED 0 0 0 0 0 0 0 7 23 56 39 1 0 0 0 0 0 0 0 0 0 0 0 0 0 0 0 0 0
SHARD 6611 k=4 m=28 inter=1 colcap=128: NONE visited=2017 time=0.0s
ACCEPTED 0 0 0 0 0 0 0 6 10 10 1 0 0 0 0 0 0 0 0 0 0 0 0 0 0 0 0 0 0
SHARD 6612 k=4 m=28 inter=1 colcap=128: NONE visited=22851 time=0.0s
ACCEPTED 0 0 0 0 0 0 0 14 63 127 152 84 25 0 0 0 0 0 0 0 0 0 0 0 0 0 0 0 0
SHARD 6613 k=4 m=28 inter=1 colcap=128: NONE visited=203 time=0.0s
ACCEPTED 0 0 0 0 0 0 0 1 0 0 0 0 0 0 0 0 0 0 0 0 0 0 0 0 0 0 0 0 0
SHARD 6614 k=4 m=28 inter=1 colcap=128: NONE visited=484 time=0.0s
ACCEPTED 0 0 0 0 0 0 0 2 2 0 0 0 0 0 0 0 0 0 0 0 0 0 0 0 0 0 0 0 0
SHARD 6615 k=4 m=28 inter=1 colcap=128: NONE visited=143 time=0.0s
ACCEPTED 0 0 0 0 0 0 0 1 0 0 0 0 0 0 0 0 0 0 0 0 0 0 0 0 0 0 0 0 0
SHARD 6616 k=4 m=28 inter=1 colcap=128: NONE visited=48681170 time=114.6s
ACCEPTED 0 0 0 0 0 0 0 32 624 7317 50378 207762 523556 810134 772709 464566 187281 49402 9641 1329 108 0 0 0 0 0 0 0 0
SHARD 6617 k=4 m=28 inter=1 colcap=128: NONE visited=35343453 time=80.6s
ACCEPTED 0 0 0 0 0 0 0 51 1011 10216 58908 205513 428017 534866 424833 247343 118133 41992 11537 2449 344 25 1 0 0 0 0 0 0
SHARD 6618 k=4 m=28 inter=1 colcap=128: NONE visited=499432 time=1.2s
ACCEPTED 0 0 0 0 0 0 0 11 72 540 2581 5832 6280 3144 663 67 0 0 0 0 0 0 0 0 0 0 0 0 0
SHARD 6619 k=4 m=28 inter=1 colcap=128: NONE visited=6954 time=0.0s
ACCEPTED 0 0 0 0 0 0 0 8 35 59 23 4 0 0 0 0 0 0 0 0 0 0 0 0 0 0 0 0 0
SHARD 6620 k=4 m=28 inter=1 colcap=128: NONE visited=568298 time=0.8s
ACCEPTED 0 0 0 0 0 0 0 9 67 284 888 2115 4210 6050 5818 3491 1280 226 16 0 0 0 0 0 0 0 0 0 0
SHARD 6621 k=4 m=28 inter=1 colcap=128: NONE visited=2286766 time=4.3s
ACCEPTED 0 0 0 0 0 0 0 14 155 1187 6155 18875 31709 28186 13222 3092 499 81 4 0 0 0 0 0 0 0 0 0 0
SHARD 6622 k=4 m=28 inter=1 colcap=128: NONE visited=185291 time=0.3s
ACCEPTED 0 0 0 0 0 0 0 20 163 623 1277 1471 1064 479 87 9 0 0 0 0 0 0 0 0 0 0 0 0 0
SHARD 6623 k=4 m=28 inter=1 colcap=128: NONE visited=197 time=0.0s
ACCEPTED 0 0 0 0 0 0 0 2 2 0 0 0 0 0 0 0 0 0 0 0 0 0 0 0 0 0 0 0 0
SHARD 6624 k=4 m=28 inter=1 colcap=128: NONE visited=1250 time=0.0s
ACCEPTED 0 0 0 0 0 0 0 5 11 8 2 0 0 0 0 0 0 0 0 0 0 0 0 0 0 0 0 0 0
SHARD 6625 k=4 m=28 inter=1 colcap=128: NONE visited=19641 time=0.0s
ACCEPTED 0 0 0 0 0 0 0 6 29 93 151 91 32 0 0 0 0 0 0 0 0 0 0 0 0 0 0 0 0
SHARD 6626 k=4 m=28 inter=1 colcap=128: NONE visited=827386 time=1.4s
ACCEPTED 0 0 0 0 0 0 0 16 129 718 3087 8259 11159 7291 2422 377 36 4 0 0 0 0 0 0 0 0 0 0 0
SHARD 6627 k=4 m=28 inter=1 colcap=128: NONE visited=1829398 time=3.2s
ACCEPTED 0 0 0 0 0 0 0 12 88 525 2553 8415 17218 21262 14327 5963 1972 525 128 37 7 0 0 0 0 0 0 0 0
SHARD 6628 k=4 m=28 inter=1 colcap=128: NONE visited=209358 time=0.4s
ACCEPTED 0 0 0 0 0 0 0 6 27 145 721 2037 2477 943 117 4 0 0 0 0 0 0 0 0 0 0 0 0 0
SHARD 6629 k=4 m=28 inter=1 colcap=128: NONE visited=413572 time=0.7s
ACCEPTED 0 0 0 0 0 0 0 8 43 199 848 2496 4370 4075 1794 386 40 0 0 0 0 0 0 0 0 0 0 0 0
SHARD 6630 k=4 m=28 inter=1 colcap=128: NONE visited=2581 time=0.0s
ACCEPTED 0 0 0 0 0 0 0 6 15 14 3 0 0 0 0 0 0 0 0 0 0 0 0 0 0 0 0 0 0
SHARD 6631 k=4 m=28 inter=1 colcap=128: NONE visited=135239 time=0.2s
ACCEPTED 0 0 0 0 0 0 0 10 61 246 746 1428 1273 418 52 2 0 0 0 0 0 0 0 0 0 0 0 0 0
SHARD 6632 k=4 m=28 inter=1 colcap=128: NONE visited=71431 time=0.1s
ACCEPTED 0 0 0 0 0 0 0 11 54 181 426 573 449 179 32 2 0 0 0 0 0 0 0 0 0 0 0 0 0
SHARD 6633 k=4 m=28 inter=1 colcap=128: NONE visited=276 time=0.0s
ACCEPTED 0 0 0 0 0 0 0 1 3 1 0 0 0 0 0 0 0 0 0 0 0 0 0 0 0 0 0 0 0
SHARD 6634 k=4 m=28 inter=1 colcap=128: NONE visited=364 time=0.0s
ACCEPTED 0 0 0 0 0 0 0 3 6 0 0 0 0 0 0 0 0 0 0 0 0 0 0 0 0 0 0 0 0
SHARD 6635 k=4 m=28 inter=1 colcap=128: NONE visited=1507 time=0.0s
ACCEPTED 0 0 0 0 0 0 0 6 10 2 0 0 0 0 0 0 0 0 0 0 0 0 0 0 0 0 0 0 0
SHARD 6636 k=4 m=28 inter=1 colcap=128: NONE visited=443747 time=0.7s
ACCEPTED 0 0 0 0 0 0 0 12 94 551 1992 4050 4890 3419 1268 223 19 0 0 0 0 0 0 0 0 0 0 0 0
SHARD 6637 k=4 m=28 inter=1 colcap=128: NONE visited=40 time=0.0s
ACCEPTED 0 0 0 0 0 0 0 0 0 0 0 0 0 0 0 0 0 0 0 0 0 0 0 0 0 0 0 0 0
SHARD 6638 k=4 m=28 inter=1 colcap=128: NONE visited=1243 time=0.0s
ACCEPTED 0 0 0 0 0 0 0 2 5 9 7 2 0 0 0 0 0 0 0 0 0 0 0 0 0 0 0 0 0
SHARD 6639 k=4 m=28 inter=1 colcap=128: NONE visited=34077 time=0.1s
ACCEPTED 0 0 0 0 0 0 0 4 16 125 360 313 27 0 0 0 0 0 0 0 0 0 0 0 0 0 0 0 0
DONE exit=20
