SHARD 2400 k=4 m=28 inter=1 colcap=128: NONE visited=107842 time=0.1s
ACCEPTED 0 0 0 0 0 0 0 13 77 242 489 779 961 647 205 55 3 0 0 0 0 0 0 0 0 0 0 0 0
SHARD 2401 k=4 m=28 inter=1 colcap=128: NONE visited=10179 time=0.0s
ACCEPTED 0 0 0 0 0 0 0 13 57 95 57 12 0 0 0 0 0 0 0 0 0 0 0 0 0 0 0 0 0
SHARD 2402 k=4 m=28 inter=1 colcap=128: NONE visited=24812 time=0.0s
ACCEPTED 0 0 0 0 0 0 0 10 49 146 223 137 23 0 0 0 0 0 0 0 0 0 0 0 0 0 0 0 0
SHARD 2403 k=4 m=28 inter=1 colcap=128: NONE visited=1058 time=0.0s
ACCEPTED 0 0 0 0 0 0 0 4 9 6 1 0 0 0 0 0 0 0 0 0 0 0 0 0 0 0 0 0 0
SHARD 2404 k=4 m=28 inter=1 colcap=128: NONE visited=16689 time=0.0s
ACCEPTED 0 0 0 0 0 0 0 7 27 65 138 198 117 34 5 0 0 0 0 0 0 0 0 0 0 0 0 0 0
SHARD 2405 k=4 m=28 inter=1 colcap=128: NONE visited=88376 time=0.1s
ACCEPTED 0 0 0 0 0 0 0 11 71 255 569 811 713 324 57 2 0 0 0 0 0 0 0 0 0 0 0 0 0
SHARD 2406 k=4 m=28 inter=1 colcap=128: NONE visited=4431 time=0.0s
ACCEPTED 0 0 0 0 0 0 0 5 17 24 29 26 10 0 0 0 0 0 0 0 0 0 0 0 0 0 0 0 0
SHARD 2407 k=4 m=28 inter=1 colcap=128: NONE visited=10538 time=0.0s
ACCEPTED 0 0 0 0 0 0 0 10 39 77 75 34 3 0 0 0 0 0 0 0 0 0 0 0 0 0 0 0 0
SHARD 2408 k=4 m=28 inter=1 colcap=128: NONE visited=54895 time=0.0s
ACCEPTED 0 0 0 0 0 0 0 13 78 274 548 538 190 18 0 0 0 0 0 0 0 0 0 0 0 0 0 0 0
SHARD 2409 k=4 m=28 inter=1 colcap=128: NONE visited=357013 time=0.3s
ACCEPTED 0 0 0 0 0 0 0 20 172 818 2157 3182 2724 1588 590 79 2 1 0 0 0 0 0 0 0 0 0 0 0
SHARD 2410 k=4 m=28 inter=1 colcap=128: NONE visited=131695 time=0.1s
ACCEPTED 0 0 0 0 0 0 0 16 107 395 843 1069 1027 631 209 11 0 0 0 0 0 0 0 0 0 0 0 0 0
SHARD 2411 k=4 m=28 inter=1 colcap=128: NONE visited=23141 time=0.0s
ACCEPTED 0 0 0 0 0 0 0 14 73 171 186 74 5 2 0 0 0 0 0 0 0 0 0 0 0 0 0 0 0
SHARD 2412 k=4 m=28 inter=1 colcap=128: NONE visited=78340 time=0.1s
ACCEPTED 0 0 0 0 0 0 0 12 65 236 548 741 505 135 16 0 0 0 0 0 0 0 0 0 0 0 0 0 0
SHARD 2413 k=4 m=28 inter=1 colcap=128: NONE visited=986 time=0.0s
ACCEPTED 0 0 0 0 0 0 0 2 7 11 3 0 0 0 0 0 0 0 0 0 0 0 0 0 0 0 0 0 0
SHARD 2414 k=4 m=28 inter=1 colcap=128: NONE visited=50676 time=0.0s
ACCEPTED 0 0 0 0 0 0 0 17 125 383 470 218 28 6 0 0 0 0 0 0 0 0 0 0 0 0 0 0 0
SHARD 2415 k=4 m=28 inter=1 colcap=128: NONE visited=275800 time=0.2s
ACCEPTED 0 0 0 0 0 0 0 18 141 619 1546 2521 2667 1432 273 37 2 0 0 0 0 0 0 0 0 0 0 0 0
SHARD 2416 k=4 m=28 inter=1 colcap=128: NONE visited=1670 time=0.0s
ACCEPTED 0 0 0 0 0 0 0 5 11 13 5 0 0 0 0 0 0 0 0 0 0 0 0 0 0 0 0 0 0
SHARD 2417 k=4 m=28 inter=1 colcap=128: NONE visited=4496 time=0.0s
ACCEPTED 0 0 0 0 0 0 0 2 11 38 40 12 1 0 0 0 0 0 0 0 0 0 0 0 0 0 0 0 0
SHARD 2418 k=4 m=28 inter=1 colcap=128: NONE visited=53838 time=0.0s
ACCEPTED 0 0 0 0 0 0 0 10 55 189 427 547 342 97 14 0 0 0 0 0 0 0 0 0 0 0 0 0 0
SHARD 2419 k=4 m=28 inter=1 colcap=128: NONE visited=8514 time=0.0s
ACCEPTED 0 0 0 0 0 0 0 5 16 53 81 54 11 0 0 0 0 0 0 0 0 0 0 0 0 0 0 0 0
SHARD 2420 k=4 m=28 inter=1 colcap=128: NONE visited=13663 time=0.0s
ACCEPTED 0 0 0 0 0 0 0 6 22 69 124 81 31 16 2 0 0 0 0 0 0 0 0 0 0 0 0 0 0
SHARD 2421 k=4 m=28 inter=1 colcap=128: NONE visited=13694240 time=12.2s
ACCEPTED 0 0 0 0 0 0 0 57 1214 12202 59582 145486 189487 140465 57685 13564 1718 125 3 0 0 0 0 0 0 0 0 0 0
SHARD 2422 k=4 m=28 inter=1 colcap=128: NONE visited=269231 time=0.3s
ACCEPTED 0 0 0 0 0 0 0 15 101 658 2512 4107 2593 380 28 1 0 0 0 0 0 0 0 0 0 0 0 0 0
SHARD 2423 k=4 m=28 inter=1 colcap=128: NONE visited=4288838 time=3.4s
ACCEPTED 0 0 0 0 0 0 0 43 739 5965 23834 49325 53022 30538 10316 2313 329 27 2 0 0 0 0 0 0 0 0 0 0
SHARD 2424 k=4 m=28 inter=1 colcap=128: NONE visited=7546058 time=7.1s
ACCEPTED 0 0 0 0 0 0 0 38 614 5326 25823 69378 104050 89369 44872 13403 2442 321 0 0 0 0 0 0 0 0 0 0 0
SHARD 2425 k=4 m=28 inter=1 colcap=128: NONE visited=799301 time=0.6s
ACCEPTED 0 0 0 0 0 0 0 28 312 1724 5390 9262 8284 3612 632 29 0 0 0 0 0 0 0 0 0 0 0 0 0
SHARD 2426 k=4 m=28 inter=1 colcap=128: NONE visited=1319279 time=1.0s
ACCEPTED 0 0 0 0 0 0 0 27 326 2111 7548 14680 14998 7668 1855 251 23 3 0 0 0 0 0 0 0 0 0 0 0
SHARD 2427 k=4 m=28 inter=1 colcap=128: NONE visited=5788806 time=5.1s
ACCEPTED 0 0 0 0 0 0 0 43 743 6161 25802 58089 72559 51077 20190 4682 666 40 1 0 0 0 0 0 0 0 0 0 0
SHARD 2428 k=4 m=28 inter=1 colcap=128: NONE visited=3149336 time=2.4s
ACCEPTED 0 0 0 0 0 0 0 42 655 4929 18716 36926 38346 21140 6318 1032 77 0 0 0 0 0 0 0 0 0 0 0 0
SHARD 2429 k=4 m=28 inter=1 colcap=128: NONE visited=3776058 time=3.3s
ACCEPTED 0 0 0 0 0 0 0 30 422 3386 15238 37497 51923 43082 21872 6378 1069 91 2 0 0 0 0 0 0 0 0 0 0
SHARD 2430 k=4 m=28 inter=1 colcap=128: NONE visited=2412234 time=2.2s
ACCEPTED 0 0 0 0 0 0 0 29 393 2946 12261 27573 33964 24667 11962 3847 520 27 1 0 0 0 0 0 0 0 0 0 0
SHARD 2431 k=4 m=28 inter=1 colcap=128: NONE visited=7959361 time=7.4s
ACCEPTED 0 0 0 0 0 0 0 39 621 5436 26667 72836 110508 94626 49028 16591 3728 543 14 0 0 0 0 0 0 0 0 0 0
SHARD 2432 k=4 m=28 inter=1 colcap=128: NONE visited=1795136 time=1.4s
ACCEPTED 0 0 0 0 0 0 0 41 579 3805 12316 20348 16817 6761 1565 265 34 2 0 0 0 0 0 0 0 0 0 0 0
SHARD 2433 k=4 m=28 inter=1 colcap=128: NONE visited=3018013 time=2.6s
ACCEPTED 0 0 0 0 0 0 0 30 424 3366 14389 31995 37069 22666 7488 1481 143 7 0 0 0 0 0 0 0 0 0 0 0
SHARD 2434 k=4 m=28 inter=1 colcap=128: NONE visited=3095599 time=2.5s
ACCEPTED 0 0 0 0 0 0 0 33 436 3348 14325 33287 40317 26329 7676 1220 105 2 0 0 0 0 0 0 0 0 0 0 0
SHARD 2435 k=4 m=28 inter=1 colcap=128: NONE visited=157889 time=0.1s
ACCEPTED 0 0 0 0 0 0 0 10 75 408 1418 2128 918 128 8 0 0 0 0 0 0 0 0 0 0 0 0 0 0
SHARD 2436 k=4 m=28 inter=1 colcap=128: NONE visited=683810 time=0.4s
ACCEPTED 0 0 0 0 0 0 0 28 288 1525 4825 7983 6898 2931 589 48 0 0 0 0 0 0 0 0 0 0 0 0 0
SHARD 2437 k=4 m=28 inter=1 colcap=128: NONE visited=912025 time=0.7s
ACCEPTED 0 0 0 0 0 0 0 21 215 1304 4871 10825 13459 8785 2805 469 42 0 0 0 0 0 0 0 0 0 0 0 0
SHARD 2438 k=4 m=28 inter=1 colcap=128: NONE visited=928337 time=0.7s
ACCEPTED 0 0 0 0 0 0 0 24 256 1614 5702 10630 9426 3626 511 22 0 0 0 0 0 0 0 0 0 0 0 0 0
SHARD 2439 k=4 m=28 inter=1 colcap=128: NONE visited=457723 time=0.4s
ACCEPTED 0 0 0 0 0 0 0 20 180 1000 3418 6098 4461 1337 203 26 2 1 0 0 0 0 0 0 0 0 0 0 0
DONE exit=20
