SHARD 120 k=4 m=28 inter=1 colcap=128: NONE visited=105 time=0.0s
ACCEPTED 0 0 0 0 0 0 0 0 0 0 0 0 0 0 0 0 0 0 0 0 0 0 0 0 0 0 0 0 0
SHARD 121 k=4 m=28 inter=1 colcap=128: NONE visited=265 time=0.0s
ACCEPTED 0 0 0 0 0 0 0 2 1 0 0 0 0 0 0 0 0 0 0 0 0 0 0 0 0 0 0 0 0
SHARD 122 k=4 m=28 inter=1 colcap=128: NONE visited=105 time=0.0s
ACCEPTED 0 0 0 0 0 0 0 0 0 0 0 0 0 0 0 0 0 0 0 0 0 0 0 0 0 0 0 0 0
SHARD 123 k=4 m=28 inter=1 colcap=128: NONE visited=271 time=0.0s
ACCEPTED 0 0 0 0 0 0 0 2 0 0 0 0 0 0 0 0 0 0 0 0 0 0 0 0 0 0 0 0 0
SHARD 124 k=4 m=28 inter=1 colcap=128: NONE visited=102 time=0.0s
ACCEPTED 0 0 0 0 0 0 0 0 0 0 0 0 0 0 0 0 0 0 0 0 0 0 0 0 0 0 0 0 0
SHARD 125 k=4 m=28 inter=1 colcap=128: NONE visited=272 time=0.0s
ACCEPTED 0 0 0 0 0 0 0 2 0 0 0 0 0 0 0 0 0 0 0 0 0 0 0 0 0 0 0 0 0
SHARD 126 k=4 m=28 inter=1 colcap=128: NONE visited=105 time=0.0s
ACCEPTED 0 0 0 0 0 0 0 0 0 0 0 0 0 0 0 0 0 0 0 0 0 0 0 0 0 0 0 0 0
SHARD 127 k=4 m=28 inter=1 colcap=128: NONE visited=353 time=0.0s
ACCEPTED 0 0 0 0 0 0 0 3 0 0 0 0 0 0 0 0 0 0 0 0 0 0 0 0 0 0 0 0 0
SHARD 128 k=4 m=28 inter=1 colcap=128: NONE visited=174 time=0.0s
ACCEPTED 0 0 0 0 0 0 0 1 0 0 0 0 0 0 0 0 0 0 0 0 0 0 0 0 0 0 0 0 0
SHARD 129 k=4 m=28 inter=1 colcap=128: NONE visited=31 time=0.0s
ACCEPTED 0 0 0 0 0 0 0 0 0 0 0 0 0 0 0 0 0 0 0 0 0 0 0 0 0 0 0 0 0
SHARD 130 k=4 m=28 inter=1 colcap=128: NONE visited=19435 time=0.0s
ACCEPTED 0 0 0 0 0 0 0 17 143 325 140 22 0 0 0 0 0 0 0 0 0 0 0 0 0 0 0 0 0
SHARD 131 k=4 m=28 inter=1 colcap=128: NONE visited=40004 time=0.0s
ACCEPTED 0 0 0 0 0 0 0 9 82 347 507 248 56 7 0 0 0 0 0 0 0 0 0 0 0 0 0 0 0
SHARD 132 k=4 m=28 inter=1 colcap=128: NONE visited=3197 time=0.0s
ACCEPTED 0 0 0 0 0 0 0 10 30 19 0 0 0 0 0 0 0 0 0 0 0 0 0 0 0 0 0 0 0
SHARD 133 k=4 m=28 inter=1 colcap=128: NONE visited=6922 time=0.0s
ACCEPTED 0 0 0 0 0 0 0 17 59 50 5 1 0 0 0 0 0 0 0 0 0 0 0 0 0 0 0 0 0
SHARD 134 k=4 m=28 inter=1 colcap=128: NONE visited=9209 time=0.0s
ACCEPTED 0 0 0 0 0 0 0 21 81 62 0 0 0 0 0 0 0 0 0 0 0 0 0 0 0 0 0 0 0
SHARD 135 k=4 m=28 inter=1 colcap=128: NONE visited=7088 time=0.0s
ACCEPTED 0 0 0 0 0 0 0 20 71 34 3 0 0 0 0 0 0 0 0 0 0 0 0 0 0 0 0 0 0
SHARD 136 k=4 m=28 inter=1 colcap=128: NONE visited=3629 time=0.0s
ACCEPTED 0 0 0 0 0 0 0 11 33 20 0 0 0 0 0 0 0 0 0 0 0 0 0 0 0 0 0 0 0
SHARD 137 k=4 m=28 inter=1 colcap=128: NONE visited=5451 time=0.0s
ACCEPTED 0 0 0 0 0 0 0 16 50 35 0 0 0 0 0 0 0 0 0 0 0 0 0 0 0 0 0 0 0
SHARD 138 k=4 m=28 inter=1 colcap=128: NONE visited=14685 time=0.0s
ACCEPTED 0 0 0 0 0 0 0 22 91 112 63 10 0 0 0 0 0 0 0 0 0 0 0 0 0 0 0 0 0
SHARD 139 k=4 m=28 inter=1 colcap=128: NONE visited=17703 time=0.0s
ACCEPTED 0 0 0 0 0 0 0 23 110 148 59 9 0 0 0 0 0 0 0 0 0 0 0 0 0 0 0 0 0
SHARD 140 k=4 m=28 inter=1 colcap=128: NONE visited=13475 time=0.0s
ACCEPTED 0 0 0 0 0 0 0 22 107 105 23 3 0 0 0 0 0 0 0 0 0 0 0 0 0 0 0 0 0
SHARD 141 k=4 m=28 inter=1 colcap=128: NONE visited=193 time=0.0s
ACCEPTED 0 0 0 0 0 0 0 3 0 0 0 0 0 0 0 0 0 0 0 0 0 0 0 0 0 0 0 0 0
SHARD 142 k=4 m=28 inter=1 colcap=128: NONE visited=2296 time=0.0s
ACCEPTED 0 0 0 0 0 0 0 6 13 16 4 0 0 0 0 0 0 0 0 0 0 0 0 0 0 0 0 0 0
SHARD 143 k=4 m=28 inter=1 colcap=128: NONE visited=2180 time=0.0s
ACCEPTED 0 0 0 0 0 0 0 6 22 8 0 0 0 0 0 0 0 0 0 0 0 0 0 0 0 0 0 0 0
SHARD 144 k=4 m=28 inter=1 colcap=128: NONE visited=50 time=0.0s
ACCEPTED 0 0 0 0 0 0 0 0 0 0 0 0 0 0 0 0 0 0 0 0 0 0 0 0 0 0 0 0 0
SHARD 145 k=4 m=28 inter=1 colcap=128: NONE visited=5871 time=0.0s
ACCEPTED 0 0 0 0 0 0 0 16 61 23 0 0 0 0 0 0 0 0 0 0 0 0 0 0 0 0 0 0 0
SHARD 146 k=4 m=28 inter=1 colcap=128: NONE visited=14482 time=0.0s
ACCEPTED 0 0 0 0 0 0 0 23 103 90 47 11 0 0 0 0 0 0 0 0 0 0 0 0 0 0 0 0 0
SHARD 147 k=4 m=28 inter=1 colcap=128: NONE visited=15428 time=0.0s
ACCEPTED 0 0 0 0 0 0 0 26 112 95 38 8 0 0 0 0 0 0 0 0 0 0 0 0 0 0 0 0 0
SHARD 148 k=4 m=28 inter=1 colcap=128: NONE visited=18302 time=0.0s
ACCEPTED 0 0 0 0 0 0 0 22 108 150 79 6 0 0 0 0 0 0 0 0 0 0 0 0 0 0 0 0 0
SHARD 149 k=4 m=28 inter=1 colcap=128: NONE visited=53 time=0.0s
ACCEPTED 0 0 0 0 0 0 0 0 0 0 0 0 0 0 0 0 0 0 0 0 0 0 0 0 0 0 0 0 0
SHARD 150 k=4 m=28 inter=1 colcap=128: NONE visited=5555 time=0.0s
ACCEPTED 0 0 0 0 0 0 0 11 44 55 10 0 0 0 0 0 0 0 0 0 0 0 0 0 0 0 0 0 0
SHARD 151 k=4 m=28 inter=1 colcap=128: NONE visited=993 time=0.0s
ACCEPTED 0 0 0 0 0 0 0 6 6 3 0 0 0 0 0 0 0 0 0 0 0 0 0 0 0 0 0 0 0
SHARD 152 k=4 m=28 inter=1 colcap=128: NONE visited=3979 time=0.0s
ACCEPTED 0 0 0 0 0 0 0 12 39 22 1 0 0 0 0 0 0 0 0 0 0 0 0 0 0 0 0 0 0
SHARD 153 k=4 m=28 inter=1 colcap=128: NONE visited=30994 time=0.0s
ACCEPTED 0 0 0 0 0 0 0 26 155 248 155 30 1 0 0 0 0 0 0 0 0 0 0 0 0 0 0 0 0
SHARD 154 k=4 m=28 inter=1 colcap=128: NONE visited=21853 time=0.0s
ACCEPTED 0 0 0 0 0 0 0 23 126 196 96 17 0 0 0 0 0 0 0 0 0 0 0 0 0 0 0 0 0
SHARD 155 k=4 m=28 inter=1 colcap=128: NONE visited=27726 time=0.0s
ACCEPTED 0 0 0 0 0 0 0 27 145 222 136 24 0 0 0 0 0 0 0 0 0 0 0 0 0 0 0 0 0
SHARD 156 k=4 m=28 inter=1 colcap=128: NONE visited=641 time=0.0s
ACCEPTED 0 0 0 0 0 0 0 3 7 0 0 0 0 0 0 0 0 0 0 0 0 0 0 0 0 0 0 0 0
SHARD 157 k=4 m=28 inter=1 colcap=128: NONE visited=4510 time=0.0s
ACCEPTED 0 0 0 0 0 0 0 15 43 23 0 0 0 0 0 0 0 0 0 0 0 0 0 0 0 0 0 0 0
SHARD 158 k=4 m=28 inter=1 colcap=128: NONE visited=1363 time=0.0s
ACCEPTED 0 0 0 0 0 0 0 7 9 5 1 0 0 0 0 0 0 0 0 0 0 0 0 0 0 0 0 0 0
SHARD 159 k=4 m=28 inter=1 colcap=128: NONE visited=687 time=0.0s
ACCEPTED 0 0 0 0 0 0 0 5 6 0 0 0 0 0 0 0 0 0 0 0 0 0 0 0 0 0 0 0 0
DONE exit=20
