SHARD 1720 k=4 m=28 inter=1 colcap=128: NONE visited=77027367 time=134.2s
ACCEPTED 0 0 0 0 0 0 0 60 1462 18654 131704 523109 1170295 1466840 1063072 454364 124114 18873 1716 79 5 0 0 0 0 0 0 0 0
SHARD 1721 k=4 m=28 inter=1 colcap=128: NONE visited=44743157 time=70.8s
ACCEPTED 0 0 0 0 0 0 0 58 1347 15498 93695 309112 590669 711102 561119 271299 74794 17320 355 13 0 0 0 0 0 0 0 0 0
SHARD 1722 k=4 m=28 inter=1 colcap=128: NONE visited=76318231 time=129.3s
ACCEPTED 0 0 0 0 0 0 0 47 972 11353 79975 343701 908364 1494988 1563509 1046595 441722 114328 18238 1901 124 3 0 0 0 0 0 0 0
SHARD 1723 k=4 m=28 inter=1 colcap=128: NONE visited=28451189 time=42.5s
ACCEPTED 0 0 0 0 0 0 0 46 838 8139 47130 171508 386329 521976 412401 143965 27538 3941 321 14 0 0 0 0 0 0 0 0 0
SHARD 1724 k=4 m=28 inter=1 colcap=128: NONE visited=9062803 time=10.2s
ACCEPTED 0 0 0 0 0 0 0 47 885 8173 38728 97229 130200 91366 31871 5388 438 10 0 0 0 0 0 0 0 0 0 0 0
SHARD 1725 k=4 m=28 inter=1 colcap=128: NONE visited=61433175 time=105.7s
ACCEPTED 0 0 0 0 0 0 0 46 942 11253 81129 348271 877870 1297260 1152539 635770 228146 58807 13207 2904 514 52 2 0 0 0 0 0 0
SHARD 1726 k=4 m=28 inter=1 colcap=128: NONE visited=5629700 time=7.7s
ACCEPTED 0 0 0 0 0 0 0 21 296 2574 13232 40646 76840 89730 64455 28246 7340 985 88 7 1 0 0 0 0 0 0 0 0
SHARD 1727 k=4 m=28 inter=1 colcap=128: NONE visited=947926 time=0.9s
ACCEPTED 0 0 0 0 0 0 0 28 302 1628 5496 11570 12423 5870 940 46 1 0 0 0 0 0 0 0 0 0 0 0 0
SHARD 1728 k=4 m=28 inter=1 colcap=128: NONE visited=3193811 time=3.4s
ACCEPTED 0 0 0 0 0 0 0 31 438 3332 14730 37171 45598 22579 4170 243 7 0 0 0 0 0 0 0 0 0 0 0 0
SHARD 1729 k=4 m=28 inter=1 colcap=128: NONE visited=115766798 time=168.3s
ACCEPTED 0 0 0 0 0 0 0 65 1706 23597 180484 765467 1772040 2213129 1491657 531745 114832 17283 1618 182 22 2 0 0 0 0 0 0 0
SHARD 1730 k=4 m=28 inter=1 colcap=128: NONE visited=15769097 time=20.0s
ACCEPTED 0 0 0 0 0 0 0 51 1059 10936 58321 162077 232907 175938 72970 17623 2417 193 5 0 0 0 0 0 0 0 0 0 0
SHARD 1731 k=4 m=28 inter=1 colcap=128: NONE visited=411096 time=0.5s
ACCEPTED 0 0 0 0 0 0 0 15 105 714 3019 5672 4604 1714 232 8 0 0 0 0 0 0 0 0 0 0 0 0 0
SHARD 1732 k=4 m=28 inter=1 colcap=128: NONE visited=1061012 time=1.4s
ACCEPTED 0 0 0 0 0 0 0 23 303 2235 7897 13538 10476 3484 433 12 1 0 0 0 0 0 0 0 0 0 0 0 0
SHARD 1733 k=4 m=28 inter=1 colcap=128: NONE visited=22368143 time=30.0s
ACCEPTED 0 0 0 0 0 0 0 51 1070 11486 67149 211340 352867 326302 182546 63491 13682 2119 227 1 0 0 0 0 0 0 0 0 0
SHARD 1734 k=4 m=28 inter=1 colcap=128: NONE visited=17142298 time=25.2s
ACCEPTED 0 0 0 0 0 0 0 23 388 4193 27890 108091 239585 305466 235192 117257 40067 9342 1335 95 1 0 0 0 0 0 0 0 0
SHARD 1735 k=4 m=28 inter=1 colcap=128: NONE visited=2891402 time=3.0s
ACCEPTED 0 0 0 0 0 0 0 37 579 4534 17704 34158 32997 15690 3550 540 57 0 0 0 0 0 0 0 0 0 0 0 0
SHARD 1736 k=4 m=28 inter=1 colcap=128: NONE visited=1768272 time=2.0s
ACCEPTED 0 0 0 0 0 0 0 17 219 1717 7714 18739 24563 17133 6481 1448 184 11 0 0 0 0 0 0 0 0 0 0 0
SHARD 1737 k=4 m=28 inter=1 colcap=128: NONE visited=9961164 time=12.6s
ACCEPTED 0 0 0 0 0 0 0 39 642 5834 30165 86889 138979 129105 73822 24739 6269 941 39 0 0 0 0 0 0 0 0 0 0
SHARD 1738 k=4 m=28 inter=1 colcap=128: NONE visited=11796646 time=17.3s
ACCEPTED 0 0 0 0 0 0 0 30 456 4286 24990 87483 179853 216642 155228 67209 18227 3506 632 7 0 0 0 0 0 0 0 0 0
SHARD 1739 k=4 m=28 inter=1 colcap=128: NONE visited=5118561 time=6.5s
ACCEPTED 0 0 0 0 0 0 0 36 539 4301 18988 47824 70237 59523 28468 6606 670 31 0 0 0 0 0 0 0 0 0 0 0
SHARD 1740 k=4 m=28 inter=1 colcap=128: NONE visited=194065 time=0.3s
ACCEPTED 0 0 0 0 0 0 0 10 80 574 1803 2360 1479 377 51 5 0 0 0 0 0 0 0 0 0 0 0 0 0
SHARD 1741 k=4 m=28 inter=1 colcap=128: NONE visited=270956 time=0.4s
ACCEPTED 0 0 0 0 0 0 0 20 166 768 2079 3038 2233 738 122 6 0 0 0 0 0 0 0 0 0 0 0 0 0
SHARD 1742 k=4 m=28 inter=1 colcap=128: NONE visited=6308749 time=8.6s
ACCEPTED 0 0 0 0 0 0 0 27 350 2774 13597 41217 78978 94098 65139 23254 5534 725 8 0 0 0 0 0 0 0 0 0 0
SHARD 1743 k=4 m=28 inter=1 colcap=128: NONE visited=2065823 time=2.4s
ACCEPTED 0 0 0 0 0 0 0 25 309 2222 9353 21800 26859 16874 5204 972 98 4 0 0 0 0 0 0 0 0 0 0 0
SHARD 1744 k=4 m=28 inter=1 colcap=128: NONE visited=665340 time=0.7s
ACCEPTED 0 0 0 0 0 0 0 19 145 684 2274 5373 8220 7488 4026 1337 268 23 0 0 0 0 0 0 0 0 0 0 0
SHARD 1745 k=4 m=28 inter=1 colcap=128: NONE visited=4500230 time=5.6s
ACCEPTED 0 0 0 0 0 0 0 36 562 4522 19606 46116 60342 43307 18633 3977 255 22 1 0 0 0 0 0 0 0 0 0 0
SHARD 1746 k=4 m=28 inter=1 colcap=128: NONE visited=16769059 time=25.1s
ACCEPTED 0 0 0 0 0 0 0 20 373 4056 26665 100273 218733 281957 221959 102642 32168 5845 40 0 0 0 0 0 0 0 0 0 0
SHARD 1747 k=4 m=28 inter=1 colcap=128: NONE visited=2335513 time=2.3s
ACCEPTED 0 0 0 0 0 0 0 30 380 2641 10954 25514 32644 20150 6385 1062 27 1 0 0 0 0 0 0 0 0 0 0 0
SHARD 1748 k=4 m=28 inter=1 colcap=128: NONE visited=4109876 time=5.8s
ACCEPTED 0 0 0 0 0 0 0 26 349 2879 14435 41120 64536 55236 26139 6563 798 59 3 0 0 0 0 0 0 0 0 0 0
SHARD 1749 k=4 m=28 inter=1 colcap=128: NONE visited=226689 time=0.2s
ACCEPTED 0 0 0 0 0 0 0 20 151 674 1804 2749 2180 725 62 2 0 0 0 0 0 0 0 0 0 0 0 0 0
SHARD 1750 k=4 m=28 inter=1 colcap=128: NONE visited=150357 time=0.2s
ACCEPTED 0 0 0 0 0 0 0 9 53 399 1493 1915 962 163 5 0 0 0 0 0 0 0 0 0 0 0 0 0 0
SHARD 1751 k=4 m=28 inter=1 colcap=128: NONE visited=240508 time=0.4s
ACCEPTED 0 0 0 0 0 0 0 20 164 729 1946 2620 1608 499 108 10 0 0 0 0 0 0 0 0 0 0 0 0 0
SHARD 1752 k=4 m=28 inter=1 colcap=128: NONE visited=8733655 time=12.5s
ACCEPTED 0 0 0 0 0 0 0 29 423 3717 19743 62945 121348 136827 83138 24553 3541 321 9 0 0 0 0 0 0 0 0 0 0
SHARD 1753 k=4 m=28 inter=1 colcap=128: NONE visited=1091404 time=1.1s
ACCEPTED 0 0 0 0 0 0 0 19 155 763 2643 6620 12110 14494 10142 3741 704 56 3 0 0 0 0 0 0 0 0 0 0
SHARD 1754 k=4 m=28 inter=1 colcap=128: NONE visited=7121691 time=8.1s
ACCEPTED 0 0 0 0 0 0 0 41 738 6727 31312 75094 95778 66662 25695 3951 450 54 1 0 0 0 0 0 0 0 0 0 0
SHARD 1755 k=4 m=28 inter=1 colcap=128: NONE visited=338364 time=0.3s
ACCEPTED 0 0 0 0 0 0 0 19 148 758 2370 3934 3187 1338 317 58 9 0 0 0 0 0 0 0 0 0 0 0 0
SHARD 1756 k=4 m=28 inter=1 colcap=128: NONE visited=7730 time=0.0s
ACCEPTED 0 0 0 0 0 0 0 3 18 49 83 30 2 0 0 0 0 0 0 0 0 0 0 0 0 0 0 0 0
SHARD 1757 k=4 m=28 inter=1 colcap=128: NONE visited=840749 time=1.1s
ACCEPTED 0 0 0 0 0 0 0 20 189 1224 4877 10339 10484 4711 943 74 2 0 0 0 0 0 0 0 0 0 0 0 0
SHARD 1758 k=4 m=28 inter=1 colcap=128: NONE visited=1251239 time=1.6s
ACCEPTED 0 0 0 0 0 0 0 20 201 1351 5702 13657 16584 10769 4265 704 89 9 0 0 0 0 0 0 0 0 0 0 0
SHARD 1759 k=4 m=28 inter=1 colcap=128: NONE visited=6452874 time=7.5s
ACCEPTED 0 0 0 0 0 0 0 30 460 4128 21069 59419 91095 70446 26200 5045 607 69 6 0 0 0 0 0 0 0 0 0 0
DONE exit=20
