SHARD 6920 k=4 m=28 inter=1 colcap=128: NONE visited=4684 time=0.0s
ACCEPTED 0 0 0 0 0 0 0 5 14 41 27 5 0 0 0 0 0 0 0 0 0 0 0 0 0 0 0 0 0
SHARD 6921 k=4 m=28 inter=1 colcap=128: NONE visited=67814 time=0.0s
ACCEPTED 0 0 0 0 0 0 0 22 156 454 550 284 45 1 0 0 0 0 0 0 0 0 0 0 0 0 0 0 0
SHARD 6922 k=4 m=28 inter=1 colcap=128: NONE visited=205113 time=0.1s
ACCEPTED 0 0 0 0 0 0 0 16 132 557 1288 1768 1633 1046 353 48 1 0 0 0 0 0 0 0 0 0 0 0 0
SHARD 6923 k=4 m=28 inter=1 colcap=128: NONE visited=47716 time=0.0s
ACCEPTED 0 0 0 0 0 0 0 14 85 291 425 259 45 3 0 0 0 0 0 0 0 0 0 0 0 0 0 0 0
SHARD 6924 k=4 m=28 inter=1 colcap=128: NONE visited=250651 time=0.1s
ACCEPTED 0 0 0 0 0 0 0 17 137 604 1490 2181 2165 1141 217 10 0 0 0 0 0 0 0 0 0 0 0 0 0
SHARD 6925 k=4 m=28 inter=1 colcap=128: NONE visited=38174 time=0.0s
ACCEPTED 0 0 0 0 0 0 0 18 108 265 315 141 27 4 1 0 0 0 0 0 0 0 0 0 0 0 0 0 0
SHARD 6926 k=4 m=28 inter=1 colcap=128: NONE visited=304417 time=0.2s
ACCEPTED 0 0 0 0 0 0 0 19 164 784 2056 2878 2025 675 101 5 0 0 0 0 0 0 0 0 0 0 0 0 0
SHARD 6927 k=4 m=28 inter=1 colcap=128: NONE visited=11519 time=0.0s
ACCEPTED 0 0 0 0 0 0 0 8 34 77 81 33 6 0 0 0 0 0 0 0 0 0 0 0 0 0 0 0 0
SHARD 6928 k=4 m=28 inter=1 colcap=128: NONE visited=9708 time=0.0s
ACCEPTED 0 0 0 0 0 0 0 8 37 73 64 19 0 0 0 0 0 0 0 0 0 0 0 0 0 0 0 0 0
SHARD 6929 k=4 m=28 inter=1 colcap=128: NONE visited=85236 time=0.1s
ACCEPTED 0 0 0 0 0 0 0 13 88 313 631 880 772 350 64 5 0 0 0 0 0 0 0 0 0 0 0 0 0
SHARD 6930 k=4 m=28 inter=1 colcap=128: NONE visited=157735 time=0.1s
ACCEPTED 0 0 0 0 0 0 0 13 84 312 723 1141 1460 1227 457 48 0 0 0 0 0 0 0 0 0 0 0 0 0
SHARD 6931 k=4 m=28 inter=1 colcap=128: NONE visited=10855 time=0.0s
ACCEPTED 0 0 0 0 0 0 0 6 19 46 81 80 32 1 0 0 0 0 0 0 0 0 0 0 0 0 0 0 0
SHARD 6932 k=4 m=28 inter=1 colcap=128: NONE visited=53715 time=0.0s
ACCEPTED 0 0 0 0 0 0 0 13 88 292 470 337 130 28 1 0 0 0 0 0 0 0 0 0 0 0 0 0 0
SHARD 6933 k=4 m=28 inter=1 colcap=128: NONE visited=26262 time=0.0s
ACCEPTED 0 0 0 0 0 0 0 15 80 181 192 109 23 0 0 0 0 0 0 0 0 0 0 0 0 0 0 0 0
SHARD 6934 k=4 m=28 inter=1 colcap=128: NONE visited=799442 time=0.4s
ACCEPTED 0 0 0 0 0 0 0 20 196 1199 4265 7887 7475 3535 826 75 11 0 0 0 0 0 0 0 0 0 0 0 0
SHARD 6935 k=4 m=28 inter=1 colcap=128: NONE visited=134249 time=0.1s
ACCEPTED 0 0 0 0 0 0 0 15 99 395 908 1249 924 416 113 13 2 0 0 0 0 0 0 0 0 0 0 0 0
SHARD 6936 k=4 m=28 inter=1 colcap=128: NONE visited=57133 time=0.0s
ACCEPTED 0 0 0 0 0 0 0 15 108 389 524 264 52 13 1 0 0 0 0 0 0 0 0 0 0 0 0 0 0
SHARD 6937 k=4 m=28 inter=1 colcap=128: NONE visited=937146 time=0.6s
ACCEPTED 0 0 0 0 0 0 0 22 239 1556 5661 10655 10024 4825 1145 107 4 0 0 0 0 0 0 0 0 0 0 0 0
SHARD 6938 k=4 m=28 inter=1 colcap=128: NONE visited=159369 time=0.1s
ACCEPTED 0 0 0 0 0 0 0 14 97 430 1117 1684 1368 610 134 11 0 0 0 0 0 0 0 0 0 0 0 0 0
SHARD 6939 k=4 m=28 inter=1 colcap=128: NONE visited=27567 time=0.0s
ACCEPTED 0 0 0 0 0 0 0 15 73 164 191 151 92 48 14 1 0 0 0 0 0 0 0 0 0 0 0 0 0
SHARD 6940 k=4 m=28 inter=1 colcap=128: NONE visited=313126 time=0.2s
ACCEPTED 0 0 0 0 0 0 0 17 142 650 1777 3045 3312 1903 582 129 28 2 0 0 0 0 0 0 0 0 0 0 0
SHARD 6941 k=4 m=28 inter=1 colcap=128: NONE visited=4639 time=0.0s
ACCEPTED 0 0 0 0 0 0 0 3 14 44 24 3 0 0 0 0 0 0 0 0 0 0 0 0 0 0 0 0 0
SHARD 6942 k=4 m=28 inter=1 colcap=128: NONE visited=107311 time=0.1s
ACCEPTED 0 0 0 0 0 0 0 18 148 591 1004 681 201 45 8 0 0 0 0 0 0 0 0 0 0 0 0 0 0
SHARD 6943 k=4 m=28 inter=1 colcap=128: NONE visited=1133119 time=0.7s
ACCEPTED 0 0 0 0 0 0 0 23 250 1568 5497 10531 11442 7547 2625 333 11 0 0 0 0 0 0 0 0 0 0 0 0
SHARD 6944 k=4 m=28 inter=1 colcap=128: NONE visited=373223 time=0.2s
ACCEPTED 0 0 0 0 0 0 0 17 138 649 1983 3745 3646 1486 271 26 1 0 0 0 0 0 0 0 0 0 0 0 0
SHARD 6945 k=4 m=28 inter=1 colcap=128: NONE visited=216667 time=0.1s
ACCEPTED 0 0 0 0 0 0 0 21 171 722 1736 2197 1494 557 95 2 0 0 0 0 0 0 0 0 0 0 0 0 0
SHARD 6946 k=4 m=28 inter=1 colcap=128: NONE visited=1497570 time=0.9s
ACCEPTED 0 0 0 0 0 0 0 24 244 1445 5241 12142 17615 13907 5807 1454 128 1 0 0 0 0 0 0 0 0 0 0 0
SHARD 6947 k=4 m=28 inter=1 colcap=128: NONE visited=10482 time=0.0s
ACCEPTED 0 0 0 0 0 0 0 10 33 68 63 27 5 0 0 0 0 0 0 0 0 0 0 0 0 0 0 0 0
SHARD 6948 k=4 m=28 inter=1 colcap=128: NONE visited=19398 time=0.0s
ACCEPTED 0 0 0 0 0 0 0 5 31 113 174 83 11 0 0 0 0 0 0 0 0 0 0 0 0 0 0 0 0
SHARD 6949 k=4 m=28 inter=1 colcap=128: NONE visited=257651 time=0.1s
ACCEPTED 0 0 0 0 0 0 0 16 135 658 1806 2692 2081 844 148 8 0 0 0 0 0 0 0 0 0 0 0 0 0
SHARD 6950 k=4 m=28 inter=1 colcap=128: NONE visited=23484 time=0.0s
ACCEPTED 0 0 0 0 0 0 0 6 27 98 216 199 76 12 0 0 0 0 0 0 0 0 0 0 0 0 0 0 0
SHARD 6951 k=4 m=28 inter=1 colcap=128: NONE visited=959 time=0.0s
ACCEPTED 0 0 0 0 0 0 0 1 6 7 1 0 0 0 0 0 0 0 0 0 0 0 0 0 0 0 0 0 0
SHARD 6952 k=4 m=28 inter=1 colcap=128: NONE visited=16187 time=0.0s
ACCEPTED 0 0 0 0 0 0 0 8 35 89 126 94 39 7 1 0 0 0 0 0 0 0 0 0 0 0 0 0 0
SHARD 6953 k=4 m=28 inter=1 colcap=128: NONE visited=1515468 time=0.8s
ACCEPTED 0 0 0 0 0 0 0 44 641 3947 10768 13809 9412 3745 885 112 15 0 0 0 0 0 0 0 0 0 0 0 0
SHARD 6954 k=4 m=28 inter=1 colcap=128: NONE visited=625416 time=0.3s
ACCEPTED 0 0 0 0 0 0 0 43 581 2952 5902 4596 1468 187 7 1 1 0 0 0 0 0 0 0 0 0 0 0 0
SHARD 6955 k=4 m=28 inter=1 colcap=128: NONE visited=21224846 time=12.5s
ACCEPTED 0 0 0 0 0 0 0 66 1524 15059 70189 168777 217616 156533 64101 14288 3111 429 30 1 0 0 0 0 0 0 0 0 0
SHARD 6956 k=4 m=28 inter=1 colcap=128: NONE visited=488968 time=0.3s
ACCEPTED 0 0 0 0 0 0 0 43 576 2806 5064 3338 917 103 2 0 0 0 0 0 0 0 0 0 0 0 0 0 0
SHARD 6957 k=4 m=28 inter=1 colcap=128: NONE visited=33564 time=0.0s
ACCEPTED 0 0 0 0 0 0 0 22 129 267 184 45 6 1 0 0 0 0 0 0 0 0 0 0 0 0 0 0 0
SHARD 6958 k=4 m=28 inter=1 colcap=128: NONE visited=543 time=0.0s
ACCEPTED 0 0 0 0 0 0 0 4 3 0 0 0 0 0 0 0 0 0 0 0 0 0 0 0 0 0 0 0 0
SHARD 6959 k=4 m=28 inter=1 colcap=128: NONE visited=103573 time=0.0s
ACCEPTED 0 0 0 0 0 0 0 29 228 667 790 443 149 30 1 0 0 0 0 0 0 0 0 0 0 0 0 0 0
DONE exit=20
