SHARD 840 k=4 m=28 inter=1 colcap=128: NONE visited=57 time=0.0s
ACCEPTED 0 0 0 0 0 0 0 0 0 0 0 0 0 0 0 0 0 0 0 0 0 0 0 0 0 0 0 0 0
SHARD 841 k=4 m=28 inter=1 colcap=128: NONE visited=49 time=0.0s
ACCEPTED 0 0 0 0 0 0 0 0 0 0 0 0 0 0 0 0 0 0 0 0 0 0 0 0 0 0 0 0 0
SHARD 842 k=4 m=28 inter=1 colcap=128: NONE visited=321 time=0.0s
ACCEPTED 0 0 0 0 0 0 0 5 4 0 0 0 0 0 0 0 0 0 0 0 0 0 0 0 0 0 0 0 0
SHARD 843 k=4 m=28 inter=1 colcap=128: NONE visited=71 time=0.0s
ACCEPTED 0 0 0 0 0 0 0 0 0 0 0 0 0 0 0 0 0 0 0 0 0 0 0 0 0 0 0 0 0
SHARD 844 k=4 m=28 inter=1 colcap=128: NONE visited=89 time=0.0s
ACCEPTED 0 0 0 0 0 0 0 1 0 0 0 0 0 0 0 0 0 0 0 0 0 0 0 0 0 0 0 0 0
SHARD 845 k=4 m=28 inter=1 colcap=128: NONE visited=60 time=0.0s
ACCEPTED 0 0 0 0 0 0 0 0 0 0 0 0 0 0 0 0 0 0 0 0 0 0 0 0 0 0 0 0 0
SHARD 846 k=4 m=28 inter=1 colcap=128: NONE visited=3446 time=0.0s
ACCEPTED 0 0 0 0 0 0 0 11 29 24 2 0 0 0 0 0 0 0 0 0 0 0 0 0 0 0 0 0 0
SHARD 847 k=4 m=28 inter=1 colcap=128: NONE visited=746 time=0.0s
ACCEPTED 0 0 0 0 0 0 0 6 2 0 0 0 0 0 0 0 0 0 0 0 0 0 0 0 0 0 0 0 0
SHARD 848 k=4 m=28 inter=1 colcap=128: NONE visited=2238 time=0.0s
ACCEPTED 0 0 0 0 0 0 0 9 17 9 0 0 0 0 0 0 0 0 0 0 0 0 0 0 0 0 0 0 0
SHARD 849 k=4 m=28 inter=1 colcap=128: NONE visited=867 time=0.0s
ACCEPTED 0 0 0 0 0 0 0 7 2 0 0 0 0 0 0 0 0 0 0 0 0 0 0 0 0 0 0 0 0
SHARD 850 k=4 m=28 inter=1 colcap=128: NONE visited=245 time=0.0s
ACCEPTED 0 0 0 0 0 0 0 1 1 0 0 0 0 0 0 0 0 0 0 0 0 0 0 0 0 0 0 0 0
SHARD 851 k=4 m=28 inter=1 colcap=128: NONE visited=352 time=0.0s
ACCEPTED 0 0 0 0 0 0 0 3 0 0 0 0 0 0 0 0 0 0 0 0 0 0 0 0 0 0 0 0 0
SHARD 852 k=4 m=28 inter=1 colcap=128: NONE visited=193 time=0.0s
ACCEPTED 0 0 0 0 0 0 0 1 0 0 0 0 0 0 0 0 0 0 0 0 0 0 0 0 0 0 0 0 0
SHARD 853 k=4 m=28 inter=1 colcap=128: NONE visited=236 time=0.0s
ACCEPTED 0 0 0 0 0 0 0 2 0 0 0 0 0 0 0 0 0 0 0 0 0 0 0 0 0 0 0 0 0
SHARD 854 k=4 m=28 inter=1 colcap=128: NONE visited=110 time=0.0s
ACCEPTED 0 0 0 0 0 0 0 0 0 0 0 0 0 0 0 0 0 0 0 0 0 0 0 0 0 0 0 0 0
SHARD 855 k=4 m=28 inter=1 colcap=128: NONE visited=98 time=0.0s
ACCEPTED 0 0 0 0 0 0 0 0 0 0 0 0 0 0 0 0 0 0 0 0 0 0 0 0 0 0 0 0 0
SHARD 856 k=4 m=28 inter=1 colcap=128: NONE visited=109 time=0.0s
ACCEPTED 0 0 0 0 0 0 0 0 0 0 0 0 0 0 0 0 0 0 0 0 0 0 0 0 0 0 0 0 0
SHARD 857 k=4 m=28 inter=1 colcap=128: NONE visited=511 time=0.0s
ACCEPTED 0 0 0 0 0 0 0 3 3 0 0 0 0 0 0 0 0 0 0 0 0 0 0 0 0 0 0 0 0
SHARD 858 k=4 m=28 inter=1 colcap=128: NONE visited=180 time=0.0s
ACCEPTED 0 0 0 0 0 0 0 1 0 0 0 0 0 0 0 0 0 0 0 0 0 0 0 0 0 0 0 0 0
SHARD 859 k=4 m=28 inter=1 colcap=128: NONE visited=112 time=0.0s
ACCEPTED 0 0 0 0 0 0 0 0 0 0 0 0 0 0 0 0 0 0 0 0 0 0 0 0 0 0 0 0 0
SHARD 860 k=4 m=28 inter=1 colcap=128: NONE visited=278 time=0.0s
ACCEPTED 0 0 0 0 0 0 0 2 0 0 0 0 0 0 0 0 0 0 0 0 0 0 0 0 0 0 0 0 0
SHARD 861 k=4 m=28 inter=1 colcap=128: NONE visited=274 time=0.0s
ACCEPTED 0 0 0 0 0 0 0 2 0 0 0 0 0 0 0 0 0 0 0 0 0 0 0 0 0 0 0 0 0
SHARD 862 k=4 m=28 inter=1 colcap=128: NONE visited=157 time=0.0s
ACCEPTED 0 0 0 0 0 0 0 1 0 0 0 0 0 0 0 0 0 0 0 0 0 0 0 0 0 0 0 0 0
SHARD 863 k=4 m=28 inter=1 colcap=128: NONE visited=124 time=0.0s
ACCEPTED 0 0 0 0 0 0 0 2 0 0 0 0 0 0 0 0 0 0 0 0 0 0 0 0 0 0 0 0 0
SHARD 864 k=4 m=28 inter=1 colcap=128: NONE visited=346 time=0.0s
ACCEPTED 0 0 0 0 0 0 0 2 1 0 0 0 0 0 0 0 0 0 0 0 0 0 0 0 0 0 0 0 0
SHARD 865 k=4 m=28 inter=1 colcap=128: NONE visited=467 time=0.0s
ACCEPTED 0 0 0 0 0 0 0 3 2 0 0 0 0 0 0 0 0 0 0 0 0 0 0 0 0 0 0 0 0
SHARD 866 k=4 m=28 inter=1 colcap=128: NONE visited=2043 time=0.0s
ACCEPTED 0 0 0 0 0 0 0 11 17 0 0 0 0 0 0 0 0 0 0 0 0 0 0 0 0 0 0 0 0
SHARD 867 k=4 m=28 inter=1 colcap=128: NONE visited=404 time=0.0s
ACCEPTED 0 0 0 0 0 0 0 4 0 0 0 0 0 0 0 0 0 0 0 0 0 0 0 0 0 0 0 0 0
SHARD 868 k=4 m=28 inter=1 colcap=128: NONE visited=2323 time=0.0s
ACCEPTED 0 0 0 0 0 0 0 10 18 4 0 0 0 0 0 0 0 0 0 0 0 0 0 0 0 0 0 0 0
SHARD 869 k=4 m=28 inter=1 colcap=128: NONE visited=3267 time=0.0s
ACCEPTED 0 0 0 0 0 0 0 13 29 10 0 0 0 0 0 0 0 0 0 0 0 0 0 0 0 0 0 0 0
SHARD 870 k=4 m=28 inter=1 colcap=128: NONE visited=1015 time=0.0s
ACCEPTED 0 0 0 0 0 0 0 9 3 0 0 0 0 0 0 0 0 0 0 0 0 0 0 0 0 0 0 0 0
SHARD 871 k=4 m=28 inter=1 colcap=128: NONE visited=2005 time=0.0s
ACCEPTED 0 0 0 0 0 0 0 8 17 3 0 0 0 0 0 0 0 0 0 0 0 0 0 0 0 0 0 0 0
SHARD 872 k=4 m=28 inter=1 colcap=128: NONE visited=107 time=0.0s
ACCEPTED 0 0 0 0 0 0 0 0 0 0 0 0 0 0 0 0 0 0 0 0 0 0 0 0 0 0 0 0 0
SHARD 873 k=4 m=28 inter=1 colcap=128: NONE visited=4642 time=0.0s
ACCEPTED 0 0 0 0 0 0 0 16 38 17 3 0 0 0 0 0 0 0 0 0 0 0 0 0 0 0 0 0 0
SHARD 874 k=4 m=28 inter=1 colcap=128: NONE visited=970 time=0.0s
ACCEPTED 0 0 0 0 0 0 0 6 7 0 0 0 0 0 0 0 0 0 0 0 0 0 0 0 0 0 0 0 0
SHARD 875 k=4 m=28 inter=1 colcap=128: NONE visited=1049 time=0.0s
ACCEPTED 0 0 0 0 0 0 0 6 8 0 0 0 0 0 0 0 0 0 0 0 0 0 0 0 0 0 0 0 0
SHARD 876 k=4 m=28 inter=1 colcap=128: NONE visited=192 time=0.0s
ACCEPTED 0 0 0 0 0 0 0 1 0 0 0 0 0 0 0 0 0 0 0 0 0 0 0 0 0 0 0 0 0
SHARD 877 k=4 m=28 inter=1 colcap=128: NONE visited=343 time=0.0s
ACCEPTED 0 0 0 0 0 0 0 3 0 0 0 0 0 0 0 0 0 0 0 0 0 0 0 0 0 0 0 0 0
SHARD 878 k=4 m=28 inter=1 colcap=128: NONE visited=27597 time=0.0s
ACCEPTED 0 0 0 0 0 0 0 27 170 240 85 10 0 0 0 0 0 0 0 0 0 0 0 0 0 0 0 0 0
SHARD 879 k=4 m=28 inter=1 colcap=128: NONE visited=64227 time=0.0s
ACCEPTED 0 0 0 0 0 0 0 30 235 591 490 111 5 0 0 0 0 0 0 0 0 0 0 0 0 0 0 0 0
DONE exit=20
