SHARD 6400 k=4 m=28 inter=1 colcap=128: NONE visited=58073310 time=182.7s
ACCEPTED 0 0 0 0 0 0 0 46 970 11593 79952 317898 729648 966435 722476 265574 50264 5521 204 8 0 0 0 0 0 0 0 0 0
SHARD 6401 k=4 m=28 inter=1 colcap=128: NONE visited=53298 time=0.1s
ACCEPTED 0 0 0 0 0 0 0 2 29 172 597 794 319 44 1 0 0 0 0 0 0 0 0 0 0 0 0 0 0
SHARD 6402 k=4 m=28 inter=1 colcap=128: NONE visited=533971 time=1.3s
ACCEPTED 0 0 0 0 0 0 0 18 169 1007 3721 6933 6064 2465 585 67 3 0 0 0 0 0 0 0 0 0 0 0 0
SHARD 6403 k=4 m=28 inter=1 colcap=128: NONE visited=1391427 time=3.5s
ACCEPTED 0 0 0 0 0 0 0 23 232 1415 5516 12650 17550 14801 7510 2534 632 25 0 0 0 0 0 0 0 0 0 0 0
SHARD 6404 k=4 m=28 inter=1 colcap=128: NONE visited=380242 time=1.0s
ACCEPTED 0 0 0 0 0 0 0 11 103 719 2784 4859 3776 1459 369 76 1 0 0 0 0 0 0 0 0 0 0 0 0
SHARD 6405 k=4 m=28 inter=1 colcap=128: NONE visited=313391 time=0.8s
ACCEPTED 0 0 0 0 0 0 0 10 65 365 1495 3145 3452 2217 919 329 108 28 6 0 0 0 0 0 0 0 0 0 0
SHARD 6406 k=4 m=28 inter=1 colcap=128: NONE visited=9024152 time=26.5s
ACCEPTED 0 0 0 0 0 0 0 21 279 2761 17493 63362 125423 136751 72348 16857 1400 86 0 0 0 0 0 0 0 0 0 0 0
SHARD 6407 k=4 m=28 inter=1 colcap=128: NONE visited=14629220 time=47.9s
ACCEPTED 0 0 0 0 0 0 0 33 531 5184 30811 109821 228005 267412 178861 68929 14982 1536 81 2 0 0 0 0 0 0 0 0 0
SHARD 6408 k=4 m=28 inter=1 colcap=128: NONE visited=6097598 time=17.3s
ACCEPTED 0 0 0 0 0 0 0 21 286 2647 14591 46431 85312 89922 50916 13754 2624 82 0 0 0 0 0 0 0 0 0 0 0
SHARD 6409 k=4 m=28 inter=1 colcap=128: NONE visited=85209 time=0.2s
ACCEPTED 0 0 0 0 0 0 0 6 34 236 752 963 548 136 16 0 0 0 0 0 0 0 0 0 0 0 0 0 0
SHARD 6410 k=4 m=28 inter=1 colcap=128: NONE visited=424206 time=1.1s
ACCEPTED 0 0 0 0 0 0 0 10 66 405 1699 4022 5514 4539 2119 471 38 3 0 0 0 0 0 0 0 0 0 0 0
SHARD 6411 k=4 m=28 inter=1 colcap=128: NONE visited=313306 time=0.7s
ACCEPTED 0 0 0 0 0 0 0 10 60 352 1579 3736 3792 1777 373 22 0 0 0 0 0 0 0 0 0 0 0 0 0
SHARD 6412 k=4 m=28 inter=1 colcap=128: NONE visited=45 time=0.0s
ACCEPTED 0 0 0 0 0 0 0 0 0 0 0 0 0 0 0 0 0 0 0 0 0 0 0 0 0 0 0 0 0
SHARD 6413 k=4 m=28 inter=1 colcap=128: NONE visited=674146 time=1.8s
ACCEPTED 0 0 0 0 0 0 0 6 51 409 2196 6903 8576 4893 1048 43 0 0 0 0 0 0 0 0 0 0 0 0 0
SHARD 6414 k=4 m=28 inter=1 colcap=128: NONE visited=11656836 time=36.3s
ACCEPTED 0 0 0 0 0 0 0 22 318 3228 20273 75287 158677 177782 100938 30524 5268 514 31 1 0 0 0 0 0 0 0 0 0
SHARD 6415 k=4 m=28 inter=1 colcap=128: NONE visited=5942783 time=18.2s
ACCEPTED 0 0 0 0 0 0 0 12 134 1246 8052 32023 74749 100466 77512 34462 9031 1452 115 3 0 0 0 0 0 0 0 0 0
SHARD 6416 k=4 m=28 inter=1 colcap=128: NONE visited=16215426 time=52.0s
ACCEPTED 0 0 0 0 0 0 0 22 294 2811 18390 75370 184230 261801 220070 117114 41951 9739 1294 108 3 0 0 0 0 0 0 0 0
SHARD 6417 k=4 m=28 inter=1 colcap=128: NONE visited=1979283 time=5.6s
ACCEPTED 0 0 0 0 0 0 0 14 125 828 3782 12360 25620 29276 15125 2996 366 32 0 0 0 0 0 0 0 0 0 0 0
SHARD 6418 k=4 m=28 inter=1 colcap=128: NONE visited=386507 time=1.1s
ACCEPTED 0 0 0 0 0 0 0 3 28 185 954 3433 7060 4600 789 33 0 0 0 0 0 0 0 0 0 0 0 0 0
SHARD 6419 k=4 m=28 inter=1 colcap=128: NONE visited=16292475 time=54.5s
ACCEPTED 0 0 0 0 0 0 0 21 273 2651 18964 86609 227366 313474 215640 76705 15553 1708 60 2 0 0 0 0 0 0 0 0 0
SHARD 6420 k=4 m=28 inter=1 colcap=128: NONE visited=265669182 time=1061.9s
ACCEPTED 0 0 0 0 0 0 0 50 1170 16249 139443 736397 2382563 4736713 5858160 4605571 2365826 802021 177223 30122 3635 400 33 1 0 0 0 0 0
SHARD 6421 k=4 m=28 inter=1 colcap=128: NONE visited=72694602 time=270.6s
ACCEPTED 0 0 0 0 0 0 0 42 805 8997 62680 276960 772365 1345027 1451063 969835 403596 105714 16462 1645 70 1 0 0 0 0 0 0 0
SHARD 6422 k=4 m=28 inter=1 colcap=128: NONE visited=452469912 time=2115.0s
ACCEPTED 0 0 0 0 0 0 0 28 404 3796 24036 103573 311555 695403 1293222 2272920 3918575 6271034 8105966 7098751 2977049 147 0 0 0 0 0 0 0
SHARD 6423 k=4 m=28 inter=1 colcap=128: NONE visited=28961236 time=66.3s
ACCEPTED 0 0 0 0 0 0 0 31 476 4550 29104 122920 327424 522399 494639 286592 100347 20581 2213 137 4 0 0 0 0 0 0 0 0
SHARD 6424 k=4 m=28 inter=1 colcap=128: NONE visited=519911041 time=1810.9s
ACCEPTED 0 0 0 0 0 0 0 35 882 14143 145156 934156 3718879 9090762 13713559 12744376 7121152 2075886 359425 55049 8412 1025 76 2 0 0 0 0 0
SHARD 6425 k=4 m=28 inter=1 colcap=128: NONE visited=292980286 time=1076.2s
ACCEPTED 0 0 0 0 0 0 0 14 188 2180 19543 124659 538237 1544389 2972270 3992642 4135913 3941264 3982000 3324032 1507749 6408 563 59 4 0 0 0 0
SHARD 6426 k=4 m=28 inter=1 colcap=128: NONE visited=282889523 time=818.7s
ACCEPTED 0 0 0 0 0 0 0 52 1251 17722 155750 847420 2829346 5747935 7093660 5385990 2626719 899151 249406 58308 10949 1628 164 9 0 0 0 0 0
SHARD 6427 k=4 m=28 inter=1 colcap=128: NONE visited=98894502 time=303.0s
ACCEPTED 0 0 0 0 0 0 0 19 333 4069 34860 198907 738586 1751284 2622530 2452403 1426374 528588 141811 31129 5649 625 43 0 0 0 0 0 0
SHARD 6428 k=4 m=28 inter=1 colcap=128: NONE visited=27515319 time=66.5s
ACCEPTED 0 0 0 0 0 0 0 24 355 3892 29019 133946 364680 551243 448941 199889 48637 7967 844 53 0 0 0 0 0 0 0 0 0
SHARD 6429 k=4 m=28 inter=1 colcap=128: NONE visited=52316263 time=134.7s
ACCEPTED 0 0 0 0 0 0 0 32 518 5363 37574 175652 526619 965752 1056977 693950 284480 79523 11597 1538 185 12 0 0 0 0 0 0 0
SHARD 6430 k=4 m=28 inter=1 colcap=128: NONE visited=1749690 time=3.6s
ACCEPTED 0 0 0 0 0 0 0 11 93 823 4732 14901 27566 24920 10345 2599 359 8 0 0 0 0 0 0 0 0 0 0 0
SHARD 6431 k=4 m=28 inter=1 colcap=128: NONE visited=8588763 time=19.7s
ACCEPTED 0 0 0 0 0 0 0 16 191 1863 12582 51453 115246 142668 104197 33417 4112 248 5 0 0 0 0 0 0 0 0 0 0
SHARD 6432 k=4 m=28 inter=1 colcap=128: NONE visited=129954469 time=462.2s
ACCEPTED 0 0 0 0 0 0 0 36 647 6942 44745 171948 398903 588594 631400 661175 916097 1366993 1682128 1561745 684364 252 0 0 0 0 0 0 0
SHARD 6433 k=4 m=28 inter=1 colcap=128: NONE visited=36493057 time=142.2s
ACCEPTED 0 0 0 0 0 0 0 34 559 5710 38632 172823 497180 876791 894735 526233 173465 31336 3000 167 4 0 0 0 0 0 0 0 0
SHARD 6434 k=4 m=28 inter=1 colcap=128: NONE visited=10629352 time=47.3s
ACCEPTED 0 0 0 0 0 0 0 12 155 1381 8773 37010 102812 188261 234658 207676 131381 49028 2886 4 0 0 0 0 0 0 0 0 0
SHARD 6435 k=4 m=28 inter=1 colcap=128: NONE visited=342569271 time=1450.1s
ACCEPTED 0 0 0 0 0 0 0 40 817 10319 81597 396988 1186592 2238295 2848978 2823548 2795242 3023722 3251972 2784333 1087928 114 6 0 0 0 0 0 0
SHARD 6436 k=4 m=28 inter=1 colcap=128: NONE visited=72004573 time=249.2s
ACCEPTED 0 0 0 0 0 0 0 26 438 5161 40858 208247 661818 1293973 1561585 1176668 550560 151833 22269 2784 255 11 0 0 0 0 0 0 0
SHARD 6437 k=4 m=28 inter=1 colcap=128: NONE visited=12607630 time=37.0s
ACCEPTED 0 0 0 0 0 0 0 27 381 3514 20607 75606 169760 224814 168372 61565 10745 972 63 0 0 0 0 0 0 0 0 0 0
SHARD 6438 k=4 m=28 inter=1 colcap=128: NONE visited=17719374 time=52.6s
ACCEPTED 0 0 0 0 0 0 0 20 288 3044 20971 87749 214468 303530 251756 101673 19579 2099 116 7 0 0 0 0 0 0 0 0 0
SHARD 6439 k=4 m=28 inter=1 colcap=128: NONE visited=426372549 time=1361.1s
ACCEPTED 0 0 0 0 0 0 0 38 740 8899 66476 307822 905192 1773018 2509968 2979757 3628700 4453238 4913396 4260831 1759319 260 3 0 0 0 0 0 0
DONE exit=20
