SHARD 7000 k=4 m=28 inter=1 colcap=128: NONE visited=427335 time=0.3s
ACCEPTED 0 0 0 0 0 0 0 17 213 1443 4607 6058 2919 434 15 0 0 0 0 0 0 0 0 0 0 0 0 0 0
SHARD 7001 k=4 m=28 inter=1 colcap=128: NONE visited=5156912 time=3.1s
ACCEPTED 0 0 0 0 0 0 0 48 887 7574 30800 60620 58723 28379 6924 804 49 3 0 0 0 0 0 0 0 0 0 0 0
SHARD 7002 k=4 m=28 inter=1 colcap=128: NONE visited=1417112 time=0.8s
ACCEPTED 0 0 0 0 0 0 0 29 363 2104 7317 15232 16841 8756 2037 224 7 1 0 0 0 0 0 0 0 0 0 0 0
SHARD 7003 k=4 m=28 inter=1 colcap=128: NONE visited=4631 time=0.0s
ACCEPTED 0 0 0 0 0 0 0 4 16 41 35 4 0 0 0 0 0 0 0 0 0 0 0 0 0 0 0 0 0
SHARD 7004 k=4 m=28 inter=1 colcap=128: NONE visited=111413 time=0.1s
ACCEPTED 0 0 0 0 0 0 0 18 128 517 1027 1003 401 59 3 0 0 0 0 0 0 0 0 0 0 0 0 0 0
SHARD 7005 k=4 m=28 inter=1 colcap=128: NONE visited=1184016 time=0.9s
ACCEPTED 0 0 0 0 0 0 0 25 283 1850 6772 13077 13566 7737 2223 320 18 0 0 0 0 0 0 0 0 0 0 0 0
SHARD 7006 k=4 m=28 inter=1 colcap=128: NONE visited=621436 time=0.4s
ACCEPTED 0 0 0 0 0 0 0 20 196 1097 3433 6079 6160 3757 1139 161 13 1 0 0 0 0 0 0 0 0 0 0 0
SHARD 7007 k=4 m=28 inter=1 colcap=128: NONE visited=1898780 time=1.3s
ACCEPTED 0 0 0 0 0 0 0 19 228 1805 7996 18886 23159 15125 5641 1439 261 28 0 0 0 0 0 0 0 0 0 0 0
SHARD 7008 k=4 m=28 inter=1 colcap=128: NONE visited=186170 time=0.1s
ACCEPTED 0 0 0 0 0 0 0 21 186 845 1782 1641 634 79 2 0 0 0 0 0 0 0 0 0 0 0 0 0 0
SHARD 7009 k=4 m=28 inter=1 colcap=128: NONE visited=368390 time=0.2s
ACCEPTED 0 0 0 0 0 0 0 19 156 737 2083 3610 3764 2403 899 141 8 0 0 0 0 0 0 0 0 0 0 0 0
SHARD 7010 k=4 m=28 inter=1 colcap=128: NONE visited=5977 time=0.0s
ACCEPTED 0 0 0 0 0 0 0 7 22 42 30 15 0 0 0 0 0 0 0 0 0 0 0 0 0 0 0 0 0
SHARD 7011 k=4 m=28 inter=1 colcap=128: NONE visited=1025478 time=0.7s
ACCEPTED 0 0 0 0 0 0 0 15 168 1162 4714 10677 12681 7517 2093 277 12 0 0 0 0 0 0 0 0 0 0 0 0
SHARD 7012 k=4 m=28 inter=1 colcap=128: NONE visited=140784 time=0.1s
ACCEPTED 0 0 0 0 0 0 0 13 119 543 1209 1337 815 371 115 17 0 0 0 0 0 0 0 0 0 0 0 0 0
SHARD 7013 k=4 m=28 inter=1 colcap=128: NONE visited=27520 time=0.0s
ACCEPTED 0 0 0 0 0 0 0 8 50 166 256 155 24 0 0 0 0 0 0 0 0 0 0 0 0 0 0 0 0
SHARD 7014 k=4 m=28 inter=1 colcap=128: NONE visited=73634 time=0.0s
ACCEPTED 0 0 0 0 0 0 0 8 51 208 509 688 517 195 33 3 0 0 0 0 0 0 0 0 0 0 0 0 0
SHARD 7015 k=4 m=28 inter=1 colcap=128: NONE visited=61941 time=0.0s
ACCEPTED 0 0 0 0 0 0 0 18 114 329 530 487 173 20 2 0 0 0 0 0 0 0 0 0 0 0 0 0 0
SHARD 7016 k=4 m=28 inter=1 colcap=128: NONE visited=156516 time=0.1s
ACCEPTED 0 0 0 0 0 0 0 15 114 477 1194 1682 1220 474 101 13 1 0 0 0 0 0 0 0 0 0 0 0 0
SHARD 7017 k=4 m=28 inter=1 colcap=128: NONE visited=873 time=0.0s
ACCEPTED 0 0 0 0 0 0 0 3 5 3 1 0 0 0 0 0 0 0 0 0 0 0 0 0 0 0 0 0 0
SHARD 7018 k=4 m=28 inter=1 colcap=128: NONE visited=219007 time=0.1s
ACCEPTED 0 0 0 0 0 0 0 12 80 300 810 1761 2665 2285 911 165 12 0 0 0 0 0 0 0 0 0 0 0 0
SHARD 7019 k=4 m=28 inter=1 colcap=128: NONE visited=17987 time=0.0s
ACCEPTED 0 0 0 0 0 0 0 11 45 94 126 106 31 1 0 0 0 0 0 0 0 0 0 0 0 0 0 0 0
SHARD 7020 k=4 m=28 inter=1 colcap=128: NONE visited=143691 time=0.1s
ACCEPTED 0 0 0 0 0 0 0 11 94 460 1119 1328 862 332 64 3 0 0 0 0 0 0 0 0 0 0 0 0 0
SHARD 7021 k=4 m=28 inter=1 colcap=128: NONE visited=11687 time=0.0s
ACCEPTED 0 0 0 0 0 0 0 5 33 99 90 18 2 0 0 0 0 0 0 0 0 0 0 0 0 0 0 0 0
SHARD 7022 k=4 m=28 inter=1 colcap=128: NONE visited=57060 time=0.0s
ACCEPTED 0 0 0 0 0 0 0 8 48 218 536 552 208 29 0 0 0 0 0 0 0 0 0 0 0 0 0 0 0
SHARD 7023 k=4 m=28 inter=1 colcap=128: NONE visited=527371 time=0.4s
ACCEPTED 0 0 0 0 0 0 0 12 117 747 2816 5686 5618 2862 825 130 7 0 0 0 0 0 0 0 0 0 0 0 0
SHARD 7024 k=4 m=28 inter=1 colcap=128: NONE visited=890 time=0.0s
ACCEPTED 0 0 0 0 0 0 0 4 7 1 0 0 0 0 0 0 0 0 0 0 0 0 0 0 0 0 0 0 0
SHARD 7025 k=4 m=28 inter=1 colcap=128: NONE visited=11116 time=0.0s
ACCEPTED 0 0 0 0 0 0 0 18 82 80 12 0 0 0 0 0 0 0 0 0 0 0 0 0 0 0 0 0 0
SHARD 7026 k=4 m=28 inter=1 colcap=128: NONE visited=203 time=0.0s
ACCEPTED 0 0 0 0 0 0 0 1 0 0 0 0 0 0 0 0 0 0 0 0 0 0 0 0 0 0 0 0 0
SHARD 7027 k=4 m=28 inter=1 colcap=128: NONE visited=457 time=0.0s
ACCEPTED 0 0 0 0 0 0 0 4 0 0 0 0 0 0 0 0 0 0 0 0 0 0 0 0 0 0 0 0 0
SHARD 7028 k=4 m=28 inter=1 colcap=128: NONE visited=492 time=0.0s
ACCEPTED 0 0 0 0 0 0 0 3 2 0 0 0 0 0 0 0 0 0 0 0 0 0 0 0 0 0 0 0 0
SHARD 7029 k=4 m=28 inter=1 colcap=128: NONE visited=982 time=0.0s
ACCEPTED 0 0 0 0 0 0 0 3 8 3 0 0 0 0 0 0 0 0 0 0 0 0 0 0 0 0 0 0 0
SHARD 7030 k=4 m=28 inter=1 colcap=128: NONE visited=879 time=0.0s
ACCEPTED 0 0 0 0 0 0 0 7 5 0 0 0 0 0 0 0 0 0 0 0 0 0 0 0 0 0 0 0 0
SHARD 7031 k=4 m=28 inter=1 colcap=128: NONE visited=3019 time=0.0s
ACCEPTED 0 0 0 0 0 0 0 6 23 24 2 0 0 0 0 0 0 0 0 0 0 0 0 0 0 0 0 0 0
SHARD 7032 k=4 m=28 inter=1 colcap=128: NONE visited=137 time=0.0s
ACCEPTED 0 0 0 0 0 0 0 1 0 0 0 0 0 0 0 0 0 0 0 0 0 0 0 0 0 0 0 0 0
SHARD 7033 k=4 m=28 inter=1 colcap=128: NONE visited=568 time=0.0s
ACCEPTED 0 0 0 0 0 0 0 4 4 0 0 0 0 0 0 0 0 0 0 0 0 0 0 0 0 0 0 0 0
SHARD 7034 k=4 m=28 inter=1 colcap=128: NONE visited=10888 time=0.0s
ACCEPTED 0 0 0 0 0 0 0 13 61 93 16 0 0 0 0 0 0 0 0 0 0 0 0 0 0 0 0 0 0
SHARD 7035 k=4 m=28 inter=1 colcap=128: NONE visited=1232 time=0.0s
ACCEPTED 0 0 0 0 0 0 0 8 7 0 0 0 0 0 0 0 0 0 0 0 0 0 0 0 0 0 0 0 0
SHARD 7036 k=4 m=28 inter=1 colcap=128: NONE visited=23610 time=0.0s
ACCEPTED 0 0 0 0 0 0 0 22 117 203 61 1 0 0 0 0 0 0 0 0 0 0 0 0 0 0 0 0 0
SHARD 7037 k=4 m=28 inter=1 colcap=128: NONE visited=3931 time=0.0s
ACCEPTED 0 0 0 0 0 0 0 11 24 30 1 0 0 0 0 0 0 0 0 0 0 0 0 0 0 0 0 0 0
SHARD 7038 k=4 m=28 inter=1 colcap=128: NONE visited=18447 time=0.0s
ACCEPTED 0 0 0 0 0 0 0 12 60 149 109 9 0 0 0 0 0 0 0 0 0 0 0 0 0 0 0 0 0
SHARD 7039 k=4 m=28 inter=1 colcap=128: NONE visited=165 time=0.0s
ACCEPTED 0 0 0 0 0 0 0 1 0 0 0 0 0 0 0 0 0 0 0 0 0 0 0 0 0 0 0 0 0
DONE exit=20
