SHARD 6640 k=4 m=28 inter=1 colcap=128: NONE visited=1014277 time=1.7s
ACCEPTED 0 0 0 0 0 0 0 9 54 389 1927 5024 7192 6646 4691 3212 1187 0 0 0 0 0 0 0 0 0 0 0 0
SHARD 6641 k=4 m=28 inter=1 colcap=128: NONE visited=15289 time=0.0s
ACCEPTED 0 0 0 0 0 0 0 5 22 74 142 122 42 6 0 0 0 0 0 0 0 0 0 0 0 0 0 0 0
SHARD 6642 k=4 m=28 inter=1 colcap=128: NONE visited=1192934 time=2.2s
ACCEPTED 0 0 0 0 0 0 0 10 74 434 1650 4121 6777 8439 8254 6610 2612 0 0 0 0 0 0 0 0 0 0 0 0
SHARD 6643 k=4 m=28 inter=1 colcap=128: NONE visited=350868 time=0.6s
ACCEPTED 0 0 0 0 0 0 0 10 76 549 2023 3837 3216 1017 108 5 0 0 0 0 0 0 0 0 0 0 0 0 0
SHARD 6644 k=4 m=28 inter=1 colcap=128: NONE visited=17280 time=0.0s
ACCEPTED 0 0 0 0 0 0 0 12 58 113 108 43 2 0 0 0 0 0 0 0 0 0 0 0 0 0 0 0 0
SHARD 6645 k=4 m=28 inter=1 colcap=128: NONE visited=79203 time=0.1s
ACCEPTED 0 0 0 0 0 0 0 12 62 200 487 826 531 58 1 0 0 0 0 0 0 0 0 0 0 0 0 0 0
SHARD 6646 k=4 m=28 inter=1 colcap=128: NONE visited=194463 time=0.3s
ACCEPTED 0 0 0 0 0 0 0 10 49 177 751 2152 2343 838 121 5 0 0 0 0 0 0 0 0 0 0 0 0 0
SHARD 6647 k=4 m=28 inter=1 colcap=128: NONE visited=1294 time=0.0s
ACCEPTED 0 0 0 0 0 0 0 5 10 5 0 0 0 0 0 0 0 0 0 0 0 0 0 0 0 0 0 0 0
SHARD 6648 k=4 m=28 inter=1 colcap=128: NONE visited=84031 time=0.1s
ACCEPTED 0 0 0 0 0 0 0 6 21 76 357 885 840 328 53 4 0 0 0 0 0 0 0 0 0 0 0 0 0
SHARD 6649 k=4 m=28 inter=1 colcap=128: NONE visited=1380609 time=2.3s
ACCEPTED 0 0 0 0 0 0 0 10 104 841 4259 12066 18897 16779 8815 2461 393 22 0 0 0 0 0 0 0 0 0 0 0
SHARD 6650 k=4 m=28 inter=1 colcap=128: NONE visited=425497 time=0.2s
ACCEPTED 0 0 0 0 0 0 0 14 133 824 2732 4584 3862 1563 302 26 0 0 0 0 0 0 0 0 0 0 0 0 0
SHARD 6651 k=4 m=28 inter=1 colcap=128: NONE visited=1305221 time=3.0s
ACCEPTED 0 0 0 0 0 0 0 10 103 812 4048 11459 17869 15343 6897 1384 100 0 0 0 0 0 0 0 0 0 0 0 0
SHARD 6652 k=4 m=28 inter=1 colcap=128: NONE visited=7489 time=0.0s
ACCEPTED 0 0 0 0 0 0 0 1 12 49 79 22 1 0 0 0 0 0 0 0 0 0 0 0 0 0 0 0 0
SHARD 6653 k=4 m=28 inter=1 colcap=128: NONE visited=77375 time=0.1s
ACCEPTED 0 0 0 0 0 0 0 2 15 125 511 985 633 49 0 0 0 0 0 0 0 0 0 0 0 0 0 0 0
SHARD 6654 k=4 m=28 inter=1 colcap=128: NONE visited=3997280 time=7.7s
ACCEPTED 0 0 0 0 0 0 0 15 164 1330 6668 20688 42852 57950 45031 19561 4853 482 19 0 0 0 0 0 0 0 0 0 0
SHARD 6655 k=4 m=28 inter=1 colcap=128: NONE visited=3352486 time=6.8s
ACCEPTED 0 0 0 0 0 0 0 11 122 1046 6021 21715 46167 53717 32500 9291 1398 125 1 0 0 0 0 0 0 0 0 0 0
SHARD 6656 k=4 m=28 inter=1 colcap=128: NONE visited=1757176 time=3.6s
ACCEPTED 0 0 0 0 0 0 0 5 35 338 1909 6980 18471 30304 22370 6522 968 53 0 0 0 0 0 0 0 0 0 0 0
SHARD 6657 k=4 m=28 inter=1 colcap=128: NONE visited=91 time=0.0s
ACCEPTED 0 0 0 0 0 0 0 0 0 0 0 0 0 0 0 0 0 0 0 0 0 0 0 0 0 0 0 0 0
SHARD 6658 k=4 m=28 inter=1 colcap=128: NONE visited=1547765 time=1.8s
ACCEPTED 0 0 0 0 0 0 0 19 195 1272 5220 12209 14981 9644 3770 880 125 1 0 0 0 0 0 0 0 0 0 0 0
SHARD 6659 k=4 m=28 inter=1 colcap=128: NONE visited=98 time=0.0s
ACCEPTED 0 0 0 0 0 0 0 1 0 0 0 0 0 0 0 0 0 0 0 0 0 0 0 0 0 0 0 0 0
SHARD 6660 k=4 m=28 inter=1 colcap=128: NONE visited=1748 time=0.0s
ACCEPTED 0 0 0 0 0 0 0 3 9 16 12 2 0 0 0 0 0 0 0 0 0 0 0 0 0 0 0 0 0
SHARD 6661 k=4 m=28 inter=1 colcap=128: NONE visited=37691 time=0.1s
ACCEPTED 0 0 0 0 0 0 0 3 22 136 350 300 89 5 1 0 0 0 0 0 0 0 0 0 0 0 0 0 0
SHARD 6662 k=4 m=28 inter=1 colcap=128: NONE visited=145479 time=0.2s
ACCEPTED 0 0 0 0 0 0 0 7 44 211 756 1483 1125 224 8 0 0 0 0 0 0 0 0 0 0 0 0 0 0
SHARD 6663 k=4 m=28 inter=1 colcap=128: NONE visited=716 time=0.0s
ACCEPTED 0 0 0 0 0 0 0 3 3 3 0 0 0 0 0 0 0 0 0 0 0 0 0 0 0 0 0 0 0
SHARD 6664 k=4 m=28 inter=1 colcap=128: NONE visited=1335 time=0.0s
ACCEPTED 0 0 0 0 0 0 0 3 5 7 11 3 0 0 0 0 0 0 0 0 0 0 0 0 0 0 0 0 0
SHARD 6665 k=4 m=28 inter=1 colcap=128: NONE visited=835 time=0.0s
ACCEPTED 0 0 0 0 0 0 0 4 6 2 0 0 0 0 0 0 0 0 0 0 0 0 0 0 0 0 0 0 0
SHARD 6666 k=4 m=28 inter=1 colcap=128: NONE visited=531 time=0.0s
ACCEPTED 0 0 0 0 0 0 0 3 3 0 0 0 0 0 0 0 0 0 0 0 0 0 0 0 0 0 0 0 0
SHARD 6667 k=4 m=28 inter=1 colcap=128: NONE visited=227 time=0.0s
ACCEPTED 0 0 0 0 0 0 0 2 0 0 0 0 0 0 0 0 0 0 0 0 0 0 0 0 0 0 0 0 0
SHARD 6668 k=4 m=28 inter=1 colcap=128: NONE visited=855767 time=1.5s
ACCEPTED 0 0 0 0 0 0 0 13 136 988 3920 8105 9597 6275 1923 292 22 0 0 0 0 0 0 0 0 0 0 0 0
SHARD 6669 k=4 m=28 inter=1 colcap=128: NONE visited=20359 time=0.0s
ACCEPTED 0 0 0 0 0 0 0 7 30 100 189 110 17 2 0 0 0 0 0 0 0 0 0 0 0 0 0 0 0
SHARD 6670 k=4 m=28 inter=1 colcap=128: NONE visited=387379 time=0.7s
ACCEPTED 0 0 0 0 0 0 0 5 39 260 1283 3738 6068 4915 1989 327 16 0 0 0 0 0 0 0 0 0 0 0 0
SHARD 6671 k=4 m=28 inter=1 colcap=128: NONE visited=9859 time=0.0s
ACCEPTED 0 0 0 0 0 0 0 7 24 60 78 38 2 0 0 0 0 0 0 0 0 0 0 0 0 0 0 0 0
SHARD 6672 k=4 m=28 inter=1 colcap=128: NONE visited=167 time=0.0s
ACCEPTED 0 0 0 0 0 0 0 1 2 0 0 0 0 0 0 0 0 0 0 0 0 0 0 0 0 0 0 0 0
SHARD 6673 k=4 m=28 inter=1 colcap=128: NONE visited=1258082 time=2.3s
ACCEPTED 0 0 0 0 0 0 0 9 81 637 3449 10647 17558 13833 5041 936 97 3 0 0 0 0 0 0 0 0 0 0 0
SHARD 6674 k=4 m=28 inter=1 colcap=128: NONE visited=9522 time=0.0s
ACCEPTED 0 0 0 0 0 0 0 5 21 58 75 34 7 0 0 0 0 0 0 0 0 0 0 0 0 0 0 0 0
SHARD 6675 k=4 m=28 inter=1 colcap=128: NONE visited=2399 time=0.0s
ACCEPTED 0 0 0 0 0 0 0 6 17 17 10 2 0 0 0 0 0 0 0 0 0 0 0 0 0 0 0 0 0
SHARD 6676 k=4 m=28 inter=1 colcap=128: NONE visited=41 time=0.0s
ACCEPTED 0 0 0 0 0 0 0 0 0 0 0 0 0 0 0 0 0 0 0 0 0 0 0 0 0 0 0 0 0
SHARD 6677 k=4 m=28 inter=1 colcap=128: NONE visited=93 time=0.0s
ACCEPTED 0 0 0 0 0 0 0 1 1 0 0 0 0 0 0 0 0 0 0 0 0 0 0 0 0 0 0 0 0
SHARD 6678 k=4 m=28 inter=1 colcap=128: NONE visited=198042 time=0.3s
ACCEPTED 0 0 0 0 0 0 0 13 109 603 1683 1833 684 76 0 0 0 0 0 0 0 0 0 0 0 0 0 0 0
SHARD 6679 k=4 m=28 inter=1 colcap=128: NONE visited=202 time=0.0s
ACCEPTED 0 0 0 0 0 0 0 1 0 0 0 0 0 0 0 0 0 0 0 0 0 0 0 0 0 0 0 0 0
DONE exit=20
