SHARD 11680 k=4 m=28 inter=1 colcap=128: NONE visited=14456 time=0.0s
ACCEPTED 0 0 0 0 0 0 0 14 63 110 69 23 5 0 0 0 0 0 0 0 0 0 0 0 0 0 0 0 0
SHARD 11681 k=4 m=28 inter=1 colcap=128: NONE visited=5209 time=0.0s
ACCEPTED 0 0 0 0 0 0 0 9 25 37 21 1 0 0 0 0 0 0 0 0 0 0 0 0 0 0 0 0 0
SHARD 11682 k=4 m=28 inter=1 colcap=128: NONE visited=13156 time=0.0s
ACCEPTED 0 0 0 0 0 0 0 11 43 87 93 49 5 0 0 0 0 0 0 0 0 0 0 0 0 0 0 0 0
SHARD 11683 k=4 m=28 inter=1 colcap=128: NONE visited=12431 time=0.0s
ACCEPTED 0 0 0 0 0 0 0 10 46 100 91 36 4 0 0 0 0 0 0 0 0 0 0 0 0 0 0 0 0
SHARD 11684 k=4 m=28 inter=1 colcap=128: NONE visited=24922 time=0.0s
ACCEPTED 0 0 0 0 0 0 0 8 46 156 267 138 14 0 0 0 0 0 0 0 0 0 0 0 0 0 0 0 0
SHARD 11685 k=4 m=28 inter=1 colcap=128: NONE visited=3292 time=0.0s
ACCEPTED 0 0 0 0 0 0 0 8 17 18 10 0 0 0 0 0 0 0 0 0 0 0 0 0 0 0 0 0 0
SHARD 11686 k=4 m=28 inter=1 colcap=128: NONE visited=58685 time=0.0s
ACCEPTED 0 0 0 0 0 0 0 23 167 449 470 197 28 1 0 0 0 0 0 0 0 0 0 0 0 0 0 0 0
SHARD 11687 k=4 m=28 inter=1 colcap=128: NONE visited=2433 time=0.0s
ACCEPTED 0 0 0 0 0 0 0 7 15 15 9 4 0 0 0 0 0 0 0 0 0 0 0 0 0 0 0 0 0
SHARD 11688 k=4 m=28 inter=1 colcap=128: NONE visited=46043 time=0.0s
ACCEPTED 0 0 0 0 0 0 0 9 56 207 422 447 213 34 3 0 0 0 0 0 0 0 0 0 0 0 0 0 0
SHARD 11689 k=4 m=28 inter=1 colcap=128: NONE visited=500 time=0.0s
ACCEPTED 0 0 0 0 0 0 0 2 2 2 0 0 0 0 0 0 0 0 0 0 0 0 0 0 0 0 0 0 0
SHARD 11690 k=4 m=28 inter=1 colcap=128: NONE visited=656 time=0.0s
ACCEPTED 0 0 0 0 0 0 0 2 5 1 0 0 0 0 0 0 0 0 0 0 0 0 0 0 0 0 0 0 0
SHARD 11691 k=4 m=28 inter=1 colcap=128: NONE visited=1453 time=0.0s
ACCEPTED 0 0 0 0 0 0 0 5 10 5 2 0 0 0 0 0 0 0 0 0 0 0 0 0 0 0 0 0 0
SHARD 11692 k=4 m=28 inter=1 colcap=128: NONE visited=99 time=0.0s
ACCEPTED 0 0 0 0 0 0 0 0 0 0 0 0 0 0 0 0 0 0 0 0 0 0 0 0 0 0 0 0 0
SHARD 11693 k=4 m=28 inter=1 colcap=128: NONE visited=543 time=0.0s
ACCEPTED 0 0 0 0 0 0 0 3 6 5 0 0 0 0 0 0 0 0 0 0 0 0 0 0 0 0 0 0 0
SHARD 11694 k=4 m=28 inter=1 colcap=128: NONE visited=189 time=0.0s
ACCEPTED 0 0 0 0 0 0 0 3 0 0 0 0 0 0 0 0 0 0 0 0 0 0 0 0 0 0 0 0 0
SHARD 11695 k=4 m=28 inter=1 colcap=128: NONE visited=102 time=0.0s
ACCEPTED 0 0 0 0 0 0 0 1 1 0 0 0 0 0 0 0 0 0 0 0 0 0 0 0 0 0 0 0 0
SHARD 11696 k=4 m=28 inter=1 colcap=128: NONE visited=61 time=0.0s
ACCEPTED 0 0 0 0 0 0 0 0 0 0 0 0 0 0 0 0 0 0 0 0 0 0 0 0 0 0 0 0 0
SHARD 11697 k=4 m=28 inter=1 colcap=128: NONE visited=392 time=0.0s
ACCEPTED 0 0 0 0 0 0 0 3 3 0 0 0 0 0 0 0 0 0 0 0 0 0 0 0 0 0 0 0 0
SHARD 11698 k=4 m=28 inter=1 colcap=128: NONE visited=1878 time=0.0s
ACCEPTED 0 0 0 0 0 0 0 6 18 14 0 0 0 0 0 0 0 0 0 0 0 0 0 0 0 0 0 0 0
SHARD 11699 k=4 m=28 inter=1 colcap=128: NONE visited=6940 time=0.0s
ACCEPTED 0 0 0 0 0 0 0 12 43 61 21 0 0 0 0 0 0 0 0 0 0 0 0 0 0 0 0 0 0
SHARD 11700 k=4 m=28 inter=1 colcap=128: NONE visited=129 time=0.0s
ACCEPTED 0 0 0 0 0 0 0 1 0 0 0 0 0 0 0 0 0 0 0 0 0 0 0 0 0 0 0 0 0
SHARD 11701 k=4 m=28 inter=1 colcap=128: NONE visited=2530 time=0.0s
ACCEPTED 0 0 0 0 0 0 0 9 18 21 5 0 0 0 0 0 0 0 0 0 0 0 0 0 0 0 0 0 0
SHARD 11702 k=4 m=28 inter=1 colcap=128: NONE visited=732 time=0.0s
ACCEPTED 0 0 0 0 0 0 0 5 8 3 0 0 0 0 0 0 0 0 0 0 0 0 0 0 0 0 0 0 0
SHARD 11703 k=4 m=28 inter=1 colcap=128: NONE visited=1543 time=0.0s
ACCEPTED 0 0 0 0 0 0 0 5 13 13 2 0 0 0 0 0 0 0 0 0 0 0 0 0 0 0 0 0 0
SHARD 11704 k=4 m=28 inter=1 colcap=128: NONE visited=298 time=0.0s
ACCEPTED 0 0 0 0 0 0 0 3 3 0 0 0 0 0 0 0 0 0 0 0 0 0 0 0 0 0 0 0 0
SHARD 11705 k=4 m=28 inter=1 colcap=128: NONE visited=2516 time=0.0s
ACCEPTED 0 0 0 0 0 0 0 11 24 14 3 0 0 0 0 0 0 0 0 0 0 0 0 0 0 0 0 0 0
SHARD 11706 k=4 m=28 inter=1 colcap=128: NONE visited=1902 time=0.0s
ACCEPTED 0 0 0 0 0 0 0 3 7 17 13 3 0 0 0 0 0 0 0 0 0 0 0 0 0 0 0 0 0
SHARD 11707 k=4 m=28 inter=1 colcap=128: NONE visited=3924 time=0.0s
ACCEPTED 0 0 0 0 0 0 0 9 32 46 9 1 0 0 0 0 0 0 0 0 0 0 0 0 0 0 0 0 0
SHARD 11708 k=4 m=28 inter=1 colcap=128: NONE visited=38645 time=0.0s
ACCEPTED 0 0 0 0 0 0 0 19 130 320 294 99 3 0 0 0 0 0 0 0 0 0 0 0 0 0 0 0 0
SHARD 11709 k=4 m=28 inter=1 colcap=128: NONE visited=103006 time=0.0s
ACCEPTED 0 0 0 0 0 0 0 34 310 943 857 164 5 0 0 0 0 0 0 0 0 0 0 0 0 0 0 0 0
SHARD 11710 k=4 m=28 inter=1 colcap=128: NONE visited=415 time=0.0s
ACCEPTED 0 0 0 0 0 0 0 4 6 0 0 0 0 0 0 0 0 0 0 0 0 0 0 0 0 0 0 0 0
SHARD 11711 k=4 m=28 inter=1 colcap=128: NONE visited=591 time=0.0s
ACCEPTED 0 0 0 0 0 0 0 3 4 4 0 0 0 0 0 0 0 0 0 0 0 0 0 0 0 0 0 0 0
SHARD 11712 k=4 m=28 inter=1 colcap=128: NONE visited=850 time=0.0s
ACCEPTED 0 0 0 0 0 0 0 5 8 3 0 0 0 0 0 0 0 0 0 0 0 0 0 0 0 0 0 0 0
SHARD 11713 k=4 m=28 inter=1 colcap=128: NONE visited=675 time=0.0s
ACCEPTED 0 0 0 0 0 0 0 3 7 3 0 0 0 0 0 0 0 0 0 0 0 0 0 0 0 0 0 0 0
SHARD 11714 k=4 m=28 inter=1 colcap=128: NONE visited=289 time=0.0s
ACCEPTED 0 0 0 0 0 0 0 3 1 0 0 0 0 0 0 0 0 0 0 0 0 0 0 0 0 0 0 0 0
SHARD 11715 k=4 m=28 inter=1 colcap=128: NONE visited=92 time=0.0s
ACCEPTED 0 0 0 0 0 0 0 1 0 0 0 0 0 0 0 0 0 0 0 0 0 0 0 0 0 0 0 0 0
SHARD 11716 k=4 m=28 inter=1 colcap=128: NONE visited=154 time=0.0s
ACCEPTED 0 0 0 0 0 0 0 2 0 0 0 0 0 0 0 0 0 0 0 0 0 0 0 0 0 0 0 0 0
SHARD 11717 k=4 m=28 inter=1 colcap=128: NONE visited=34 time=0.0s
ACCEPTED 0 0 0 0 0 0 0 0 0 0 0 0 0 0 0 0 0 0 0 0 0 0 0 0 0 0 0 0 0
SHARD 11718 k=4 m=28 inter=1 colcap=128: NONE visited=26 time=0.0s
ACCEPTED 0 0 0 0 0 0 0 0 0 0 0 0 0 0 0 0 0 0 0 0 0 0 0 0 0 0 0 0 0
SHARD 11719 k=4 m=28 inter=1 colcap=128: NONE visited=83 time=0.0s
ACCEPTED 0 0 0 0 0 0 0 0 0 0 0 0 0 0 0 0 0 0 0 0 0 0 0 0 0 0 0 0 0
DONE exit=20
