SHARD 6760 k=4 m=28 inter=1 colcap=128: NONE visited=2889870 time=2.8s
ACCEPTED 0 0 0 0 0 0 0 9 87 687 3858 14522 35625 53543 45678 22809 7884 1815 330 14 0 0 0 0 0 0 0 0 0
SHARD 6761 k=4 m=28 inter=1 colcap=128: NONE visited=173569897 time=221.4s
ACCEPTED 0 0 0 0 0 0 0 26 397 4544 37820 219086 851022 2169953 3615889 3988747 2982275 1474062 624043 269469 88590 11331 25 0 0 0 0 0 0
SHARD 6762 k=4 m=28 inter=1 colcap=128: NONE visited=73061682 time=97.9s
ACCEPTED 0 0 0 0 0 0 0 10 145 1583 13448 81585 340833 944499 1705997 2014822 1557874 764824 211374 28771 1143 47 2 0 0 0 0 0 0
SHARD 6763 k=4 m=28 inter=1 colcap=128: NONE visited=14832130 time=16.1s
ACCEPTED 0 0 0 0 0 0 0 17 200 1810 11932 53374 154586 280625 314011 218154 95971 27645 7669 2006 162 0 0 0 0 0 0 0 0
SHARD 6764 k=4 m=28 inter=1 colcap=128: NONE visited=13891150 time=12.9s
ACCEPTED 0 0 0 0 0 0 0 11 112 1125 8561 42213 126892 227146 244337 152943 58716 16276 3392 117 4 0 0 0 0 0 0 0 0
SHARD 6765 k=4 m=28 inter=1 colcap=128: NONE visited=7752785 time=9.7s
ACCEPTED 0 0 0 0 0 0 0 17 191 1528 8779 35599 98960 181256 208402 146994 63978 18381 3304 407 5 0 0 0 0 0 0 0 0
SHARD 6766 k=4 m=28 inter=1 colcap=128: NONE visited=516256 time=1.1s
ACCEPTED 0 0 0 0 0 0 0 8 77 513 2455 7672 15606 20561 18151 9565 3229 599 74 0 0 0 0 0 0 0 0 0 0
SHARD 6767 k=4 m=28 inter=1 colcap=128: NONE visited=60447852 time=68.3s
ACCEPTED 0 0 0 0 0 0 0 22 312 3299 24928 126520 418364 894177 1232997 1097905 646726 273467 112604 46535 10144 18 0 0 0 0 0 0 0
SHARD 6768 k=4 m=28 inter=1 colcap=128: NONE visited=21169837 time=25.4s
ACCEPTED 0 0 0 0 0 0 0 15 169 1543 10460 49520 156744 322819 433041 391782 254564 96205 26863 9119 2824 0 0 0 0 0 0 0 0
SHARD 6769 k=4 m=28 inter=1 colcap=128: NONE visited=68924158 time=92.6s
ACCEPTED 0 0 0 0 0 0 0 14 182 1930 15961 95653 390336 1043893 1787258 1928225 1284266 513464 119589 13710 653 16 0 0 0 0 0 0 0
SHARD 6770 k=4 m=28 inter=1 colcap=128: NONE visited=16977896 time=20.2s
ACCEPTED 0 0 0 0 0 0 0 15 154 1232 7814 36924 120432 263213 383159 359473 206970 71556 16045 1169 20 0 0 0 0 0 0 0 0
SHARD 6771 k=4 m=28 inter=1 colcap=128: NONE visited=71237 time=0.1s
ACCEPTED 0 0 0 0 0 0 0 2 14 56 176 510 977 1169 822 155 2 0 0 0 0 0 0 0 0 0 0 0 0
SHARD 6772 k=4 m=28 inter=1 colcap=128: NONE visited=253912 time=0.2s
ACCEPTED 0 0 0 0 0 0 0 5 24 157 767 2351 3743 2636 1050 233 26 2 0 0 0 0 0 0 0 0 0 0 0
SHARD 6773 k=4 m=28 inter=1 colcap=128: NONE visited=4621631 time=4.9s
ACCEPTED 0 0 0 0 0 0 0 11 92 601 3117 12583 37265 75397 98810 79190 31202 7849 3362 1351 0 0 0 0 0 0 0 0 0
SHARD 6774 k=4 m=28 inter=1 colcap=128: NONE visited=111373 time=0.1s
ACCEPTED 0 0 0 0 0 0 0 5 26 159 620 1551 2166 1155 123 4 1 0 0 0 0 0 0 0 0 0 0 0 0
SHARD 6775 k=4 m=28 inter=1 colcap=128: NONE visited=189470040 time=260.8s
ACCEPTED 0 0 0 0 0 0 0 28 488 6083 54350 329998 1303518 3259147 5114715 4962874 2824479 855539 140599 15732 1448 137 10 1 0 0 0 0 0
SHARD 6776 k=4 m=28 inter=1 colcap=128: NONE visited=175748381 time=215.9s
ACCEPTED 0 0 0 0 0 0 0 39 810 10693 91203 493140 1665918 3476668 4469192 3537800 1719551 524696 92888 11637 743 29 0 0 0 0 0 0 0
SHARD 6777 k=4 m=28 inter=1 colcap=128: NONE visited=3941867 time=3.6s
ACCEPTED 0 0 0 0 0 0 0 20 233 1826 9354 30409 60363 70760 46785 16336 2290 104 1 0 0 0 0 0 0 0 0 0 0
SHARD 6778 k=4 m=28 inter=1 colcap=128: NONE visited=506174 time=0.4s
ACCEPTED 0 0 0 0 0 0 0 11 107 651 2408 5331 7237 6138 3289 1066 158 3 0 0 0 0 0 0 0 0 0 0 0
SHARD 6779 k=4 m=28 inter=1 colcap=128: NONE visited=5487767 time=6.0s
ACCEPTED 0 0 0 0 0 0 0 10 99 829 5297 23747 69998 126392 129796 69233 17692 1978 82 1 0 0 0 0 0 0 0 0 0
SHARD 6780 k=4 m=28 inter=1 colcap=128: NONE visited=25659369 time=25.3s
ACCEPTED 0 0 0 0 0 0 0 27 397 3846 25196 108678 294475 479448 457847 257919 86507 17195 2208 79 1 0 0 0 0 0 0 0 0
SHARD 6781 k=4 m=28 inter=1 colcap=128: NONE visited=2058908 time=2.5s
ACCEPTED 0 0 0 0 0 0 0 10 83 667 3849 13697 30313 40447 30553 12107 2334 307 19 0 0 0 0 0 0 0 0 0 0
SHARD 6782 k=4 m=28 inter=1 colcap=128: NONE visited=1611124 time=1.4s
ACCEPTED 0 0 0 0 0 0 0 17 176 1183 5042 13462 22025 21082 10439 2920 496 33 1 0 0 0 0 0 0 0 0 0 0
SHARD 6783 k=4 m=28 inter=1 colcap=128: NONE visited=9429270 time=12.5s
ACCEPTED 0 0 0 0 0 0 0 13 169 1469 9437 40935 117382 213226 245486 174622 78530 21899 3513 49 0 0 0 0 0 0 0 0 0
SHARD 6784 k=4 m=28 inter=1 colcap=128: NONE visited=2173700 time=2.9s
ACCEPTED 0 0 0 0 0 0 0 10 89 622 3462 13927 37776 63461 62185 33171 9434 795 59 1 0 0 0 0 0 0 0 0 0
SHARD 6785 k=4 m=28 inter=1 colcap=128: NONE visited=50806273 time=59.5s
ACCEPTED 0 0 0 0 0 0 0 26 389 4049 29014 138573 428137 841233 1065619 887446 499604 163058 7304 733 0 0 0 0 0 0 0 0 0
SHARD 6786 k=4 m=28 inter=1 colcap=128: NONE visited=21018 time=0.0s
ACCEPTED 0 0 0 0 0 0 0 3 22 101 292 377 149 18 0 0 0 0 0 0 0 0 0 0 0 0 0 0 0
SHARD 6787 k=4 m=28 inter=1 colcap=128: NONE visited=197625 time=0.2s
ACCEPTED 0 0 0 0 0 0 0 13 94 466 1515 2663 2326 1062 303 33 0 0 0 0 0 0 0 0 0 0 0 0 0
SHARD 6788 k=4 m=28 inter=1 colcap=128: NONE visited=574263 time=0.6s
ACCEPTED 0 0 0 0 0 0 0 6 56 340 1570 4550 8632 10272 7806 3925 1256 266 4 0 0 0 0 0 0 0 0 0 0
SHARD 6789 k=4 m=28 inter=1 colcap=128: NONE visited=550254 time=0.4s
ACCEPTED 0 0 0 0 0 0 0 10 70 415 1826 5108 7954 6956 3500 909 101 7 0 0 0 0 0 0 0 0 0 0 0
SHARD 6790 k=4 m=28 inter=1 colcap=128: NONE visited=8844011 time=9.7s
ACCEPTED 0 0 0 0 0 0 0 14 144 1205 7339 31414 91036 172103 203956 143303 55812 11785 1281 87 3 0 0 0 0 0 0 0 0
SHARD 6791 k=4 m=28 inter=1 colcap=128: NONE visited=1322171 time=1.1s
ACCEPTED 0 0 0 0 0 0 0 11 88 560 2610 8160 16317 20732 16609 7971 2079 289 22 4 1 0 0 0 0 0 0 0 0
SHARD 6792 k=4 m=28 inter=1 colcap=128: NONE visited=8435140 time=8.3s
ACCEPTED 0 0 0 0 0 0 0 19 221 1819 10766 42989 108238 162384 138317 64787 16506 2804 240 4 0 0 0 0 0 0 0 0 0
SHARD 6793 k=4 m=28 inter=1 colcap=128: NONE visited=6319216 time=6.4s
ACCEPTED 0 0 0 0 0 0 0 14 152 1229 6976 26644 66933 110509 119532 84930 42967 13509 1006 9 0 0 0 0 0 0 0 0 0
SHARD 6794 k=4 m=28 inter=1 colcap=128: NONE visited=607966 time=0.5s
ACCEPTED 0 0 0 0 0 0 0 6 35 279 1549 5124 8976 8254 4276 1283 87 0 0 0 0 0 0 0 0 0 0 0 0
SHARD 6795 k=4 m=28 inter=1 colcap=128: NONE visited=1359646 time=1.1s
ACCEPTED 0 0 0 0 0 0 0 11 82 467 2070 7109 17169 24140 17398 6133 1119 113 1 0 0 0 0 0 0 0 0 0 0
SHARD 6796 k=4 m=28 inter=1 colcap=128: NONE visited=397 time=0.0s
ACCEPTED 0 0 0 0 0 0 0 1 5 7 2 0 0 0 0 0 0 0 0 0 0 0 0 0 0 0 0 0 0
SHARD 6797 k=4 m=28 inter=1 colcap=128: NONE visited=848 time=0.0s
ACCEPTED 0 0 0 0 0 0 0 4 9 9 0 0 0 0 0 0 0 0 0 0 0 0 0 0 0 0 0 0 0
SHARD 6798 k=4 m=28 inter=1 colcap=128: NONE visited=27821788 time=26.6s
ACCEPTED 0 0 0 0 0 0 0 16 189 1748 11763 53177 158654 313905 424965 398235 250181 118182 57227 22016 11569 0 0 0 0 0 0 0 0
SHARD 6799 k=4 m=28 inter=1 colcap=128: NONE visited=2613719 time=1.8s
ACCEPTED 0 0 0 0 0 0 0 6 71 617 4057 15526 32864 36036 20481 6658 1286 137 7 0 0 0 0 0 0 0 0 0 0
DONE exit=20
