SHARD 11000 k=4 m=28 inter=1 colcap=128: NONE visited=336 time=0.0s
ACCEPTED 0 0 0 0 0 0 0 2 1 0 0 0 0 0 0 0 0 0 0 0 0 0 0 0 0 0 0 0 0
SHARD 11001 k=4 m=28 inter=1 colcap=128: NONE visited=615 time=0.0s
ACCEPTED 0 0 0 0 0 0 0 2 6 5 0 0 0 0 0 0 0 0 0 0 0 0 0 0 0 0 0 0 0
SHARD 11002 k=4 m=28 inter=1 colcap=128: NONE visited=461 time=0.0s
ACCEPTED 0 0 0 0 0 0 0 5 3 0 0 0 0 0 0 0 0 0 0 0 0 0 0 0 0 0 0 0 0
SHARD 11003 k=4 m=28 inter=1 colcap=128: NONE visited=838 time=0.0s
ACCEPTED 0 0 0 0 0 0 0 4 6 0 0 0 0 0 0 0 0 0 0 0 0 0 0 0 0 0 0 0 0
SHARD 11004 k=4 m=28 inter=1 colcap=128: NONE visited=41 time=0.0s
ACCEPTED 0 0 0 0 0 0 0 0 0 0 0 0 0 0 0 0 0 0 0 0 0 0 0 0 0 0 0 0 0
SHARD 11005 k=4 m=28 inter=1 colcap=128: NONE visited=57 time=0.0s
ACCEPTED 0 0 0 0 0 0 0 1 0 0 0 0 0 0 0 0 0 0 0 0 0 0 0 0 0 0 0 0 0
SHARD 11006 k=4 m=28 inter=1 colcap=128: NONE visited=68 time=0.0s
ACCEPTED 0 0 0 0 0 0 0 0 0 0 0 0 0 0 0 0 0 0 0 0 0 0 0 0 0 0 0 0 0
SHARD 11007 k=4 m=28 inter=1 colcap=128: NONE visited=1813 time=0.0s
ACCEPTED 0 0 0 0 0 0 0 8 13 0 0 0 0 0 0 0 0 0 0 0 0 0 0 0 0 0 0 0 0
SHARD 11008 k=4 m=28 inter=1 colcap=128: NONE visited=891 time=0.0s
ACCEPTED 0 0 0 0 0 0 0 6 4 1 0 0 0 0 0 0 0 0 0 0 0 0 0 0 0 0 0 0 0
SHARD 11009 k=4 m=28 inter=1 colcap=128: NONE visited=2955 time=0.0s
ACCEPTED 0 0 0 0 0 0 0 8 17 11 5 3 0 0 0 0 0 0 0 0 0 0 0 0 0 0 0 0 0
SHARD 11010 k=4 m=28 inter=1 colcap=128: NONE visited=100626 time=0.1s
ACCEPTED 0 0 0 0 0 0 0 23 262 838 739 180 10 0 0 0 0 0 0 0 0 0 0 0 0 0 0 0 0
SHARD 11011 k=4 m=28 inter=1 colcap=128: NONE visited=19919 time=0.0s
ACCEPTED 0 0 0 0 0 0 0 20 107 168 43 3 0 0 0 0 0 0 0 0 0 0 0 0 0 0 0 0 0
SHARD 11012 k=4 m=28 inter=1 colcap=128: NONE visited=486 time=0.0s
ACCEPTED 0 0 0 0 0 0 0 3 2 2 0 0 0 0 0 0 0 0 0 0 0 0 0 0 0 0 0 0 0
SHARD 11013 k=4 m=28 inter=1 colcap=128: NONE visited=963 time=0.0s
ACCEPTED 0 0 0 0 0 0 0 4 4 3 0 0 0 0 0 0 0 0 0 0 0 0 0 0 0 0 0 0 0
SHARD 11014 k=4 m=28 inter=1 colcap=128: NONE visited=3209 time=0.0s
ACCEPTED 0 0 0 0 0 0 0 7 18 23 8 0 0 0 0 0 0 0 0 0 0 0 0 0 0 0 0 0 0
SHARD 11015 k=4 m=28 inter=1 colcap=128: NONE visited=1983 time=0.0s
ACCEPTED 0 0 0 0 0 0 0 6 13 11 0 0 0 0 0 0 0 0 0 0 0 0 0 0 0 0 0 0 0
SHARD 11016 k=4 m=28 inter=1 colcap=128: NONE visited=1444 time=0.0s
ACCEPTED 0 0 0 0 0 0 0 6 7 5 0 0 0 0 0 0 0 0 0 0 0 0 0 0 0 0 0 0 0
SHARD 11017 k=4 m=28 inter=1 colcap=128: NONE visited=4589 time=0.0s
ACCEPTED 0 0 0 0 0 0 0 8 27 35 9 0 0 0 0 0 0 0 0 0 0 0 0 0 0 0 0 0 0
SHARD 11018 k=4 m=28 inter=1 colcap=128: NONE visited=2536 time=0.0s
ACCEPTED 0 0 0 0 0 0 0 6 17 15 2 0 0 0 0 0 0 0 0 0 0 0 0 0 0 0 0 0 0
SHARD 11019 k=4 m=28 inter=1 colcap=128: NONE visited=1450 time=0.0s
ACCEPTED 0 0 0 0 0 0 0 5 6 11 1 0 0 0 0 0 0 0 0 0 0 0 0 0 0 0 0 0 0
SHARD 11020 k=4 m=28 inter=1 colcap=128: NONE visited=705 time=0.0s
ACCEPTED 0 0 0 0 0 0 0 4 4 0 0 0 0 0 0 0 0 0 0 0 0 0 0 0 0 0 0 0 0
SHARD 11021 k=4 m=28 inter=1 colcap=128: NONE visited=64 time=0.0s
ACCEPTED 0 0 0 0 0 0 0 0 0 0 0 0 0 0 0 0 0 0 0 0 0 0 0 0 0 0 0 0 0
SHARD 11022 k=4 m=28 inter=1 colcap=128: NONE visited=67 time=0.0s
ACCEPTED 0 0 0 0 0 0 0 0 0 0 0 0 0 0 0 0 0 0 0 0 0 0 0 0 0 0 0 0 0
SHARD 11023 k=4 m=28 inter=1 colcap=128: NONE visited=103313 time=0.1s
ACCEPTED 0 0 0 0 0 0 0 23 205 726 774 327 60 7 0 0 0 0 0 0 0 0 0 0 0 0 0 0 0
SHARD 11024 k=4 m=28 inter=1 colcap=128: NONE visited=87979 time=0.0s
ACCEPTED 0 0 0 0 0 0 0 14 130 479 702 398 139 20 1 0 0 0 0 0 0 0 0 0 0 0 0 0 0
SHARD 11025 k=4 m=28 inter=1 colcap=128: NONE visited=76903 time=0.0s
ACCEPTED 0 0 0 0 0 0 0 15 115 396 587 388 145 17 0 0 0 0 0 0 0 0 0 0 0 0 0 0 0
SHARD 11026 k=4 m=28 inter=1 colcap=128: NONE visited=24944 time=0.0s
ACCEPTED 0 0 0 0 0 0 0 14 82 200 143 36 7 1 0 0 0 0 0 0 0 0 0 0 0 0 0 0 0
SHARD 11027 k=4 m=28 inter=1 colcap=128: NONE visited=19217 time=0.0s
ACCEPTED 0 0 0 0 0 0 0 12 59 131 124 42 12 3 1 0 0 0 0 0 0 0 0 0 0 0 0 0 0
SHARD 11028 k=4 m=28 inter=1 colcap=128: NONE visited=9689 time=0.0s
ACCEPTED 0 0 0 0 0 0 0 9 38 82 48 11 0 0 0 0 0 0 0 0 0 0 0 0 0 0 0 0 0
SHARD 11029 k=4 m=28 inter=1 colcap=128: NONE visited=18825 time=0.0s
ACCEPTED 0 0 0 0 0 0 0 10 55 148 124 32 0 0 0 0 0 0 0 0 0 0 0 0 0 0 0 0 0
SHARD 11030 k=4 m=28 inter=1 colcap=128: NONE visited=47137 time=0.0s
ACCEPTED 0 0 0 0 0 0 0 15 92 280 365 190 38 3 0 0 0 0 0 0 0 0 0 0 0 0 0 0 0
SHARD 11031 k=4 m=28 inter=1 colcap=128: NONE visited=395074 time=0.2s
ACCEPTED 0 0 0 0 0 0 0 30 313 1552 3524 3179 862 61 1 0 0 0 0 0 0 0 0 0 0 0 0 0 0
SHARD 11032 k=4 m=28 inter=1 colcap=128: NONE visited=5350 time=0.0s
ACCEPTED 0 0 0 0 0 0 0 5 23 46 18 3 0 0 0 0 0 0 0 0 0 0 0 0 0 0 0 0 0
SHARD 11033 k=4 m=28 inter=1 colcap=128: NONE visited=8326 time=0.0s
ACCEPTED 0 0 0 0 0 0 0 6 25 62 51 8 0 0 0 0 0 0 0 0 0 0 0 0 0 0 0 0 0
SHARD 11034 k=4 m=28 inter=1 colcap=128: NONE visited=47644 time=0.0s
ACCEPTED 0 0 0 0 0 0 0 11 69 251 431 287 116 24 0 0 0 0 0 0 0 0 0 0 0 0 0 0 0
SHARD 11035 k=4 m=28 inter=1 colcap=128: NONE visited=22107 time=0.0s
ACCEPTED 0 0 0 0 0 0 0 11 58 150 140 58 8 0 0 0 0 0 0 0 0 0 0 0 0 0 0 0 0
SHARD 11036 k=4 m=28 inter=1 colcap=128: NONE visited=1919 time=0.0s
ACCEPTED 0 0 0 0 0 0 0 5 8 10 4 0 0 0 0 0 0 0 0 0 0 0 0 0 0 0 0 0 0
SHARD 11037 k=4 m=28 inter=1 colcap=128: NONE visited=2247 time=0.0s
ACCEPTED 0 0 0 0 0 0 0 4 11 17 8 1 0 0 0 0 0 0 0 0 0 0 0 0 0 0 0 0 0
SHARD 11038 k=4 m=28 inter=1 colcap=128: NONE visited=1384 time=0.0s
ACCEPTED 0 0 0 0 0 0 0 1 6 15 1 0 0 0 0 0 0 0 0 0 0 0 0 0 0 0 0 0 0
SHARD 11039 k=4 m=28 inter=1 colcap=128: NONE visited=1936 time=0.0s
ACCEPTED 0 0 0 0 0 0 0 6 15 7 0 0 0 0 0 0 0 0 0 0 0 0 0 0 0 0 0 0 0
DONE exit=20
