SHARD 9720 k=4 m=28 inter=1 colcap=128: NONE visited=514667 time=0.4s
ACCEPTED 0 0 0 0 0 0 0 18 192 1284 4481 6370 3252 274 19 0 0 0 0 0 0 0 0 0 0 0 0 0 0
SHARD 9721 k=4 m=28 inter=1 colcap=128: NONE visited=22 time=0.0s
ACCEPTED 0 0 0 0 0 0 0 0 0 0 0 0 0 0 0 0 0 0 0 0 0 0 0 0 0 0 0 0 0
SHARD 9722 k=4 m=28 inter=1 colcap=128: NONE visited=94 time=0.0s
ACCEPTED 0 0 0 0 0 0 0 1 1 0 0 0 0 0 0 0 0 0 0 0 0 0 0 0 0 0 0 0 0
SHARD 9723 k=4 m=28 inter=1 colcap=128: NONE visited=432 time=0.0s
ACCEPTED 0 0 0 0 0 0 0 2 8 3 4 0 0 0 0 0 0 0 0 0 0 0 0 0 0 0 0 0 0
SHARD 9724 k=4 m=28 inter=1 colcap=128: NONE visited=4469982 time=6.2s
ACCEPTED 0 0 0 0 0 0 0 5 33 284 2109 11145 40421 77888 79086 23167 569 0 0 0 0 0 0 0 0 0 0 0 0
SHARD 9725 k=4 m=28 inter=1 colcap=128: NONE visited=117179650 time=199.8s
ACCEPTED 0 0 0 0 0 0 0 7 103 1167 11771 82609 410578 1356364 2746930 2966383 2251944 1476368 432232 6180 469 60 9 1 1 0 0 0 0
SHARD 9726 k=4 m=28 inter=1 colcap=128: NONE visited=114131992 time=136.3s
ACCEPTED 0 0 0 0 0 0 0 23 326 4111 38175 238689 905020 1901567 2088915 1486814 687983 151378 17898 219 0 0 0 0 0 0 0 0 0
SHARD 9727 k=4 m=28 inter=1 colcap=128: NONE visited=287652190 time=330.7s
ACCEPTED 0 0 0 0 0 0 0 39 779 10621 96541 571778 2119919 4755489 6344348 5499088 3003734 1021916 236481 29662 986 20 0 0 0 0 0 0 0
SHARD 9728 k=4 m=28 inter=1 colcap=128: NONE visited=288879466 time=369.2s
ACCEPTED 0 0 0 0 0 0 0 33 657 9159 85924 528813 2092375 5215959 8007617 7412369 4069319 1352929 308343 55947 8510 595 23 1 0 0 0 0 0
SHARD 9729 k=4 m=28 inter=1 colcap=128: NONE visited=129180032 time=140.8s
ACCEPTED 0 0 0 0 0 0 0 36 702 9129 76416 403857 1323891 2650739 3203004 2311158 970040 232999 32816 2618 239 30 3 0 0 0 0 0 0
SHARD 9730 k=4 m=28 inter=1 colcap=128: NONE visited=672313299 time=854.3s
ACCEPTED 0 0 0 0 0 0 0 47 1050 15735 156545 1031707 4361966 11201469 16531902 15110022 8852094 3527107 1032929 237969 32856 130 0 0 0 0 0 0 0
SHARD 9731 k=4 m=28 inter=1 colcap=128: NONE visited=138346125 time=152.9s
ACCEPTED 0 0 0 0 0 0 0 42 837 10815 88872 457035 1454728 2849734 3399716 2422898 1009873 241860 36193 4536 420 21 0 0 0 0 0 0 0
SHARD 9732 k=4 m=28 inter=1 colcap=128: NONE visited=168540140 time=201.5s
ACCEPTED 0 0 0 0 0 0 0 44 844 11217 98710 559045 1921399 3760599 3847163 2400045 981751 272709 51263 5682 429 5 0 0 0 0 0 0 0
SHARD 9733 k=4 m=28 inter=1 colcap=128: NONE visited=25276014 time=27.8s
ACCEPTED 0 0 0 0 0 0 0 21 277 2837 20427 97357 293440 550403 637644 446629 179087 38633 4442 287 11 1 0 0 0 0 0 0 0
SHARD 9734 k=4 m=28 inter=1 colcap=128: NONE visited=111705159 time=143.0s
ACCEPTED 0 0 0 0 0 0 0 21 285 3414 29774 179259 692659 1616202 2154197 1807812 918856 273486 54684 2845 25 1 0 0 0 0 0 0 0
SHARD 9735 k=4 m=28 inter=1 colcap=128: NONE visited=94586297 time=116.9s
ACCEPTED 0 0 0 0 0 0 0 29 432 4913 39751 221232 782973 1637892 1949343 1594025 1001399 451191 137826 25521 3791 333 3 0 0 0 0 0 0
SHARD 9736 k=4 m=28 inter=1 colcap=128: NONE visited=12073082 time=13.8s
ACCEPTED 0 0 0 0 0 0 0 14 153 1394 9082 40020 115343 215572 263875 210460 100871 27587 4566 489 20 0 0 0 0 0 0 0 0
SHARD 9737 k=4 m=28 inter=1 colcap=128: NONE visited=12462504 time=16.4s
ACCEPTED 0 0 0 0 0 0 0 14 121 1125 7389 34920 118021 224246 231372 124208 14093 392 0 0 0 0 0 0 0 0 0 0 0
SHARD 9738 k=4 m=28 inter=1 colcap=128: NONE visited=2174508 time=3.8s
ACCEPTED 0 0 0 0 0 0 0 11 80 635 3552 13995 38296 63726 55582 14570 1923 62 2 0 0 0 0 0 0 0 0 0 0
SHARD 9739 k=4 m=28 inter=1 colcap=128: NONE visited=568713 time=0.6s
ACCEPTED 0 0 0 0 0 0 0 5 21 102 454 1763 4801 8285 8951 5904 1872 74 0 0 0 0 0 0 0 0 0 0 0
SHARD 9740 k=4 m=28 inter=1 colcap=128: NONE visited=543621 time=0.5s
ACCEPTED 0 0 0 0 0 0 0 4 18 129 755 2692 5408 7453 7429 3777 658 47 0 0 0 0 0 0 0 0 0 0 0
SHARD 9741 k=4 m=28 inter=1 colcap=128: NONE visited=1021062 time=0.9s
ACCEPTED 0 0 0 0 0 0 0 8 45 250 1171 3967 9231 13715 12698 6476 1836 64 0 0 0 0 0 0 0 0 0 0 0
SHARD 9742 k=4 m=28 inter=1 colcap=128: NONE visited=21820 time=0.0s
ACCEPTED 0 0 0 0 0 0 0 1 4 12 40 112 377 608 366 73 0 0 0 0 0 0 0 0 0 0 0 0 0
SHARD 9743 k=4 m=28 inter=1 colcap=128: NONE visited=4442864 time=3.5s
ACCEPTED 0 0 0 0 0 0 0 28 418 3337 15488 41952 61882 49055 21030 5364 456 32 0 0 0 0 0 0 0 0 0 0 0
SHARD 9744 k=4 m=28 inter=1 colcap=128: NONE visited=9001636 time=7.0s
ACCEPTED 0 0 0 0 0 0 0 22 304 2767 16299 57757 117315 137816 100340 43095 10389 1275 75 2 0 0 0 0 0 0 0 0 0
SHARD 9745 k=4 m=28 inter=1 colcap=128: NONE visited=4769873 time=3.9s
ACCEPTED 0 0 0 0 0 0 0 35 468 3351 16188 46512 70404 49745 20250 3982 243 2 0 0 0 0 0 0 0 0 0 0 0
SHARD 9746 k=4 m=28 inter=1 colcap=128: NONE visited=5638365 time=4.3s
ACCEPTED 0 0 0 0 0 0 0 23 350 3162 17142 52570 83733 60460 19158 3801 433 1 0 0 0 0 0 0 0 0 0 0 0
SHARD 9747 k=4 m=28 inter=1 colcap=128: NONE visited=339807 time=0.2s
ACCEPTED 0 0 0 0 0 0 0 15 110 659 2217 3669 3217 1242 333 21 0 0 0 0 0 0 0 0 0 0 0 0 0
SHARD 9748 k=4 m=28 inter=1 colcap=128: NONE visited=3485979 time=2.5s
ACCEPTED 0 0 0 0 0 0 0 18 261 2401 11888 29789 43486 40959 24683 8391 1542 123 4 0 0 0 0 0 0 0 0 0 0
SHARD 9749 k=4 m=28 inter=1 colcap=128: NONE visited=2959 time=0.0s
ACCEPTED 0 0 0 0 0 0 0 3 15 31 32 1 0 0 0 0 0 0 0 0 0 0 0 0 0 0 0 0 0
SHARD 9750 k=4 m=28 inter=1 colcap=128: NONE visited=188161 time=0.1s
ACCEPTED 0 0 0 0 0 0 0 13 125 571 1456 1897 1421 382 53 4 0 0 0 0 0 0 0 0 0 0 0 0 0
SHARD 9751 k=4 m=28 inter=1 colcap=128: NONE visited=222 time=0.0s
ACCEPTED 0 0 0 0 0 0 0 2 3 0 0 0 0 0 0 0 0 0 0 0 0 0 0 0 0 0 0 0 0
SHARD 9752 k=4 m=28 inter=1 colcap=128: NONE visited=10169 time=0.0s
ACCEPTED 0 0 0 0 0 0 0 9 48 90 56 4 0 0 0 0 0 0 0 0 0 0 0 0 0 0 0 0 0
SHARD 9753 k=4 m=28 inter=1 colcap=128: NONE visited=69226 time=0.0s
ACCEPTED 0 0 0 0 0 0 0 8 54 246 612 636 224 3 1 0 0 0 0 0 0 0 0 0 0 0 0 0 0
SHARD 9754 k=4 m=28 inter=1 colcap=128: NONE visited=4662 time=0.0s
ACCEPTED 0 0 0 0 0 0 0 8 24 31 19 1 0 0 0 0 0 0 0 0 0 0 0 0 0 0 0 0 0
SHARD 9755 k=4 m=28 inter=1 colcap=128: NONE visited=13562 time=0.0s
ACCEPTED 0 0 0 0 0 0 0 8 34 80 105 44 6 0 0 0 0 0 0 0 0 0 0 0 0 0 0 0 0
SHARD 9756 k=4 m=28 inter=1 colcap=128: NONE visited=75719 time=0.0s
ACCEPTED 0 0 0 0 0 0 0 10 55 212 537 663 376 41 3 0 0 0 0 0 0 0 0 0 0 0 0 0 0
SHARD 9757 k=4 m=28 inter=1 colcap=128: NONE visited=41065 time=0.0s
ACCEPTED 0 0 0 0 0 0 0 5 26 143 350 340 157 0 0 0 0 0 0 0 0 0 0 0 0 0 0 0 0
SHARD 9758 k=4 m=28 inter=1 colcap=128: NONE visited=2223 time=0.0s
ACCEPTED 0 0 0 0 0 0 0 5 15 25 2 0 0 0 0 0 0 0 0 0 0 0 0 0 0 0 0 0 0
SHARD 9759 k=4 m=28 inter=1 colcap=128: NONE visited=3864 time=0.0s
ACCEPTED 0 0 0 0 0 0 0 4 16 30 12 4 1 0 0 0 0 0 0 0 0 0 0 0 0 0 0 0 0
DONE exit=20
