SHARD 4160 k=4 m=28 inter=1 colcap=128: NONE visited=5280 time=0.0s
ACCEPTED 0 0 0 0 0 0 0 9 32 35 11 0 0 0 0 0 0 0 0 0 0 0 0 0 0 0 0 0 0
SHARD 4161 k=4 m=28 inter=1 colcap=128: NONE visited=21994 time=0.0s
ACCEPTED 0 0 0 0 0 0 0 14 73 153 165 70 8 0 0 0 0 0 0 0 0 0 0 0 0 0 0 0 0
SHARD 4162 k=4 m=28 inter=1 colcap=128: NONE visited=129096 time=0.1s
ACCEPTED 0 0 0 0 0 0 0 29 280 962 1163 563 129 6 0 0 0 0 0 0 0 0 0 0 0 0 0 0 0
SHARD 4163 k=4 m=28 inter=1 colcap=128: NONE visited=15302 time=0.0s
ACCEPTED 0 0 0 0 0 0 0 12 58 110 81 33 5 0 0 0 0 0 0 0 0 0 0 0 0 0 0 0 0
SHARD 4164 k=4 m=28 inter=1 colcap=128: NONE visited=1011 time=0.0s
ACCEPTED 0 0 0 0 0 0 0 1 9 5 0 0 0 0 0 0 0 0 0 0 0 0 0 0 0 0 0 0 0
SHARD 4165 k=4 m=28 inter=1 colcap=128: NONE visited=27476 time=0.0s
ACCEPTED 0 0 0 0 0 0 0 15 89 223 195 57 11 1 0 0 0 0 0 0 0 0 0 0 0 0 0 0 0
SHARD 4166 k=4 m=28 inter=1 colcap=128: NONE visited=5090 time=0.0s
ACCEPTED 0 0 0 0 0 0 0 5 20 37 26 5 0 0 0 0 0 0 0 0 0 0 0 0 0 0 0 0 0
SHARD 4167 k=4 m=28 inter=1 colcap=128: NONE visited=6264552 time=4.3s
ACCEPTED 0 0 0 0 0 0 0 40 629 4676 18373 40469 48294 29329 6694 35 2 0 0 0 0 0 0 0 0 0 0 0 0
SHARD 4168 k=4 m=28 inter=1 colcap=128: NONE visited=13417078 time=10.7s
ACCEPTED 0 0 0 0 0 0 0 57 1228 12423 60868 146255 175522 102627 31911 6265 929 118 13 1 0 0 0 0 0 0 0 0 0
SHARD 4169 k=4 m=28 inter=1 colcap=128: NONE visited=12876825 time=10.4s
ACCEPTED 0 0 0 0 0 0 0 56 1183 11727 56528 133686 158057 92415 29573 5761 612 47 4 0 0 0 0 0 0 0 0 0 0
SHARD 4170 k=4 m=28 inter=1 colcap=128: NONE visited=7455626 time=6.0s
ACCEPTED 0 0 0 0 0 0 0 22 510 5922 32208 80503 87025 40502 10483 1985 310 42 4 0 0 0 0 0 0 0 0 0 0
SHARD 4171 k=4 m=28 inter=1 colcap=128: NONE visited=16136008 time=11.8s
ACCEPTED 0 0 0 0 0 0 0 63 1416 13373 57335 120617 139053 94062 32546 3609 864 15 0 0 0 0 0 0 0 0 0 0 0
SHARD 4172 k=4 m=28 inter=1 colcap=128: NONE visited=1007475 time=0.7s
ACCEPTED 0 0 0 0 0 0 0 25 369 2393 7018 9742 7138 3467 1153 246 51 0 0 0 0 0 0 0 0 0 0 0 0
SHARD 4173 k=4 m=28 inter=1 colcap=128: NONE visited=282039 time=0.2s
ACCEPTED 0 0 0 0 0 0 0 23 278 1246 2599 2677 1213 213 13 1 0 0 0 0 0 0 0 0 0 0 0 0 0
SHARD 4174 k=4 m=28 inter=1 colcap=128: NONE visited=400014 time=0.3s
ACCEPTED 0 0 0 0 0 0 0 20 208 1065 2662 3082 1995 916 118 6 1 0 0 0 0 0 0 0 0 0 0 0 0
SHARD 4175 k=4 m=28 inter=1 colcap=128: NONE visited=144237 time=0.1s
ACCEPTED 0 0 0 0 0 0 0 26 202 752 1240 941 252 35 3 0 0 0 0 0 0 0 0 0 0 0 0 0 0
SHARD 4176 k=4 m=28 inter=1 colcap=128: NONE visited=243632 time=0.2s
ACCEPTED 0 0 0 0 0 0 0 26 232 1002 2168 2350 1290 370 51 3 0 0 0 0 0 0 0 0 0 0 0 0 0
SHARD 4177 k=4 m=28 inter=1 colcap=128: NONE visited=96059 time=0.1s
ACCEPTED 0 0 0 0 0 0 0 24 191 640 782 356 53 6 0 0 0 0 0 0 0 0 0 0 0 0 0 0 0
SHARD 4178 k=4 m=28 inter=1 colcap=128: NONE visited=361413 time=0.2s
ACCEPTED 0 0 0 0 0 0 0 26 263 1333 3283 3733 1716 353 35 3 0 0 0 0 0 0 0 0 0 0 0 0 0
SHARD 4179 k=4 m=28 inter=1 colcap=128: NONE visited=11459 time=0.0s
ACCEPTED 0 0 0 0 0 0 0 15 54 83 55 22 6 0 0 0 0 0 0 0 0 0 0 0 0 0 0 0 0
SHARD 4180 k=4 m=28 inter=1 colcap=128: NONE visited=972846 time=0.7s
ACCEPTED 0 0 0 0 0 0 0 33 409 2287 6445 9392 7581 3705 1127 222 13 0 0 0 0 0 0 0 0 0 0 0 0
SHARD 4181 k=4 m=28 inter=1 colcap=128: NONE visited=58241 time=0.0s
ACCEPTED 0 0 0 0 0 0 0 16 86 283 515 412 107 15 1 0 0 0 0 0 0 0 0 0 0 0 0 0 0
SHARD 4182 k=4 m=28 inter=1 colcap=128: NONE visited=15798 time=0.0s
ACCEPTED 0 0 0 0 0 0 0 15 65 116 93 36 4 0 0 0 0 0 0 0 0 0 0 0 0 0 0 0 0
SHARD 4183 k=4 m=28 inter=1 colcap=128: NONE visited=21979 time=0.0s
ACCEPTED 0 0 0 0 0 0 0 7 41 92 170 135 14 1 0 0 0 0 0 0 0 0 0 0 0 0 0 0 0
SHARD 4184 k=4 m=28 inter=1 colcap=128: NONE visited=2743385 time=2.1s
ACCEPTED 0 0 0 0 0 0 0 51 851 5968 19845 32250 24176 7303 824 56 5 0 0 0 0 0 0 0 0 0 0 0 0
SHARD 4185 k=4 m=28 inter=1 colcap=128: NONE visited=3284106 time=2.6s
ACCEPTED 0 0 0 0 0 0 0 43 708 5487 20938 38285 33863 15340 3903 538 28 1 0 0 0 0 0 0 0 0 0 0 0
SHARD 4186 k=4 m=28 inter=1 colcap=128: NONE visited=479766 time=0.4s
ACCEPTED 0 0 0 0 0 0 0 32 313 1443 3345 3543 2260 914 16 1 0 0 0 0 0 0 0 0 0 0 0 0 0
SHARD 4187 k=4 m=28 inter=1 colcap=128: NONE visited=529168 time=0.4s
ACCEPTED 0 0 0 0 0 0 0 31 355 1828 4601 5565 3023 807 107 12 0 0 0 0 0 0 0 0 0 0 0 0 0
SHARD 4188 k=4 m=28 inter=1 colcap=128: NONE visited=328051 time=0.2s
ACCEPTED 0 0 0 0 0 0 0 19 215 1118 2819 3500 2465 1021 220 17 0 0 0 0 0 0 0 0 0 0 0 0 0
SHARD 4189 k=4 m=28 inter=1 colcap=128: NONE visited=285275 time=0.2s
ACCEPTED 0 0 0 0 0 0 0 21 216 993 1991 1929 1043 339 1 0 0 0 0 0 0 0 0 0 0 0 0 0 0
SHARD 4190 k=4 m=28 inter=1 colcap=128: NONE visited=5184 time=0.0s
ACCEPTED 0 0 0 0 0 0 0 5 14 38 25 10 0 0 0 0 0 0 0 0 0 0 0 0 0 0 0 0 0
SHARD 4191 k=4 m=28 inter=1 colcap=128: NONE visited=1007805 time=0.7s
ACCEPTED 0 0 0 0 0 0 0 37 392 1770 4330 6472 5790 3099 607 1 0 0 0 0 0 0 0 0 0 0 0 0 0
SHARD 4192 k=4 m=28 inter=1 colcap=128: NONE visited=1985516 time=1.2s
ACCEPTED 0 0 0 0 0 0 0 38 514 3129 9526 15880 14572 7211 1702 52 2 0 0 0 0 0 0 0 0 0 0 0 0
SHARD 4193 k=4 m=28 inter=1 colcap=128: NONE visited=801685 time=0.4s
ACCEPTED 0 0 0 0 0 0 0 31 364 1984 5295 7020 3935 744 66 0 0 0 0 0 0 0 0 0 0 0 0 0 0
SHARD 4194 k=4 m=28 inter=1 colcap=128: NONE visited=2621773 time=1.9s
ACCEPTED 0 0 0 0 0 0 0 38 538 3630 12126 20329 18122 9914 2663 375 79 12 2 0 0 0 0 0 0 0 0 0 0
SHARD 4195 k=4 m=28 inter=1 colcap=128: NONE visited=9689 time=0.0s
ACCEPTED 0 0 0 0 0 0 0 11 35 61 46 12 0 0 0 0 0 0 0 0 0 0 0 0 0 0 0 0 0
SHARD 4196 k=4 m=28 inter=1 colcap=128: NONE visited=104938 time=0.1s
ACCEPTED 0 0 0 0 0 0 0 18 132 519 885 694 235 42 1 0 0 0 0 0 0 0 0 0 0 0 0 0 0
SHARD 4197 k=4 m=28 inter=1 colcap=128: NONE visited=115751 time=0.1s
ACCEPTED 0 0 0 0 0 0 0 17 122 524 1102 943 360 68 3 0 0 0 0 0 0 0 0 0 0 0 0 0 0
SHARD 4198 k=4 m=28 inter=1 colcap=128: NONE visited=78743 time=0.0s
ACCEPTED 0 0 0 0 0 0 0 17 107 411 636 458 109 22 1 0 0 0 0 0 0 0 0 0 0 0 0 0 0
SHARD 4199 k=4 m=28 inter=1 colcap=128: NONE visited=123237 time=0.1s
ACCEPTED 0 0 0 0 0 0 0 19 148 587 1042 847 282 63 1 0 0 0 0 0 0 0 0 0 0 0 0 0 0
DONE exit=20
