SHARD 6680 k=4 m=28 inter=1 colcap=128: NONE visited=8665 time=0.0s
ACCEPTED 0 0 0 0 0 0 0 10 27 53 57 15 0 0 0 0 0 0 0 0 0 0 0 0 0 0 0 0 0
SHARD 6681 k=4 m=28 inter=1 colcap=128: NONE visited=390835 time=0.6s
ACCEPTED 0 0 0 0 0 0 0 12 103 643 2308 4260 3558 1229 204 15 2 0 0 0 0 0 0 0 0 0 0 0 0
SHARD 6682 k=4 m=28 inter=1 colcap=128: NONE visited=71 time=0.0s
ACCEPTED 0 0 0 0 0 0 0 0 0 0 0 0 0 0 0 0 0 0 0 0 0 0 0 0 0 0 0 0 0
SHARD 6683 k=4 m=28 inter=1 colcap=128: NONE visited=122 time=0.0s
ACCEPTED 0 0 0 0 0 0 0 1 0 0 0 0 0 0 0 0 0 0 0 0 0 0 0 0 0 0 0 0 0
SHARD 6684 k=4 m=28 inter=1 colcap=128: NONE visited=2894 time=0.0s
ACCEPTED 0 0 0 0 0 0 0 4 11 25 4 0 0 0 0 0 0 0 0 0 0 0 0 0 0 0 0 0 0
SHARD 6685 k=4 m=28 inter=1 colcap=128: NONE visited=6021200 time=10.4s
ACCEPTED 0 0 0 0 0 0 0 21 251 2159 12066 37297 58710 48638 23686 9659 3003 31 0 0 0 0 0 0 0 0 0 0 0
SHARD 6686 k=4 m=28 inter=1 colcap=128: NONE visited=869218 time=1.5s
ACCEPTED 0 0 0 0 0 0 0 7 57 374 1537 3329 4409 4547 4939 4303 1636 0 0 0 0 0 0 0 0 0 0 0 0
SHARD 6687 k=4 m=28 inter=1 colcap=128: NONE visited=906622 time=1.8s
ACCEPTED 0 0 0 0 0 0 0 10 76 408 1490 3807 6129 6522 5330 4132 1468 0 0 0 0 0 0 0 0 0 0 0 0
SHARD 6688 k=4 m=28 inter=1 colcap=128: NONE visited=415575 time=0.6s
ACCEPTED 0 0 0 0 0 0 0 13 107 692 2451 4176 2883 1181 404 92 6 0 0 0 0 0 0 0 0 0 0 0 0
SHARD 6689 k=4 m=28 inter=1 colcap=128: NONE visited=1123 time=0.0s
ACCEPTED 0 0 0 0 0 0 0 5 8 3 0 0 0 0 0 0 0 0 0 0 0 0 0 0 0 0 0 0 0
SHARD 6690 k=4 m=28 inter=1 colcap=128: NONE visited=67143 time=0.1s
ACCEPTED 0 0 0 0 0 0 0 8 32 107 288 608 781 489 129 4 0 0 0 0 0 0 0 0 0 0 0 0 0
SHARD 6691 k=4 m=28 inter=1 colcap=128: NONE visited=32872 time=0.1s
ACCEPTED 0 0 0 0 0 0 0 1 8 48 185 427 398 170 14 0 0 0 0 0 0 0 0 0 0 0 0 0 0
SHARD 6692 k=4 m=28 inter=1 colcap=128: NONE visited=23351 time=0.0s
ACCEPTED 0 0 0 0 0 0 0 2 10 82 229 261 108 12 1 0 0 0 0 0 0 0 0 0 0 0 0 0 0
SHARD 6693 k=4 m=28 inter=1 colcap=128: NONE visited=3685040 time=6.5s
ACCEPTED 0 0 0 0 0 0 0 17 203 1866 10246 30245 47115 39233 15034 2669 300 21 1 0 0 0 0 0 0 0 0 0 0
SHARD 6694 k=4 m=28 inter=1 colcap=128: NONE visited=9953 time=0.0s
ACCEPTED 0 0 0 0 0 0 0 9 48 123 180 90 28 2 0 0 0 0 0 0 0 0 0 0 0 0 0 0 0
SHARD 6695 k=4 m=28 inter=1 colcap=128: NONE visited=2431437 time=7.2s
ACCEPTED 0 0 0 0 0 0 0 17 200 1464 7153 22546 42411 41460 18316 4925 1312 58 3 0 0 0 0 0 0 0 0 0 0
SHARD 6696 k=4 m=28 inter=1 colcap=128: NONE visited=52 time=0.0s
ACCEPTED 0 0 0 0 0 0 0 1 0 0 0 0 0 0 0 0 0 0 0 0 0 0 0 0 0 0 0 0 0
SHARD 6697 k=4 m=28 inter=1 colcap=128: NONE visited=548 time=0.0s
ACCEPTED 0 0 0 0 0 0 0 3 10 3 2 0 0 0 0 0 0 0 0 0 0 0 0 0 0 0 0 0 0
SHARD 6698 k=4 m=28 inter=1 colcap=128: NONE visited=6643 time=0.0s
ACCEPTED 0 0 0 0 0 0 0 4 23 54 96 87 48 11 0 0 0 0 0 0 0 0 0 0 0 0 0 0 0
SHARD 6699 k=4 m=28 inter=1 colcap=128: NONE visited=91 time=0.0s
ACCEPTED 0 0 0 0 0 0 0 1 0 0 0 0 0 0 0 0 0 0 0 0 0 0 0 0 0 0 0 0 0
SHARD 6700 k=4 m=28 inter=1 colcap=128: NONE visited=493 time=0.0s
ACCEPTED 0 0 0 0 0 0 0 4 5 2 0 0 0 0 0 0 0 0 0 0 0 0 0 0 0 0 0 0 0
SHARD 6701 k=4 m=28 inter=1 colcap=128: NONE visited=4125019411 time=13609.6s
ACCEPTED 0 0 0 0 0 0 0 49 1234 18535 172679 990713 3558216 8470239 15036445 23471816 35854903 51372799 60429708 48393109 20279067 112 2 0 0 0 0 0 0
SHARD 6702 k=4 m=28 inter=1 colcap=128: NONE visited=57848348 time=67.1s
ACCEPTED 0 0 0 0 0 0 0 28 535 5467 33543 129249 322222 525146 579440 459507 291809 186886 181876 145044 65164 21 2 0 0 0 0 0 0
SHARD 6703 k=4 m=28 inter=1 colcap=128: NONE visited=25604340 time=31.0s
ACCEPTED 0 0 0 0 0 0 0 16 246 2796 20941 96000 265583 442476 455275 286842 103604 22247 3178 292 20 0 0 0 0 0 0 0 0
SHARD 6704 k=4 m=28 inter=1 colcap=128: NONE visited=5919520 time=5.6s
ACCEPTED 0 0 0 0 0 0 0 13 131 965 4952 15958 34354 53909 55788 31079 8279 124 0 0 0 0 0 0 0 0 0 0 0
SHARD 6705 k=4 m=28 inter=1 colcap=128: NONE visited=73602322 time=115.9s
ACCEPTED 0 0 0 0 0 0 0 27 423 3985 24306 96295 252279 443752 545603 520865 503344 573222 683356 573951 236626 0 0 0 0 0 0 0 0
SHARD 6706 k=4 m=28 inter=1 colcap=128: NONE visited=42518053 time=67.1s
ACCEPTED 0 0 0 0 0 0 0 19 277 3001 22722 110828 338028 640112 769953 606701 329988 145016 93704 73883 33622 3 0 0 0 0 0 0 0
SHARD 6707 k=4 m=28 inter=1 colcap=128: NONE visited=6964807 time=7.1s
ACCEPTED 0 0 0 0 0 0 0 19 201 1604 8909 30152 60190 69816 52112 27988 9855 312 10 0 0 0 0 0 0 0 0 0 0
SHARD 6708 k=4 m=28 inter=1 colcap=128: NONE visited=20072738 time=24.0s
ACCEPTED 0 0 0 0 0 0 0 21 291 2598 16127 67582 176484 278515 270945 176749 76793 15435 2133 204 73 0 0 0 0 0 0 0 0
SHARD 6709 k=4 m=28 inter=1 colcap=128: NONE visited=136477 time=0.1s
ACCEPTED 0 0 0 0 0 0 0 6 45 238 781 1227 1201 620 82 6 0 0 0 0 0 0 0 0 0 0 0 0 0
SHARD 6710 k=4 m=28 inter=1 colcap=128: NONE visited=4321302 time=4.2s
ACCEPTED 0 0 0 0 0 0 0 18 215 1585 7513 22558 43932 52264 37572 18280 6217 539 45 3 0 0 0 0 0 0 0 0 0
SHARD 6711 k=4 m=28 inter=1 colcap=128: NONE visited=6302544 time=6.8s
ACCEPTED 0 0 0 0 0 0 0 14 171 1539 9545 35801 77786 95697 66694 27389 7032 291 22 0 0 0 0 0 0 0 0 0 0
SHARD 6712 k=4 m=28 inter=1 colcap=128: NONE visited=1528 time=0.0s
ACCEPTED 0 0 0 0 0 0 0 6 15 10 0 0 0 0 0 0 0 0 0 0 0 0 0 0 0 0 0 0 0
SHARD 6713 k=4 m=28 inter=1 colcap=128: NONE visited=73452 time=0.1s
ACCEPTED 0 0 0 0 0 0 0 10 85 303 598 539 175 13 2 0 0 0 0 0 0 0 0 0 0 0 0 0 0
SHARD 6714 k=4 m=28 inter=1 colcap=128: NONE visited=694759 time=0.7s
ACCEPTED 0 0 0 0 0 0 0 7 65 394 1782 4738 8181 8513 5084 1459 239 27 0 0 0 0 0 0 0 0 0 0 0
SHARD 6715 k=4 m=28 inter=1 colcap=128: NONE visited=785295 time=0.7s
ACCEPTED 0 0 0 0 0 0 0 12 94 456 1599 4096 6988 7291 4067 1180 261 0 0 0 0 0 0 0 0 0 0 0 0
SHARD 6716 k=4 m=28 inter=1 colcap=128: NONE visited=15127845 time=18.3s
ACCEPTED 0 0 0 0 0 0 0 10 93 664 3899 16359 49300 107367 165407 170897 112830 54338 34139 20076 7255 13 1 0 0 0 0 0 0
SHARD 6717 k=4 m=28 inter=1 colcap=128: NONE visited=309242 time=0.3s
ACCEPTED 0 0 0 0 0 0 0 8 63 397 1560 3222 3726 1935 447 31 2 0 0 0 0 0 0 0 0 0 0 0 0
SHARD 6718 k=4 m=28 inter=1 colcap=128: NONE visited=29363 time=0.0s
ACCEPTED 0 0 0 0 0 0 0 10 52 146 260 239 140 16 0 0 0 0 0 0 0 0 0 0 0 0 0 0 0
SHARD 6719 k=4 m=28 inter=1 colcap=128: NONE visited=196027 time=0.1s
ACCEPTED 0 0 0 0 0 0 0 15 120 554 1370 1921 1498 538 119 14 0 0 0 0 0 0 0 0 0 0 0 0 0
DONE exit=20
