SHARD 5280 k=4 m=28 inter=1 colcap=128: NONE visited=22526 time=0.0s
ACCEPTED 0 0 0 0 0 0 0 17 89 174 115 25 0 0 0 0 0 0 0 0 0 0 0 0 0 0 0 0 0
SHARD 5281 k=4 m=28 inter=1 colcap=128: NONE visited=152122 time=0.1s
ACCEPTED 0 0 0 0 0 0 0 23 257 1038 1435 749 126 10 0 0 0 0 0 0 0 0 0 0 0 0 0 0 0
SHARD 5282 k=4 m=28 inter=1 colcap=128: NONE visited=28459 time=0.0s
ACCEPTED 0 0 0 0 0 0 0 16 109 243 163 37 2 0 0 0 0 0 0 0 0 0 0 0 0 0 0 0 0
SHARD 5283 k=4 m=28 inter=1 colcap=128: NONE visited=1840 time=0.0s
ACCEPTED 0 0 0 0 0 0 0 3 9 13 8 0 0 0 0 0 0 0 0 0 0 0 0 0 0 0 0 0 0
SHARD 5284 k=4 m=28 inter=1 colcap=128: NONE visited=3676 time=0.0s
ACCEPTED 0 0 0 0 0 0 0 6 24 18 5 0 0 0 0 0 0 0 0 0 0 0 0 0 0 0 0 0 0
SHARD 5285 k=4 m=28 inter=1 colcap=128: NONE visited=4855 time=0.0s
ACCEPTED 0 0 0 0 0 0 0 7 26 37 8 1 0 0 0 0 0 0 0 0 0 0 0 0 0 0 0 0 0
SHARD 5286 k=4 m=28 inter=1 colcap=128: NONE visited=2435 time=0.0s
ACCEPTED 0 0 0 0 0 0 0 4 12 17 6 0 0 0 0 0 0 0 0 0 0 0 0 0 0 0 0 0 0
SHARD 5287 k=4 m=28 inter=1 colcap=128: NONE visited=12111 time=0.0s
ACCEPTED 0 0 0 0 0 0 0 8 36 80 62 22 0 0 0 0 0 0 0 0 0 0 0 0 0 0 0 0 0
SHARD 5288 k=4 m=28 inter=1 colcap=128: NONE visited=24147 time=0.0s
ACCEPTED 0 0 0 0 0 0 0 13 102 233 139 10 0 0 0 0 0 0 0 0 0 0 0 0 0 0 0 0 0
SHARD 5289 k=4 m=28 inter=1 colcap=128: NONE visited=5860 time=0.0s
ACCEPTED 0 0 0 0 0 0 0 8 25 46 21 1 0 0 0 0 0 0 0 0 0 0 0 0 0 0 0 0 0
SHARD 5290 k=4 m=28 inter=1 colcap=128: NONE visited=4046 time=0.0s
ACCEPTED 0 0 0 0 0 0 0 4 18 30 18 3 0 0 0 0 0 0 0 0 0 0 0 0 0 0 0 0 0
SHARD 5291 k=4 m=28 inter=1 colcap=128: NONE visited=123 time=0.0s
ACCEPTED 0 0 0 0 0 0 0 1 0 0 0 0 0 0 0 0 0 0 0 0 0 0 0 0 0 0 0 0 0
SHARD 5292 k=4 m=28 inter=1 colcap=128: NONE visited=293 time=0.0s
ACCEPTED 0 0 0 0 0 0 0 1 3 1 0 0 0 0 0 0 0 0 0 0 0 0 0 0 0 0 0 0 0
SHARD 5293 k=4 m=28 inter=1 colcap=128: NONE visited=166 time=0.0s
ACCEPTED 0 0 0 0 0 0 0 1 0 0 0 0 0 0 0 0 0 0 0 0 0 0 0 0 0 0 0 0 0
SHARD 5294 k=4 m=28 inter=1 colcap=128: NONE visited=622 time=0.0s
ACCEPTED 0 0 0 0 0 0 0 4 5 1 0 0 0 0 0 0 0 0 0 0 0 0 0 0 0 0 0 0 0
SHARD 5295 k=4 m=28 inter=1 colcap=128: NONE visited=52 time=0.0s
ACCEPTED 0 0 0 0 0 0 0 0 0 0 0 0 0 0 0 0 0 0 0 0 0 0 0 0 0 0 0 0 0
SHARD 5296 k=4 m=28 inter=1 colcap=128: NONE visited=114 time=0.0s
ACCEPTED 0 0 0 0 0 0 0 1 0 0 0 0 0 0 0 0 0 0 0 0 0 0 0 0 0 0 0 0 0
SHARD 5297 k=4 m=28 inter=1 colcap=128: NONE visited=6842 time=0.0s
ACCEPTED 0 0 0 0 0 0 0 13 35 62 52 11 1 0 0 0 0 0 0 0 0 0 0 0 0 0 0 0 0
SHARD 5298 k=4 m=28 inter=1 colcap=128: NONE visited=43572 time=0.0s
ACCEPTED 0 0 0 0 0 0 0 28 181 395 291 90 4 0 0 0 0 0 0 0 0 0 0 0 0 0 0 0 0
SHARD 5299 k=4 m=28 inter=1 colcap=128: NONE visited=9991 time=0.0s
ACCEPTED 0 0 0 0 0 0 0 16 41 85 53 2 0 0 0 0 0 0 0 0 0 0 0 0 0 0 0 0 0
SHARD 5300 k=4 m=28 inter=1 colcap=128: NONE visited=249 time=0.0s
ACCEPTED 0 0 0 0 0 0 0 3 2 1 0 0 0 0 0 0 0 0 0 0 0 0 0 0 0 0 0 0 0
SHARD 5301 k=4 m=28 inter=1 colcap=128: NONE visited=4181 time=0.0s
ACCEPTED 0 0 0 0 0 0 0 9 35 33 3 0 0 0 0 0 0 0 0 0 0 0 0 0 0 0 0 0 0
SHARD 5302 k=4 m=28 inter=1 colcap=128: NONE visited=1123 time=0.0s
ACCEPTED 0 0 0 0 0 0 0 7 14 9 1 0 0 0 0 0 0 0 0 0 0 0 0 0 0 0 0 0 0
SHARD 5303 k=4 m=28 inter=1 colcap=128: NONE visited=2072 time=0.0s
ACCEPTED 0 0 0 0 0 0 0 9 18 12 1 0 0 0 0 0 0 0 0 0 0 0 0 0 0 0 0 0 0
SHARD 5304 k=4 m=28 inter=1 colcap=128: NONE visited=7145 time=0.0s
ACCEPTED 0 0 0 0 0 0 0 11 41 56 24 1 0 0 0 0 0 0 0 0 0 0 0 0 0 0 0 0 0
SHARD 5305 k=4 m=28 inter=1 colcap=128: NONE visited=2967 time=0.0s
ACCEPTED 0 0 0 0 0 0 0 9 22 20 9 0 0 0 0 0 0 0 0 0 0 0 0 0 0 0 0 0 0
SHARD 5306 k=4 m=28 inter=1 colcap=128: NONE visited=5186 time=0.0s
ACCEPTED 0 0 0 0 0 0 0 10 30 32 16 0 0 0 0 0 0 0 0 0 0 0 0 0 0 0 0 0 0
SHARD 5307 k=4 m=28 inter=1 colcap=128: NONE visited=275678 time=0.2s
ACCEPTED 0 0 0 0 0 0 0 32 347 1473 2614 2018 732 155 4 0 0 0 0 0 0 0 0 0 0 0 0 0 0
SHARD 5308 k=4 m=28 inter=1 colcap=128: NONE visited=2741 time=0.0s
ACCEPTED 0 0 0 0 0 0 0 6 17 19 8 0 0 0 0 0 0 0 0 0 0 0 0 0 0 0 0 0 0
SHARD 5309 k=4 m=28 inter=1 colcap=128: NONE visited=1862 time=0.0s
ACCEPTED 0 0 0 0 0 0 0 7 17 10 0 0 0 0 0 0 0 0 0 0 0 0 0 0 0 0 0 0 0
SHARD 5310 k=4 m=28 inter=1 colcap=128: NONE visited=150 time=0.0s
ACCEPTED 0 0 0 0 0 0 0 2 0 0 0 0 0 0 0 0 0 0 0 0 0 0 0 0 0 0 0 0 0
SHARD 5311 k=4 m=28 inter=1 colcap=128: NONE visited=446 time=0.0s
ACCEPTED 0 0 0 0 0 0 0 3 3 2 0 0 0 0 0 0 0 0 0 0 0 0 0 0 0 0 0 0 0
SHARD 5312 k=4 m=28 inter=1 colcap=128: NONE visited=203 time=0.0s
ACCEPTED 0 0 0 0 0 0 0 1 1 0 0 0 0 0 0 0 0 0 0 0 0 0 0 0 0 0 0 0 0
SHARD 5313 k=4 m=28 inter=1 colcap=128: NONE visited=51 time=0.0s
ACCEPTED 0 0 0 0 0 0 0 0 0 0 0 0 0 0 0 0 0 0 0 0 0 0 0 0 0 0 0 0 0
SHARD 5314 k=4 m=28 inter=1 colcap=128: NONE visited=587 time=0.0s
ACCEPTED 0 0 0 0 0 0 0 3 7 5 0 0 0 0 0 0 0 0 0 0 0 0 0 0 0 0 0 0 0
SHARD 5315 k=4 m=28 inter=1 colcap=128: NONE visited=663 time=0.0s
ACCEPTED 0 0 0 0 0 0 0 6 7 2 0 0 0 0 0 0 0 0 0 0 0 0 0 0 0 0 0 0 0
SHARD 5316 k=4 m=28 inter=1 colcap=128: NONE visited=766 time=0.0s
ACCEPTED 0 0 0 0 0 0 0 5 6 1 0 0 0 0 0 0 0 0 0 0 0 0 0 0 0 0 0 0 0
SHARD 5317 k=4 m=28 inter=1 colcap=128: NONE visited=49 time=0.0s
ACCEPTED 0 0 0 0 0 0 0 0 0 0 0 0 0 0 0 0 0 0 0 0 0 0 0 0 0 0 0 0 0
SHARD 5318 k=4 m=28 inter=1 colcap=128: NONE visited=16440 time=0.0s
ACCEPTED 0 0 0 0 0 0 0 13 66 188 176 35 0 0 0 0 0 0 0 0 0 0 0 0 0 0 0 0 0
SHARD 5319 k=4 m=28 inter=1 colcap=128: NONE visited=84467 time=0.1s
ACCEPTED 0 0 0 0 0 0 0 32 263 822 836 264 40 2 0 0 0 0 0 0 0 0 0 0 0 0 0 0 0
DONE exit=20
