SHARD 6280 k=4 m=28 inter=1 colcap=128: NONE visited=53141860 time=178.2s
ACCEPTED 0 0 0 0 0 0 0 13 102 687 3708 13831 33436 59124 99903 201704 417941 672162 713663 512810 172844 0 0 0 0 0 0 0 0
SHARD 6281 k=4 m=28 inter=1 colcap=128: NONE visited=11876947 time=25.2s
ACCEPTED 0 0 0 0 0 0 0 42 689 5672 26121 77297 151654 187450 139928 61217 14778 1962 142 2 0 0 0 0 0 0 0 0 0
SHARD 6282 k=4 m=28 inter=1 colcap=128: NONE visited=23495119 time=59.4s
ACCEPTED 0 0 0 0 0 0 0 35 567 5345 30897 112512 262064 387692 373764 248676 125746 50151 13929 2070 129 1 0 0 0 0 0 0 0
SHARD 6283 k=4 m=28 inter=1 colcap=128: NONE visited=18207014 time=35.6s
ACCEPTED 0 0 0 0 0 0 0 47 916 9156 49944 152547 265510 264149 156870 55571 11055 1271 98 1 0 0 0 0 0 0 0 0 0
SHARD 6284 k=4 m=28 inter=1 colcap=128: NONE visited=2356065 time=4.2s
ACCEPTED 0 0 0 0 0 0 0 30 400 2775 10281 23934 34215 25272 7971 747 14 0 0 0 0 0 0 0 0 0 0 0 0
SHARD 6285 k=4 m=28 inter=1 colcap=128: NONE visited=14225424 time=27.7s
ACCEPTED 0 0 0 0 0 0 0 45 827 7643 39013 114319 192653 186263 106367 36564 7353 866 52 0 0 0 0 0 0 0 0 0 0
SHARD 6286 k=4 m=28 inter=1 colcap=128: NONE visited=78267348 time=195.6s
ACCEPTED 0 0 0 0 0 0 0 43 871 10428 77191 347752 929879 1467162 1405916 822224 290875 61155 4983 169 2 0 0 0 0 0 0 0 0
SHARD 6287 k=4 m=28 inter=1 colcap=128: NONE visited=58525971 time=133.2s
ACCEPTED 0 0 0 0 0 0 0 52 1156 13721 92614 364257 834085 1080819 793133 332085 88775 16619 1949 128 4 0 0 0 0 0 0 0 0
SHARD 6288 k=4 m=28 inter=1 colcap=128: NONE visited=223190 time=0.3s
ACCEPTED 0 0 0 0 0 0 0 15 114 617 1495 2078 1724 808 155 12 0 0 0 0 0 0 0 0 0 0 0 0 0
SHARD 6289 k=4 m=28 inter=1 colcap=128: NONE visited=5133978 time=10.2s
ACCEPTED 0 0 0 0 0 0 0 31 413 3301 16990 49655 76175 58659 23630 4891 704 56 0 0 0 0 0 0 0 0 0 0 0
SHARD 6290 k=4 m=28 inter=1 colcap=128: NONE visited=1423323 time=3.0s
ACCEPTED 0 0 0 0 0 0 0 14 108 943 5520 15245 20759 14070 4717 577 15 0 0 0 0 0 0 0 0 0 0 0 0
SHARD 6291 k=4 m=28 inter=1 colcap=128: NONE visited=233320 time=0.3s
ACCEPTED 0 0 0 0 0 0 0 20 196 960 2171 2328 1271 366 51 0 0 0 0 0 0 0 0 0 0 0 0 0 0
SHARD 6292 k=4 m=28 inter=1 colcap=128: NONE visited=3104738 time=5.6s
ACCEPTED 0 0 0 0 0 0 0 21 290 2245 9958 25247 38770 37470 23848 11606 4572 909 20 0 0 0 0 0 0 0 0 0 0
SHARD 6293 k=4 m=28 inter=1 colcap=128: NONE visited=583003 time=0.9s
ACCEPTED 0 0 0 0 0 0 0 16 178 1065 3790 7272 7043 2996 519 28 1 0 0 0 0 0 0 0 0 0 0 0 0
SHARD 6294 k=4 m=28 inter=1 colcap=128: NONE visited=2642448 time=5.3s
ACCEPTED 0 0 0 0 0 0 0 18 255 2156 10384 26933 39136 32518 15575 4293 498 23 1 0 0 0 0 0 0 0 0 0 0
SHARD 6295 k=4 m=28 inter=1 colcap=128: NONE visited=4093379 time=7.5s
ACCEPTED 0 0 0 0 0 0 0 37 583 4759 20140 44600 54681 37403 14590 3315 398 15 0 0 0 0 0 0 0 0 0 0 0
SHARD 6296 k=4 m=28 inter=1 colcap=128: NONE visited=17505 time=0.0s
ACCEPTED 0 0 0 0 0 0 0 8 47 131 154 91 15 0 0 0 0 0 0 0 0 0 0 0 0 0 0 0 0
SHARD 6297 k=4 m=28 inter=1 colcap=128: NONE visited=221672 time=0.3s
ACCEPTED 0 0 0 0 0 0 0 18 122 451 1234 2320 2246 1080 255 31 1 0 0 0 0 0 0 0 0 0 0 0 0
SHARD 6298 k=4 m=28 inter=1 colcap=128: NONE visited=7239237 time=14.9s
ACCEPTED 0 0 0 0 0 0 0 23 278 2240 11709 38341 77612 97056 76638 40240 13791 2727 417 50 0 0 0 0 0 0 0 0 0
SHARD 6299 k=4 m=28 inter=1 colcap=128: NONE visited=2033825 time=3.9s
ACCEPTED 0 0 0 0 0 0 0 23 246 1653 7219 18482 26179 19694 7468 1236 101 2 0 0 0 0 0 0 0 0 0 0 0
SHARD 6300 k=4 m=28 inter=1 colcap=128: NONE visited=10927 time=0.0s
ACCEPTED 0 0 0 0 0 0 0 3 21 76 93 59 5 0 0 0 0 0 0 0 0 0 0 0 0 0 0 0 0
SHARD 6301 k=4 m=28 inter=1 colcap=128: NONE visited=194566 time=0.3s
ACCEPTED 0 0 0 0 0 0 0 23 204 838 1708 1626 746 123 5 0 0 0 0 0 0 0 0 0 0 0 0 0 0
SHARD 6302 k=4 m=28 inter=1 colcap=128: NONE visited=1236417 time=2.4s
ACCEPTED 0 0 0 0 0 0 0 20 174 949 3320 7343 11449 14005 13262 8883 3554 570 31 0 0 0 0 0 0 0 0 0 0
SHARD 6303 k=4 m=28 inter=1 colcap=128: NONE visited=247165 time=0.4s
ACCEPTED 0 0 0 0 0 0 0 23 207 882 1934 2115 1195 388 56 5 1 0 0 0 0 0 0 0 0 0 0 0 0
SHARD 6304 k=4 m=28 inter=1 colcap=128: NONE visited=10546 time=0.0s
ACCEPTED 0 0 0 0 0 0 0 9 38 70 70 36 0 0 0 0 0 0 0 0 0 0 0 0 0 0 0 0 0
SHARD 6305 k=4 m=28 inter=1 colcap=128: NONE visited=192268 time=0.3s
ACCEPTED 0 0 0 0 0 0 0 17 121 506 1322 1920 1470 605 108 5 1 0 0 0 0 0 0 0 0 0 0 0 0
SHARD 6306 k=4 m=28 inter=1 colcap=128: NONE visited=511505 time=0.7s
ACCEPTED 0 0 0 0 0 0 0 24 254 1361 3759 5310 3688 1277 278 34 4 0 0 0 0 0 0 0 0 0 0 0 0
SHARD 6307 k=4 m=28 inter=1 colcap=128: NONE visited=321246 time=0.5s
ACCEPTED 0 0 0 0 0 0 0 15 107 472 1548 3271 3359 1687 465 64 3 0 0 0 0 0 0 0 0 0 0 0 0
SHARD 6308 k=4 m=28 inter=1 colcap=128: NONE visited=548733 time=0.9s
ACCEPTED 0 0 0 0 0 0 0 17 150 813 2710 5470 6441 4085 1267 201 16 0 0 0 0 0 0 0 0 0 0 0 0
SHARD 6309 k=4 m=28 inter=1 colcap=128: NONE visited=89344 time=0.1s
ACCEPTED 0 0 0 0 0 0 0 8 60 316 807 833 294 26 5 0 0 0 0 0 0 0 0 0 0 0 0 0 0
SHARD 6310 k=4 m=28 inter=1 colcap=128: NONE visited=371908 time=0.6s
ACCEPTED 0 0 0 0 0 0 0 15 121 615 1970 3874 4496 2952 1058 181 15 0 0 0 0 0 0 0 0 0 0 0 0
SHARD 6311 k=4 m=28 inter=1 colcap=128: NONE visited=877351 time=1.5s
ACCEPTED 0 0 0 0 0 0 0 12 95 551 2284 6101 9752 9138 5070 1644 253 10 0 0 0 0 0 0 0 0 0 0 0
SHARD 6312 k=4 m=28 inter=1 colcap=128: NONE visited=266908 time=0.4s
ACCEPTED 0 0 0 0 0 0 0 17 129 576 1621 2563 2126 904 255 38 3 0 0 0 0 0 0 0 0 0 0 0 0
SHARD 6313 k=4 m=28 inter=1 colcap=128: NONE visited=5533797 time=10.4s
ACCEPTED 0 0 0 0 0 0 0 19 229 2044 12209 42342 79956 82021 45145 12956 2080 236 25 6 1 0 0 0 0 0 0 0 0
SHARD 6314 k=4 m=28 inter=1 colcap=128: NONE visited=1331029 time=2.3s
ACCEPTED 0 0 0 0 0 0 0 19 198 1248 4638 10083 12995 11693 8563 4435 990 77 6 0 0 0 0 0 0 0 0 0 0
SHARD 6315 k=4 m=28 inter=1 colcap=128: NONE visited=97985 time=0.2s
ACCEPTED 0 0 0 0 0 0 0 6 33 216 746 1168 717 163 9 0 0 0 0 0 0 0 0 0 0 0 0 0 0
SHARD 6316 k=4 m=28 inter=1 colcap=128: NONE visited=261185 time=0.4s
ACCEPTED 0 0 0 0 0 0 0 12 82 417 1520 2987 2484 861 120 7 0 0 0 0 0 0 0 0 0 0 0 0 0
SHARD 6317 k=4 m=28 inter=1 colcap=128: NONE visited=47802 time=0.1s
ACCEPTED 0 0 0 0 0 0 0 5 26 109 279 468 368 61 1 0 0 0 0 0 0 0 0 0 0 0 0 0 0
SHARD 6318 k=4 m=28 inter=1 colcap=128: NONE visited=96060 time=0.1s
ACCEPTED 0 0 0 0 0 0 0 8 47 216 630 1014 723 212 12 0 0 0 0 0 0 0 0 0 0 0 0 0 0
SHARD 6319 k=4 m=28 inter=1 colcap=128: NONE visited=59088 time=0.1s
ACCEPTED 0 0 0 0 0 0 0 9 41 141 387 552 313 121 38 9 1 0 0 0 0 0 0 0 0 0 0 0 0
DONE exit=20
