SHARD 10320 k=4 m=28 inter=1 colcap=128: NONE visited=14591 time=0.0s
ACCEPTED 0 0 0 0 0 0 0 3 13 44 106 177 125 38 0 0 0 0 0 0 0 0 0 0 0 0 0 0 0
SHARD 10321 k=4 m=28 inter=1 colcap=128: NONE visited=720407 time=0.6s
ACCEPTED 0 0 0 0 0 0 0 10 76 440 1764 4866 9438 13212 13108 7673 1819 20 0 0 0 0 0 0 0 0 0 0 0
SHARD 10322 k=4 m=28 inter=1 colcap=128: NONE visited=259912 time=0.2s
ACCEPTED 0 0 0 0 0 0 0 8 52 294 1079 2342 3243 3043 1973 124 20 0 0 0 0 0 0 0 0 0 0 0 0
SHARD 10323 k=4 m=28 inter=1 colcap=128: NONE visited=3093784 time=3.6s
ACCEPTED 0 0 0 0 0 0 0 20 211 1558 7977 27727 63085 87441 67182 25962 4935 576 38 0 0 0 0 0 0 0 0 0 0
SHARD 10324 k=4 m=28 inter=1 colcap=128: NONE visited=1552759 time=1.5s
ACCEPTED 0 0 0 0 0 0 0 14 110 633 2699 8425 19030 29772 31567 22514 10781 1640 1 0 0 0 0 0 0 0 0 0 0
SHARD 10325 k=4 m=28 inter=1 colcap=128: NONE visited=849 time=0.0s
ACCEPTED 0 0 0 0 0 0 0 2 5 10 13 2 0 0 0 0 0 0 0 0 0 0 0 0 0 0 0 0 0
SHARD 10326 k=4 m=28 inter=1 colcap=128: NONE visited=689843 time=0.7s
ACCEPTED 0 0 0 0 0 0 0 9 55 261 992 3005 6373 8921 8126 6884 4160 185 0 0 0 0 0 0 0 0 0 0 0
SHARD 10327 k=4 m=28 inter=1 colcap=128: NONE visited=5647808 time=6.8s
ACCEPTED 0 0 0 0 0 0 0 18 204 1635 8805 30955 71784 114317 131400 113334 72208 25898 755 4 0 0 0 0 0 0 0 0 0
SHARD 10328 k=4 m=28 inter=1 colcap=128: NONE visited=6370699 time=6.9s
ACCEPTED 0 0 0 0 0 0 0 19 191 1348 6676 23287 58544 104484 130587 112250 65361 22229 16 0 0 0 0 0 0 0 0 0 0
SHARD 10329 k=4 m=28 inter=1 colcap=128: NONE visited=14137 time=0.0s
ACCEPTED 0 0 0 0 0 0 0 8 36 97 132 71 14 0 0 0 0 0 0 0 0 0 0 0 0 0 0 0 0
SHARD 10330 k=4 m=28 inter=1 colcap=128: NONE visited=434140 time=0.3s
ACCEPTED 0 0 0 0 0 0 0 10 79 524 2291 5387 6381 3511 968 126 10 0 0 0 0 0 0 0 0 0 0 0 0
SHARD 10331 k=4 m=28 inter=1 colcap=128: NONE visited=8361 time=0.0s
ACCEPTED 0 0 0 0 0 0 0 4 17 69 80 46 13 0 0 0 0 0 0 0 0 0 0 0 0 0 0 0 0
SHARD 10332 k=4 m=28 inter=1 colcap=128: NONE visited=84588 time=0.0s
ACCEPTED 0 0 0 0 0 0 0 11 80 351 745 870 560 188 28 0 0 0 0 0 0 0 0 0 0 0 0 0 0
SHARD 10333 k=4 m=28 inter=1 colcap=128: NONE visited=183100 time=0.1s
ACCEPTED 0 0 0 0 0 0 0 18 155 739 1715 1805 841 196 20 1 0 0 0 0 0 0 0 0 0 0 0 0 0
SHARD 10334 k=4 m=28 inter=1 colcap=128: NONE visited=6003136 time=4.5s
ACCEPTED 0 0 0 0 0 0 0 31 451 3822 18460 50717 82059 79131 46896 17098 3916 372 32 3 0 0 0 0 0 0 0 0 0
SHARD 10335 k=4 m=28 inter=1 colcap=128: NONE visited=2975940 time=2.2s
ACCEPTED 0 0 0 0 0 0 0 25 290 2046 8721 22883 38441 40940 26465 10080 2031 144 5 0 0 0 0 0 0 0 0 0 0
SHARD 10336 k=4 m=28 inter=1 colcap=128: NONE visited=4951 time=0.0s
ACCEPTED 0 0 0 0 0 0 0 2 12 35 49 28 3 0 0 0 0 0 0 0 0 0 0 0 0 0 0 0 0
SHARD 10337 k=4 m=28 inter=1 colcap=128: NONE visited=44638 time=0.0s
ACCEPTED 0 0 0 0 0 0 0 8 40 132 306 420 347 159 43 5 0 0 0 0 0 0 0 0 0 0 0 0 0
SHARD 10338 k=4 m=28 inter=1 colcap=128: NONE visited=226764 time=0.2s
ACCEPTED 0 0 0 0 0 0 0 8 53 280 1012 2191 2758 1912 680 202 42 5 0 0 0 0 0 0 0 0 0 0 0
SHARD 10339 k=4 m=28 inter=1 colcap=128: NONE visited=89578 time=0.1s
ACCEPTED 0 0 0 0 0 0 0 5 31 144 496 981 1018 582 83 6 0 0 0 0 0 0 0 0 0 0 0 0 0
SHARD 10340 k=4 m=28 inter=1 colcap=128: NONE visited=28523403 time=24.7s
ACCEPTED 0 0 0 0 0 0 0 29 504 5749 40514 164793 377494 492270 385070 194287 71204 19109 3287 551 0 0 0 0 0 0 0 0 0
SHARD 10341 k=4 m=28 inter=1 colcap=128: NONE visited=18220 time=0.0s
ACCEPTED 0 0 0 0 0 0 0 8 33 109 201 165 45 2 0 0 0 0 0 0 0 0 0 0 0 0 0 0 0
SHARD 10342 k=4 m=28 inter=1 colcap=128: NONE visited=3638580 time=2.9s
ACCEPTED 0 0 0 0 0 0 0 26 342 2654 11961 31248 48898 47579 28782 10970 2642 442 43 1 0 0 0 0 0 0 0 0 0
SHARD 10343 k=4 m=28 inter=1 colcap=128: NONE visited=18834724 time=18.1s
ACCEPTED 0 0 0 0 0 0 0 18 231 2155 13603 55606 145873 248437 281909 221095 128669 65949 35221 15093 1614 0 0 0 0 0 0 0 0
SHARD 10344 k=4 m=28 inter=1 colcap=128: NONE visited=2381274 time=1.8s
ACCEPTED 0 0 0 0 0 0 0 17 170 1322 6937 20688 32743 28109 13716 3924 655 29 0 0 0 0 0 0 0 0 0 0 0
SHARD 10345 k=4 m=28 inter=1 colcap=128: NONE visited=255 time=0.0s
ACCEPTED 0 0 0 0 0 0 0 2 0 0 0 0 0 0 0 0 0 0 0 0 0 0 0 0 0 0 0 0 0
SHARD 10346 k=4 m=28 inter=1 colcap=128: NONE visited=697 time=0.0s
ACCEPTED 0 0 0 0 0 0 0 3 4 3 0 0 0 0 0 0 0 0 0 0 0 0 0 0 0 0 0 0 0
SHARD 10347 k=4 m=28 inter=1 colcap=128: NONE visited=99 time=0.0s
ACCEPTED 0 0 0 0 0 0 0 0 0 0 0 0 0 0 0 0 0 0 0 0 0 0 0 0 0 0 0 0 0
SHARD 10348 k=4 m=28 inter=1 colcap=128: NONE visited=109 time=0.0s
ACCEPTED 0 0 0 0 0 0 0 1 0 0 0 0 0 0 0 0 0 0 0 0 0 0 0 0 0 0 0 0 0
SHARD 10349 k=4 m=28 inter=1 colcap=128: NONE visited=4607012 time=3.3s
ACCEPTED 0 0 0 0 0 0 0 34 531 4588 21774 52988 61753 32847 7942 797 41 1 0 0 0 0 0 0 0 0 0 0 0
SHARD 10350 k=4 m=28 inter=1 colcap=128: NONE visited=524 time=0.0s
ACCEPTED 0 0 0 0 0 0 0 4 5 0 0 0 0 0 0 0 0 0 0 0 0 0 0 0 0 0 0 0 0
SHARD 10351 k=4 m=28 inter=1 colcap=128: NONE visited=5475 time=0.0s
ACCEPTED 0 0 0 0 0 0 0 11 44 53 12 0 0 0 0 0 0 0 0 0 0 0 0 0 0 0 0 0 0
SHARD 10352 k=4 m=28 inter=1 colcap=128: NONE visited=105042 time=0.1s
ACCEPTED 0 0 0 0 0 0 0 9 51 218 559 998 1324 981 371 75 4 0 0 0 0 0 0 0 0 0 0 0 0
SHARD 10353 k=4 m=28 inter=1 colcap=128: NONE visited=5548 time=0.0s
ACCEPTED 0 0 0 0 0 0 0 7 25 41 26 7 0 0 0 0 0 0 0 0 0 0 0 0 0 0 0 0 0
SHARD 10354 k=4 m=28 inter=1 colcap=128: NONE visited=38507 time=0.0s
ACCEPTED 0 0 0 0 0 0 0 9 42 133 284 374 223 77 13 1 0 0 0 0 0 0 0 0 0 0 0 0 0
SHARD 10355 k=4 m=28 inter=1 colcap=128: NONE visited=426 time=0.0s
ACCEPTED 0 0 0 0 0 0 0 3 3 3 0 0 0 0 0 0 0 0 0 0 0 0 0 0 0 0 0 0 0
SHARD 10356 k=4 m=28 inter=1 colcap=128: NONE visited=238 time=0.0s
ACCEPTED 0 0 0 0 0 0 0 1 2 1 0 0 0 0 0 0 0 0 0 0 0 0 0 0 0 0 0 0 0
SHARD 10357 k=4 m=28 inter=1 colcap=128: NONE visited=34513 time=0.0s
ACCEPTED 0 0 0 0 0 0 0 5 34 138 307 316 136 21 2 0 0 0 0 0 0 0 0 0 0 0 0 0 0
SHARD 10358 k=4 m=28 inter=1 colcap=128: NONE visited=12357148 time=9.5s
ACCEPTED 0 0 0 0 0 0 0 30 468 4556 26758 89765 170156 181017 101617 29052 3605 224 14 0 0 0 0 0 0 0 0 0 0
SHARD 10359 k=4 m=28 inter=1 colcap=128: NONE visited=3172262 time=2.2s
ACCEPTED 0 0 0 0 0 0 0 26 359 2942 13603 33289 42315 29477 11765 2790 470 37 1 0 0 0 0 0 0 0 0 0 0
DONE exit=20
