SHARD 8240 k=4 m=28 inter=1 colcap=128: NONE visited=120426 time=0.1s
ACCEPTED 0 0 0 0 0 0 0 8 52 281 892 1400 966 252 31 2 0 0 0 0 0 0 0 0 0 0 0 0 0
SHARD 8241 k=4 m=28 inter=1 colcap=128: NONE visited=668891 time=0.5s
ACCEPTED 0 0 0 0 0 0 0 10 63 429 2043 5673 8879 7541 2700 356 24 0 0 0 0 0 0 0 0 0 0 0 0
SHARD 8242 k=4 m=28 inter=1 colcap=128: NONE visited=3967261 time=4.2s
ACCEPTED 0 0 0 0 0 0 0 16 148 1036 5248 19082 48053 79298 81246 51457 24016 6830 17 0 0 0 0 0 0 0 0 0 0
SHARD 8243 k=4 m=28 inter=1 colcap=128: NONE visited=25930590 time=25.9s
ACCEPTED 0 0 0 0 0 0 0 22 309 3153 21731 96909 270682 469271 508236 350018 148262 29233 1009 52 1 0 0 0 0 0 0 0 0
SHARD 8244 k=4 m=28 inter=1 colcap=128: NONE visited=2313439 time=1.7s
ACCEPTED 0 0 0 0 0 0 0 15 113 738 3301 10018 20094 28648 28408 14789 3657 228 6 0 0 0 0 0 0 0 0 0 0
SHARD 8245 k=4 m=28 inter=1 colcap=128: NONE visited=10286953 time=10.1s
ACCEPTED 0 0 0 0 0 0 0 21 256 2227 13338 52560 130459 197372 179927 99507 30637 3975 288 4 0 0 0 0 0 0 0 0 0
SHARD 8246 k=4 m=28 inter=1 colcap=128: NONE visited=12887 time=0.0s
ACCEPTED 0 0 0 0 0 0 0 3 17 56 127 127 42 3 0 0 0 0 0 0 0 0 0 0 0 0 0 0 0
SHARD 8247 k=4 m=28 inter=1 colcap=128: NONE visited=3658353 time=3.2s
ACCEPTED 0 0 0 0 0 0 0 14 133 985 5174 18469 42560 62090 57374 31912 10165 1655 67 0 0 0 0 0 0 0 0 0 0
SHARD 8248 k=4 m=28 inter=1 colcap=128: NONE visited=5547918 time=6.7s
ACCEPTED 0 0 0 0 0 0 0 3 34 281 2159 11619 42042 96419 140787 130735 78054 29379 7057 358 5 0 0 0 0 0 0 0 0
SHARD 8249 k=4 m=28 inter=1 colcap=128: NONE visited=62671 time=0.0s
ACCEPTED 0 0 0 0 0 0 0 3 18 114 381 719 397 60 3 0 0 0 0 0 0 0 0 0 0 0 0 0 0
SHARD 8250 k=4 m=28 inter=1 colcap=128: NONE visited=4742617 time=3.9s
ACCEPTED 0 0 0 0 0 0 0 14 145 1166 6426 23631 55251 76732 59499 22389 4702 250 11 0 0 0 0 0 0 0 0 0 0
SHARD 8251 k=4 m=28 inter=1 colcap=128: NONE visited=60285 time=0.0s
ACCEPTED 0 0 0 0 0 0 0 13 88 318 559 495 211 37 3 0 0 0 0 0 0 0 0 0 0 0 0 0 0
SHARD 8252 k=4 m=28 inter=1 colcap=128: NONE visited=372599 time=0.2s
ACCEPTED 0 0 0 0 0 0 0 17 155 842 2602 4474 4179 2138 693 137 14 1 0 0 0 0 0 0 0 0 0 0 0
SHARD 8253 k=4 m=28 inter=1 colcap=128: NONE visited=5939 time=0.0s
ACCEPTED 0 0 0 0 0 0 0 4 16 51 46 22 4 0 0 0 0 0 0 0 0 0 0 0 0 0 0 0 0
SHARD 8254 k=4 m=28 inter=1 colcap=128: NONE visited=177176 time=0.1s
ACCEPTED 0 0 0 0 0 0 0 10 56 220 704 1557 1814 1184 372 14 0 0 0 0 0 0 0 0 0 0 0 0 0
SHARD 8255 k=4 m=28 inter=1 colcap=128: NONE visited=25657 time=0.0s
ACCEPTED 0 0 0 0 0 0 0 12 63 183 233 108 10 0 0 0 0 0 0 0 0 0 0 0 0 0 0 0 0
SHARD 8256 k=4 m=28 inter=1 colcap=128: NONE visited=1275125 time=0.9s
ACCEPTED 0 0 0 0 0 0 0 19 201 1417 5901 13352 15406 9540 3916 1055 75 1 0 0 0 0 0 0 0 0 0 0 0
SHARD 8257 k=4 m=28 inter=1 colcap=128: NONE visited=641316 time=0.4s
ACCEPTED 0 0 0 0 0 0 0 18 166 897 3031 6384 7988 5355 2287 758 170 11 0 0 0 0 0 0 0 0 0 0 0
SHARD 8258 k=4 m=28 inter=1 colcap=128: NONE visited=1470071 time=0.9s
ACCEPTED 0 0 0 0 0 0 0 22 248 1648 6520 14476 17670 12586 5720 1452 75 5 0 0 0 0 0 0 0 0 0 0 0
SHARD 8259 k=4 m=28 inter=1 colcap=128: NONE visited=70375 time=0.0s
ACCEPTED 0 0 0 0 0 0 0 11 58 188 424 654 572 252 30 0 0 0 0 0 0 0 0 0 0 0 0 0 0
SHARD 8260 k=4 m=28 inter=1 colcap=128: NONE visited=736589 time=0.5s
ACCEPTED 0 0 0 0 0 0 0 12 105 687 2939 7163 9775 7257 3097 846 107 8 0 0 0 0 0 0 0 0 0 0 0
SHARD 8261 k=4 m=28 inter=1 colcap=128: NONE visited=12077 time=0.0s
ACCEPTED 0 0 0 0 0 0 0 6 27 74 105 88 35 2 0 0 0 0 0 0 0 0 0 0 0 0 0 0 0
SHARD 8262 k=4 m=28 inter=1 colcap=128: NONE visited=312672 time=0.2s
ACCEPTED 0 0 0 0 0 0 0 8 59 317 1239 3182 4766 3650 1052 126 0 0 0 0 0 0 0 0 0 0 0 0 0
SHARD 8263 k=4 m=28 inter=1 colcap=128: NONE visited=1821 time=0.0s
ACCEPTED 0 0 0 0 0 0 0 4 8 13 9 1 0 0 0 0 0 0 0 0 0 0 0 0 0 0 0 0 0
SHARD 8264 k=4 m=28 inter=1 colcap=128: NONE visited=1450 time=0.0s
ACCEPTED 0 0 0 0 0 0 0 6 11 6 1 0 0 0 0 0 0 0 0 0 0 0 0 0 0 0 0 0 0
SHARD 8265 k=4 m=28 inter=1 colcap=128: NONE visited=5065194 time=4.3s
ACCEPTED 0 0 0 0 0 0 0 10 125 1050 6155 22616 50955 68887 58716 35844 20684 11270 4032 803 2 0 0 0 0 0 0 0 0
SHARD 8266 k=4 m=28 inter=1 colcap=128: NONE visited=202915 time=0.1s
ACCEPTED 0 0 0 0 0 0 0 9 66 394 1457 2577 1730 431 28 0 0 0 0 0 0 0 0 0 0 0 0 0 0
SHARD 8267 k=4 m=28 inter=1 colcap=128: NONE visited=5855 time=0.0s
ACCEPTED 0 0 0 0 0 0 0 2 13 32 45 33 0 0 0 0 0 0 0 0 0 0 0 0 0 0 0 0 0
SHARD 8268 k=4 m=28 inter=1 colcap=128: NONE visited=1093765 time=0.8s
ACCEPTED 0 0 0 0 0 0 0 13 127 868 3830 10021 14869 12298 5905 1585 249 36 6 0 0 0 0 0 0 0 0 0 0
SHARD 8269 k=4 m=28 inter=1 colcap=128: NONE visited=103692 time=0.1s
ACCEPTED 0 0 0 0 0 0 0 5 32 146 498 979 1012 593 190 25 0 0 0 0 0 0 0 0 0 0 0 0 0
SHARD 8270 k=4 m=28 inter=1 colcap=128: NONE visited=256 time=0.0s
ACCEPTED 0 0 0 0 0 0 0 2 0 0 0 0 0 0 0 0 0 0 0 0 0 0 0 0 0 0 0 0 0
SHARD 8271 k=4 m=28 inter=1 colcap=128: NONE visited=1513 time=0.0s
ACCEPTED 0 0 0 0 0 0 0 5 12 7 0 0 0 0 0 0 0 0 0 0 0 0 0 0 0 0 0 0 0
SHARD 8272 k=4 m=28 inter=1 colcap=128: NONE visited=234748 time=0.1s
ACCEPTED 0 0 0 0 0 0 0 11 83 402 1117 1808 1974 1514 715 243 51 7 0 0 0 0 0 0 0 0 0 0 0
SHARD 8273 k=4 m=28 inter=1 colcap=128: NONE visited=2404861 time=1.5s
ACCEPTED 0 0 0 0 0 0 0 32 445 3112 11201 21496 23338 13062 3519 370 30 0 0 0 0 0 0 0 0 0 0 0 0
SHARD 8274 k=4 m=28 inter=1 colcap=128: NONE visited=169 time=0.0s
ACCEPTED 0 0 0 0 0 0 0 1 0 0 0 0 0 0 0 0 0 0 0 0 0 0 0 0 0 0 0 0 0
SHARD 8275 k=4 m=28 inter=1 colcap=128: NONE visited=428 time=0.0s
ACCEPTED 0 0 0 0 0 0 0 2 4 1 0 0 0 0 0 0 0 0 0 0 0 0 0 0 0 0 0 0 0
SHARD 8276 k=4 m=28 inter=1 colcap=128: NONE visited=344 time=0.0s
ACCEPTED 0 0 0 0 0 0 0 3 3 0 0 0 0 0 0 0 0 0 0 0 0 0 0 0 0 0 0 0 0
SHARD 8277 k=4 m=28 inter=1 colcap=128: NONE visited=3514 time=0.0s
ACCEPTED 0 0 0 0 0 0 0 8 27 35 6 0 0 0 0 0 0 0 0 0 0 0 0 0 0 0 0 0 0
SHARD 8278 k=4 m=28 inter=1 colcap=128: NONE visited=243511 time=0.2s
ACCEPTED 0 0 0 0 0 0 0 9 64 320 960 1965 2814 2159 627 41 0 0 0 0 0 0 0 0 0 0 0 0 0
SHARD 8279 k=4 m=28 inter=1 colcap=128: NONE visited=99 time=0.0s
ACCEPTED 0 0 0 0 0 0 0 0 0 0 0 0 0 0 0 0 0 0 0 0 0 0 0 0 0 0 0 0 0
DONE exit=20
