SHARD 8360 k=4 m=28 inter=1 colcap=128: NONE visited=4232 time=0.0s
ACCEPTED 0 0 0 0 0 0 0 7 28 39 12 2 0 0 0 0 0 0 0 0 0 0 0 0 0 0 0 0 0
SHARD 8361 k=4 m=28 inter=1 colcap=128: NONE visited=28608 time=0.0s
ACCEPTED 0 0 0 0 0 0 0 12 65 167 229 155 58 11 1 0 0 0 0 0 0 0 0 0 0 0 0 0 0
SHARD 8362 k=4 m=28 inter=1 colcap=128: NONE visited=7009 time=0.0s
ACCEPTED 0 0 0 0 0 0 0 5 23 46 59 29 2 1 0 0 0 0 0 0 0 0 0 0 0 0 0 0 0
SHARD 8363 k=4 m=28 inter=1 colcap=128: NONE visited=6456 time=0.0s
ACCEPTED 0 0 0 0 0 0 0 6 29 57 44 1 0 0 0 0 0 0 0 0 0 0 0 0 0 0 0 0 0
SHARD 8364 k=4 m=28 inter=1 colcap=128: NONE visited=263 time=0.0s
ACCEPTED 0 0 0 0 0 0 0 1 3 1 0 0 0 0 0 0 0 0 0 0 0 0 0 0 0 0 0 0 0
SHARD 8365 k=4 m=28 inter=1 colcap=128: NONE visited=727 time=0.0s
ACCEPTED 0 0 0 0 0 0 0 3 7 5 0 0 0 0 0 0 0 0 0 0 0 0 0 0 0 0 0 0 0
SHARD 8366 k=4 m=28 inter=1 colcap=128: NONE visited=156577 time=0.1s
ACCEPTED 0 0 0 0 0 0 0 25 206 714 1273 1481 1101 437 100 18 0 0 0 0 0 0 0 0 0 0 0 0 0
SHARD 8367 k=4 m=28 inter=1 colcap=128: NONE visited=593540 time=0.4s
ACCEPTED 0 0 0 0 0 0 0 20 193 1059 3237 5933 7094 5231 2072 397 52 2 0 0 0 0 0 0 0 0 0 0 0
SHARD 8368 k=4 m=28 inter=1 colcap=128: NONE visited=56459 time=0.0s
ACCEPTED 0 0 0 0 0 0 0 20 132 393 504 338 96 6 0 0 0 0 0 0 0 0 0 0 0 0 0 0 0
SHARD 8369 k=4 m=28 inter=1 colcap=128: NONE visited=507791 time=0.4s
ACCEPTED 0 0 0 0 0 0 0 12 115 649 2213 4685 6354 4817 1912 360 38 5 0 0 0 0 0 0 0 0 0 0 0
SHARD 8370 k=4 m=28 inter=1 colcap=128: NONE visited=45939 time=0.0s
ACCEPTED 0 0 0 0 0 0 0 15 70 176 345 438 294 96 18 0 0 0 0 0 0 0 0 0 0 0 0 0 0
SHARD 8371 k=4 m=28 inter=1 colcap=128: NONE visited=215639 time=0.1s
ACCEPTED 0 0 0 0 0 0 0 18 148 637 1502 2042 1657 803 194 21 2 0 0 0 0 0 0 0 0 0 0 0 0
SHARD 8372 k=4 m=28 inter=1 colcap=128: NONE visited=133910 time=0.1s
ACCEPTED 0 0 0 0 0 0 0 17 140 592 1214 1184 577 186 43 10 2 0 0 0 0 0 0 0 0 0 0 0 0
SHARD 8373 k=4 m=28 inter=1 colcap=128: NONE visited=305 time=0.0s
ACCEPTED 0 0 0 0 0 0 0 3 1 0 0 0 0 0 0 0 0 0 0 0 0 0 0 0 0 0 0 0 0
SHARD 8374 k=4 m=28 inter=1 colcap=128: NONE visited=8471 time=0.0s
ACCEPTED 0 0 0 0 0 0 0 8 27 58 65 35 5 0 0 0 0 0 0 0 0 0 0 0 0 0 0 0 0
SHARD 8375 k=4 m=28 inter=1 colcap=128: NONE visited=11397 time=0.0s
ACCEPTED 0 0 0 0 0 0 0 4 22 104 257 265 77 7 0 0 0 0 0 0 0 0 0 0 0 0 0 0 0
SHARD 8376 k=4 m=28 inter=1 colcap=128: NONE visited=2865435 time=2.9s
ACCEPTED 0 0 0 0 0 0 0 10 112 896 4840 16829 38310 57539 55494 31666 8315 724 18 0 0 0 0 0 0 0 0 0 0
SHARD 8377 k=4 m=28 inter=1 colcap=128: NONE visited=10776537 time=8.0s
ACCEPTED 0 0 0 0 0 0 0 35 557 5053 26649 81055 143219 148679 90953 37233 11873 2699 308 14 0 0 0 0 0 0 0 0 0
SHARD 8378 k=4 m=28 inter=1 colcap=128: NONE visited=1242116 time=0.6s
ACCEPTED 0 0 0 0 0 0 0 16 141 807 2915 6983 11150 10985 6318 2669 937 160 4 0 0 0 0 0 0 0 0 0 0
SHARD 8379 k=4 m=28 inter=1 colcap=128: NONE visited=718301 time=0.4s
ACCEPTED 0 0 0 0 0 0 0 19 163 772 2239 4394 5510 4123 1918 613 310 37 4 0 0 0 0 0 0 0 0 0 0
SHARD 8380 k=4 m=28 inter=1 colcap=128: NONE visited=2287631 time=1.7s
ACCEPTED 0 0 0 0 0 0 0 17 172 1178 5232 15097 28444 34871 25602 10255 2022 207 1 0 0 0 0 0 0 0 0 0 0
SHARD 8381 k=4 m=28 inter=1 colcap=128: NONE visited=240933 time=0.2s
ACCEPTED 0 0 0 0 0 0 0 22 193 881 2163 2781 1669 404 53 7 0 0 0 0 0 0 0 0 0 0 0 0 0
SHARD 8382 k=4 m=28 inter=1 colcap=128: NONE visited=12606 time=0.0s
ACCEPTED 0 0 0 0 0 0 0 5 22 63 122 132 34 1 0 0 0 0 0 0 0 0 0 0 0 0 0 0 0
SHARD 8383 k=4 m=28 inter=1 colcap=128: NONE visited=533238 time=0.4s
ACCEPTED 0 0 0 0 0 0 0 10 84 459 1652 4106 6741 6712 3559 1015 128 8 0 0 0 0 0 0 0 0 0 0 0
SHARD 8384 k=4 m=28 inter=1 colcap=128: NONE visited=194369 time=0.1s
ACCEPTED 0 0 0 0 0 0 0 10 65 245 637 1148 1453 1323 703 230 98 2 0 0 0 0 0 0 0 0 0 0 0
SHARD 8385 k=4 m=28 inter=1 colcap=128: NONE visited=2233 time=0.0s
ACCEPTED 0 0 0 0 0 0 0 2 12 31 42 24 3 0 0 0 0 0 0 0 0 0 0 0 0 0 0 0 0
SHARD 8386 k=4 m=28 inter=1 colcap=128: NONE visited=6401 time=0.0s
ACCEPTED 0 0 0 0 0 0 0 5 18 68 121 64 15 3 0 0 0 0 0 0 0 0 0 0 0 0 0 0 0
SHARD 8387 k=4 m=28 inter=1 colcap=128: NONE visited=129793 time=0.1s
ACCEPTED 0 0 0 0 0 0 0 15 107 448 1060 1432 1053 321 18 0 0 0 0 0 0 0 0 0 0 0 0 0 0
SHARD 8388 k=4 m=28 inter=1 colcap=128: NONE visited=1761458 time=1.5s
ACCEPTED 0 0 0 0 0 0 0 9 92 623 2954 9436 21181 31046 24600 7805 1088 205 0 0 0 0 0 0 0 0 0 0 0
SHARD 8389 k=4 m=28 inter=1 colcap=128: NONE visited=303888 time=0.2s
ACCEPTED 0 0 0 0 0 0 0 11 90 457 1464 2855 3627 2915 1318 346 31 0 0 0 0 0 0 0 0 0 0 0 0
SHARD 8390 k=4 m=28 inter=1 colcap=128: NONE visited=808433 time=0.5s
ACCEPTED 0 0 0 0 0 0 0 11 88 476 1725 3961 5592 5348 3682 2028 914 1154 1180 358 83 0 0 0 0 0 0 0 0
SHARD 8391 k=4 m=28 inter=1 colcap=128: NONE visited=36414 time=0.0s
ACCEPTED 0 0 0 0 0 0 0 10 41 117 248 367 275 76 6 0 0 0 0 0 0 0 0 0 0 0 0 0 0
SHARD 8392 k=4 m=28 inter=1 colcap=128: NONE visited=399236 time=0.3s
ACCEPTED 0 0 0 0 0 0 0 14 119 648 2126 4043 4633 3178 1471 468 38 0 0 0 0 0 0 0 0 0 0 0 0
SHARD 8393 k=4 m=28 inter=1 colcap=128: NONE visited=25278 time=0.0s
ACCEPTED 0 0 0 0 0 0 0 10 47 144 218 166 54 8 0 0 0 0 0 0 0 0 0 0 0 0 0 0 0
SHARD 8394 k=4 m=28 inter=1 colcap=128: NONE visited=1067489 time=0.8s
ACCEPTED 0 0 0 0 0 0 0 14 108 1010 5215 13794 17029 8344 1483 109 11 2 0 0 0 0 0 0 0 0 0 0 0
SHARD 8395 k=4 m=28 inter=1 colcap=128: NONE visited=3865129 time=2.7s
ACCEPTED 0 0 0 0 0 0 0 32 392 2605 11532 31615 49987 46154 26376 8585 1270 68 2 0 0 0 0 0 0 0 0 0 0
SHARD 8396 k=4 m=28 inter=1 colcap=128: NONE visited=5908852 time=4.2s
ACCEPTED 0 0 0 0 0 0 0 19 260 2236 12338 41574 79048 78898 39835 11281 2579 423 0 0 0 0 0 0 0 0 0 0 0
SHARD 8397 k=4 m=28 inter=1 colcap=128: NONE visited=2268038 time=1.5s
ACCEPTED 0 0 0 0 0 0 0 18 232 1797 8873 24825 35878 26061 9770 1767 168 10 1 0 0 0 0 0 0 0 0 0 0
SHARD 8398 k=4 m=28 inter=1 colcap=128: NONE visited=7079162 time=4.9s
ACCEPTED 0 0 0 0 0 0 0 47 829 7067 30649 71019 92736 70681 33191 10408 2104 265 18 0 0 0 0 0 0 0 0 0 0
SHARD 8399 k=4 m=28 inter=1 colcap=128: NONE visited=3466100 time=2.6s
ACCEPTED 0 0 0 0 0 0 0 39 582 4367 17719 40588 52843 38523 16116 3824 492 35 1 0 0 0 0 0 0 0 0 0 0
DONE exit=20
