SHARD 7040 k=4 m=28 inter=1 colcap=128: NONE visited=161 time=0.0s
ACCEPTED 0 0 0 0 0 0 0 1 0 0 0 0 0 0 0 0 0 0 0 0 0 0 0 0 0 0 0 0 0
SHARD 7041 k=4 m=28 inter=1 colcap=128: NONE visited=18944190 time=11.1s
ACCEPTED 0 0 0 0 0 0 0 63 1406 13524 63475 155353 195724 135723 58828 14908 3017 302 13 0 0 0 0 0 0 0 0 0 0
SHARD 7042 k=4 m=28 inter=1 colcap=128: NONE visited=10741637 time=6.5s
ACCEPTED 0 0 0 0 0 0 0 67 1618 16513 74090 142384 110913 34135 5021 449 19 1 0 0 0 0 0 0 0 0 0 0 0
SHARD 7043 k=4 m=28 inter=1 colcap=128: NONE visited=689846 time=0.3s
ACCEPTED 0 0 0 0 0 0 0 42 575 2949 6243 5392 1929 275 18 0 0 0 0 0 0 0 0 0 0 0 0 0 0
SHARD 7044 k=4 m=28 inter=1 colcap=128: NONE visited=46549 time=0.0s
ACCEPTED 0 0 0 0 0 0 0 23 152 350 312 90 3 0 0 0 0 0 0 0 0 0 0 0 0 0 0 0 0
SHARD 7045 k=4 m=28 inter=1 colcap=128: NONE visited=1166 time=0.0s
ACCEPTED 0 0 0 0 0 0 0 5 11 1 0 0 0 0 0 0 0 0 0 0 0 0 0 0 0 0 0 0 0
SHARD 7046 k=4 m=28 inter=1 colcap=128: NONE visited=43764 time=0.0s
ACCEPTED 0 0 0 0 0 0 0 26 157 338 238 94 25 2 0 0 0 0 0 0 0 0 0 0 0 0 0 0 0
SHARD 7047 k=4 m=28 inter=1 colcap=128: NONE visited=196531 time=0.1s
ACCEPTED 0 0 0 0 0 0 0 25 204 758 1486 1567 847 247 38 4 0 0 0 0 0 0 0 0 0 0 0 0 0
SHARD 7048 k=4 m=28 inter=1 colcap=128: NONE visited=13762 time=0.0s
ACCEPTED 0 0 0 0 0 0 0 14 63 100 63 12 0 0 0 0 0 0 0 0 0 0 0 0 0 0 0 0 0
SHARD 7049 k=4 m=28 inter=1 colcap=128: NONE visited=96026 time=0.0s
ACCEPTED 0 0 0 0 0 0 0 25 213 673 775 340 90 14 0 0 0 0 0 0 0 0 0 0 0 0 0 0 0
SHARD 7050 k=4 m=28 inter=1 colcap=128: NONE visited=14679 time=0.0s
ACCEPTED 0 0 0 0 0 0 0 14 59 91 71 29 10 3 0 0 0 0 0 0 0 0 0 0 0 0 0 0 0
SHARD 7051 k=4 m=28 inter=1 colcap=128: NONE visited=57316 time=0.0s
ACCEPTED 0 0 0 0 0 0 0 15 95 278 411 354 203 58 6 0 0 0 0 0 0 0 0 0 0 0 0 0 0
SHARD 7052 k=4 m=28 inter=1 colcap=128: NONE visited=317119 time=0.2s
ACCEPTED 0 0 0 0 0 0 0 30 286 1171 2579 3050 1851 531 42 1 0 0 0 0 0 0 0 0 0 0 0 0 0
SHARD 7053 k=4 m=28 inter=1 colcap=128: NONE visited=556627 time=0.3s
ACCEPTED 0 0 0 0 0 0 0 28 289 1392 3418 4636 3770 1766 498 43 4 0 0 0 0 0 0 0 0 0 0 0 0
SHARD 7054 k=4 m=28 inter=1 colcap=128: NONE visited=595893 time=0.3s
ACCEPTED 0 0 0 0 0 0 0 30 323 1680 4477 6081 4256 1553 268 13 0 0 0 0 0 0 0 0 0 0 0 0 0
SHARD 7055 k=4 m=28 inter=1 colcap=128: NONE visited=12800 time=0.0s
ACCEPTED 0 0 0 0 0 0 0 13 58 95 43 6 0 0 0 0 0 0 0 0 0 0 0 0 0 0 0 0 0
SHARD 7056 k=4 m=28 inter=1 colcap=128: NONE visited=54188 time=0.0s
ACCEPTED 0 0 0 0 0 0 0 13 86 295 496 277 42 0 0 0 0 0 0 0 0 0 0 0 0 0 0 0 0
SHARD 7057 k=4 m=28 inter=1 colcap=128: NONE visited=16485 time=0.0s
ACCEPTED 0 0 0 0 0 0 0 12 65 137 86 7 0 0 0 0 0 0 0 0 0 0 0 0 0 0 0 0 0
SHARD 7058 k=4 m=28 inter=1 colcap=128: NONE visited=4637 time=0.0s
ACCEPTED 0 0 0 0 0 0 0 11 35 25 2 0 0 0 0 0 0 0 0 0 0 0 0 0 0 0 0 0 0
SHARD 7059 k=4 m=28 inter=1 colcap=128: NONE visited=10538 time=0.0s
ACCEPTED 0 0 0 0 0 0 0 13 54 80 36 2 0 0 0 0 0 0 0 0 0 0 0 0 0 0 0 0 0
SHARD 7060 k=4 m=28 inter=1 colcap=128: NONE visited=74218 time=0.0s
ACCEPTED 0 0 0 0 0 0 0 16 116 364 617 498 152 15 0 0 0 0 0 0 0 0 0 0 0 0 0 0 0
SHARD 7061 k=4 m=28 inter=1 colcap=128: NONE visited=341 time=0.0s
ACCEPTED 0 0 0 0 0 0 0 2 1 0 0 0 0 0 0 0 0 0 0 0 0 0 0 0 0 0 0 0 0
SHARD 7062 k=4 m=28 inter=1 colcap=128: NONE visited=12171 time=0.0s
ACCEPTED 0 0 0 0 0 0 0 14 56 90 48 6 0 0 0 0 0 0 0 0 0 0 0 0 0 0 0 0 0
SHARD 7063 k=4 m=28 inter=1 colcap=128: NONE visited=1390 time=0.0s
ACCEPTED 0 0 0 0 0 0 0 5 10 3 0 0 0 0 0 0 0 0 0 0 0 0 0 0 0 0 0 0 0
SHARD 7064 k=4 m=28 inter=1 colcap=128: NONE visited=27539 time=0.0s
ACCEPTED 0 0 0 0 0 0 0 19 102 213 158 46 6 0 0 0 0 0 0 0 0 0 0 0 0 0 0 0 0
SHARD 7065 k=4 m=28 inter=1 colcap=128: NONE visited=144852 time=0.1s
ACCEPTED 0 0 0 0 0 0 0 21 175 676 1110 902 284 27 5 0 0 0 0 0 0 0 0 0 0 0 0 0 0
SHARD 7066 k=4 m=28 inter=1 colcap=128: NONE visited=44431 time=0.0s
ACCEPTED 0 0 0 0 0 0 0 25 159 340 289 143 48 10 0 0 0 0 0 0 0 0 0 0 0 0 0 0 0
SHARD 7067 k=4 m=28 inter=1 colcap=128: NONE visited=313245 time=0.2s
ACCEPTED 0 0 0 0 0 0 0 24 224 987 2285 2928 2082 930 322 74 1 0 0 0 0 0 0 0 0 0 0 0 0
SHARD 7068 k=4 m=28 inter=1 colcap=128: NONE visited=7320 time=0.0s
ACCEPTED 0 0 0 0 0 0 0 13 42 47 26 10 1 0 0 0 0 0 0 0 0 0 0 0 0 0 0 0 0
SHARD 7069 k=4 m=28 inter=1 colcap=128: NONE visited=8874 time=0.0s
ACCEPTED 0 0 0 0 0 0 0 13 46 57 35 10 2 0 0 0 0 0 0 0 0 0 0 0 0 0 0 0 0
SHARD 7070 k=4 m=28 inter=1 colcap=128: NONE visited=9887 time=0.0s
ACCEPTED 0 0 0 0 0 0 0 16 52 71 35 0 0 0 0 0 0 0 0 0 0 0 0 0 0 0 0 0 0
SHARD 7071 k=4 m=28 inter=1 colcap=128: NONE visited=371 time=0.0s
ACCEPTED 0 0 0 0 0 0 0 3 1 0 0 0 0 0 0 0 0 0 0 0 0 0 0 0 0 0 0 0 0
SHARD 7072 k=4 m=28 inter=1 colcap=128: NONE visited=8997 time=0.0s
ACCEPTED 0 0 0 0 0 0 0 13 46 74 9 0 0 0 0 0 0 0 0 0 0 0 0 0 0 0 0 0 0
SHARD 7073 k=4 m=28 inter=1 colcap=128: NONE visited=634709 time=0.3s
ACCEPTED 0 0 0 0 0 0 0 28 290 1393 3628 5894 5592 3129 1021 171 11 0 0 0 0 0 0 0 0 0 0 0 0
SHARD 7074 k=4 m=28 inter=1 colcap=128: NONE visited=22407 time=0.0s
ACCEPTED 0 0 0 0 0 0 0 16 77 156 126 41 6 0 0 0 0 0 0 0 0 0 0 0 0 0 0 0 0
SHARD 7075 k=4 m=28 inter=1 colcap=128: NONE visited=131078 time=0.1s
ACCEPTED 0 0 0 0 0 0 0 15 109 447 925 939 425 52 3 0 0 0 0 0 0 0 0 0 0 0 0 0 0
SHARD 7076 k=4 m=28 inter=1 colcap=128: NONE visited=216530 time=0.1s
ACCEPTED 0 0 0 0 0 0 0 36 367 1372 1951 1097 250 17 1 0 0 0 0 0 0 0 0 0 0 0 0 0 0
SHARD 7077 k=4 m=28 inter=1 colcap=128: NONE visited=363385 time=0.2s
ACCEPTED 0 0 0 0 0 0 0 30 334 1587 3227 2610 776 101 9 0 0 0 0 0 0 0 0 0 0 0 0 0 0
SHARD 7078 k=4 m=28 inter=1 colcap=128: NONE visited=1187510 time=0.6s
ACCEPTED 0 0 0 0 0 0 0 35 492 3183 9280 11747 6549 1929 392 50 2 0 0 0 0 0 0 0 0 0 0 0 0
SHARD 7079 k=4 m=28 inter=1 colcap=128: NONE visited=11566 time=0.0s
ACCEPTED 0 0 0 0 0 0 0 15 50 93 25 0 0 0 0 0 0 0 0 0 0 0 0 0 0 0 0 0 0
DONE exit=20
