SHARD 2960 k=4 m=28 inter=1 colcap=128: NONE visited=1974 time=0.0s
ACCEPTED 0 0 0 0 0 0 0 9 17 5 0 0 0 0 0 0 0 0 0 0 0 0 0 0 0 0 0 0 0
SHARD 2961 k=4 m=28 inter=1 colcap=128: NONE visited=7120534 time=6.4s
ACCEPTED 0 0 0 0 0 0 0 28 573 5810 29946 75783 89298 46720 11373 1133 29 0 0 0 0 0 0 0 0 0 0 0 0
SHARD 2962 k=4 m=28 inter=1 colcap=128: NONE visited=1760811 time=1.4s
ACCEPTED 0 0 0 0 0 0 0 43 661 4491 14147 20031 13709 4854 865 115 10 0 0 0 0 0 0 0 0 0 0 0 0
SHARD 2963 k=4 m=28 inter=1 colcap=128: NONE visited=152275 time=0.1s
ACCEPTED 0 0 0 0 0 0 0 11 68 396 1314 1666 623 57 1 0 0 0 0 0 0 0 0 0 0 0 0 0 0
SHARD 2964 k=4 m=28 inter=1 colcap=128: NONE visited=296431 time=0.2s
ACCEPTED 0 0 0 0 0 0 0 30 287 1288 2810 2557 716 59 1 0 0 0 0 0 0 0 0 0 0 0 0 0 0
SHARD 2965 k=4 m=28 inter=1 colcap=128: NONE visited=108324 time=0.1s
ACCEPTED 0 0 0 0 0 0 0 19 151 569 1032 813 317 90 13 0 0 0 0 0 0 0 0 0 0 0 0 0 0
SHARD 2966 k=4 m=28 inter=1 colcap=128: NONE visited=465215 time=0.3s
ACCEPTED 0 0 0 0 0 0 0 28 288 1332 3242 4090 2557 836 156 9 1 0 0 0 0 0 0 0 0 0 0 0 0
SHARD 2967 k=4 m=28 inter=1 colcap=128: NONE visited=1355609 time=1.1s
ACCEPTED 0 0 0 0 0 0 0 37 515 3269 10005 14543 9807 3662 857 105 2 0 0 0 0 0 0 0 0 0 0 0 0
SHARD 2968 k=4 m=28 inter=1 colcap=128: NONE visited=338962 time=0.3s
ACCEPTED 0 0 0 0 0 0 0 25 238 1072 2680 3297 1341 164 3 0 0 0 0 0 0 0 0 0 0 0 0 0 0
SHARD 2969 k=4 m=28 inter=1 colcap=128: NONE visited=673495 time=0.5s
ACCEPTED 0 0 0 0 0 0 0 27 317 1787 5146 7496 5236 1623 258 16 1 0 0 0 0 0 0 0 0 0 0 0 0
SHARD 2970 k=4 m=28 inter=1 colcap=128: NONE visited=656595 time=0.6s
ACCEPTED 0 0 0 0 0 0 0 28 297 1558 4641 6973 4518 1305 165 4 0 0 0 0 0 0 0 0 0 0 0 0 0
SHARD 2971 k=4 m=28 inter=1 colcap=128: NONE visited=2860 time=0.0s
ACCEPTED 0 0 0 0 0 0 0 7 17 23 10 0 0 0 0 0 0 0 0 0 0 0 0 0 0 0 0 0 0
SHARD 2972 k=4 m=28 inter=1 colcap=128: NONE visited=13707 time=0.0s
ACCEPTED 0 0 0 0 0 0 0 15 65 115 60 9 2 0 0 0 0 0 0 0 0 0 0 0 0 0 0 0 0
SHARD 2973 k=4 m=28 inter=1 colcap=128: NONE visited=84477 time=0.1s
ACCEPTED 0 0 0 0 0 0 0 18 130 432 719 636 277 58 2 0 0 0 0 0 0 0 0 0 0 0 0 0 0
SHARD 2974 k=4 m=28 inter=1 colcap=128: NONE visited=3078 time=0.0s
ACCEPTED 0 0 0 0 0 0 0 6 11 13 31 25 1 0 0 0 0 0 0 0 0 0 0 0 0 0 0 0 0
SHARD 2975 k=4 m=28 inter=1 colcap=128: NONE visited=14577 time=0.0s
ACCEPTED 0 0 0 0 0 0 0 10 51 111 107 70 29 1 0 0 0 0 0 0 0 0 0 0 0 0 0 0 0
SHARD 2976 k=4 m=28 inter=1 colcap=128: NONE visited=34182 time=0.0s
ACCEPTED 0 0 0 0 0 0 0 17 87 211 273 221 89 17 0 0 0 0 0 0 0 0 0 0 0 0 0 0 0
SHARD 2977 k=4 m=28 inter=1 colcap=128: NONE visited=651 time=0.0s
ACCEPTED 0 0 0 0 0 0 0 5 3 0 0 0 0 0 0 0 0 0 0 0 0 0 0 0 0 0 0 0 0
SHARD 2978 k=4 m=28 inter=1 colcap=128: NONE visited=2448 time=0.0s
ACCEPTED 0 0 0 0 0 0 0 8 18 7 1 0 0 0 0 0 0 0 0 0 0 0 0 0 0 0 0 0 0
SHARD 2979 k=4 m=28 inter=1 colcap=128: NONE visited=4242 time=0.0s
ACCEPTED 0 0 0 0 0 0 0 9 25 30 17 3 0 0 0 0 0 0 0 0 0 0 0 0 0 0 0 0 0
SHARD 2980 k=4 m=28 inter=1 colcap=128: NONE visited=156 time=0.0s
ACCEPTED 0 0 0 0 0 0 0 1 0 0 0 0 0 0 0 0 0 0 0 0 0 0 0 0 0 0 0 0 0
SHARD 2981 k=4 m=28 inter=1 colcap=128: NONE visited=547 time=0.0s
ACCEPTED 0 0 0 0 0 0 0 4 2 0 0 0 0 0 0 0 0 0 0 0 0 0 0 0 0 0 0 0 0
SHARD 2982 k=4 m=28 inter=1 colcap=128: NONE visited=1547 time=0.0s
ACCEPTED 0 0 0 0 0 0 0 2 10 17 2 0 0 0 0 0 0 0 0 0 0 0 0 0 0 0 0 0 0
SHARD 2983 k=4 m=28 inter=1 colcap=128: NONE visited=2392 time=0.0s
ACCEPTED 0 0 0 0 0 0 0 3 10 16 14 3 0 0 0 0 0 0 0 0 0 0 0 0 0 0 0 0 0
SHARD 2984 k=4 m=28 inter=1 colcap=128: NONE visited=10121 time=0.0s
ACCEPTED 0 0 0 0 0 0 0 5 21 73 94 43 5 0 0 0 0 0 0 0 0 0 0 0 0 0 0 0 0
SHARD 2985 k=4 m=28 inter=1 colcap=128: NONE visited=72 time=0.0s
ACCEPTED 0 0 0 0 0 0 0 0 0 0 0 0 0 0 0 0 0 0 0 0 0 0 0 0 0 0 0 0 0
SHARD 2986 k=4 m=28 inter=1 colcap=128: NONE visited=1215 time=0.0s
ACCEPTED 0 0 0 0 0 0 0 9 13 4 0 0 0 0 0 0 0 0 0 0 0 0 0 0 0 0 0 0 0
SHARD 2987 k=4 m=28 inter=1 colcap=128: NONE visited=99020 time=0.1s
ACCEPTED 0 0 0 0 0 0 0 34 288 789 827 315 19 0 0 0 0 0 0 0 0 0 0 0 0 0 0 0 0
SHARD 2988 k=4 m=28 inter=1 colcap=128: NONE visited=63 time=0.0s
ACCEPTED 0 0 0 0 0 0 0 0 0 0 0 0 0 0 0 0 0 0 0 0 0 0 0 0 0 0 0 0 0
SHARD 2989 k=4 m=28 inter=1 colcap=128: NONE visited=117 time=0.0s
ACCEPTED 0 0 0 0 0 0 0 2 0 0 0 0 0 0 0 0 0 0 0 0 0 0 0 0 0 0 0 0 0
SHARD 2990 k=4 m=28 inter=1 colcap=128: NONE visited=84 time=0.0s
ACCEPTED 0 0 0 0 0 0 0 0 0 0 0 0 0 0 0 0 0 0 0 0 0 0 0 0 0 0 0 0 0
SHARD 2991 k=4 m=28 inter=1 colcap=128: NONE visited=156 time=0.0s
ACCEPTED 0 0 0 0 0 0 0 1 0 0 0 0 0 0 0 0 0 0 0 0 0 0 0 0 0 0 0 0 0
SHARD 2992 k=4 m=28 inter=1 colcap=128: NONE visited=5418 time=0.0s
ACCEPTED 0 0 0 0 0 0 0 11 39 41 1 0 0 0 0 0 0 0 0 0 0 0 0 0 0 0 0 0 0
SHARD 2993 k=4 m=28 inter=1 colcap=128: NONE visited=22127 time=0.0s
ACCEPTED 0 0 0 0 0 0 0 20 118 225 151 40 5 0 0 0 0 0 0 0 0 0 0 0 0 0 0 0 0
SHARD 2994 k=4 m=28 inter=1 colcap=128: NONE visited=33562 time=0.0s
ACCEPTED 0 0 0 0 0 0 0 27 163 268 158 38 10 1 0 0 0 0 0 0 0 0 0 0 0 0 0 0 0
SHARD 2995 k=4 m=28 inter=1 colcap=128: NONE visited=149283 time=0.1s
ACCEPTED 0 0 0 0 0 0 0 34 322 1077 1268 541 61 4 0 0 0 0 0 0 0 0 0 0 0 0 0 0 0
SHARD 2996 k=4 m=28 inter=1 colcap=128: NONE visited=531 time=0.0s
ACCEPTED 0 0 0 0 0 0 0 3 4 2 0 0 0 0 0 0 0 0 0 0 0 0 0 0 0 0 0 0 0
SHARD 2997 k=4 m=28 inter=1 colcap=128: NONE visited=830 time=0.0s
ACCEPTED 0 0 0 0 0 0 0 6 11 5 1 1 0 0 0 0 0 0 0 0 0 0 0 0 0 0 0 0 0
SHARD 2998 k=4 m=28 inter=1 colcap=128: NONE visited=203 time=0.0s
ACCEPTED 0 0 0 0 0 0 0 1 0 0 0 0 0 0 0 0 0 0 0 0 0 0 0 0 0 0 0 0 0
SHARD 2999 k=4 m=28 inter=1 colcap=128: NONE visited=236 time=0.0s
ACCEPTED 0 0 0 0 0 0 0 3 1 0 0 0 0 0 0 0 0 0 0 0 0 0 0 0 0 0 0 0 0
DONE exit=20
