SHARD 10440 k=4 m=28 inter=1 colcap=128: NONE visited=3253 time=0.0s
ACCEPTED 0 0 0 0 0 0 0 4 17 33 34 1 0 0 0 0 0 0 0 0 0 0 0 0 0 0 0 0 0
SHARD 10441 k=4 m=28 inter=1 colcap=128: NONE visited=7911 time=0.0s
ACCEPTED 0 0 0 0 0 0 0 7 26 57 83 45 23 5 0 0 0 0 0 0 0 0 0 0 0 0 0 0 0
SHARD 10442 k=4 m=28 inter=1 colcap=128: NONE visited=3712 time=0.0s
ACCEPTED 0 0 0 0 0 0 0 8 25 36 17 6 3 0 0 0 0 0 0 0 0 0 0 0 0 0 0 0 0
SHARD 10443 k=4 m=28 inter=1 colcap=128: NONE visited=46661 time=0.0s
ACCEPTED 0 0 0 0 0 0 0 12 69 210 359 370 312 200 95 28 2 0 0 0 0 0 0 0 0 0 0 0 0
SHARD 10444 k=4 m=28 inter=1 colcap=128: NONE visited=25562 time=0.0s
ACCEPTED 0 0 0 0 0 0 0 6 34 102 212 213 165 84 8 4 0 0 0 0 0 0 0 0 0 0 0 0 0
SHARD 10445 k=4 m=28 inter=1 colcap=128: NONE visited=42390 time=0.0s
ACCEPTED 0 0 0 0 0 0 0 5 38 163 418 442 197 36 4 0 0 0 0 0 0 0 0 0 0 0 0 0 0
SHARD 10446 k=4 m=28 inter=1 colcap=128: NONE visited=1557 time=0.0s
ACCEPTED 0 0 0 0 0 0 0 4 10 12 5 0 0 0 0 0 0 0 0 0 0 0 0 0 0 0 0 0 0
SHARD 10447 k=4 m=28 inter=1 colcap=128: NONE visited=474 time=0.0s
ACCEPTED 0 0 0 0 0 0 0 2 4 3 1 0 0 0 0 0 0 0 0 0 0 0 0 0 0 0 0 0 0
SHARD 10448 k=4 m=28 inter=1 colcap=128: NONE visited=1582 time=0.0s
ACCEPTED 0 0 0 0 0 0 0 3 10 13 9 5 0 0 0 0 0 0 0 0 0 0 0 0 0 0 0 0 0
SHARD 10449 k=4 m=28 inter=1 colcap=128: NONE visited=18871 time=0.0s
ACCEPTED 0 0 0 0 0 0 0 10 46 100 122 151 179 71 8 0 0 0 0 0 0 0 0 0 0 0 0 0 0
SHARD 10450 k=4 m=28 inter=1 colcap=128: NONE visited=84514 time=0.1s
ACCEPTED 0 0 0 0 0 0 0 7 40 177 493 910 1155 858 267 13 0 0 0 0 0 0 0 0 0 0 0 0 0
SHARD 10451 k=4 m=28 inter=1 colcap=128: NONE visited=35 time=0.0s
ACCEPTED 0 0 0 0 0 0 0 1 0 0 0 0 0 0 0 0 0 0 0 0 0 0 0 0 0 0 0 0 0
SHARD 10452 k=4 m=28 inter=1 colcap=128: NONE visited=224 time=0.0s
ACCEPTED 0 0 0 0 0 0 0 5 1 0 0 0 0 0 0 0 0 0 0 0 0 0 0 0 0 0 0 0 0
SHARD 10453 k=4 m=28 inter=1 colcap=128: NONE visited=21 time=0.0s
ACCEPTED 0 0 0 0 0 0 0 0 0 0 0 0 0 0 0 0 0 0 0 0 0 0 0 0 0 0 0 0 0
SHARD 10454 k=4 m=28 inter=1 colcap=128: NONE visited=12 time=0.0s
ACCEPTED 0 0 0 0 0 0 0 0 0 0 0 0 0 0 0 0 0 0 0 0 0 0 0 0 0 0 0 0 0
SHARD 10455 k=4 m=28 inter=1 colcap=128: NONE visited=84578 time=0.1s
ACCEPTED 0 0 0 0 0 0 0 10 62 345 1119 1853 1185 234 10 0 0 0 0 0 0 0 0 0 0 0 0 0 0
SHARD 10456 k=4 m=28 inter=1 colcap=128: NONE visited=4137643 time=4.9s
ACCEPTED 0 0 0 0 0 0 0 22 271 2328 12928 44603 91989 113248 83905 37731 9371 1119 37 0 0 0 0 0 0 0 0 0 0
SHARD 10457 k=4 m=28 inter=1 colcap=128: NONE visited=478468 time=0.4s
ACCEPTED 0 0 0 0 0 0 0 21 169 1013 3578 7404 8304 4943 1902 847 370 107 0 0 0 0 0 0 0 0 0 0 0
SHARD 10458 k=4 m=28 inter=1 colcap=128: NONE visited=276776 time=0.3s
ACCEPTED 0 0 0 0 0 0 0 10 64 371 1512 3954 5974 5025 2266 664 204 54 0 0 0 0 0 0 0 0 0 0 0
SHARD 10459 k=4 m=28 inter=1 colcap=128: NONE visited=86 time=0.0s
ACCEPTED 0 0 0 0 0 0 0 3 2 2 0 0 0 0 0 0 0 0 0 0 0 0 0 0 0 0 0 0 0
SHARD 10460 k=4 m=28 inter=1 colcap=128: NONE visited=245 time=0.0s
ACCEPTED 0 0 0 0 0 0 0 2 5 3 3 0 0 0 0 0 0 0 0 0 0 0 0 0 0 0 0 0 0
SHARD 10461 k=4 m=28 inter=1 colcap=128: NONE visited=596042 time=0.6s
ACCEPTED 0 0 0 0 0 0 0 6 56 369 1909 5901 11031 12381 8532 3462 792 83 7 0 0 0 0 0 0 0 0 0 0
SHARD 10462 k=4 m=28 inter=1 colcap=128: NONE visited=12174 time=0.0s
ACCEPTED 0 0 0 0 0 0 0 12 49 108 89 32 7 1 0 0 0 0 0 0 0 0 0 0 0 0 0 0 0
SHARD 10463 k=4 m=28 inter=1 colcap=128: NONE visited=2229235 time=1.5s
ACCEPTED 0 0 0 0 0 0 0 30 389 2941 12080 26310 30946 19134 5647 1107 183 6 0 0 0 0 0 0 0 0 0 0 0
SHARD 10464 k=4 m=28 inter=1 colcap=128: NONE visited=206751 time=0.1s
ACCEPTED 0 0 0 0 0 0 0 20 172 802 1920 2208 1342 406 76 10 0 0 0 0 0 0 0 0 0 0 0 0 0
SHARD 10465 k=4 m=28 inter=1 colcap=128: NONE visited=15190 time=0.0s
ACCEPTED 0 0 0 0 0 0 0 6 16 47 134 200 116 22 2 0 0 0 0 0 0 0 0 0 0 0 0 0 0
SHARD 10466 k=4 m=28 inter=1 colcap=128: NONE visited=1253 time=0.0s
ACCEPTED 0 0 0 0 0 0 0 4 10 13 6 0 0 0 0 0 0 0 0 0 0 0 0 0 0 0 0 0 0
SHARD 10467 k=4 m=28 inter=1 colcap=128: NONE visited=26782 time=0.0s
ACCEPTED 0 0 0 0 0 0 0 6 30 79 165 245 211 68 26 7 0 0 0 0 0 0 0 0 0 0 0 0 0
SHARD 10468 k=4 m=28 inter=1 colcap=128: NONE visited=108583 time=0.1s
ACCEPTED 0 0 0 0 0 0 0 5 41 218 734 1270 1083 476 98 17 2 0 0 0 0 0 0 0 0 0 0 0 0
SHARD 10469 k=4 m=28 inter=1 colcap=128: NONE visited=5342 time=0.0s
ACCEPTED 0 0 0 0 0 0 0 5 17 44 57 40 11 0 0 0 0 0 0 0 0 0 0 0 0 0 0 0 0
SHARD 10470 k=4 m=28 inter=1 colcap=128: NONE visited=1362230 time=1.0s
ACCEPTED 0 0 0 0 0 0 0 13 167 1383 6492 15994 20002 13289 4682 1032 117 3 0 0 0 0 0 0 0 0 0 0 0
SHARD 10471 k=4 m=28 inter=1 colcap=128: NONE visited=35 time=0.0s
ACCEPTED 0 0 0 0 0 0 0 0 0 0 0 0 0 0 0 0 0 0 0 0 0 0 0 0 0 0 0 0 0
SHARD 10472 k=4 m=28 inter=1 colcap=128: NONE visited=328 time=0.0s
ACCEPTED 0 0 0 0 0 0 0 2 1 0 0 0 0 0 0 0 0 0 0 0 0 0 0 0 0 0 0 0 0
SHARD 10473 k=4 m=28 inter=1 colcap=128: NONE visited=57 time=0.0s
ACCEPTED 0 0 0 0 0 0 0 0 0 0 0 0 0 0 0 0 0 0 0 0 0 0 0 0 0 0 0 0 0
SHARD 10474 k=4 m=28 inter=1 colcap=128: NONE visited=110 time=0.0s
ACCEPTED 0 0 0 0 0 0 0 0 0 0 0 0 0 0 0 0 0 0 0 0 0 0 0 0 0 0 0 0 0
SHARD 10475 k=4 m=28 inter=1 colcap=128: NONE visited=195 time=0.0s
ACCEPTED 0 0 0 0 0 0 0 1 0 0 0 0 0 0 0 0 0 0 0 0 0 0 0 0 0 0 0 0 0
SHARD 10476 k=4 m=28 inter=1 colcap=128: NONE visited=105 time=0.0s
ACCEPTED 0 0 0 0 0 0 0 0 0 0 0 0 0 0 0 0 0 0 0 0 0 0 0 0 0 0 0 0 0
SHARD 10477 k=4 m=28 inter=1 colcap=128: NONE visited=313 time=0.0s
ACCEPTED 0 0 0 0 0 0 0 3 0 0 0 0 0 0 0 0 0 0 0 0 0 0 0 0 0 0 0 0 0
SHARD 10478 k=4 m=28 inter=1 colcap=128: NONE visited=63 time=0.0s
ACCEPTED 0 0 0 0 0 0 0 1 0 0 0 0 0 0 0 0 0 0 0 0 0 0 0 0 0 0 0 0 0
SHARD 10479 k=4 m=28 inter=1 colcap=128: NONE visited=101 time=0.0s
ACCEPTED 0 0 0 0 0 0 0 1 0 0 0 0 0 0 0 0 0 0 0 0 0 0 0 0 0 0 0 0 0
DONE exit=20
