SHARD 1600 k=4 m=28 inter=1 colcap=128: NONE visited=40699 time=0.0s
ACCEPTED 0 0 0 0 0 0 0 6 33 169 337 307 115 29 2 0 0 0 0 0 0 0 0 0 0 0 0 0 0
SHARD 1601 k=4 m=28 inter=1 colcap=128: NONE visited=46166 time=0.0s
ACCEPTED 0 0 0 0 0 0 0 16 68 198 351 291 106 20 0 0 0 0 0 0 0 0 0 0 0 0 0 0 0
SHARD 1602 k=4 m=28 inter=1 colcap=128: NONE visited=62959 time=0.0s
ACCEPTED 0 0 0 0 0 0 0 21 130 353 455 296 87 10 0 0 0 0 0 0 0 0 0 0 0 0 0 0 0
SHARD 1603 k=4 m=28 inter=1 colcap=128: NONE visited=8263634 time=6.7s
ACCEPTED 0 0 0 0 0 0 0 29 368 2417 9263 25826 49101 62641 38314 10947 2319 0 0 0 0 0 0 0 0 0 0 0 0
SHARD 1604 k=4 m=28 inter=1 colcap=128: NONE visited=16230688 time=16.6s
ACCEPTED 0 0 0 0 0 0 0 21 310 2485 12076 37570 78872 120606 126969 90597 33598 950 10 1 0 0 0 0 0 0 0 0 0
SHARD 1605 k=4 m=28 inter=1 colcap=128: NONE visited=76918 time=0.1s
ACCEPTED 0 0 0 0 0 0 0 19 109 394 573 444 140 34 2 0 0 0 0 0 0 0 0 0 0 0 0 0 0
SHARD 1606 k=4 m=28 inter=1 colcap=128: NONE visited=42133 time=0.0s
ACCEPTED 0 0 0 0 0 0 0 16 80 177 254 272 207 88 30 5 0 0 0 0 0 0 0 0 0 0 0 0 0
SHARD 1607 k=4 m=28 inter=1 colcap=128: NONE visited=7989 time=0.0s
ACCEPTED 0 0 0 0 0 0 0 4 22 53 75 12 0 0 0 0 0 0 0 0 0 0 0 0 0 0 0 0 0
SHARD 1608 k=4 m=28 inter=1 colcap=128: NONE visited=1844548 time=2.1s
ACCEPTED 0 0 0 0 0 0 0 26 278 2151 9400 20528 20758 8584 1598 130 1 0 0 0 0 0 0 0 0 0 0 0 0
SHARD 1609 k=4 m=28 inter=1 colcap=128: NONE visited=2164388 time=2.5s
ACCEPTED 0 0 0 0 0 0 0 26 321 2439 10868 24691 25769 12876 3762 471 19 0 0 0 0 0 0 0 0 0 0 0 0
SHARD 1610 k=4 m=28 inter=1 colcap=128: NONE visited=7094962 time=6.7s
ACCEPTED 0 0 0 0 0 0 0 36 523 4691 24859 70209 98910 69525 25253 2989 104 0 0 0 0 0 0 0 0 0 0 0 0
SHARD 1611 k=4 m=28 inter=1 colcap=128: NONE visited=28343031 time=48.1s
ACCEPTED 0 0 0 0 0 0 0 31 466 4367 25824 91575 191805 253996 216292 118072 38395 764 5 0 0 0 0 0 0 0 0 0 0
SHARD 1612 k=4 m=28 inter=1 colcap=128: NONE visited=118772 time=0.2s
ACCEPTED 0 0 0 0 0 0 0 12 102 441 1029 971 290 17 0 0 0 0 0 0 0 0 0 0 0 0 0 0 0
SHARD 1613 k=4 m=28 inter=1 colcap=128: NONE visited=370593 time=0.3s
ACCEPTED 0 0 0 0 0 0 0 16 164 981 2850 3607 1895 465 87 16 0 0 0 0 0 0 0 0 0 0 0 0 0
SHARD 1614 k=4 m=28 inter=1 colcap=128: NONE visited=3981245 time=4.4s
ACCEPTED 0 0 0 0 0 0 0 16 177 1313 5731 14085 21914 26460 24076 13682 5923 2 0 0 0 0 0 0 0 0 0 0 0
SHARD 1615 k=4 m=28 inter=1 colcap=128: NONE visited=301494 time=0.3s
ACCEPTED 0 0 0 0 0 0 0 17 197 1055 2696 2691 755 97 3 0 0 0 0 0 0 0 0 0 0 0 0 0 0
SHARD 1616 k=4 m=28 inter=1 colcap=128: NONE visited=493377 time=0.4s
ACCEPTED 0 0 0 0 0 0 0 13 111 701 2693 5350 5290 2626 637 86 7 0 0 0 0 0 0 0 0 0 0 0 0
SHARD 1617 k=4 m=28 inter=1 colcap=128: NONE visited=7743037 time=11.2s
ACCEPTED 0 0 0 0 0 0 0 18 217 1830 9592 28154 49815 59085 51581 35252 14158 365 4 0 0 0 0 0 0 0 0 0 0
SHARD 1618 k=4 m=28 inter=1 colcap=128: NONE visited=520467 time=0.8s
ACCEPTED 0 0 0 0 0 0 0 8 63 396 1601 3467 4709 2587 250 6 3 0 0 0 0 0 0 0 0 0 0 0 0
SHARD 1619 k=4 m=28 inter=1 colcap=128: NONE visited=2131 time=0.0s
ACCEPTED 0 0 0 0 0 0 0 3 11 19 12 0 0 0 0 0 0 0 0 0 0 0 0 0 0 0 0 0 0
SHARD 1620 k=4 m=28 inter=1 colcap=128: NONE visited=164783 time=0.2s
ACCEPTED 0 0 0 0 0 0 0 13 80 372 1125 1765 1428 577 97 6 0 0 0 0 0 0 0 0 0 0 0 0 0
SHARD 1621 k=4 m=28 inter=1 colcap=128: NONE visited=3178 time=0.0s
ACCEPTED 0 0 0 0 0 0 0 5 13 20 19 5 0 0 0 0 0 0 0 0 0 0 0 0 0 0 0 0 0
SHARD 1622 k=4 m=28 inter=1 colcap=128: NONE visited=16795 time=0.0s
ACCEPTED 0 0 0 0 0 0 0 6 17 64 144 137 60 4 0 0 0 0 0 0 0 0 0 0 0 0 0 0 0
SHARD 1623 k=4 m=28 inter=1 colcap=128: NONE visited=1305 time=0.0s
ACCEPTED 0 0 0 0 0 0 0 2 8 10 2 0 0 0 0 0 0 0 0 0 0 0 0 0 0 0 0 0 0
SHARD 1624 k=4 m=28 inter=1 colcap=128: NONE visited=9082 time=0.0s
ACCEPTED 0 0 0 0 0 0 0 4 23 65 67 22 2 0 0 0 0 0 0 0 0 0 0 0 0 0 0 0 0
SHARD 1625 k=4 m=28 inter=1 colcap=128: NONE visited=8953 time=0.0s
ACCEPTED 0 0 0 0 0 0 0 4 19 45 62 45 11 0 0 0 0 0 0 0 0 0 0 0 0 0 0 0 0
SHARD 1626 k=4 m=28 inter=1 colcap=128: NONE visited=77 time=0.0s
ACCEPTED 0 0 0 0 0 0 0 0 0 0 0 0 0 0 0 0 0 0 0 0 0 0 0 0 0 0 0 0 0
SHARD 1627 k=4 m=28 inter=1 colcap=128: NONE visited=15060093 time=29.2s
ACCEPTED 0 0 0 0 0 0 0 33 605 6593 39968 131244 234325 214126 92125 20619 2464 106 1 0 0 0 0 0 0 0 0 0 0
SHARD 1628 k=4 m=28 inter=1 colcap=128: NONE visited=71620894 time=149.4s
ACCEPTED 0 0 0 0 0 0 0 49 1109 13951 100108 407852 958402 1315237 1084777 528285 152520 27742 3495 333 15 0 0 0 0 0 0 0 0
SHARD 1629 k=4 m=28 inter=1 colcap=128: NONE visited=6876253 time=10.8s
ACCEPTED 0 0 0 0 0 0 0 26 302 2114 9744 32419 75110 111979 84907 22590 3256 196 1 0 0 0 0 0 0 0 0 0 0
SHARD 1630 k=4 m=28 inter=1 colcap=128: NONE visited=46845021 time=89.2s
ACCEPTED 0 0 0 0 0 0 0 33 593 6434 41302 158385 391832 688273 885630 811884 442095 78296 968 8 0 0 0 0 0 0 0 0 0
SHARD 1631 k=4 m=28 inter=1 colcap=128: NONE visited=126674989 time=216.7s
ACCEPTED 0 0 0 0 0 0 0 52 1220 16126 125596 574561 1531762 2365309 2159203 1231047 459453 70866 3541 56 0 0 0 0 0 0 0 0 0
SHARD 1632 k=4 m=28 inter=1 colcap=128: NONE visited=112123877 time=186.0s
ACCEPTED 0 0 0 0 0 0 0 51 1144 14930 116480 535055 1425693 2218529 2085142 1259596 517835 137783 29203 2239 185 8 0 0 0 0 0 0 0
SHARD 1633 k=4 m=28 inter=1 colcap=128: NONE visited=21022021 time=29.0s
ACCEPTED 0 0 0 0 0 0 0 48 855 7665 39319 126151 260364 340362 270999 121579 44221 10839 143 0 0 0 0 0 0 0 0 0 0
SHARD 1634 k=4 m=28 inter=1 colcap=128: NONE visited=12096972 time=17.8s
ACCEPTED 0 0 0 0 0 0 0 30 434 3875 21865 76223 158848 199818 160198 88256 34035 6885 1169 4 0 0 0 0 0 0 0 0 0
SHARD 1635 k=4 m=28 inter=1 colcap=128: NONE visited=3045584 time=3.7s
ACCEPTED 0 0 0 0 0 0 0 20 230 1797 9075 26880 42213 33717 12734 3680 1796 488 22 0 0 0 0 0 0 0 0 0 0
SHARD 1636 k=4 m=28 inter=1 colcap=128: NONE visited=11486395 time=13.6s
ACCEPTED 0 0 0 0 0 0 0 36 632 6334 35784 109627 174835 146456 67099 16880 2332 179 3 0 0 0 0 0 0 0 0 0 0
SHARD 1637 k=4 m=28 inter=1 colcap=128: NONE visited=2687926 time=3.5s
ACCEPTED 0 0 0 0 0 0 0 13 141 1166 6624 23197 45377 47633 26965 7907 1185 87 4 0 0 0 0 0 0 0 0 0 0
SHARD 1638 k=4 m=28 inter=1 colcap=128: NONE visited=105854 time=0.1s
ACCEPTED 0 0 0 0 0 0 0 15 96 326 740 1076 894 417 105 14 1 0 0 0 0 0 0 0 0 0 0 0 0
SHARD 1639 k=4 m=28 inter=1 colcap=128: NONE visited=390310 time=0.5s
ACCEPTED 0 0 0 0 0 0 0 11 104 728 2624 4565 3805 1337 199 7 0 0 0 0 0 0 0 0 0 0 0 0 0
DONE exit=20
