SHARD 3720 k=4 m=28 inter=1 colcap=128: NONE visited=116713 time=0.1s
ACCEPTED 0 0 0 0 0 0 0 30 304 1055 1217 454 79 0 0 0 0 0 0 0 0 0 0 0 0 0 0 0 0
SHARD 3721 k=4 m=28 inter=1 colcap=128: NONE visited=17399 time=0.0s
ACCEPTED 0 0 0 0 0 0 0 16 80 229 236 33 0 0 0 0 0 0 0 0 0 0 0 0 0 0 0 0 0
SHARD 3722 k=4 m=28 inter=1 colcap=128: NONE visited=73538 time=0.0s
ACCEPTED 0 0 0 0 0 0 0 20 180 639 753 282 31 1 0 0 0 0 0 0 0 0 0 0 0 0 0 0 0
SHARD 3723 k=4 m=28 inter=1 colcap=128: NONE visited=929 time=0.0s
ACCEPTED 0 0 0 0 0 0 0 6 6 0 0 0 0 0 0 0 0 0 0 0 0 0 0 0 0 0 0 0 0
SHARD 3724 k=4 m=28 inter=1 colcap=128: NONE visited=8680 time=0.0s
ACCEPTED 0 0 0 0 0 0 0 13 40 60 39 29 7 1 0 0 0 0 0 0 0 0 0 0 0 0 0 0 0
SHARD 3725 k=4 m=28 inter=1 colcap=128: NONE visited=5657 time=0.0s
ACCEPTED 0 0 0 0 0 0 0 6 33 56 25 1 0 0 0 0 0 0 0 0 0 0 0 0 0 0 0 0 0
SHARD 3726 k=4 m=28 inter=1 colcap=128: NONE visited=1644 time=0.0s
ACCEPTED 0 0 0 0 0 0 0 6 13 15 1 0 0 0 0 0 0 0 0 0 0 0 0 0 0 0 0 0 0
SHARD 3727 k=4 m=28 inter=1 colcap=128: NONE visited=5464 time=0.0s
ACCEPTED 0 0 0 0 0 0 0 11 33 49 21 1 0 0 0 0 0 0 0 0 0 0 0 0 0 0 0 0 0
SHARD 3728 k=4 m=28 inter=1 colcap=128: NONE visited=5645 time=0.0s
ACCEPTED 0 0 0 0 0 0 0 6 29 52 29 7 2 0 0 0 0 0 0 0 0 0 0 0 0 0 0 0 0
SHARD 3729 k=4 m=28 inter=1 colcap=128: NONE visited=357 time=0.0s
ACCEPTED 0 0 0 0 0 0 0 2 3 3 0 0 0 0 0 0 0 0 0 0 0 0 0 0 0 0 0 0 0
SHARD 3730 k=4 m=28 inter=1 colcap=128: NONE visited=60631 time=0.0s
ACCEPTED 0 0 0 0 0 0 0 20 133 448 612 265 30 0 0 0 0 0 0 0 0 0 0 0 0 0 0 0 0
SHARD 3731 k=4 m=28 inter=1 colcap=128: NONE visited=217065 time=0.1s
ACCEPTED 0 0 0 0 0 0 0 27 252 1010 1834 1706 930 416 112 14 0 0 0 0 0 0 0 0 0 0 0 0 0
SHARD 3732 k=4 m=28 inter=1 colcap=128: NONE visited=1277 time=0.0s
ACCEPTED 0 0 0 0 0 0 0 4 10 12 1 0 0 0 0 0 0 0 0 0 0 0 0 0 0 0 0 0 0
SHARD 3733 k=4 m=28 inter=1 colcap=128: NONE visited=8005 time=0.0s
ACCEPTED 0 0 0 0 0 0 0 11 39 69 43 13 0 0 0 0 0 0 0 0 0 0 0 0 0 0 0 0 0
SHARD 3734 k=4 m=28 inter=1 colcap=128: NONE visited=3730 time=0.0s
ACCEPTED 0 0 0 0 0 0 0 7 25 35 18 1 0 0 0 0 0 0 0 0 0 0 0 0 0 0 0 0 0
SHARD 3735 k=4 m=28 inter=1 colcap=128: NONE visited=10182 time=0.0s
ACCEPTED 0 0 0 0 0 0 0 10 48 95 60 11 2 0 0 0 0 0 0 0 0 0 0 0 0 0 0 0 0
SHARD 3736 k=4 m=28 inter=1 colcap=128: NONE visited=1673 time=0.0s
ACCEPTED 0 0 0 0 0 0 0 5 19 12 0 0 0 0 0 0 0 0 0 0 0 0 0 0 0 0 0 0 0
SHARD 3737 k=4 m=28 inter=1 colcap=128: NONE visited=10855 time=0.0s
ACCEPTED 0 0 0 0 0 0 0 13 55 95 52 13 2 0 0 0 0 0 0 0 0 0 0 0 0 0 0 0 0
SHARD 3738 k=4 m=28 inter=1 colcap=128: NONE visited=3514 time=0.0s
ACCEPTED 0 0 0 0 0 0 0 9 25 29 10 0 0 0 0 0 0 0 0 0 0 0 0 0 0 0 0 0 0
SHARD 3739 k=4 m=28 inter=1 colcap=128: NONE visited=62 time=0.0s
ACCEPTED 0 0 0 0 0 0 0 0 0 0 0 0 0 0 0 0 0 0 0 0 0 0 0 0 0 0 0 0 0
SHARD 3740 k=4 m=28 inter=1 colcap=128: NONE visited=580030 time=0.4s
ACCEPTED 0 0 0 0 0 0 0 22 255 1533 4706 7281 5317 1969 280 15 0 0 0 0 0 0 0 0 0 0 0 0 0
SHARD 3741 k=4 m=28 inter=1 colcap=128: NONE visited=1670863 time=1.1s
ACCEPTED 0 0 0 0 0 0 0 33 473 3401 12031 20740 17298 6738 1128 47 0 0 0 0 0 0 0 0 0 0 0 0 0
SHARD 3742 k=4 m=28 inter=1 colcap=128: NONE visited=249546 time=0.2s
ACCEPTED 0 0 0 0 0 0 0 21 212 1031 2523 2804 1498 362 23 0 0 0 0 0 0 0 0 0 0 0 0 0 0
SHARD 3743 k=4 m=28 inter=1 colcap=128: NONE visited=1868557 time=1.5s
ACCEPTED 0 0 0 0 0 0 0 34 492 3463 11737 20158 18707 9682 2551 349 28 3 0 0 0 0 0 0 0 0 0 0 0
SHARD 3744 k=4 m=28 inter=1 colcap=128: NONE visited=145896 time=0.1s
ACCEPTED 0 0 0 0 0 0 0 11 77 417 1413 1994 984 41 0 0 0 0 0 0 0 0 0 0 0 0 0 0 0
SHARD 3745 k=4 m=28 inter=1 colcap=128: NONE visited=412656 time=0.3s
ACCEPTED 0 0 0 0 0 0 0 27 295 1489 3447 3880 2505 992 196 23 0 0 0 0 0 0 0 0 0 0 0 0 0
SHARD 3746 k=4 m=28 inter=1 colcap=128: NONE visited=900363 time=0.7s
ACCEPTED 0 0 0 0 0 0 0 21 219 1304 4432 8435 9536 6415 2796 742 149 21 1 0 0 0 0 0 0 0 0 0 0
SHARD 3747 k=4 m=28 inter=1 colcap=128: NONE visited=59414 time=0.0s
ACCEPTED 0 0 0 0 0 0 0 17 112 372 539 338 79 6 0 0 0 0 0 0 0 0 0 0 0 0 0 0 0
SHARD 3748 k=4 m=28 inter=1 colcap=128: NONE visited=123850 time=0.1s
ACCEPTED 0 0 0 0 0 0 0 16 122 523 1151 1200 571 116 8 0 0 0 0 0 0 0 0 0 0 0 0 0 0
SHARD 3749 k=4 m=28 inter=1 colcap=128: NONE visited=1910 time=0.0s
ACCEPTED 0 0 0 0 0 0 0 8 16 9 2 0 0 0 0 0 0 0 0 0 0 0 0 0 0 0 0 0 0
SHARD 3750 k=4 m=28 inter=1 colcap=128: NONE visited=988500 time=0.8s
ACCEPTED 0 0 0 0 0 0 0 20 201 1168 4010 8332 10652 7580 3051 684 88 7 0 0 0 0 0 0 0 0 0 0 0
SHARD 3751 k=4 m=28 inter=1 colcap=128: NONE visited=103525 time=0.1s
ACCEPTED 0 0 0 0 0 0 0 11 59 216 584 1085 1174 685 191 15 0 0 0 0 0 0 0 0 0 0 0 0 0
SHARD 3752 k=4 m=28 inter=1 colcap=128: NONE visited=29175 time=0.0s
ACCEPTED 0 0 0 0 0 0 0 7 43 180 362 292 102 4 0 0 0 0 0 0 0 0 0 0 0 0 0 0 0
SHARD 3753 k=4 m=28 inter=1 colcap=128: NONE visited=357414 time=0.3s
ACCEPTED 0 0 0 0 0 0 0 26 281 1390 3262 3819 2341 781 112 7 0 0 0 0 0 0 0 0 0 0 0 0 0
SHARD 3754 k=4 m=28 inter=1 colcap=128: NONE visited=719300 time=0.7s
ACCEPTED 0 0 0 0 0 0 0 20 200 1172 3945 7537 8499 5826 2282 452 37 3 0 0 0 0 0 0 0 0 0 0 0
SHARD 3755 k=4 m=28 inter=1 colcap=128: NONE visited=672421 time=0.5s
ACCEPTED 0 0 0 0 0 0 0 30 359 2083 5777 7390 4616 1547 270 30 0 0 0 0 0 0 0 0 0 0 0 0 0
SHARD 3756 k=4 m=28 inter=1 colcap=128: NONE visited=695621 time=0.6s
ACCEPTED 0 0 0 0 0 0 0 21 207 1240 4133 7388 7647 4605 1524 218 15 0 0 0 0 0 0 0 0 0 0 0 0
SHARD 3757 k=4 m=28 inter=1 colcap=128: NONE visited=103661 time=0.1s
ACCEPTED 0 0 0 0 0 0 0 17 128 543 1176 1072 296 21 0 0 0 0 0 0 0 0 0 0 0 0 0 0 0
SHARD 3758 k=4 m=28 inter=1 colcap=128: NONE visited=3990 time=0.0s
ACCEPTED 0 0 0 0 0 0 0 2 9 34 49 23 1 0 0 0 0 0 0 0 0 0 0 0 0 0 0 0 0
SHARD 3759 k=4 m=28 inter=1 colcap=128: NONE visited=101679 time=0.1s
ACCEPTED 0 0 0 0 0 0 0 20 151 574 1002 753 262 25 1 0 0 0 0 0 0 0 0 0 0 0 0 0 0
DONE exit=20
