SHARD 3120 k=4 m=28 inter=1 colcap=128: NONE visited=626 time=0.0s
ACCEPTED 0 0 0 0 0 0 0 1 5 5 2 0 0 0 0 0 0 0 0 0 0 0 0 0 0 0 0 0 0
SHARD 3121 k=4 m=28 inter=1 colcap=128: NONE visited=27625 time=0.0s
ACCEPTED 0 0 0 0 0 0 0 12 64 178 311 273 72 7 0 0 0 0 0 0 0 0 0 0 0 0 0 0 0
SHARD 3122 k=4 m=28 inter=1 colcap=128: NONE visited=1039747 time=0.8s
ACCEPTED 0 0 0 0 0 0 0 20 209 1328 5629 13526 14506 6266 1071 90 3 0 0 0 0 0 0 0 0 0 0 0 0
SHARD 3123 k=4 m=28 inter=1 colcap=128: NONE visited=1241146 time=1.0s
ACCEPTED 0 0 0 0 0 0 0 28 310 1792 7011 16634 18017 7602 1336 101 3 0 0 0 0 0 0 0 0 0 0 0 0
SHARD 3124 k=4 m=28 inter=1 colcap=128: NONE visited=977565 time=0.8s
ACCEPTED 0 0 0 0 0 0 0 20 259 1850 6720 12461 11577 4735 794 46 0 0 0 0 0 0 0 0 0 0 0 0 0
SHARD 3125 k=4 m=28 inter=1 colcap=128: NONE visited=1781337 time=1.6s
ACCEPTED 0 0 0 0 0 0 0 22 286 2162 9113 21925 26883 16382 5880 1129 90 1 0 0 0 0 0 0 0 0 0 0 0
SHARD 3126 k=4 m=28 inter=1 colcap=128: NONE visited=723198 time=0.6s
ACCEPTED 0 0 0 0 0 0 0 14 149 1071 4471 9433 9577 5136 1868 505 104 12 0 0 0 0 0 0 0 0 0 0 0
SHARD 3127 k=4 m=28 inter=1 colcap=128: NONE visited=369189 time=0.3s
ACCEPTED 0 0 0 0 0 0 0 11 72 523 2440 5485 4778 1138 99 2 0 0 0 0 0 0 0 0 0 0 0 0 0
SHARD 3128 k=4 m=28 inter=1 colcap=128: NONE visited=1898246 time=1.6s
ACCEPTED 0 0 0 0 0 0 0 17 215 1670 7837 19596 24180 15972 7528 3354 1053 175 6 0 0 0 0 0 0 0 0 0 0
SHARD 3129 k=4 m=28 inter=1 colcap=128: NONE visited=15162 time=0.0s
ACCEPTED 0 0 0 0 0 0 0 13 58 136 117 28 0 0 0 0 0 0 0 0 0 0 0 0 0 0 0 0 0
SHARD 3130 k=4 m=28 inter=1 colcap=128: NONE visited=104937 time=0.1s
ACCEPTED 0 0 0 0 0 0 0 10 76 354 864 1064 647 224 32 3 0 0 0 0 0 0 0 0 0 0 0 0 0
SHARD 3131 k=4 m=28 inter=1 colcap=128: NONE visited=1197 time=0.0s
ACCEPTED 0 0 0 0 0 0 0 4 11 11 2 0 0 0 0 0 0 0 0 0 0 0 0 0 0 0 0 0 0
SHARD 3132 k=4 m=28 inter=1 colcap=128: NONE visited=24283 time=0.0s
ACCEPTED 0 0 0 0 0 0 0 12 66 173 229 137 32 2 0 0 0 0 0 0 0 0 0 0 0 0 0 0 0
SHARD 3133 k=4 m=28 inter=1 colcap=128: NONE visited=263137 time=0.2s
ACCEPTED 0 0 0 0 0 0 0 29 300 1359 2597 2279 1083 325 47 0 0 0 0 0 0 0 0 0 0 0 0 0 0
SHARD 3134 k=4 m=28 inter=1 colcap=128: NONE visited=230101 time=0.2s
ACCEPTED 0 0 0 0 0 0 0 23 198 919 2248 2811 1874 649 96 7 0 0 0 0 0 0 0 0 0 0 0 0 0
SHARD 3135 k=4 m=28 inter=1 colcap=128: NONE visited=521511 time=0.5s
ACCEPTED 0 0 0 0 0 0 0 17 182 1182 3859 6193 5133 2172 445 62 8 0 0 0 0 0 0 0 0 0 0 0 0
SHARD 3136 k=4 m=28 inter=1 colcap=128: NONE visited=640 time=0.0s
ACCEPTED 0 0 0 0 0 0 0 6 6 0 0 0 0 0 0 0 0 0 0 0 0 0 0 0 0 0 0 0 0
SHARD 3137 k=4 m=28 inter=1 colcap=128: NONE visited=3869 time=0.0s
ACCEPTED 0 0 0 0 0 0 0 10 25 22 8 1 0 0 0 0 0 0 0 0 0 0 0 0 0 0 0 0 0
SHARD 3138 k=4 m=28 inter=1 colcap=128: NONE visited=16685 time=0.0s
ACCEPTED 0 0 0 0 0 0 0 6 17 48 134 198 123 32 1 0 0 0 0 0 0 0 0 0 0 0 0 0 0
SHARD 3139 k=4 m=28 inter=1 colcap=128: NONE visited=294 time=0.0s
ACCEPTED 0 0 0 0 0 0 0 2 3 3 0 0 0 0 0 0 0 0 0 0 0 0 0 0 0 0 0 0 0
SHARD 3140 k=4 m=28 inter=1 colcap=128: NONE visited=2319 time=0.0s
ACCEPTED 0 0 0 0 0 0 0 4 9 17 23 9 0 0 0 0 0 0 0 0 0 0 0 0 0 0 0 0 0
SHARD 3141 k=4 m=28 inter=1 colcap=128: NONE visited=1882 time=0.0s
ACCEPTED 0 0 0 0 0 0 0 4 14 18 12 6 0 0 0 0 0 0 0 0 0 0 0 0 0 0 0 0 0
SHARD 3142 k=4 m=28 inter=1 colcap=128: NONE visited=101 time=0.0s
ACCEPTED 0 0 0 0 0 0 0 1 1 0 0 0 0 0 0 0 0 0 0 0 0 0 0 0 0 0 0 0 0
SHARD 3143 k=4 m=28 inter=1 colcap=128: NONE visited=252 time=0.0s
ACCEPTED 0 0 0 0 0 0 0 2 3 2 0 0 0 0 0 0 0 0 0 0 0 0 0 0 0 0 0 0 0
SHARD 3144 k=4 m=28 inter=1 colcap=128: NONE visited=2283 time=0.0s
ACCEPTED 0 0 0 0 0 0 0 5 11 21 9 4 0 0 0 0 0 0 0 0 0 0 0 0 0 0 0 0 0
SHARD 3145 k=4 m=28 inter=1 colcap=128: NONE visited=18690 time=0.0s
ACCEPTED 0 0 0 0 0 0 0 4 18 88 187 137 29 2 0 0 0 0 0 0 0 0 0 0 0 0 0 0 0
SHARD 3146 k=4 m=28 inter=1 colcap=128: NONE visited=21826 time=0.0s
ACCEPTED 0 0 0 0 0 0 0 4 19 102 202 167 49 2 0 0 0 0 0 0 0 0 0 0 0 0 0 0 0
SHARD 3147 k=4 m=28 inter=1 colcap=128: NONE visited=3883 time=0.0s
ACCEPTED 0 0 0 0 0 0 0 9 24 53 14 0 0 0 0 0 0 0 0 0 0 0 0 0 0 0 0 0 0
SHARD 3148 k=4 m=28 inter=1 colcap=128: NONE visited=21723 time=0.0s
ACCEPTED 0 0 0 0 0 0 0 20 113 209 100 7 0 0 0 0 0 0 0 0 0 0 0 0 0 0 0 0 0
SHARD 3149 k=4 m=28 inter=1 colcap=128: NONE visited=417082 time=0.2s
ACCEPTED 0 0 0 0 0 0 0 34 351 1643 3438 3361 2080 961 420 152 33 3 0 0 0 0 0 0 0 0 0 0 0
SHARD 3150 k=4 m=28 inter=1 colcap=128: NONE visited=387747 time=0.2s
ACCEPTED 0 0 0 0 0 0 0 28 295 1571 3693 3848 2158 582 43 1 0 0 0 0 0 0 0 0 0 0 0 0 0
SHARD 3151 k=4 m=28 inter=1 colcap=128: NONE visited=1851219 time=1.7s
ACCEPTED 0 0 0 0 0 0 0 19 229 1801 7898 19112 25274 17094 5865 1194 118 5 0 0 0 0 0 0 0 0 0 0 0
SHARD 3152 k=4 m=28 inter=1 colcap=128: NONE visited=208 time=0.0s
ACCEPTED 0 0 0 0 0 0 0 3 3 0 0 0 0 0 0 0 0 0 0 0 0 0 0 0 0 0 0 0 0
SHARD 3153 k=4 m=28 inter=1 colcap=128: NONE visited=12483 time=0.0s
ACCEPTED 0 0 0 0 0 0 0 7 31 95 117 71 7 0 0 0 0 0 0 0 0 0 0 0 0 0 0 0 0
SHARD 3154 k=4 m=28 inter=1 colcap=128: NONE visited=5132 time=0.0s
ACCEPTED 0 0 0 0 0 0 0 6 18 40 42 13 2 0 0 0 0 0 0 0 0 0 0 0 0 0 0 0 0
SHARD 3155 k=4 m=28 inter=1 colcap=128: NONE visited=83187 time=0.1s
ACCEPTED 0 0 0 0 0 0 0 8 53 256 666 839 569 146 19 0 0 0 0 0 0 0 0 0 0 0 0 0 0
SHARD 3156 k=4 m=28 inter=1 colcap=128: NONE visited=98373 time=0.1s
ACCEPTED 0 0 0 0 0 0 0 10 63 324 965 1216 564 81 4 1 0 0 0 0 0 0 0 0 0 0 0 0 0
SHARD 3157 k=4 m=28 inter=1 colcap=128: NONE visited=3467 time=0.0s
ACCEPTED 0 0 0 0 0 0 0 3 10 36 21 8 1 0 0 0 0 0 0 0 0 0 0 0 0 0 0 0 0
SHARD 3158 k=4 m=28 inter=1 colcap=128: NONE visited=9939 time=0.0s
ACCEPTED 0 0 0 0 0 0 0 5 19 62 87 61 5 0 0 0 0 0 0 0 0 0 0 0 0 0 0 0 0
SHARD 3159 k=4 m=28 inter=1 colcap=128: NONE visited=135617 time=0.1s
ACCEPTED 0 0 0 0 0 0 0 20 175 742 1340 1095 406 52 4 0 0 0 0 0 0 0 0 0 0 0 0 0 0
DONE exit=20
