SHARD 4440 k=4 m=28 inter=1 colcap=128: NONE visited=117299 time=0.1s
ACCEPTED 0 0 0 0 0 0 0 22 188 695 1081 730 199 35 0 0 0 0 0 0 0 0 0 0 0 0 0 0 0
SHARD 4441 k=4 m=28 inter=1 colcap=128: NONE visited=5969 time=0.0s
ACCEPTED 0 0 0 0 0 0 0 9 25 42 36 9 0 0 0 0 0 0 0 0 0 0 0 0 0 0 0 0 0
SHARD 4442 k=4 m=28 inter=1 colcap=128: NONE visited=561 time=0.0s
ACCEPTED 0 0 0 0 0 0 0 3 3 0 0 0 0 0 0 0 0 0 0 0 0 0 0 0 0 0 0 0 0
SHARD 4443 k=4 m=28 inter=1 colcap=128: NONE visited=95 time=0.0s
ACCEPTED 0 0 0 0 0 0 0 0 0 0 0 0 0 0 0 0 0 0 0 0 0 0 0 0 0 0 0 0 0
SHARD 4444 k=4 m=28 inter=1 colcap=128: NONE visited=433 time=0.0s
ACCEPTED 0 0 0 0 0 0 0 5 4 0 0 0 0 0 0 0 0 0 0 0 0 0 0 0 0 0 0 0 0
SHARD 4445 k=4 m=28 inter=1 colcap=128: NONE visited=122 time=0.0s
ACCEPTED 0 0 0 0 0 0 0 0 0 0 0 0 0 0 0 0 0 0 0 0 0 0 0 0 0 0 0 0 0
SHARD 4446 k=4 m=28 inter=1 colcap=128: NONE visited=160 time=0.0s
ACCEPTED 0 0 0 0 0 0 0 1 0 0 0 0 0 0 0 0 0 0 0 0 0 0 0 0 0 0 0 0 0
SHARD 4447 k=4 m=28 inter=1 colcap=128: NONE visited=382 time=0.0s
ACCEPTED 0 0 0 0 0 0 0 3 0 0 0 0 0 0 0 0 0 0 0 0 0 0 0 0 0 0 0 0 0
SHARD 4448 k=4 m=28 inter=1 colcap=128: NONE visited=110 time=0.0s
ACCEPTED 0 0 0 0 0 0 0 0 0 0 0 0 0 0 0 0 0 0 0 0 0 0 0 0 0 0 0 0 0
SHARD 4449 k=4 m=28 inter=1 colcap=128: NONE visited=2635 time=0.0s
ACCEPTED 0 0 0 0 0 0 0 8 20 14 1 0 0 0 0 0 0 0 0 0 0 0 0 0 0 0 0 0 0
SHARD 4450 k=4 m=28 inter=1 colcap=128: NONE visited=367 time=0.0s
ACCEPTED 0 0 0 0 0 0 0 3 0 0 0 0 0 0 0 0 0 0 0 0 0 0 0 0 0 0 0 0 0
SHARD 4451 k=4 m=28 inter=1 colcap=128: NONE visited=557 time=0.0s
ACCEPTED 0 0 0 0 0 0 0 5 2 0 0 0 0 0 0 0 0 0 0 0 0 0 0 0 0 0 0 0 0
SHARD 4452 k=4 m=28 inter=1 colcap=128: NONE visited=202 time=0.0s
ACCEPTED 0 0 0 0 0 0 0 1 0 0 0 0 0 0 0 0 0 0 0 0 0 0 0 0 0 0 0 0 0
SHARD 4453 k=4 m=28 inter=1 colcap=128: NONE visited=368 time=0.0s
ACCEPTED 0 0 0 0 0 0 0 4 0 0 0 0 0 0 0 0 0 0 0 0 0 0 0 0 0 0 0 0 0
SHARD 4454 k=4 m=28 inter=1 colcap=128: NONE visited=194 time=0.0s
ACCEPTED 0 0 0 0 0 0 0 1 0 0 0 0 0 0 0 0 0 0 0 0 0 0 0 0 0 0 0 0 0
SHARD 4455 k=4 m=28 inter=1 colcap=128: NONE visited=269 time=0.0s
ACCEPTED 0 0 0 0 0 0 0 2 0 0 0 0 0 0 0 0 0 0 0 0 0 0 0 0 0 0 0 0 0
SHARD 4456 k=4 m=28 inter=1 colcap=128: NONE visited=94 time=0.0s
ACCEPTED 0 0 0 0 0 0 0 0 0 0 0 0 0 0 0 0 0 0 0 0 0 0 0 0 0 0 0 0 0
SHARD 4457 k=4 m=28 inter=1 colcap=128: NONE visited=902 time=0.0s
ACCEPTED 0 0 0 0 0 0 0 5 6 4 1 0 0 0 0 0 0 0 0 0 0 0 0 0 0 0 0 0 0
SHARD 4458 k=4 m=28 inter=1 colcap=128: NONE visited=325 time=0.0s
ACCEPTED 0 0 0 0 0 0 0 2 1 0 0 0 0 0 0 0 0 0 0 0 0 0 0 0 0 0 0 0 0
SHARD 4459 k=4 m=28 inter=1 colcap=128: NONE visited=628 time=0.0s
ACCEPTED 0 0 0 0 0 0 0 3 4 0 0 0 0 0 0 0 0 0 0 0 0 0 0 0 0 0 0 0 0
SHARD 4460 k=4 m=28 inter=1 colcap=128: NONE visited=4125 time=0.0s
ACCEPTED 0 0 0 0 0 0 0 8 16 26 21 16 0 0 0 0 0 0 0 0 0 0 0 0 0 0 0 0 0
SHARD 4461 k=4 m=28 inter=1 colcap=128: NONE visited=110 time=0.0s
ACCEPTED 0 0 0 0 0 0 0 0 0 0 0 0 0 0 0 0 0 0 0 0 0 0 0 0 0 0 0 0 0
SHARD 4462 k=4 m=28 inter=1 colcap=128: NONE visited=4275 time=0.0s
ACCEPTED 0 0 0 0 0 0 0 11 29 29 8 0 0 0 0 0 0 0 0 0 0 0 0 0 0 0 0 0 0
SHARD 4463 k=4 m=28 inter=1 colcap=128: NONE visited=180 time=0.0s
ACCEPTED 0 0 0 0 0 0 0 1 0 0 0 0 0 0 0 0 0 0 0 0 0 0 0 0 0 0 0 0 0
SHARD 4464 k=4 m=28 inter=1 colcap=128: NONE visited=4576 time=0.0s
ACCEPTED 0 0 0 0 0 0 0 10 31 35 9 0 0 0 0 0 0 0 0 0 0 0 0 0 0 0 0 0 0
SHARD 4465 k=4 m=28 inter=1 colcap=128: NONE visited=3469 time=0.0s
ACCEPTED 0 0 0 0 0 0 0 11 26 19 6 2 0 0 0 0 0 0 0 0 0 0 0 0 0 0 0 0 0
SHARD 4466 k=4 m=28 inter=1 colcap=128: NONE visited=231 time=0.0s
ACCEPTED 0 0 0 0 0 0 0 2 0 0 0 0 0 0 0 0 0 0 0 0 0 0 0 0 0 0 0 0 0
SHARD 4467 k=4 m=28 inter=1 colcap=128: NONE visited=33546 time=0.0s
ACCEPTED 0 0 0 0 0 0 0 9 41 125 255 297 128 18 0 0 0 0 0 0 0 0 0 0 0 0 0 0 0
SHARD 4468 k=4 m=28 inter=1 colcap=128: NONE visited=144 time=0.0s
ACCEPTED 0 0 0 0 0 0 0 1 0 0 0 0 0 0 0 0 0 0 0 0 0 0 0 0 0 0 0 0 0
SHARD 4469 k=4 m=28 inter=1 colcap=128: NONE visited=1870 time=0.0s
ACCEPTED 0 0 0 0 0 0 0 3 10 14 7 0 0 0 0 0 0 0 0 0 0 0 0 0 0 0 0 0 0
SHARD 4470 k=4 m=28 inter=1 colcap=128: NONE visited=287 time=0.0s
ACCEPTED 0 0 0 0 0 0 0 2 1 0 0 0 0 0 0 0 0 0 0 0 0 0 0 0 0 0 0 0 0
SHARD 4471 k=4 m=28 inter=1 colcap=128: NONE visited=411 time=0.0s
ACCEPTED 0 0 0 0 0 0 0 1 3 2 0 0 0 0 0 0 0 0 0 0 0 0 0 0 0 0 0 0 0
SHARD 4472 k=4 m=28 inter=1 colcap=128: NONE visited=1429 time=0.0s
ACCEPTED 0 0 0 0 0 0 0 3 10 10 6 1 0 0 0 0 0 0 0 0 0 0 0 0 0 0 0 0 0
SHARD 4473 k=4 m=28 inter=1 colcap=128: NONE visited=59711 time=0.0s
ACCEPTED 0 0 0 0 0 0 0 12 77 284 519 419 136 10 1 0 0 0 0 0 0 0 0 0 0 0 0 0 0
SHARD 4474 k=4 m=28 inter=1 colcap=128: NONE visited=3928 time=0.0s
ACCEPTED 0 0 0 0 0 0 0 9 30 25 4 0 0 0 0 0 0 0 0 0 0 0 0 0 0 0 0 0 0
SHARD 4475 k=4 m=28 inter=1 colcap=128: NONE visited=395 time=0.0s
ACCEPTED 0 0 0 0 0 0 0 3 0 0 0 0 0 0 0 0 0 0 0 0 0 0 0 0 0 0 0 0 0
SHARD 4476 k=4 m=28 inter=1 colcap=128: NONE visited=696 time=0.0s
ACCEPTED 0 0 0 0 0 0 0 4 4 0 0 0 0 0 0 0 0 0 0 0 0 0 0 0 0 0 0 0 0
SHARD 4477 k=4 m=28 inter=1 colcap=128: NONE visited=392 time=0.0s
ACCEPTED 0 0 0 0 0 0 0 2 1 0 0 0 0 0 0 0 0 0 0 0 0 0 0 0 0 0 0 0 0
SHARD 4478 k=4 m=28 inter=1 colcap=128: NONE visited=2130 time=0.0s
ACCEPTED 0 0 0 0 0 0 0 8 14 11 2 0 0 0 0 0 0 0 0 0 0 0 0 0 0 0 0 0 0
SHARD 4479 k=4 m=28 inter=1 colcap=128: NONE visited=197 time=0.0s
ACCEPTED 0 0 0 0 0 0 0 1 0 0 0 0 0 0 0 0 0 0 0 0 0 0 0 0 0 0 0 0 0
DONE exit=20
