SHARD 8520 k=4 m=28 inter=1 colcap=128: NONE visited=18793 time=0.0s
ACCEPTED 0 0 0 0 0 0 0 14 61 125 139 86 23 1 0 0 0 0 0 0 0 0 0 0 0 0 0 0 0
SHARD 8521 k=4 m=28 inter=1 colcap=128: NONE visited=308012 time=0.1s
ACCEPTED 0 0 0 0 0 0 0 18 164 820 2213 3127 2269 866 188 28 3 0 0 0 0 0 0 0 0 0 0 0 0
SHARD 8522 k=4 m=28 inter=1 colcap=128: NONE visited=68855 time=0.0s
ACCEPTED 0 0 0 0 0 0 0 13 85 322 593 506 253 81 6 0 0 0 0 0 0 0 0 0 0 0 0 0 0
SHARD 8523 k=4 m=28 inter=1 colcap=128: NONE visited=345528 time=0.2s
ACCEPTED 0 0 0 0 0 0 0 18 175 923 2457 3433 2582 1105 232 16 0 0 0 0 0 0 0 0 0 0 0 0 0
SHARD 8524 k=4 m=28 inter=1 colcap=128: NONE visited=37447 time=0.0s
ACCEPTED 0 0 0 0 0 0 0 5 35 163 360 350 123 7 0 0 0 0 0 0 0 0 0 0 0 0 0 0 0
SHARD 8525 k=4 m=28 inter=1 colcap=128: NONE visited=15105 time=0.0s
ACCEPTED 0 0 0 0 0 0 0 13 60 120 100 26 1 0 0 0 0 0 0 0 0 0 0 0 0 0 0 0 0
SHARD 8526 k=4 m=28 inter=1 colcap=128: NONE visited=135938 time=0.1s
ACCEPTED 0 0 0 0 0 0 0 15 109 459 1098 1404 786 218 29 1 0 0 0 0 0 0 0 0 0 0 0 0 0
SHARD 8527 k=4 m=28 inter=1 colcap=128: NONE visited=18010 time=0.0s
ACCEPTED 0 0 0 0 0 0 0 14 68 135 123 45 7 0 0 0 0 0 0 0 0 0 0 0 0 0 0 0 0
SHARD 8528 k=4 m=28 inter=1 colcap=128: NONE visited=295444 time=0.2s
ACCEPTED 0 0 0 0 0 0 0 15 120 534 1454 2577 2976 2102 885 185 9 0 0 0 0 0 0 0 0 0 0 0 0
SHARD 8529 k=4 m=28 inter=1 colcap=128: NONE visited=953 time=0.0s
ACCEPTED 0 0 0 0 0 0 0 6 7 0 0 0 0 0 0 0 0 0 0 0 0 0 0 0 0 0 0 0 0
SHARD 8530 k=4 m=28 inter=1 colcap=128: NONE visited=22628 time=0.0s
ACCEPTED 0 0 0 0 0 0 0 15 69 157 166 72 15 0 0 0 0 0 0 0 0 0 0 0 0 0 0 0 0
SHARD 8531 k=4 m=28 inter=1 colcap=128: NONE visited=196900 time=0.1s
ACCEPTED 0 0 0 0 0 0 0 14 89 330 898 1759 2036 1032 207 15 0 0 0 0 0 0 0 0 0 0 0 0 0
SHARD 8532 k=4 m=28 inter=1 colcap=128: NONE visited=15286 time=0.0s
ACCEPTED 0 0 0 0 0 0 0 16 67 107 74 29 5 0 0 0 0 0 0 0 0 0 0 0 0 0 0 0 0
SHARD 8533 k=4 m=28 inter=1 colcap=128: NONE visited=193857 time=0.1s
ACCEPTED 0 0 0 0 0 0 0 16 123 525 1330 1957 1524 542 94 10 0 0 0 0 0 0 0 0 0 0 0 0 0
SHARD 8534 k=4 m=28 inter=1 colcap=128: NONE visited=975 time=0.0s
ACCEPTED 0 0 0 0 0 0 0 6 6 0 0 0 0 0 0 0 0 0 0 0 0 0 0 0 0 0 0 0 0
SHARD 8535 k=4 m=28 inter=1 colcap=128: NONE visited=184 time=0.0s
ACCEPTED 0 0 0 0 0 0 0 1 0 0 0 0 0 0 0 0 0 0 0 0 0 0 0 0 0 0 0 0 0
SHARD 8536 k=4 m=28 inter=1 colcap=128: NONE visited=426294 time=0.3s
ACCEPTED 0 0 0 0 0 0 0 16 125 649 2314 4727 4886 2355 504 58 4 0 0 0 0 0 0 0 0 0 0 0 0
SHARD 8537 k=4 m=28 inter=1 colcap=128: NONE visited=3598 time=0.0s
ACCEPTED 0 0 0 0 0 0 0 6 19 28 10 5 0 0 0 0 0 0 0 0 0 0 0 0 0 0 0 0 0
SHARD 8538 k=4 m=28 inter=1 colcap=128: NONE visited=26088 time=0.0s
ACCEPTED 0 0 0 0 0 0 0 4 37 123 175 190 63 1 0 0 0 0 0 0 0 0 0 0 0 0 0 0 0
SHARD 8539 k=4 m=28 inter=1 colcap=128: NONE visited=104995 time=0.1s
ACCEPTED 0 0 0 0 0 0 0 8 52 274 798 1087 554 126 18 2 0 0 0 0 0 0 0 0 0 0 0 0 0
SHARD 8540 k=4 m=28 inter=1 colcap=128: NONE visited=3335575 time=2.4s
ACCEPTED 0 0 0 0 0 0 0 42 653 4705 17243 36479 46467 33558 12299 2299 237 31 1 0 0 0 0 0 0 0 0 0 0
SHARD 8541 k=4 m=28 inter=1 colcap=128: NONE visited=10573046 time=8.2s
ACCEPTED 0 0 0 0 0 0 0 37 595 5354 28272 88097 157309 151604 74291 17820 1900 69 2 0 0 0 0 0 0 0 0 0 0
SHARD 8542 k=4 m=28 inter=1 colcap=128: NONE visited=6256176 time=4.3s
ACCEPTED 0 0 0 0 0 0 0 46 823 6864 29097 67410 87646 63993 25314 4712 335 7 0 0 0 0 0 0 0 0 0 0 0
SHARD 8543 k=4 m=28 inter=1 colcap=128: NONE visited=16466038 time=11.8s
ACCEPTED 0 0 0 0 0 0 0 49 984 9878 53046 157035 251144 205282 82969 17556 2218 180 6 0 0 0 0 0 0 0 0 0 0
SHARD 8544 k=4 m=28 inter=1 colcap=128: NONE visited=22642666 time=17.0s
ACCEPTED 0 0 0 0 0 0 0 42 776 8027 48217 165473 318565 341924 208631 75863 17552 2696 219 0 0 0 0 0 0 0 0 0 0
SHARD 8545 k=4 m=28 inter=1 colcap=128: NONE visited=3705468 time=2.5s
ACCEPTED 0 0 0 0 0 0 0 31 417 2990 14026 39571 56193 37480 11995 1840 137 4 0 0 0 0 0 0 0 0 0 0 0
SHARD 8546 k=4 m=28 inter=1 colcap=128: NONE visited=1444337 time=0.9s
ACCEPTED 0 0 0 0 0 0 0 29 390 2634 9466 18098 17588 7143 915 30 0 0 0 0 0 0 0 0 0 0 0 0 0
SHARD 8547 k=4 m=28 inter=1 colcap=128: NONE visited=12366044 time=7.8s
ACCEPTED 0 0 0 0 0 0 0 51 1045 10351 51321 131541 175400 122932 46588 9647 1186 118 12 0 0 0 0 0 0 0 0 0 0
SHARD 8548 k=4 m=28 inter=1 colcap=128: NONE visited=509457 time=0.3s
ACCEPTED 0 0 0 0 0 0 0 15 108 782 3611 7415 5766 1252 109 1 0 0 0 0 0 0 0 0 0 0 0 0 0
SHARD 8549 k=4 m=28 inter=1 colcap=128: NONE visited=958169 time=0.6s
ACCEPTED 0 0 0 0 0 0 0 34 401 2252 6553 10643 9722 4668 1086 89 2 0 0 0 0 0 0 0 0 0 0 0 0
SHARD 8550 k=4 m=28 inter=1 colcap=128: NONE visited=10438795 time=6.9s
ACCEPTED 0 0 0 0 0 0 0 32 519 5019 28314 89407 154092 141667 66691 17466 2657 266 16 0 0 0 0 0 0 0 0 0 0
SHARD 8551 k=4 m=28 inter=1 colcap=128: NONE visited=361227 time=0.2s
ACCEPTED 0 0 0 0 0 0 0 26 239 1101 2844 4323 3045 884 89 0 0 0 0 0 0 0 0 0 0 0 0 0 0
SHARD 8552 k=4 m=28 inter=1 colcap=128: NONE visited=590921 time=0.4s
ACCEPTED 0 0 0 0 0 0 0 18 176 1032 3451 6152 5968 3351 1336 342 48 4 0 0 0 0 0 0 0 0 0 0 0
SHARD 8553 k=4 m=28 inter=1 colcap=128: NONE visited=133455 time=0.1s
ACCEPTED 0 0 0 0 0 0 0 10 88 475 1328 1597 618 78 0 0 0 0 0 0 0 0 0 0 0 0 0 0 0
SHARD 8554 k=4 m=28 inter=1 colcap=128: NONE visited=1282797 time=0.8s
ACCEPTED 0 0 0 0 0 0 0 36 481 3070 9920 15980 12075 4352 909 106 8 0 0 0 0 0 0 0 0 0 0 0 0
SHARD 8555 k=4 m=28 inter=1 colcap=128: NONE visited=3503598 time=2.5s
ACCEPTED 0 0 0 0 0 0 0 29 396 3211 14390 34925 46618 36446 17826 5689 1029 125 4 0 0 0 0 0 0 0 0 0 0
SHARD 8556 k=4 m=28 inter=1 colcap=128: NONE visited=428026 time=0.3s
ACCEPTED 0 0 0 0 0 0 0 21 193 969 2837 5087 4832 2111 535 85 9 0 0 0 0 0 0 0 0 0 0 0 0
SHARD 8557 k=4 m=28 inter=1 colcap=128: NONE visited=2750338 time=1.8s
ACCEPTED 0 0 0 0 0 0 0 30 437 3508 14825 31533 34044 19223 5577 696 36 0 0 0 0 0 0 0 0 0 0 0 0
SHARD 8558 k=4 m=28 inter=1 colcap=128: NONE visited=1126810 time=0.8s
ACCEPTED 0 0 0 0 0 0 0 19 202 1422 6100 13924 15739 8324 2278 433 57 3 0 0 0 0 0 0 0 0 0 0 0
SHARD 8559 k=4 m=28 inter=1 colcap=128: NONE visited=2895069 time=1.8s
ACCEPTED 0 0 0 0 0 0 0 39 601 4582 17401 33292 32903 17423 4763 680 38 0 0 0 0 0 0 0 0 0 0 0 0
DONE exit=20
