SHARD 160 k=4 m=28 inter=1 colcap=128: NONE visited=1623 time=0.0s
ACCEPTED 0 0 0 0 0 0 0 7 15 5 1 0 0 0 0 0 0 0 0 0 0 0 0 0 0 0 0 0 0
SHARD 161 k=4 m=28 inter=1 colcap=128: NONE visited=20390 time=0.0s
ACCEPTED 0 0 0 0 0 0 0 21 119 187 63 3 0 0 0 0 0 0 0 0 0 0 0 0 0 0 0 0 0
SHARD 162 k=4 m=28 inter=1 colcap=128: NONE visited=16757 time=0.0s
ACCEPTED 0 0 0 0 0 0 0 16 92 145 74 12 1 0 0 0 0 0 0 0 0 0 0 0 0 0 0 0 0
SHARD 163 k=4 m=28 inter=1 colcap=128: NONE visited=796 time=0.0s
ACCEPTED 0 0 0 0 0 0 0 3 10 3 0 0 0 0 0 0 0 0 0 0 0 0 0 0 0 0 0 0 0
SHARD 164 k=4 m=28 inter=1 colcap=128: NONE visited=156 time=0.0s
ACCEPTED 0 0 0 0 0 0 0 2 1 0 0 0 0 0 0 0 0 0 0 0 0 0 0 0 0 0 0 0 0
SHARD 165 k=4 m=28 inter=1 colcap=128: NONE visited=628 time=0.0s
ACCEPTED 0 0 0 0 0 0 0 5 2 0 0 0 0 0 0 0 0 0 0 0 0 0 0 0 0 0 0 0 0
SHARD 166 k=4 m=28 inter=1 colcap=128: NONE visited=644 time=0.0s
ACCEPTED 0 0 0 0 0 0 0 5 4 1 0 0 0 0 0 0 0 0 0 0 0 0 0 0 0 0 0 0 0
SHARD 167 k=4 m=28 inter=1 colcap=128: NONE visited=1017 time=0.0s
ACCEPTED 0 0 0 0 0 0 0 7 6 0 0 0 0 0 0 0 0 0 0 0 0 0 0 0 0 0 0 0 0
SHARD 168 k=4 m=28 inter=1 colcap=128: NONE visited=2143 time=0.0s
ACCEPTED 0 0 0 0 0 0 0 11 16 4 0 0 0 0 0 0 0 0 0 0 0 0 0 0 0 0 0 0 0
SHARD 169 k=4 m=28 inter=1 colcap=128: NONE visited=1386 time=0.0s
ACCEPTED 0 0 0 0 0 0 0 8 9 3 0 0 0 0 0 0 0 0 0 0 0 0 0 0 0 0 0 0 0
SHARD 170 k=4 m=28 inter=1 colcap=128: NONE visited=856 time=0.0s
ACCEPTED 0 0 0 0 0 0 0 5 5 2 0 0 0 0 0 0 0 0 0 0 0 0 0 0 0 0 0 0 0
SHARD 171 k=4 m=28 inter=1 colcap=128: NONE visited=1677 time=0.0s
ACCEPTED 0 0 0 0 0 0 0 8 15 8 1 0 0 0 0 0 0 0 0 0 0 0 0 0 0 0 0 0 0
SHARD 172 k=4 m=28 inter=1 colcap=128: NONE visited=3749 time=0.0s
ACCEPTED 0 0 0 0 0 0 0 12 29 20 8 0 0 0 0 0 0 0 0 0 0 0 0 0 0 0 0 0 0
SHARD 173 k=4 m=28 inter=1 colcap=128: NONE visited=342 time=0.0s
ACCEPTED 0 0 0 0 0 0 0 4 2 0 0 0 0 0 0 0 0 0 0 0 0 0 0 0 0 0 0 0 0
SHARD 174 k=4 m=28 inter=1 colcap=128: NONE visited=59 time=0.0s
ACCEPTED 0 0 0 0 0 0 0 0 0 0 0 0 0 0 0 0 0 0 0 0 0 0 0 0 0 0 0 0 0
SHARD 175 k=4 m=28 inter=1 colcap=128: NONE visited=316 time=0.0s
ACCEPTED 0 0 0 0 0 0 0 2 1 0 0 0 0 0 0 0 0 0 0 0 0 0 0 0 0 0 0 0 0
SHARD 176 k=4 m=28 inter=1 colcap=128: NONE visited=383 time=0.0s
ACCEPTED 0 0 0 0 0 0 0 3 3 0 0 0 0 0 0 0 0 0 0 0 0 0 0 0 0 0 0 0 0
SHARD 177 k=4 m=28 inter=1 colcap=128: NONE visited=521 time=0.0s
ACCEPTED 0 0 0 0 0 0 0 6 3 0 0 0 0 0 0 0 0 0 0 0 0 0 0 0 0 0 0 0 0
SHARD 178 k=4 m=28 inter=1 colcap=128: NONE visited=6480 time=0.0s
ACCEPTED 0 0 0 0 0 0 0 19 60 35 1 0 0 0 0 0 0 0 0 0 0 0 0 0 0 0 0 0 0
SHARD 179 k=4 m=28 inter=1 colcap=128: NONE visited=1625 time=0.0s
ACCEPTED 0 0 0 0 0 0 0 6 24 10 1 0 0 0 0 0 0 0 0 0 0 0 0 0 0 0 0 0 0
SHARD 180 k=4 m=28 inter=1 colcap=128: NONE visited=5041 time=0.0s
ACCEPTED 0 0 0 0 0 0 0 12 38 42 7 0 0 0 0 0 0 0 0 0 0 0 0 0 0 0 0 0 0
SHARD 181 k=4 m=28 inter=1 colcap=128: NONE visited=1993 time=0.0s
ACCEPTED 0 0 0 0 0 0 0 5 16 20 2 0 0 0 0 0 0 0 0 0 0 0 0 0 0 0 0 0 0
SHARD 182 k=4 m=28 inter=1 colcap=128: NONE visited=2535 time=0.0s
ACCEPTED 0 0 0 0 0 0 0 11 21 15 4 0 0 0 0 0 0 0 0 0 0 0 0 0 0 0 0 0 0
SHARD 183 k=4 m=28 inter=1 colcap=128: NONE visited=1386 time=0.0s
ACCEPTED 0 0 0 0 0 0 0 11 10 2 0 0 0 0 0 0 0 0 0 0 0 0 0 0 0 0 0 0 0
SHARD 184 k=4 m=28 inter=1 colcap=128: NONE visited=1576 time=0.0s
ACCEPTED 0 0 0 0 0 0 0 10 12 0 0 0 0 0 0 0 0 0 0 0 0 0 0 0 0 0 0 0 0
SHARD 185 k=4 m=28 inter=1 colcap=128: NONE visited=2793 time=0.0s
ACCEPTED 0 0 0 0 0 0 0 13 22 8 1 0 0 0 0 0 0 0 0 0 0 0 0 0 0 0 0 0 0
SHARD 186 k=4 m=28 inter=1 colcap=128: NONE visited=2605 time=0.0s
ACCEPTED 0 0 0 0 0 0 0 13 28 5 0 0 0 0 0 0 0 0 0 0 0 0 0 0 0 0 0 0 0
SHARD 187 k=4 m=28 inter=1 colcap=128: NONE visited=2558 time=0.0s
ACCEPTED 0 0 0 0 0 0 0 11 20 13 3 0 0 0 0 0 0 0 0 0 0 0 0 0 0 0 0 0 0
SHARD 188 k=4 m=28 inter=1 colcap=128: NONE visited=411 time=0.0s
ACCEPTED 0 0 0 0 0 0 0 3 2 0 0 0 0 0 0 0 0 0 0 0 0 0 0 0 0 0 0 0 0
SHARD 189 k=4 m=28 inter=1 colcap=128: NONE visited=360 time=0.0s
ACCEPTED 0 0 0 0 0 0 0 3 1 1 0 0 0 0 0 0 0 0 0 0 0 0 0 0 0 0 0 0 0
SHARD 190 k=4 m=28 inter=1 colcap=128: NONE visited=57 time=0.0s
ACCEPTED 0 0 0 0 0 0 0 0 0 0 0 0 0 0 0 0 0 0 0 0 0 0 0 0 0 0 0 0 0
SHARD 191 k=4 m=28 inter=1 colcap=128: NONE visited=450 time=0.0s
ACCEPTED 0 0 0 0 0 0 0 4 1 0 0 0 0 0 0 0 0 0 0 0 0 0 0 0 0 0 0 0 0
SHARD 192 k=4 m=28 inter=1 colcap=128: NONE visited=485 time=0.0s
ACCEPTED 0 0 0 0 0 0 0 5 3 0 0 0 0 0 0 0 0 0 0 0 0 0 0 0 0 0 0 0 0
SHARD 193 k=4 m=28 inter=1 colcap=128: NONE visited=175 time=0.0s
ACCEPTED 0 0 0 0 0 0 0 2 1 0 0 0 0 0 0 0 0 0 0 0 0 0 0 0 0 0 0 0 0
SHARD 194 k=4 m=28 inter=1 colcap=128: NONE visited=216 time=0.0s
ACCEPTED 0 0 0 0 0 0 0 3 3 0 0 0 0 0 0 0 0 0 0 0 0 0 0 0 0 0 0 0 0
SHARD 195 k=4 m=28 inter=1 colcap=128: NONE visited=396 time=0.0s
ACCEPTED 0 0 0 0 0 0 0 3 1 0 0 0 0 0 0 0 0 0 0 0 0 0 0 0 0 0 0 0 0
SHARD 196 k=4 m=28 inter=1 colcap=128: NONE visited=791 time=0.0s
ACCEPTED 0 0 0 0 0 0 0 6 4 0 0 0 0 0 0 0 0 0 0 0 0 0 0 0 0 0 0 0 0
SHARD 197 k=4 m=28 inter=1 colcap=128: NONE visited=1616 time=0.0s
ACCEPTED 0 0 0 0 0 0 0 9 14 3 0 0 0 0 0 0 0 0 0 0 0 0 0 0 0 0 0 0 0
SHARD 198 k=4 m=28 inter=1 colcap=128: NONE visited=1505 time=0.0s
ACCEPTED 0 0 0 0 0 0 0 8 8 4 0 0 0 0 0 0 0 0 0 0 0 0 0 0 0 0 0 0 0
SHARD 199 k=4 m=28 inter=1 colcap=128: NONE visited=30 time=0.0s
ACCEPTED 0 0 0 0 0 0 0 0 0 0 0 0 0 0 0 0 0 0 0 0 0 0 0 0 0 0 0 0 0
DONE exit=20
