SHARD 4760 k=4 m=28 inter=1 colcap=128: NONE visited=136 time=0.0s
ACCEPTED 0 0 0 0 0 0 0 1 0 0 0 0 0 0 0 0 0 0 0 0 0 0 0 0 0 0 0 0 0
SHARD 4761 k=4 m=28 inter=1 colcap=128: NONE visited=681 time=0.0s
ACCEPTED 0 0 0 0 0 0 0 5 3 0 0 0 0 0 0 0 0 0 0 0 0 0 0 0 0 0 0 0 0
SHARD 4762 k=4 m=28 inter=1 colcap=128: NONE visited=4624 time=0.0s
ACCEPTED 0 0 0 0 0 0 0 5 21 34 26 5 0 0 0 0 0 0 0 0 0 0 0 0 0 0 0 0 0
SHARD 4763 k=4 m=28 inter=1 colcap=128: NONE visited=1314 time=0.0s
ACCEPTED 0 0 0 0 0 0 0 9 6 1 1 0 0 0 0 0 0 0 0 0 0 0 0 0 0 0 0 0 0
SHARD 4764 k=4 m=28 inter=1 colcap=128: NONE visited=10566 time=0.0s
ACCEPTED 0 0 0 0 0 0 0 9 36 72 72 38 7 0 0 0 0 0 0 0 0 0 0 0 0 0 0 0 0
SHARD 4765 k=4 m=28 inter=1 colcap=128: NONE visited=1044 time=0.0s
ACCEPTED 0 0 0 0 0 0 0 3 5 6 2 0 0 0 0 0 0 0 0 0 0 0 0 0 0 0 0 0 0
SHARD 4766 k=4 m=28 inter=1 colcap=128: NONE visited=7249 time=0.0s
ACCEPTED 0 0 0 0 0 0 0 12 42 46 20 11 3 0 0 0 0 0 0 0 0 0 0 0 0 0 0 0 0
SHARD 4767 k=4 m=28 inter=1 colcap=128: NONE visited=268 time=0.0s
ACCEPTED 0 0 0 0 0 0 0 3 0 0 0 0 0 0 0 0 0 0 0 0 0 0 0 0 0 0 0 0 0
SHARD 4768 k=4 m=28 inter=1 colcap=128: NONE visited=1774 time=0.0s
ACCEPTED 0 0 0 0 0 0 0 3 8 13 7 3 0 0 0 0 0 0 0 0 0 0 0 0 0 0 0 0 0
SHARD 4769 k=4 m=28 inter=1 colcap=128: NONE visited=377 time=0.0s
ACCEPTED 0 0 0 0 0 0 0 2 2 0 0 0 0 0 0 0 0 0 0 0 0 0 0 0 0 0 0 0 0
SHARD 4770 k=4 m=28 inter=1 colcap=128: NONE visited=10206 time=0.0s
ACCEPTED 0 0 0 0 0 0 0 14 59 78 37 2 0 0 0 0 0 0 0 0 0 0 0 0 0 0 0 0 0
SHARD 4771 k=4 m=28 inter=1 colcap=128: NONE visited=227274 time=0.1s
ACCEPTED 0 0 0 0 0 0 0 26 280 1152 2122 1930 949 214 22 0 0 0 0 0 0 0 0 0 0 0 0 0 0
SHARD 4772 k=4 m=28 inter=1 colcap=128: NONE visited=1984188 time=1.3s
ACCEPTED 0 0 0 0 0 0 0 43 690 4887 15582 22718 16012 5929 1236 124 3 0 0 0 0 0 0 0 0 0 0 0 0
SHARD 4773 k=4 m=28 inter=1 colcap=128: NONE visited=2434327 time=1.7s
ACCEPTED 0 0 0 0 0 0 0 45 739 5313 17364 27676 22810 10127 2323 269 15 0 0 0 0 0 0 0 0 0 0 0 0
SHARD 4774 k=4 m=28 inter=1 colcap=128: NONE visited=2187575 time=1.6s
ACCEPTED 0 0 0 0 0 0 0 44 714 5140 16459 24460 18891 8361 2151 366 51 2 0 0 0 0 0 0 0 0 0 0 0
SHARD 4775 k=4 m=28 inter=1 colcap=128: NONE visited=76524 time=0.1s
ACCEPTED 0 0 0 0 0 0 0 17 98 320 617 706 431 125 15 0 0 0 0 0 0 0 0 0 0 0 0 0 0
SHARD 4776 k=4 m=28 inter=1 colcap=128: NONE visited=160225 time=0.1s
ACCEPTED 0 0 0 0 0 0 0 16 121 517 1270 1643 1034 310 48 6 0 0 0 0 0 0 0 0 0 0 0 0 0
SHARD 4777 k=4 m=28 inter=1 colcap=128: NONE visited=153659 time=0.1s
ACCEPTED 0 0 0 0 0 0 0 23 186 668 1226 1384 1049 506 119 14 0 0 0 0 0 0 0 0 0 0 0 0 0
SHARD 4778 k=4 m=28 inter=1 colcap=128: NONE visited=331372 time=0.2s
ACCEPTED 0 0 0 0 0 0 0 20 193 996 2665 3706 2725 854 127 8 0 0 0 0 0 0 0 0 0 0 0 0 0
SHARD 4779 k=4 m=28 inter=1 colcap=128: NONE visited=1483 time=0.0s
ACCEPTED 0 0 0 0 0 0 0 7 9 3 2 1 0 0 0 0 0 0 0 0 0 0 0 0 0 0 0 0 0
SHARD 4780 k=4 m=28 inter=1 colcap=128: NONE visited=275116 time=0.2s
ACCEPTED 0 0 0 0 0 0 0 17 152 716 1872 2700 2220 1051 316 52 2 0 0 0 0 0 0 0 0 0 0 0 0
SHARD 4781 k=4 m=28 inter=1 colcap=128: NONE visited=96622 time=0.1s
ACCEPTED 0 0 0 0 0 0 0 10 48 172 444 852 1098 739 195 10 0 0 0 0 0 0 0 0 0 0 0 0 0
SHARD 4782 k=4 m=28 inter=1 colcap=128: NONE visited=49492 time=0.0s
ACCEPTED 0 0 0 0 0 0 0 9 58 240 524 519 224 23 0 0 0 0 0 0 0 0 0 0 0 0 0 0 0
SHARD 4783 k=4 m=28 inter=1 colcap=128: NONE visited=595142 time=0.5s
ACCEPTED 0 0 0 0 0 0 0 35 432 2155 4996 6145 4272 1445 169 3 0 0 0 0 0 0 0 0 0 0 0 0 0
SHARD 4784 k=4 m=28 inter=1 colcap=128: NONE visited=1630940 time=1.3s
ACCEPTED 0 0 0 0 0 0 0 29 361 2362 8617 17281 18809 10467 2862 370 9 0 0 0 0 0 0 0 0 0 0 0 0
SHARD 4785 k=4 m=28 inter=1 colcap=128: NONE visited=604426 time=0.4s
ACCEPTED 0 0 0 0 0 0 0 28 306 1631 4528 6694 5210 2091 429 50 0 0 0 0 0 0 0 0 0 0 0 0 0
SHARD 4786 k=4 m=28 inter=1 colcap=128: NONE visited=672926 time=0.6s
ACCEPTED 0 0 0 0 0 0 0 23 247 1443 4355 6965 6440 3715 1331 203 10 0 0 0 0 0 0 0 0 0 0 0 0
SHARD 4787 k=4 m=28 inter=1 colcap=128: NONE visited=306196 time=0.2s
ACCEPTED 0 0 0 0 0 0 0 33 379 1756 3216 2494 877 179 23 0 0 0 0 0 0 0 0 0 0 0 0 0 0
SHARD 4788 k=4 m=28 inter=1 colcap=128: NONE visited=787518 time=0.6s
ACCEPTED 0 0 0 0 0 0 0 24 264 1556 4898 8663 9383 5576 1586 209 15 1 0 0 0 0 0 0 0 0 0 0 0
SHARD 4789 k=4 m=28 inter=1 colcap=128: NONE visited=132814 time=0.1s
ACCEPTED 0 0 0 0 0 0 0 24 200 791 1410 1092 323 35 2 0 0 0 0 0 0 0 0 0 0 0 0 0 0
SHARD 4790 k=4 m=28 inter=1 colcap=128: NONE visited=25555 time=0.0s
ACCEPTED 0 0 0 0 0 0 0 16 84 205 187 63 6 0 0 0 0 0 0 0 0 0 0 0 0 0 0 0 0
SHARD 4791 k=4 m=28 inter=1 colcap=128: NONE visited=95774 time=0.1s
ACCEPTED 0 0 0 0 0 0 0 15 102 366 620 674 584 256 32 2 0 0 0 0 0 0 0 0 0 0 0 0 0
SHARD 4792 k=4 m=28 inter=1 colcap=128: NONE visited=4238 time=0.0s
ACCEPTED 0 0 0 0 0 0 0 9 28 22 11 3 0 0 0 0 0 0 0 0 0 0 0 0 0 0 0 0 0
SHARD 4793 k=4 m=28 inter=1 colcap=128: NONE visited=145720 time=0.1s
ACCEPTED 0 0 0 0 0 0 0 16 126 495 946 1063 1138 852 272 22 0 0 0 0 0 0 0 0 0 0 0 0 0
SHARD 4794 k=4 m=28 inter=1 colcap=128: NONE visited=4259 time=0.0s
ACCEPTED 0 0 0 0 0 0 0 3 10 31 42 16 0 0 0 0 0 0 0 0 0 0 0 0 0 0 0 0 0
SHARD 4795 k=4 m=28 inter=1 colcap=128: NONE visited=160305 time=0.1s
ACCEPTED 0 0 0 0 0 0 0 19 134 519 1164 1648 1381 743 246 45 8 1 0 0 0 0 0 0 0 0 0 0 0
SHARD 4796 k=4 m=28 inter=1 colcap=128: NONE visited=1159886 time=0.9s
ACCEPTED 0 0 0 0 0 0 0 25 313 2179 7940 14775 13709 6452 1733 234 4 0 0 0 0 0 0 0 0 0 0 0 0
SHARD 4797 k=4 m=28 inter=1 colcap=128: NONE visited=796294 time=0.7s
ACCEPTED 0 0 0 0 0 0 0 19 180 1037 3651 7553 9426 7182 3349 975 166 11 0 0 0 0 0 0 0 0 0 0 0
SHARD 4798 k=4 m=28 inter=1 colcap=128: NONE visited=34549 time=0.0s
ACCEPTED 0 0 0 0 0 0 0 15 80 222 303 193 64 18 1 0 0 0 0 0 0 0 0 0 0 0 0 0 0
SHARD 4799 k=4 m=28 inter=1 colcap=128: NONE visited=909081 time=0.7s
ACCEPTED 0 0 0 0 0 0 0 26 300 1836 5905 9928 8788 4058 1098 211 25 1 0 0 0 0 0 0 0 0 0 0 0
DONE exit=20
