SHARD 6320 k=4 m=28 inter=1 colcap=128: NONE visited=690 time=0.0s
ACCEPTED 0 0 0 0 0 0 0 1 5 5 1 0 0 0 0 0 0 0 0 0 0 0 0 0 0 0 0 0 0
SHARD 6321 k=4 m=28 inter=1 colcap=128: NONE visited=634 time=0.0s
ACCEPTED 0 0 0 0 0 0 0 1 4 3 1 0 0 0 0 0 0 0 0 0 0 0 0 0 0 0 0 0 0
SHARD 6322 k=4 m=28 inter=1 colcap=128: NONE visited=13713 time=0.0s
ACCEPTED 0 0 0 0 0 0 0 2 17 80 220 210 25 0 0 0 0 0 0 0 0 0 0 0 0 0 0 0 0
SHARD 6323 k=4 m=28 inter=1 colcap=128: NONE visited=386576 time=0.7s
ACCEPTED 0 0 0 0 0 0 0 19 180 1035 3358 5347 3657 1083 163 20 2 0 0 0 0 0 0 0 0 0 0 0 0
SHARD 6324 k=4 m=28 inter=1 colcap=128: NONE visited=33848561 time=70.3s
ACCEPTED 0 0 0 0 0 0 0 42 759 7900 49120 181645 397490 523958 431588 229952 85354 23573 3659 394 24 0 0 0 0 0 0 0 0
SHARD 6325 k=4 m=28 inter=1 colcap=128: NONE visited=40680811 time=104.9s
ACCEPTED 0 0 0 0 0 0 0 25 433 4903 35108 156783 433378 743977 798754 544921 243634 78206 15006 1197 27 0 0 0 0 0 0 0 0
SHARD 6326 k=4 m=28 inter=1 colcap=128: NONE visited=127840 time=0.2s
ACCEPTED 0 0 0 0 0 0 0 10 73 375 1113 1576 975 304 44 1 0 0 0 0 0 0 0 0 0 0 0 0 0
SHARD 6327 k=4 m=28 inter=1 colcap=128: NONE visited=6801166 time=16.1s
ACCEPTED 0 0 0 0 0 0 0 27 366 3097 16253 51640 99764 121773 96092 46530 13076 2049 122 5 0 0 0 0 0 0 0 0 0
SHARD 6328 k=4 m=28 inter=1 colcap=128: NONE visited=2351907 time=8.1s
ACCEPTED 0 0 0 0 0 0 0 7 52 303 1437 5118 14084 29559 46547 52582 42104 19448 2376 6 0 0 0 0 0 0 0 0 0
SHARD 6329 k=4 m=28 inter=1 colcap=128: NONE visited=78963 time=0.1s
ACCEPTED 0 0 0 0 0 0 0 7 48 261 746 1100 765 286 9 0 0 0 0 0 0 0 0 0 0 0 0 0 0
SHARD 6330 k=4 m=28 inter=1 colcap=128: NONE visited=3186444 time=5.2s
ACCEPTED 0 0 0 0 0 0 0 23 263 1783 7187 17448 26861 27443 18984 8529 2444 124 4 0 0 0 0 0 0 0 0 0 0
SHARD 6331 k=4 m=28 inter=1 colcap=128: NONE visited=1431394 time=3.0s
ACCEPTED 0 0 0 0 0 0 0 21 217 1294 4620 10818 18337 21156 14442 5592 1573 476 64 0 0 0 0 0 0 0 0 0 0
SHARD 6332 k=4 m=28 inter=1 colcap=128: NONE visited=138736224 time=480.9s
ACCEPTED 0 0 0 0 0 0 0 13 125 914 5215 22988 75761 186612 363777 649604 1112453 1625665 2030045 1853952 678582 0 0 0 0 0 0 0 0
SHARD 6333 k=4 m=28 inter=1 colcap=128: NONE visited=261646 time=0.5s
ACCEPTED 0 0 0 0 0 0 0 8 50 293 1210 2955 3851 2486 809 131 16 0 0 0 0 0 0 0 0 0 0 0 0
SHARD 6334 k=4 m=28 inter=1 colcap=128: NONE visited=1983900 time=4.0s
ACCEPTED 0 0 0 0 0 0 0 16 158 1102 5223 15428 27916 31274 20999 7715 1553 158 5 0 0 0 0 0 0 0 0 0 0
SHARD 6335 k=4 m=28 inter=1 colcap=128: NONE visited=4037781 time=7.3s
ACCEPTED 0 0 0 0 0 0 0 13 102 762 4254 15226 32439 41450 33253 17340 4931 154 30 2 0 0 0 0 0 0 0 0 0
SHARD 6336 k=4 m=28 inter=1 colcap=128: NONE visited=946110 time=1.8s
ACCEPTED 0 0 0 0 0 0 0 13 112 689 2976 8357 14369 14808 8854 2678 366 17 0 0 0 0 0 0 0 0 0 0 0
SHARD 6337 k=4 m=28 inter=1 colcap=128: NONE visited=4831 time=0.0s
ACCEPTED 0 0 0 0 0 0 0 5 18 35 47 23 0 0 0 0 0 0 0 0 0 0 0 0 0 0 0 0 0
SHARD 6338 k=4 m=28 inter=1 colcap=128: NONE visited=100454 time=0.1s
ACCEPTED 0 0 0 0 0 0 0 4 18 76 273 652 901 630 171 0 0 0 0 0 0 0 0 0 0 0 0 0 0
SHARD 6339 k=4 m=28 inter=1 colcap=128: NONE visited=101031 time=0.1s
ACCEPTED 0 0 0 0 0 0 0 6 36 160 565 1133 1150 666 193 12 0 0 0 0 0 0 0 0 0 0 0 0 0
SHARD 6340 k=4 m=28 inter=1 colcap=128: NONE visited=27832634 time=44.9s
ACCEPTED 0 0 0 0 0 0 0 18 248 2326 12733 40347 99567 195740 230772 108145 21984 3 0 0 0 0 0 0 0 0 0 0 0
SHARD 6341 k=4 m=28 inter=1 colcap=128: NONE visited=195001359 time=440.9s
ACCEPTED 0 0 0 0 0 0 0 42 984 12486 91714 395469 976872 1438121 1471900 1230339 879213 627922 638430 502352 173220 1 0 0 0 0 0 0 0
SHARD 6342 k=4 m=28 inter=1 colcap=128: NONE visited=56979863 time=112.5s
ACCEPTED 0 0 0 0 0 0 0 29 596 7843 62273 287383 750616 1089373 857651 346700 75575 8334 673 27 1 0 0 0 0 0 0 0 0
SHARD 6343 k=4 m=28 inter=1 colcap=128: NONE visited=41960556 time=60.4s
ACCEPTED 0 0 0 0 0 0 0 45 826 8390 55461 223398 507973 656856 543451 313148 134386 46469 12507 2343 277 21 0 0 0 0 0 0 0
SHARD 6344 k=4 m=28 inter=1 colcap=128: NONE visited=13352553 time=16.7s
ACCEPTED 0 0 0 0 0 0 0 46 744 5920 30678 93986 151315 122447 63448 32869 9842 48 0 0 0 0 0 0 0 0 0 0 0
SHARD 6345 k=4 m=28 inter=1 colcap=128: NONE visited=17277144 time=24.9s
ACCEPTED 0 0 0 0 0 0 0 32 588 6145 37001 127017 244347 268579 176786 71346 18086 2706 207 12 0 0 0 0 0 0 0 0 0
SHARD 6346 k=4 m=28 inter=1 colcap=128: NONE visited=71099507 time=90.5s
ACCEPTED 0 0 0 0 0 0 0 51 987 10449 68458 260769 550158 685062 600294 388032 133510 2724 120 70 25 0 0 0 0 0 0 0 0
SHARD 6347 k=4 m=28 inter=1 colcap=128: NONE visited=20519856 time=27.5s
ACCEPTED 0 0 0 0 0 0 0 33 621 6649 41789 153947 307984 309382 150076 33331 3996 292 14 0 0 0 0 0 0 0 0 0 0
SHARD 6348 k=4 m=28 inter=1 colcap=128: NONE visited=17197947 time=19.1s
ACCEPTED 0 0 0 0 0 0 0 26 300 2624 16187 57673 114346 124721 100603 61232 16243 3 0 0 0 0 0 0 0 0 0 0 0
SHARD 6349 k=4 m=28 inter=1 colcap=128: NONE visited=65207943 time=80.3s
ACCEPTED 0 0 0 0 0 0 0 33 624 6888 44077 158471 348194 526017 596311 439220 155001 6480 528 32 1 0 0 0 0 0 0 0 0
SHARD 6350 k=4 m=28 inter=1 colcap=128: NONE visited=267193 time=0.3s
ACCEPTED 0 0 0 0 0 0 0 8 58 415 1292 1627 1782 1050 42 0 0 0 0 0 0 0 0 0 0 0 0 0 0
SHARD 6351 k=4 m=28 inter=1 colcap=128: NONE visited=7334406 time=8.3s
ACCEPTED 0 0 0 0 0 0 0 30 479 4121 19094 47617 69390 59274 28872 8473 1956 3 0 0 0 0 0 0 0 0 0 0 0
SHARD 6352 k=4 m=28 inter=1 colcap=128: NONE visited=12975541 time=17.5s
ACCEPTED 0 0 0 0 0 0 0 25 409 4385 28508 101891 192891 187383 93088 22713 2621 170 9 0 0 0 0 0 0 0 0 0 0
SHARD 6353 k=4 m=28 inter=1 colcap=128: NONE visited=1268 time=0.0s
ACCEPTED 0 0 0 0 0 0 0 4 11 8 0 0 0 0 0 0 0 0 0 0 0 0 0 0 0 0 0 0 0
SHARD 6354 k=4 m=28 inter=1 colcap=128: NONE visited=2227049 time=1.9s
ACCEPTED 0 0 0 0 0 0 0 16 161 916 2943 8086 15362 18033 9243 1282 216 0 0 0 0 0 0 0 0 0 0 0 0
SHARD 6355 k=4 m=28 inter=1 colcap=128: NONE visited=32151396 time=38.7s
ACCEPTED 0 0 0 0 0 0 0 16 202 1751 11062 46711 128352 235826 292262 241050 99638 9140 4895 3341 1208 0 0 0 0 0 0 0 0
SHARD 6356 k=4 m=28 inter=1 colcap=128: NONE visited=20172 time=0.0s
ACCEPTED 0 0 0 0 0 0 0 15 63 125 118 74 12 0 0 0 0 0 0 0 0 0 0 0 0 0 0 0 0
SHARD 6357 k=4 m=28 inter=1 colcap=128: NONE visited=64748 time=0.1s
ACCEPTED 0 0 0 0 0 0 0 18 102 302 494 344 122 10 0 0 0 0 0 0 0 0 0 0 0 0 0 0 0
SHARD 6358 k=4 m=28 inter=1 colcap=128: NONE visited=263388 time=0.4s
ACCEPTED 0 0 0 0 0 0 0 14 92 425 1389 2484 2235 955 146 5 0 0 0 0 0 0 0 0 0 0 0 0 0
SHARD 6359 k=4 m=28 inter=1 colcap=128: NONE visited=18579 time=0.0s
ACCEPTED 0 0 0 0 0 0 0 14 57 113 109 74 13 0 0 0 0 0 0 0 0 0 0 0 0 0 0 0 0
DONE exit=20
