SHARD 6720 k=4 m=28 inter=1 colcap=128: NONE visited=1352743 time=1.8s
ACCEPTED 0 0 0 0 0 0 0 11 76 408 1744 5486 9963 10829 8536 4963 1622 2 0 0 0 0 0 0 0 0 0 0 0
SHARD 6721 k=4 m=28 inter=1 colcap=128: NONE visited=9571527 time=13.5s
ACCEPTED 0 0 0 0 0 0 0 19 202 1445 7278 25513 58220 84549 84747 61006 30619 9077 8284 5745 2128 0 0 0 0 0 0 0 0
SHARD 6722 k=4 m=28 inter=1 colcap=128: NONE visited=3572 time=0.0s
ACCEPTED 0 0 0 0 0 0 0 3 11 40 20 0 0 0 0 0 0 0 0 0 0 0 0 0 0 0 0 0 0
SHARD 6723 k=4 m=28 inter=1 colcap=128: NONE visited=1455565 time=2.1s
ACCEPTED 0 0 0 0 0 0 0 12 92 657 3139 8674 13150 10709 6504 4345 1541 0 0 0 0 0 0 0 0 0 0 0 0
SHARD 6724 k=4 m=28 inter=1 colcap=128: NONE visited=4266909 time=6.8s
ACCEPTED 0 0 0 0 0 0 0 8 62 459 2789 11189 27596 42676 43461 29082 11699 745 16 0 0 0 0 0 0 0 0 0 0
SHARD 6725 k=4 m=28 inter=1 colcap=128: NONE visited=2221 time=0.0s
ACCEPTED 0 0 0 0 0 0 0 3 16 24 9 2 0 0 0 0 0 0 0 0 0 0 0 0 0 0 0 0 0
SHARD 6726 k=4 m=28 inter=1 colcap=128: NONE visited=11381 time=0.0s
ACCEPTED 0 0 0 0 0 0 0 8 34 77 102 66 23 1 0 0 0 0 0 0 0 0 0 0 0 0 0 0 0
SHARD 6727 k=4 m=28 inter=1 colcap=128: NONE visited=3398 time=0.0s
ACCEPTED 0 0 0 0 0 0 0 2 9 27 32 6 0 0 0 0 0 0 0 0 0 0 0 0 0 0 0 0 0
SHARD 6728 k=4 m=28 inter=1 colcap=128: NONE visited=1161512585 time=2460.4s
ACCEPTED 0 0 0 0 0 0 0 36 785 11428 108808 658926 2510045 6074470 9776795 11578070 12139997 13339513 14622211 12197636 5497997 4563 346 45 7 0 0 0 0
SHARD 6729 k=4 m=28 inter=1 colcap=128: NONE visited=783596007 time=1345.4s
ACCEPTED 0 0 0 0 0 0 0 18 288 3680 34970 230222 1016985 2984263 5946667 8576890 10108759 11178073 11946841 10293011 4766880 32922 3013 338 47 6 0 0 0
SHARD 6730 k=4 m=28 inter=1 colcap=128: NONE visited=3745744982 time=4812.4s
ACCEPTED 0 0 0 0 0 0 0 49 1203 17903 168900 1011801 3905260 10020383 18303091 26765606 36266416 48290439 58115283 50866342 23351143 20061 1401 102 5 0 0 0 0
SHARD 6731 k=4 m=28 inter=1 colcap=128: NONE visited=22954996 time=16.8s
ACCEPTED 0 0 0 0 0 0 0 25 328 2849 15827 56544 134049 216842 245035 185024 83400 15348 5966 2961 929 0 0 0 0 0 0 0 0
SHARD 6732 k=4 m=28 inter=1 colcap=128: NONE visited=11373173 time=9.0s
ACCEPTED 0 0 0 0 0 0 0 12 162 1444 8446 30737 71719 113587 129332 108555 61342 22157 8102 3759 1757 2 0 0 0 0 0 0 0
SHARD 6733 k=4 m=28 inter=1 colcap=128: NONE visited=39309880 time=53.5s
ACCEPTED 0 0 0 0 0 0 0 12 164 1737 13719 74912 273296 645261 971654 941137 604901 202268 37962 6530 2112 485 88 0 0 0 0 0 0
SHARD 6734 k=4 m=28 inter=1 colcap=128: NONE visited=85591744 time=79.5s
ACCEPTED 0 0 0 0 0 0 0 33 572 6431 47795 229596 688845 1256258 1390196 957823 449900 167179 99344 76789 38423 17 0 0 0 0 0 0 0
SHARD 6735 k=4 m=28 inter=1 colcap=128: NONE visited=4475699 time=3.5s
ACCEPTED 0 0 0 0 0 0 0 8 57 426 2528 9441 22059 36400 44984 37173 15227 447 56 7 1 0 0 0 0 0 0 0 0
SHARD 6736 k=4 m=28 inter=1 colcap=128: NONE visited=4643170 time=3.0s
ACCEPTED 0 0 0 0 0 0 0 17 196 1606 8043 23867 41644 43857 30291 17449 6863 541 32 0 0 0 0 0 0 0 0 0 0
SHARD 6737 k=4 m=28 inter=1 colcap=128: NONE visited=187548879 time=202.0s
ACCEPTED 0 0 0 0 0 0 0 11 176 1949 15783 85653 308379 741995 1259655 1640735 1815761 1895563 1974026 1550118 655276 474 41 2 0 0 0 0 0
SHARD 6738 k=4 m=28 inter=1 colcap=128: NONE visited=21040436 time=18.1s
ACCEPTED 0 0 0 0 0 0 0 19 287 2802 17339 66346 160786 256061 279971 217570 118768 49500 22108 9000 2594 5 0 0 0 0 0 0 0
SHARD 6739 k=4 m=28 inter=1 colcap=128: NONE visited=485117257 time=586.8s
ACCEPTED 0 0 0 0 0 0 0 17 244 2722 22212 123496 454139 1125410 2048176 3154476 4590422 6242982 7315412 6287607 2730948 482 7 0 0 0 0 0 0
SHARD 6740 k=4 m=28 inter=1 colcap=128: NONE visited=18661422 time=15.7s
ACCEPTED 0 0 0 0 0 0 0 33 525 5042 29360 102561 217958 290919 243137 125379 40936 8561 1279 57 2 0 0 0 0 0 0 0 0
SHARD 6741 k=4 m=28 inter=1 colcap=128: NONE visited=92270736 time=102.2s
ACCEPTED 0 0 0 0 0 0 0 26 434 5100 40947 215243 719832 1518321 2032797 1746213 972265 316095 31840 3373 333 10 0 0 0 0 0 0 0
SHARD 6742 k=4 m=28 inter=1 colcap=128: NONE visited=32249291 time=28.2s
ACCEPTED 0 0 0 0 0 0 0 28 413 4003 24711 94092 217508 316563 314372 239515 164069 126809 123414 97024 40127 3 0 0 0 0 0 0 0
SHARD 6743 k=4 m=28 inter=1 colcap=128: NONE visited=47883 time=0.0s
ACCEPTED 0 0 0 0 0 0 0 4 19 108 336 524 374 100 6 0 0 0 0 0 0 0 0 0 0 0 0 0 0
SHARD 6744 k=4 m=28 inter=1 colcap=128: NONE visited=4784588 time=3.2s
ACCEPTED 0 0 0 0 0 0 0 16 147 949 4419 14660 32147 44124 40662 26644 9012 563 87 10 0 0 0 0 0 0 0 0 0
SHARD 6745 k=4 m=28 inter=1 colcap=128: NONE visited=97761395 time=125.2s
ACCEPTED 0 0 0 0 0 0 0 7 90 822 5982 29649 102972 257266 486022 747629 1020730 1322518 1559841 1350928 622214 6408 1281 234 32 2 0 0 0
SHARD 6746 k=4 m=28 inter=1 colcap=128: NONE visited=19109322 time=15.6s
ACCEPTED 0 0 0 0 0 0 0 24 324 2876 16646 61018 139394 202645 200994 143217 75686 38050 30263 20702 8846 0 0 0 0 0 0 0 0
SHARD 6747 k=4 m=28 inter=1 colcap=128: NONE visited=47083861 time=48.5s
ACCEPTED 0 0 0 0 0 0 0 15 245 2958 24498 129116 420783 835230 993597 703471 290683 69110 11073 1175 83 2 0 0 0 0 0 0 0
SHARD 6748 k=4 m=28 inter=1 colcap=128: NONE visited=245755795 time=305.1s
ACCEPTED 0 0 0 0 0 0 0 18 239 2415 17552 85847 281705 641931 1097684 1610666 2282746 3085888 3580274 3162218 1334478 2329 334 45 4 0 0 0 0
SHARD 6749 k=4 m=28 inter=1 colcap=128: NONE visited=48878 time=0.0s
ACCEPTED 0 0 0 0 0 0 0 4 19 98 277 522 436 140 23 1 0 0 0 0 0 0 0 0 0 0 0 0 0
SHARD 6750 k=4 m=28 inter=1 colcap=128: NONE visited=4386942 time=3.3s
ACCEPTED 0 0 0 0 0 0 0 12 103 822 4749 16206 32277 43698 43097 29679 10495 467 40 9 3 0 0 0 0 0 0 0 0
SHARD 6751 k=4 m=28 inter=1 colcap=128: NONE visited=15449504 time=12.6s
ACCEPTED 0 0 0 0 0 0 0 13 132 1119 7140 31012 88062 162590 201574 169746 92269 27593 6062 786 88 3 0 0 0 0 0 0 0
SHARD 6752 k=4 m=28 inter=1 colcap=128: NONE visited=2535127 time=1.8s
ACCEPTED 0 0 0 0 0 0 0 8 50 334 1687 5567 11653 17051 22498 19149 5968 9 0 0 0 0 0 0 0 0 0 0 0
SHARD 6753 k=4 m=28 inter=1 colcap=128: NONE visited=317552 time=0.4s
ACCEPTED 0 0 0 0 0 0 0 4 23 140 639 2128 4626 5970 4749 1836 176 7 0 0 0 0 0 0 0 0 0 0 0
SHARD 6754 k=4 m=28 inter=1 colcap=128: NONE visited=106713339 time=131.6s
ACCEPTED 0 0 0 0 0 0 0 19 255 2744 21666 120973 462242 1153839 1858817 2085535 1752439 1120740 489883 129433 8532 152 0 0 0 0 0 0 0
SHARD 6755 k=4 m=28 inter=1 colcap=128: NONE visited=65834740 time=87.0s
ACCEPTED 0 0 0 0 0 0 0 25 375 4002 30035 155324 542082 1249547 1854506 1707474 907514 271357 43880 2831 75 1 0 0 0 0 0 0 0
SHARD 6756 k=4 m=28 inter=1 colcap=128: NONE visited=280955788 time=390.0s
ACCEPTED 0 0 0 0 0 0 0 29 503 6352 57751 363566 1526348 4166226 7288031 8063571 5522144 2220430 585772 128926 29538 6993 1665 365 61 0 0 0 0
SHARD 6757 k=4 m=28 inter=1 colcap=128: NONE visited=51589663 time=81.2s
ACCEPTED 0 0 0 0 0 0 0 10 91 746 5341 30670 132187 404595 853028 1218846 1203495 854619 492431 255244 130377 57955 17922 2868 14 4 1 1 0
SHARD 6758 k=4 m=28 inter=1 colcap=128: NONE visited=238859654 time=308.5s
ACCEPTED 0 0 0 0 0 0 0 33 587 7204 61688 359763 1393112 3509820 5670855 5896012 4045668 1924082 668264 180353 30991 2486 99 0 0 0 0 0 0
SHARD 6759 k=4 m=28 inter=1 colcap=128: NONE visited=12363269 time=13.2s
ACCEPTED 0 0 0 0 0 0 0 12 106 878 6044 29842 95698 190937 237780 190488 102325 33168 5851 476 18 1 0 0 0 0 0 0 0
DONE exit=20
