SHARD 6480 k=4 m=28 inter=1 colcap=128: NONE visited=48201 time=0.1s
ACCEPTED 0 0 0 0 0 0 0 11 64 237 394 341 118 4 0 0 0 0 0 0 0 0 0 0 0 0 0 0 0
SHARD 6481 k=4 m=28 inter=1 colcap=128: NONE visited=807143 time=1.9s
ACCEPTED 0 0 0 0 0 0 0 31 366 2057 5856 8645 6046 1999 305 14 0 0 0 0 0 0 0 0 0 0 0 0 0
SHARD 6482 k=4 m=28 inter=1 colcap=128: NONE visited=4968199 time=12.7s
ACCEPTED 0 0 0 0 0 0 0 30 450 3810 17818 45341 63980 50275 21718 5246 742 70 5 0 0 0 0 0 0 0 0 0 0
SHARD 6483 k=4 m=28 inter=1 colcap=128: NONE visited=4268824 time=12.5s
ACCEPTED 0 0 0 0 0 0 0 32 433 3051 12627 32096 52490 53465 32674 11976 2872 547 86 6 0 0 0 0 0 0 0 0 0
SHARD 6484 k=4 m=28 inter=1 colcap=128: NONE visited=244111550 time=1053.9s
ACCEPTED 0 0 0 0 0 0 0 33 583 6509 45609 197450 538368 980844 1345117 1628435 1931146 2205574 2069506 1645078 619107 0 0 0 0 0 0 0 0
SHARD 6485 k=4 m=28 inter=1 colcap=128: NONE visited=247554 time=0.5s
ACCEPTED 0 0 0 0 0 0 0 19 131 488 1192 1992 1952 972 322 63 8 0 0 0 0 0 0 0 0 0 0 0 0
SHARD 6486 k=4 m=28 inter=1 colcap=128: NONE visited=4792758 time=13.9s
ACCEPTED 0 0 0 0 0 0 0 23 275 2235 11457 35455 63896 63914 35400 11685 2288 281 27 0 0 0 0 0 0 0 0 0 0
SHARD 6487 k=4 m=28 inter=1 colcap=128: NONE visited=2220479 time=5.7s
ACCEPTED 0 0 0 0 0 0 0 23 251 1908 9118 23674 31098 19375 5403 642 20 0 0 0 0 0 0 0 0 0 0 0 0
SHARD 6488 k=4 m=28 inter=1 colcap=128: NONE visited=43322 time=0.1s
ACCEPTED 0 0 0 0 0 0 0 5 30 165 332 341 157 20 0 0 0 0 0 0 0 0 0 0 0 0 0 0 0
SHARD 6489 k=4 m=28 inter=1 colcap=128: NONE visited=619945 time=1.3s
ACCEPTED 0 0 0 0 0 0 0 26 272 1424 3744 5295 4389 2153 556 85 8 0 0 0 0 0 0 0 0 0 0 0 0
SHARD 6490 k=4 m=28 inter=1 colcap=128: NONE visited=1146374 time=2.8s
ACCEPTED 0 0 0 0 0 0 0 21 194 1110 3909 8280 11259 10366 6424 2594 663 91 7 0 0 0 0 0 0 0 0 0 0
SHARD 6491 k=4 m=28 inter=1 colcap=128: NONE visited=4533108 time=10.6s
ACCEPTED 0 0 0 0 0 0 0 26 289 1755 6322 15844 27446 33240 23043 9223 2131 3 0 0 0 0 0 0 0 0 0 0 0
SHARD 6492 k=4 m=28 inter=1 colcap=128: NONE visited=5781559 time=15.7s
ACCEPTED 0 0 0 0 0 0 0 15 155 1096 5472 17742 36942 52867 51703 35157 13479 1665 266 22 2 0 0 0 0 0 0 0 0
SHARD 6493 k=4 m=28 inter=1 colcap=128: NONE visited=58832 time=0.1s
ACCEPTED 0 0 0 0 0 0 0 13 65 211 434 425 178 34 1 0 0 0 0 0 0 0 0 0 0 0 0 0 0
SHARD 6494 k=4 m=28 inter=1 colcap=128: NONE visited=1447504 time=3.7s
ACCEPTED 0 0 0 0 0 0 0 18 181 1140 4277 8565 9545 7568 6381 4469 1714 0 0 0 0 0 0 0 0 0 0 0 0
SHARD 6495 k=4 m=28 inter=1 colcap=128: NONE visited=10015977 time=30.1s
ACCEPTED 0 0 0 0 0 0 0 33 534 4829 24279 70044 124939 142223 99693 37590 8092 1321 16 0 0 0 0 0 0 0 0 0 0
SHARD 6496 k=4 m=28 inter=1 colcap=128: NONE visited=506376 time=1.1s
ACCEPTED 0 0 0 0 0 0 0 15 131 718 2441 4898 5476 3030 801 118 9 0 0 0 0 0 0 0 0 0 0 0 0
SHARD 6497 k=4 m=28 inter=1 colcap=128: NONE visited=8002600 time=21.9s
ACCEPTED 0 0 0 0 0 0 0 19 214 1655 8403 26078 49109 61468 57128 42149 23055 7799 7906 6011 2141 0 0 0 0 0 0 0 0
SHARD 6498 k=4 m=28 inter=1 colcap=128: NONE visited=311147 time=0.6s
ACCEPTED 0 0 0 0 0 0 0 9 58 323 1073 2314 2953 1375 246 28 0 0 0 0 0 0 0 0 0 0 0 0 0
SHARD 6499 k=4 m=28 inter=1 colcap=128: NONE visited=2779604 time=7.6s
ACCEPTED 0 0 0 0 0 0 0 20 208 1452 7006 21935 38984 36925 18291 4665 568 22 0 0 0 0 0 0 0 0 0 0 0
SHARD 6500 k=4 m=28 inter=1 colcap=128: NONE visited=1640191 time=4.3s
ACCEPTED 0 0 0 0 0 0 0 11 85 551 2709 8655 16325 17149 10296 3861 906 87 1 0 0 0 0 0 0 0 0 0 0
SHARD 6501 k=4 m=28 inter=1 colcap=128: NONE visited=47029 time=0.1s
ACCEPTED 0 0 0 0 0 0 0 6 35 161 360 301 109 19 0 0 0 0 0 0 0 0 0 0 0 0 0 0 0
SHARD 6502 k=4 m=28 inter=1 colcap=128: NONE visited=142940 time=0.3s
ACCEPTED 0 0 0 0 0 0 0 8 46 217 824 1685 1463 499 55 3 0 0 0 0 0 0 0 0 0 0 0 0 0
SHARD 6503 k=4 m=28 inter=1 colcap=128: NONE visited=428392 time=0.9s
ACCEPTED 0 0 0 0 0 0 0 10 64 343 1437 3543 4385 2552 766 149 17 0 0 0 0 0 0 0 0 0 0 0 0
SHARD 6504 k=4 m=28 inter=1 colcap=128: NONE visited=1345 time=0.0s
ACCEPTED 0 0 0 0 0 0 0 1 7 11 1 0 0 0 0 0 0 0 0 0 0 0 0 0 0 0 0 0 0
SHARD 6505 k=4 m=28 inter=1 colcap=128: NONE visited=3835 time=0.0s
ACCEPTED 0 0 0 0 0 0 0 2 6 16 25 20 4 0 0 0 0 0 0 0 0 0 0 0 0 0 0 0 0
SHARD 6506 k=4 m=28 inter=1 colcap=128: NONE visited=13473 time=0.0s
ACCEPTED 0 0 0 0 0 0 0 3 19 72 146 59 3 0 0 0 0 0 0 0 0 0 0 0 0 0 0 0 0
SHARD 6507 k=4 m=28 inter=1 colcap=128: NONE visited=2904417 time=7.2s
ACCEPTED 0 0 0 0 0 0 0 22 230 1534 6704 16897 23464 19778 14541 9468 3709 26 0 0 0 0 0 0 0 0 0 0 0
SHARD 6508 k=4 m=28 inter=1 colcap=128: NONE visited=13124757 time=39.5s
ACCEPTED 0 0 0 0 0 0 0 23 303 2910 19203 75784 164554 199394 141138 53385 11784 1592 81 3 0 0 0 0 0 0 0 0 0
SHARD 6509 k=4 m=28 inter=1 colcap=128: NONE visited=38288893 time=112.7s
ACCEPTED 0 0 0 0 0 0 0 26 364 3464 21419 83834 207068 336504 384401 319503 181973 55984 20374 6325 1839 65 14 4 1 0 0 0 0
SHARD 6510 k=4 m=28 inter=1 colcap=128: NONE visited=369742 time=0.8s
ACCEPTED 0 0 0 0 0 0 0 13 129 722 2195 3354 2476 978 248 15 2 0 0 0 0 0 0 0 0 0 0 0 0
SHARD 6511 k=4 m=28 inter=1 colcap=128: NONE visited=3078881 time=7.7s
ACCEPTED 0 0 0 0 0 0 0 11 94 688 3630 11117 18985 20444 18973 14732 6331 6 1 0 0 0 0 0 0 0 0 0 0
SHARD 6512 k=4 m=28 inter=1 colcap=128: NONE visited=1050885 time=2.8s
ACCEPTED 0 0 0 0 0 0 0 8 56 377 1682 3971 5061 4748 5777 5686 2391 0 0 0 0 0 0 0 0 0 0 0 0
SHARD 6513 k=4 m=28 inter=1 colcap=128: NONE visited=2494562 time=6.0s
ACCEPTED 0 0 0 0 0 0 0 21 253 1967 8763 22642 35390 32301 15541 3564 357 14 0 0 0 0 0 0 0 0 0 0 0
SHARD 6514 k=4 m=28 inter=1 colcap=128: NONE visited=41851675 time=168.7s
ACCEPTED 0 0 0 0 0 0 0 41 748 7796 48573 185301 449535 730232 826069 643817 348465 121590 14270 721 21 0 0 0 0 0 0 0 0
SHARD 6515 k=4 m=28 inter=1 colcap=128: NONE visited=28905002 time=124.1s
ACCEPTED 0 0 0 0 0 0 0 31 482 4833 32348 141888 398778 700109 745053 462172 157766 27222 2614 198 10 1 0 0 0 0 0 0 0
SHARD 6516 k=4 m=28 inter=1 colcap=128: NONE visited=2609594 time=6.5s
ACCEPTED 0 0 0 0 0 0 0 21 239 1808 8437 23316 35880 29350 13123 3164 367 17 0 0 0 0 0 0 0 0 0 0 0
SHARD 6517 k=4 m=28 inter=1 colcap=128: NONE visited=90216217 time=370.2s
ACCEPTED 0 0 0 0 0 0 0 42 826 9580 68770 309334 880255 1597139 1875359 1457482 785819 307725 88334 22069 3030 66 3 0 0 0 0 0 0
SHARD 6518 k=4 m=28 inter=1 colcap=128: NONE visited=44474077 time=199.1s
ACCEPTED 0 0 0 0 0 0 0 21 315 3374 25434 128401 420787 877071 1146569 927548 464442 152615 42090 13310 4759 1545 323 1 0 0 0 0 0
SHARD 6519 k=4 m=28 inter=1 colcap=128: NONE visited=141565807 time=568.6s
ACCEPTED 0 0 0 0 0 0 0 45 945 11734 89699 427410 1280301 2427832 2931249 2271293 1181946 401507 77361 13950 2214 262 17 0 0 0 0 0 0
DONE exit=20
