SHARD 1320 k=4 m=28 inter=1 colcap=128: NONE visited=60899 time=0.0s
ACCEPTED 0 0 0 0 0 0 0 18 190 569 395 60 2 0 0 0 0 0 0 0 0 0 0 0 0 0 0 0 0
SHARD 1321 k=4 m=28 inter=1 colcap=128: NONE visited=746 time=0.0s
ACCEPTED 0 0 0 0 0 0 0 5 6 2 0 0 0 0 0 0 0 0 0 0 0 0 0 0 0 0 0 0 0
SHARD 1322 k=4 m=28 inter=1 colcap=128: NONE visited=1773 time=0.0s
ACCEPTED 0 0 0 0 0 0 0 10 13 2 0 0 0 0 0 0 0 0 0 0 0 0 0 0 0 0 0 0 0
SHARD 1323 k=4 m=28 inter=1 colcap=128: NONE visited=497 time=0.0s
ACCEPTED 0 0 0 0 0 0 0 5 3 1 0 0 0 0 0 0 0 0 0 0 0 0 0 0 0 0 0 0 0
SHARD 1324 k=4 m=28 inter=1 colcap=128: NONE visited=2488 time=0.0s
ACCEPTED 0 0 0 0 0 0 0 11 17 5 0 0 0 0 0 0 0 0 0 0 0 0 0 0 0 0 0 0 0
SHARD 1325 k=4 m=28 inter=1 colcap=128: NONE visited=2108 time=0.0s
ACCEPTED 0 0 0 0 0 0 0 8 18 13 1 0 0 0 0 0 0 0 0 0 0 0 0 0 0 0 0 0 0
SHARD 1326 k=4 m=28 inter=1 colcap=128: NONE visited=2296 time=0.0s
ACCEPTED 0 0 0 0 0 0 0 10 12 11 0 0 0 0 0 0 0 0 0 0 0 0 0 0 0 0 0 0 0
SHARD 1327 k=4 m=28 inter=1 colcap=128: NONE visited=2808 time=0.0s
ACCEPTED 0 0 0 0 0 0 0 12 32 16 0 0 0 0 0 0 0 0 0 0 0 0 0 0 0 0 0 0 0
SHARD 1328 k=4 m=28 inter=1 colcap=128: NONE visited=4948 time=0.0s
ACCEPTED 0 0 0 0 0 0 0 13 35 31 8 1 0 0 0 0 0 0 0 0 0 0 0 0 0 0 0 0 0
SHARD 1329 k=4 m=28 inter=1 colcap=128: NONE visited=1219 time=0.0s
ACCEPTED 0 0 0 0 0 0 0 8 10 2 1 0 0 0 0 0 0 0 0 0 0 0 0 0 0 0 0 0 0
SHARD 1330 k=4 m=28 inter=1 colcap=128: NONE visited=241 time=0.0s
ACCEPTED 0 0 0 0 0 0 0 2 1 0 0 0 0 0 0 0 0 0 0 0 0 0 0 0 0 0 0 0 0
SHARD 1331 k=4 m=28 inter=1 colcap=128: NONE visited=507 time=0.0s
ACCEPTED 0 0 0 0 0 0 0 4 4 0 0 0 0 0 0 0 0 0 0 0 0 0 0 0 0 0 0 0 0
SHARD 1332 k=4 m=28 inter=1 colcap=128: NONE visited=192 time=0.0s
ACCEPTED 0 0 0 0 0 0 0 2 0 0 0 0 0 0 0 0 0 0 0 0 0 0 0 0 0 0 0 0 0
SHARD 1333 k=4 m=28 inter=1 colcap=128: NONE visited=3349 time=0.0s
ACCEPTED 0 0 0 0 0 0 0 7 23 27 11 1 0 0 0 0 0 0 0 0 0 0 0 0 0 0 0 0 0
SHARD 1334 k=4 m=28 inter=1 colcap=128: NONE visited=367 time=0.0s
ACCEPTED 0 0 0 0 0 0 0 3 2 2 0 0 0 0 0 0 0 0 0 0 0 0 0 0 0 0 0 0 0
SHARD 1335 k=4 m=28 inter=1 colcap=128: NONE visited=46 time=0.0s
ACCEPTED 0 0 0 0 0 0 0 0 0 0 0 0 0 0 0 0 0 0 0 0 0 0 0 0 0 0 0 0 0
SHARD 1336 k=4 m=28 inter=1 colcap=128: NONE visited=2231 time=0.0s
ACCEPTED 0 0 0 0 0 0 0 5 16 15 2 0 0 0 0 0 0 0 0 0 0 0 0 0 0 0 0 0 0
SHARD 1337 k=4 m=28 inter=1 colcap=128: NONE visited=4595 time=0.0s
ACCEPTED 0 0 0 0 0 0 0 11 42 41 6 0 0 0 0 0 0 0 0 0 0 0 0 0 0 0 0 0 0
SHARD 1338 k=4 m=28 inter=1 colcap=128: NONE visited=2272 time=0.0s
ACCEPTED 0 0 0 0 0 0 0 8 23 5 0 0 0 0 0 0 0 0 0 0 0 0 0 0 0 0 0 0 0
SHARD 1339 k=4 m=28 inter=1 colcap=128: NONE visited=1371 time=0.0s
ACCEPTED 0 0 0 0 0 0 0 8 15 0 0 0 0 0 0 0 0 0 0 0 0 0 0 0 0 0 0 0 0
SHARD 1340 k=4 m=28 inter=1 colcap=128: NONE visited=188 time=0.0s
ACCEPTED 0 0 0 0 0 0 0 2 0 0 0 0 0 0 0 0 0 0 0 0 0 0 0 0 0 0 0 0 0
SHARD 1341 k=4 m=28 inter=1 colcap=128: NONE visited=1497 time=0.0s
ACCEPTED 0 0 0 0 0 0 0 6 12 5 4 0 0 0 0 0 0 0 0 0 0 0 0 0 0 0 0 0 0
SHARD 1342 k=4 m=28 inter=1 colcap=128: NONE visited=2795 time=0.0s
ACCEPTED 0 0 0 0 0 0 0 10 19 6 0 0 0 0 0 0 0 0 0 0 0 0 0 0 0 0 0 0 0
SHARD 1343 k=4 m=28 inter=1 colcap=128: NONE visited=1052 time=0.0s
ACCEPTED 0 0 0 0 0 0 0 6 7 1 0 0 0 0 0 0 0 0 0 0 0 0 0 0 0 0 0 0 0
SHARD 1344 k=4 m=28 inter=1 colcap=128: NONE visited=487 time=0.0s
ACCEPTED 0 0 0 0 0 0 0 5 1 0 0 0 0 0 0 0 0 0 0 0 0 0 0 0 0 0 0 0 0
SHARD 1345 k=4 m=28 inter=1 colcap=128: NONE visited=1224 time=0.0s
ACCEPTED 0 0 0 0 0 0 0 8 9 1 0 0 0 0 0 0 0 0 0 0 0 0 0 0 0 0 0 0 0
SHARD 1346 k=4 m=28 inter=1 colcap=128: NONE visited=3185 time=0.0s
ACCEPTED 0 0 0 0 0 0 0 10 31 17 1 0 0 0 0 0 0 0 0 0 0 0 0 0 0 0 0 0 0
SHARD 1347 k=4 m=28 inter=1 colcap=128: NONE visited=2154 time=0.0s
ACCEPTED 0 0 0 0 0 0 0 11 18 0 0 0 0 0 0 0 0 0 0 0 0 0 0 0 0 0 0 0 0
SHARD 1348 k=4 m=28 inter=1 colcap=128: NONE visited=57 time=0.0s
ACCEPTED 0 0 0 0 0 0 0 0 0 0 0 0 0 0 0 0 0 0 0 0 0 0 0 0 0 0 0 0 0
SHARD 1349 k=4 m=28 inter=1 colcap=128: NONE visited=570 time=0.0s
ACCEPTED 0 0 0 0 0 0 0 4 5 0 0 0 0 0 0 0 0 0 0 0 0 0 0 0 0 0 0 0 0
SHARD 1350 k=4 m=28 inter=1 colcap=128: NONE visited=116 time=0.0s
ACCEPTED 0 0 0 0 0 0 0 0 0 0 0 0 0 0 0 0 0 0 0 0 0 0 0 0 0 0 0 0 0
SHARD 1351 k=4 m=28 inter=1 colcap=128: NONE visited=93 time=0.0s
ACCEPTED 0 0 0 0 0 0 0 1 0 0 0 0 0 0 0 0 0 0 0 0 0 0 0 0 0 0 0 0 0
SHARD 1352 k=4 m=28 inter=1 colcap=128: NONE visited=112 time=0.0s
ACCEPTED 0 0 0 0 0 0 0 1 0 0 0 0 0 0 0 0 0 0 0 0 0 0 0 0 0 0 0 0 0
SHARD 1353 k=4 m=28 inter=1 colcap=128: NONE visited=84 time=0.0s
ACCEPTED 0 0 0 0 0 0 0 0 0 0 0 0 0 0 0 0 0 0 0 0 0 0 0 0 0 0 0 0 0
SHARD 1354 k=4 m=28 inter=1 colcap=128: NONE visited=155 time=0.0s
ACCEPTED 0 0 0 0 0 0 0 1 0 0 0 0 0 0 0 0 0 0 0 0 0 0 0 0 0 0 0 0 0
SHARD 1355 k=4 m=28 inter=1 colcap=128: NONE visited=1656 time=0.0s
ACCEPTED 0 0 0 0 0 0 0 10 12 1 0 0 0 0 0 0 0 0 0 0 0 0 0 0 0 0 0 0 0
SHARD 1356 k=4 m=28 inter=1 colcap=128: NONE visited=2820 time=0.0s
ACCEPTED 0 0 0 0 0 0 0 11 20 5 0 0 0 0 0 0 0 0 0 0 0 0 0 0 0 0 0 0 0
SHARD 1357 k=4 m=28 inter=1 colcap=128: NONE visited=2122 time=0.0s
ACCEPTED 0 0 0 0 0 0 0 9 22 5 1 0 0 0 0 0 0 0 0 0 0 0 0 0 0 0 0 0 0
SHARD 1358 k=4 m=28 inter=1 colcap=128: NONE visited=189 time=0.0s
ACCEPTED 0 0 0 0 0 0 0 1 0 0 0 0 0 0 0 0 0 0 0 0 0 0 0 0 0 0 0 0 0
SHARD 1359 k=4 m=28 inter=1 colcap=128: NONE visited=210 time=0.0s
ACCEPTED 0 0 0 0 0 0 0 1 0 0 0 0 0 0 0 0 0 0 0 0 0 0 0 0 0 0 0 0 0
DONE exit=20
