SHARD 2720 k=4 m=28 inter=1 colcap=128: NONE visited=83677 time=0.1s
ACCEPTED 0 0 0 0 0 0 0 15 107 428 811 651 228 35 0 0 0 0 0 0 0 0 0 0 0 0 0 0 0
SHARD 2721 k=4 m=28 inter=1 colcap=128: NONE visited=33885 time=0.0s
ACCEPTED 0 0 0 0 0 0 0 12 67 226 285 140 21 0 0 0 0 0 0 0 0 0 0 0 0 0 0 0 0
SHARD 2722 k=4 m=28 inter=1 colcap=128: NONE visited=333012 time=0.2s
ACCEPTED 0 0 0 0 0 0 0 15 123 640 2097 3796 3283 1275 228 20 1 0 0 0 0 0 0 0 0 0 0 0 0
SHARD 2723 k=4 m=28 inter=1 colcap=128: NONE visited=48623 time=0.0s
ACCEPTED 0 0 0 0 0 0 0 13 75 233 435 396 130 10 0 0 0 0 0 0 0 0 0 0 0 0 0 0 0
SHARD 2724 k=4 m=28 inter=1 colcap=128: NONE visited=661 time=0.0s
ACCEPTED 0 0 0 0 0 0 0 2 7 5 0 0 0 0 0 0 0 0 0 0 0 0 0 0 0 0 0 0 0
SHARD 2725 k=4 m=28 inter=1 colcap=128: NONE visited=5564 time=0.0s
ACCEPTED 0 0 0 0 0 0 0 4 26 52 27 1 0 0 0 0 0 0 0 0 0 0 0 0 0 0 0 0 0
SHARD 2726 k=4 m=28 inter=1 colcap=128: NONE visited=1182 time=0.0s
ACCEPTED 0 0 0 0 0 0 0 3 6 10 8 0 0 0 0 0 0 0 0 0 0 0 0 0 0 0 0 0 0
SHARD 2727 k=4 m=28 inter=1 colcap=128: NONE visited=52 time=0.0s
ACCEPTED 0 0 0 0 0 0 0 0 0 0 0 0 0 0 0 0 0 0 0 0 0 0 0 0 0 0 0 0 0
SHARD 2728 k=4 m=28 inter=1 colcap=128: NONE visited=4025261 time=3.5s
ACCEPTED 0 0 0 0 0 0 0 36 505 3856 16372 39172 56941 48094 18881 2804 143 5 0 0 0 0 0 0 0 0 0 0 0
SHARD 2729 k=4 m=28 inter=1 colcap=128: NONE visited=111259150 time=197.8s
ACCEPTED 0 0 0 0 0 0 0 33 556 5646 34170 119690 239521 293987 291975 369630 653102 1141693 1593166 1470337 516291 0 0 0 0 0 0 0 0
SHARD 2730 k=4 m=28 inter=1 colcap=128: NONE visited=13459 time=0.0s
ACCEPTED 0 0 0 0 0 0 0 5 20 94 188 125 20 0 0 0 0 0 0 0 0 0 0 0 0 0 0 0 0
SHARD 2731 k=4 m=28 inter=1 colcap=128: NONE visited=384151 time=0.3s
ACCEPTED 0 0 0 0 0 0 0 16 151 1030 3389 4967 3262 863 32 0 0 0 0 0 0 0 0 0 0 0 0 0 0
SHARD 2732 k=4 m=28 inter=1 colcap=128: NONE visited=147282 time=0.1s
ACCEPTED 0 0 0 0 0 0 0 10 66 357 1152 1772 1406 475 48 0 0 0 0 0 0 0 0 0 0 0 0 0 0
SHARD 2733 k=4 m=28 inter=1 colcap=128: NONE visited=1873884 time=1.4s
ACCEPTED 0 0 0 0 0 0 0 26 289 2043 8272 17366 18751 11108 2560 160 12 0 0 0 0 0 0 0 0 0 0 0 0
SHARD 2734 k=4 m=28 inter=1 colcap=128: NONE visited=911994 time=0.7s
ACCEPTED 0 0 0 0 0 0 0 19 146 910 3807 8657 9025 4751 754 6 0 0 0 0 0 0 0 0 0 0 0 0 0
SHARD 2735 k=4 m=28 inter=1 colcap=128: NONE visited=880287 time=0.8s
ACCEPTED 0 0 0 0 0 0 0 13 119 804 3530 8958 12122 8450 2601 378 29 0 0 0 0 0 0 0 0 0 0 0 0
SHARD 2736 k=4 m=28 inter=1 colcap=128: NONE visited=689 time=0.0s
ACCEPTED 0 0 0 0 0 0 0 1 4 13 8 1 0 0 0 0 0 0 0 0 0 0 0 0 0 0 0 0 0
SHARD 2737 k=4 m=28 inter=1 colcap=128: NONE visited=8468 time=0.0s
ACCEPTED 0 0 0 0 0 0 0 3 13 51 89 77 24 3 0 0 0 0 0 0 0 0 0 0 0 0 0 0 0
SHARD 2738 k=4 m=28 inter=1 colcap=128: NONE visited=52128 time=0.0s
ACCEPTED 0 0 0 0 0 0 0 15 114 434 550 290 75 17 0 0 0 0 0 0 0 0 0 0 0 0 0 0 0
SHARD 2739 k=4 m=28 inter=1 colcap=128: NONE visited=104766 time=0.1s
ACCEPTED 0 0 0 0 0 0 0 34 290 908 999 382 62 6 0 0 0 0 0 0 0 0 0 0 0 0 0 0 0
SHARD 2740 k=4 m=28 inter=1 colcap=128: NONE visited=46309 time=0.0s
ACCEPTED 0 0 0 0 0 0 0 18 116 328 422 261 68 5 0 0 0 0 0 0 0 0 0 0 0 0 0 0 0
SHARD 2741 k=4 m=28 inter=1 colcap=128: NONE visited=266562 time=0.2s
ACCEPTED 0 0 0 0 0 0 0 30 284 1228 2500 2271 968 220 27 1 0 0 0 0 0 0 0 0 0 0 0 0 0
SHARD 2742 k=4 m=28 inter=1 colcap=128: NONE visited=415107 time=0.3s
ACCEPTED 0 0 0 0 0 0 0 29 316 1550 3597 3974 2124 577 101 9 0 0 0 0 0 0 0 0 0 0 0 0 0
SHARD 2743 k=4 m=28 inter=1 colcap=128: NONE visited=375663 time=0.3s
ACCEPTED 0 0 0 0 0 0 0 26 199 846 2104 3634 4057 1884 186 0 0 0 0 0 0 0 0 0 0 0 0 0 0
SHARD 2744 k=4 m=28 inter=1 colcap=128: NONE visited=824352 time=0.7s
ACCEPTED 0 0 0 0 0 0 0 25 263 1558 5119 8850 7512 3248 788 61 4 0 0 0 0 0 0 0 0 0 0 0 0
SHARD 2745 k=4 m=28 inter=1 colcap=128: NONE visited=580584 time=0.5s
ACCEPTED 0 0 0 0 0 0 0 28 332 1966 5339 6255 3068 525 15 0 0 0 0 0 0 0 0 0 0 0 0 0 0
SHARD 2746 k=4 m=28 inter=1 colcap=128: NONE visited=18212 time=0.0s
ACCEPTED 0 0 0 0 0 0 0 4 32 164 196 79 18 0 0 0 0 0 0 0 0 0 0 0 0 0 0 0 0
SHARD 2747 k=4 m=28 inter=1 colcap=128: NONE visited=36314 time=0.0s
ACCEPTED 0 0 0 0 0 0 0 11 86 356 358 107 17 0 0 0 0 0 0 0 0 0 0 0 0 0 0 0 0
SHARD 2748 k=4 m=28 inter=1 colcap=128: NONE visited=5124 time=0.0s
ACCEPTED 0 0 0 0 0 0 0 8 27 55 30 7 0 0 0 0 0 0 0 0 0 0 0 0 0 0 0 0 0
SHARD 2749 k=4 m=28 inter=1 colcap=128: NONE visited=66799 time=0.0s
ACCEPTED 0 0 0 0 0 0 0 12 85 393 723 532 151 14 1 0 0 0 0 0 0 0 0 0 0 0 0 0 0
SHARD 2750 k=4 m=28 inter=1 colcap=128: NONE visited=48285 time=0.0s
ACCEPTED 0 0 0 0 0 0 0 9 58 250 477 460 197 38 1 0 0 0 0 0 0 0 0 0 0 0 0 0 0
SHARD 2751 k=4 m=28 inter=1 colcap=128: NONE visited=40789 time=0.0s
ACCEPTED 0 0 0 0 0 0 0 11 38 178 407 475 279 34 0 0 0 0 0 0 0 0 0 0 0 0 0 0 0
SHARD 2752 k=4 m=28 inter=1 colcap=128: NONE visited=168932 time=0.1s
ACCEPTED 0 0 0 0 0 0 0 27 247 1049 1889 1316 369 35 2 0 0 0 0 0 0 0 0 0 0 0 0 0 0
SHARD 2753 k=4 m=28 inter=1 colcap=128: NONE visited=70028 time=0.0s
ACCEPTED 0 0 0 0 0 0 0 19 142 486 709 463 134 14 0 0 0 0 0 0 0 0 0 0 0 0 0 0 0
SHARD 2754 k=4 m=28 inter=1 colcap=128: NONE visited=2259995 time=2.0s
ACCEPTED 0 0 0 0 0 0 0 22 309 2200 9227 22587 30416 21319 7085 864 41 0 0 0 0 0 0 0 0 0 0 0 0
SHARD 2755 k=4 m=28 inter=1 colcap=128: NONE visited=581186 time=0.4s
ACCEPTED 0 0 0 0 0 0 0 31 385 2194 5795 6434 3105 681 70 3 0 0 0 0 0 0 0 0 0 0 0 0 0
SHARD 2756 k=4 m=28 inter=1 colcap=128: NONE visited=603388 time=0.4s
ACCEPTED 0 0 0 0 0 0 0 29 346 2071 5718 6625 3441 950 131 5 0 0 0 0 0 0 0 0 0 0 0 0 0
SHARD 2757 k=4 m=28 inter=1 colcap=128: NONE visited=1718676 time=1.5s
ACCEPTED 0 0 0 0 0 0 0 25 432 3216 11866 21243 17930 5423 446 13 0 0 0 0 0 0 0 0 0 0 0 0 0
SHARD 2758 k=4 m=28 inter=1 colcap=128: NONE visited=10586389 time=9.5s
ACCEPTED 0 0 0 0 0 0 0 39 687 6664 35647 101758 151004 116368 49188 10517 1076 44 0 0 0 0 0 0 0 0 0 0 0
SHARD 2759 k=4 m=28 inter=1 colcap=128: NONE visited=198908 time=0.1s
ACCEPTED 0 0 0 0 0 0 0 24 212 898 2031 2040 841 88 0 0 0 0 0 0 0 0 0 0 0 0 0 0 0
DONE exit=20
