SHARD 2840 k=4 m=28 inter=1 colcap=128: NONE visited=54347 time=0.0s
ACCEPTED 0 0 0 0 0 0 0 23 166 461 474 164 18 0 0 0 0 0 0 0 0 0 0 0 0 0 0 0 0
SHARD 2841 k=4 m=28 inter=1 colcap=128: NONE visited=152353 time=0.1s
ACCEPTED 0 0 0 0 0 0 0 23 206 798 1452 1238 521 110 13 1 0 0 0 0 0 0 0 0 0 0 0 0 0
SHARD 2842 k=4 m=28 inter=1 colcap=128: NONE visited=1318015 time=0.9s
ACCEPTED 0 0 0 0 0 0 0 38 541 3365 9853 13340 9281 3771 1037 144 9 0 0 0 0 0 0 0 0 0 0 0 0
SHARD 2843 k=4 m=28 inter=1 colcap=128: NONE visited=3224 time=0.0s
ACCEPTED 0 0 0 0 0 0 0 9 17 17 10 2 0 0 0 0 0 0 0 0 0 0 0 0 0 0 0 0 0
SHARD 2844 k=4 m=28 inter=1 colcap=128: NONE visited=106705 time=0.1s
ACCEPTED 0 0 0 0 0 0 0 22 172 614 1028 790 231 27 2 0 0 0 0 0 0 0 0 0 0 0 0 0 0
SHARD 2845 k=4 m=28 inter=1 colcap=128: NONE visited=6401 time=0.0s
ACCEPTED 0 0 0 0 0 0 0 5 31 56 34 4 0 0 0 0 0 0 0 0 0 0 0 0 0 0 0 0 0
SHARD 2846 k=4 m=28 inter=1 colcap=128: NONE visited=195669 time=0.1s
ACCEPTED 0 0 0 0 0 0 0 25 240 1083 2046 1578 609 132 18 0 0 0 0 0 0 0 0 0 0 0 0 0 0
SHARD 2847 k=4 m=28 inter=1 colcap=128: NONE visited=305574 time=0.2s
ACCEPTED 0 0 0 0 0 0 0 19 177 935 2655 3608 2403 765 87 3 0 0 0 0 0 0 0 0 0 0 0 0 0
SHARD 2848 k=4 m=28 inter=1 colcap=128: NONE visited=110440 time=0.1s
ACCEPTED 0 0 0 0 0 0 0 13 102 468 1031 1085 622 218 59 8 0 0 0 0 0 0 0 0 0 0 0 0 0
SHARD 2849 k=4 m=28 inter=1 colcap=128: NONE visited=121737 time=0.1s
ACCEPTED 0 0 0 0 0 0 0 12 81 334 856 1311 939 294 67 9 0 0 0 0 0 0 0 0 0 0 0 0 0
SHARD 2850 k=4 m=28 inter=1 colcap=128: NONE visited=682734 time=0.6s
ACCEPTED 0 0 0 0 0 0 0 22 248 1499 4539 6778 5414 3123 1565 481 77 3 0 0 0 0 0 0 0 0 0 0 0
SHARD 2851 k=4 m=28 inter=1 colcap=128: NONE visited=110022 time=0.1s
ACCEPTED 0 0 0 0 0 0 0 10 61 229 598 1094 1233 707 185 15 0 0 0 0 0 0 0 0 0 0 0 0 0
SHARD 2852 k=4 m=28 inter=1 colcap=128: NONE visited=741468 time=0.5s
ACCEPTED 0 0 0 0 0 0 0 33 424 2569 6912 7818 3980 1004 130 10 0 0 0 0 0 0 0 0 0 0 0 0 0
SHARD 2853 k=4 m=28 inter=1 colcap=128: NONE visited=28736 time=0.0s
ACCEPTED 0 0 0 0 0 0 0 12 71 195 245 129 23 0 0 0 0 0 0 0 0 0 0 0 0 0 0 0 0
SHARD 2854 k=4 m=28 inter=1 colcap=128: NONE visited=1658 time=0.0s
ACCEPTED 0 0 0 0 0 0 0 2 11 14 1 0 0 0 0 0 0 0 0 0 0 0 0 0 0 0 0 0 0
SHARD 2855 k=4 m=28 inter=1 colcap=128: NONE visited=56285 time=0.0s
ACCEPTED 0 0 0 0 0 0 0 16 103 367 546 298 59 1 0 0 0 0 0 0 0 0 0 0 0 0 0 0 0
SHARD 2856 k=4 m=28 inter=1 colcap=128: NONE visited=65403 time=0.0s
ACCEPTED 0 0 0 0 0 0 0 13 91 351 633 479 114 4 0 0 0 0 0 0 0 0 0 0 0 0 0 0 0
SHARD 2857 k=4 m=28 inter=1 colcap=128: NONE visited=371919 time=0.3s
ACCEPTED 0 0 0 0 0 0 0 18 167 883 2524 3632 2789 1305 348 48 3 0 0 0 0 0 0 0 0 0 0 0 0
SHARD 2858 k=4 m=28 inter=1 colcap=128: NONE visited=5047 time=0.0s
ACCEPTED 0 0 0 0 0 0 0 6 26 40 18 2 0 0 0 0 0 0 0 0 0 0 0 0 0 0 0 0 0
SHARD 2859 k=4 m=28 inter=1 colcap=128: NONE visited=1731 time=0.0s
ACCEPTED 0 0 0 0 0 0 0 5 8 11 6 0 0 0 0 0 0 0 0 0 0 0 0 0 0 0 0 0 0
SHARD 2860 k=4 m=28 inter=1 colcap=128: NONE visited=2331 time=0.0s
ACCEPTED 0 0 0 0 0 0 0 3 13 15 8 1 0 0 0 0 0 0 0 0 0 0 0 0 0 0 0 0 0
SHARD 2861 k=4 m=28 inter=1 colcap=128: NONE visited=445 time=0.0s
ACCEPTED 0 0 0 0 0 0 0 3 2 0 0 0 0 0 0 0 0 0 0 0 0 0 0 0 0 0 0 0 0
SHARD 2862 k=4 m=28 inter=1 colcap=128: NONE visited=246598 time=0.2s
ACCEPTED 0 0 0 0 0 0 0 16 144 697 1679 2224 1765 934 269 31 0 0 0 0 0 0 0 0 0 0 0 0 0
SHARD 2863 k=4 m=28 inter=1 colcap=128: NONE visited=51274 time=0.0s
ACCEPTED 0 0 0 0 0 0 0 6 37 191 498 518 218 21 0 0 0 0 0 0 0 0 0 0 0 0 0 0 0
SHARD 2864 k=4 m=28 inter=1 colcap=128: NONE visited=72 time=0.0s
ACCEPTED 0 0 0 0 0 0 0 0 0 0 0 0 0 0 0 0 0 0 0 0 0 0 0 0 0 0 0 0 0
SHARD 2865 k=4 m=28 inter=1 colcap=128: NONE visited=6583 time=0.0s
ACCEPTED 0 0 0 0 0 0 0 8 31 70 33 4 0 0 0 0 0 0 0 0 0 0 0 0 0 0 0 0 0
SHARD 2866 k=4 m=28 inter=1 colcap=128: NONE visited=23304 time=0.0s
ACCEPTED 0 0 0 0 0 0 0 15 74 153 164 90 40 11 0 0 0 0 0 0 0 0 0 0 0 0 0 0 0
SHARD 2867 k=4 m=28 inter=1 colcap=128: NONE visited=23913 time=0.0s
ACCEPTED 0 0 0 0 0 0 0 15 73 146 163 98 36 5 0 0 0 0 0 0 0 0 0 0 0 0 0 0 0
SHARD 2868 k=4 m=28 inter=1 colcap=128: NONE visited=228127 time=0.1s
ACCEPTED 0 0 0 0 0 0 0 27 253 1108 2105 1677 458 47 0 0 0 0 0 0 0 0 0 0 0 0 0 0 0
SHARD 2869 k=4 m=28 inter=1 colcap=128: NONE visited=9621 time=0.0s
ACCEPTED 0 0 0 0 0 0 0 9 29 58 66 27 0 0 0 0 0 0 0 0 0 0 0 0 0 0 0 0 0
SHARD 2870 k=4 m=28 inter=1 colcap=128: NONE visited=37892 time=0.0s
ACCEPTED 0 0 0 0 0 0 0 19 116 281 274 121 51 13 2 0 0 0 0 0 0 0 0 0 0 0 0 0 0
SHARD 2871 k=4 m=28 inter=1 colcap=128: NONE visited=45188 time=0.0s
ACCEPTED 0 0 0 0 0 0 0 19 115 298 333 172 28 5 0 0 0 0 0 0 0 0 0 0 0 0 0 0 0
SHARD 2872 k=4 m=28 inter=1 colcap=128: NONE visited=130945 time=0.1s
ACCEPTED 0 0 0 0 0 0 0 23 193 801 1339 721 178 16 0 0 0 0 0 0 0 0 0 0 0 0 0 0 0
SHARD 2873 k=4 m=28 inter=1 colcap=128: NONE visited=933928 time=0.6s
ACCEPTED 0 0 0 0 0 0 0 38 522 2998 7785 9081 5273 1772 328 33 0 0 0 0 0 0 0 0 0 0 0 0 0
SHARD 2874 k=4 m=28 inter=1 colcap=128: NONE visited=8197857 time=7.0s
ACCEPTED 0 0 0 0 0 0 0 28 543 5168 26766 73396 105130 78145 31126 6456 492 42 1 0 0 0 0 0 0 0 0 0 0
SHARD 2875 k=4 m=28 inter=1 colcap=128: NONE visited=105550 time=0.1s
ACCEPTED 0 0 0 0 0 0 0 9 52 319 988 1068 323 12 0 0 0 0 0 0 0 0 0 0 0 0 0 0 0
SHARD 2876 k=4 m=28 inter=1 colcap=128: NONE visited=992044 time=0.7s
ACCEPTED 0 0 0 0 0 0 0 39 553 3513 9751 10991 4770 798 62 2 0 0 0 0 0 0 0 0 0 0 0 0 0
SHARD 2877 k=4 m=28 inter=1 colcap=128: NONE visited=207610 time=0.1s
ACCEPTED 0 0 0 0 0 0 0 21 154 636 1563 1948 1230 454 101 6 0 0 0 0 0 0 0 0 0 0 0 0 0
SHARD 2878 k=4 m=28 inter=1 colcap=128: NONE visited=427869 time=0.3s
ACCEPTED 0 0 0 0 0 0 0 20 167 724 1839 3297 4204 3009 954 78 2 0 0 0 0 0 0 0 0 0 0 0 0
SHARD 2879 k=4 m=28 inter=1 colcap=128: NONE visited=230120 time=0.2s
ACCEPTED 0 0 0 0 0 0 0 21 164 746 1828 2137 1185 409 99 12 1 0 0 0 0 0 0 0 0 0 0 0 0
DONE exit=20
