SHARD 7640 k=4 m=28 inter=1 colcap=128: NONE visited=177473 time=0.1s
ACCEPTED 0 0 0 0 0 0 0 9 76 523 1463 1722 985 169 1 0 0 0 0 0 0 0 0 0 0 0 0 0 0
SHARD 7641 k=4 m=28 inter=1 colcap=128: NONE visited=699022 time=0.3s
ACCEPTED 0 0 0 0 0 0 0 11 111 885 3748 7642 7695 4096 1176 192 21 1 0 0 0 0 0 0 0 0 0 0 0
SHARD 7642 k=4 m=28 inter=1 colcap=128: NONE visited=2703589 time=1.7s
ACCEPTED 0 0 0 0 0 0 0 22 262 2000 9303 24753 36300 30221 14682 3897 515 24 0 0 0 0 0 0 0 0 0 0 0
SHARD 7643 k=4 m=28 inter=1 colcap=128: NONE visited=631607 time=0.3s
ACCEPTED 0 0 0 0 0 0 0 13 140 1067 4075 7415 6215 2488 527 50 4 0 0 0 0 0 0 0 0 0 0 0 0
SHARD 7644 k=4 m=28 inter=1 colcap=128: NONE visited=781906 time=0.5s
ACCEPTED 0 0 0 0 0 0 0 25 268 1541 5101 10051 10428 4432 602 19 1 0 0 0 0 0 0 0 0 0 0 0 0
SHARD 7645 k=4 m=28 inter=1 colcap=128: NONE visited=2090431 time=1.4s
ACCEPTED 0 0 0 0 0 0 0 25 328 2468 10329 24127 30575 20377 6678 990 71 0 0 0 0 0 0 0 0 0 0 0 0
SHARD 7646 k=4 m=28 inter=1 colcap=128: NONE visited=3413418 time=2.9s
ACCEPTED 0 0 0 0 0 0 0 21 259 2117 10445 29821 49788 50608 30688 11129 3036 224 1 0 0 0 0 0 0 0 0 0 0
SHARD 7647 k=4 m=28 inter=1 colcap=128: NONE visited=13692419 time=9.3s
ACCEPTED 0 0 0 0 0 0 0 39 628 5385 26419 75817 130014 137295 98950 59494 26131 5778 593 79 21 0 0 0 0 0 0 0 0
SHARD 7648 k=4 m=28 inter=1 colcap=128: NONE visited=343670 time=0.2s
ACCEPTED 0 0 0 0 0 0 0 12 80 544 2367 4545 3803 1322 126 1 0 0 0 0 0 0 0 0 0 0 0 0 0
SHARD 7649 k=4 m=28 inter=1 colcap=128: NONE visited=677906 time=0.4s
ACCEPTED 0 0 0 0 0 0 0 20 175 950 3315 6545 7318 4741 1761 344 29 0 0 0 0 0 0 0 0 0 0 0 0
SHARD 7650 k=4 m=28 inter=1 colcap=128: NONE visited=14244617 time=10.1s
ACCEPTED 0 0 0 0 0 0 0 20 259 2433 14587 51470 104722 130808 117937 83328 38983 10580 8049 5252 1740 0 0 0 0 0 0 0 0
SHARD 7651 k=4 m=28 inter=1 colcap=128: NONE visited=1616975 time=1.0s
ACCEPTED 0 0 0 0 0 0 0 21 227 1555 6501 15494 20243 14559 5725 1224 119 11 0 0 0 0 0 0 0 0 0 0 0
SHARD 7652 k=4 m=28 inter=1 colcap=128: NONE visited=6101647 time=4.0s
ACCEPTED 0 0 0 0 0 0 0 25 330 3070 17557 53569 84341 66892 25872 4804 416 16 0 0 0 0 0 0 0 0 0 0 0
SHARD 7653 k=4 m=28 inter=1 colcap=128: NONE visited=20114600 time=18.3s
ACCEPTED 0 0 0 0 0 0 0 22 295 2758 16850 62678 136484 177903 156841 119330 102083 103206 113375 83173 38638 0 0 0 0 0 0 0 0
SHARD 7654 k=4 m=28 inter=1 colcap=128: NONE visited=1452962 time=1.0s
ACCEPTED 0 0 0 0 0 0 0 25 282 1882 7457 15561 16503 8594 2345 317 103 0 0 0 0 0 0 0 0 0 0 0 0
SHARD 7655 k=4 m=28 inter=1 colcap=128: NONE visited=4534 time=0.0s
ACCEPTED 0 0 0 0 0 0 0 5 13 26 27 12 5 0 0 0 0 0 0 0 0 0 0 0 0 0 0 0 0
SHARD 7656 k=4 m=28 inter=1 colcap=128: NONE visited=8545 time=0.0s
ACCEPTED 0 0 0 0 0 0 0 7 26 58 62 14 0 0 0 0 0 0 0 0 0 0 0 0 0 0 0 0 0
SHARD 7657 k=4 m=28 inter=1 colcap=128: NONE visited=116292 time=0.1s
ACCEPTED 0 0 0 0 0 0 0 10 58 249 685 1146 1119 606 150 16 0 0 0 0 0 0 0 0 0 0 0 0 0
SHARD 7658 k=4 m=28 inter=1 colcap=128: NONE visited=2235 time=0.0s
ACCEPTED 0 0 0 0 0 0 0 1 12 27 3 0 0 0 0 0 0 0 0 0 0 0 0 0 0 0 0 0 0
SHARD 7659 k=4 m=28 inter=1 colcap=128: NONE visited=3609 time=0.0s
ACCEPTED 0 0 0 0 0 0 0 2 5 18 32 19 6 0 0 0 0 0 0 0 0 0 0 0 0 0 0 0 0
SHARD 7660 k=4 m=28 inter=1 colcap=128: NONE visited=184984 time=0.1s
ACCEPTED 0 0 0 0 0 0 0 8 66 362 1075 1883 1838 740 74 4 0 0 0 0 0 0 0 0 0 0 0 0 0
SHARD 7661 k=4 m=28 inter=1 colcap=128: NONE visited=447958 time=0.3s
ACCEPTED 0 0 0 0 0 0 0 13 105 558 1946 4078 4899 3252 1159 165 5 0 0 0 0 0 0 0 0 0 0 0 0
SHARD 7662 k=4 m=28 inter=1 colcap=128: NONE visited=5523440 time=5.1s
ACCEPTED 0 0 0 0 0 0 0 9 110 1011 6164 24691 64247 104071 96610 48274 12609 1894 138 9 1 0 0 0 0 0 0 0 0
SHARD 7663 k=4 m=28 inter=1 colcap=128: NONE visited=998945 time=0.7s
ACCEPTED 0 0 0 0 0 0 0 9 96 571 2422 6734 11711 12335 8444 3401 710 77 0 0 0 0 0 0 0 0 0 0 0
SHARD 7664 k=4 m=28 inter=1 colcap=128: NONE visited=482891 time=0.3s
ACCEPTED 0 0 0 0 0 0 0 18 133 637 1951 4339 6033 4219 1311 142 11 1 0 0 0 0 0 0 0 0 0 0 0
SHARD 7665 k=4 m=28 inter=1 colcap=128: NONE visited=1830845 time=1.3s
ACCEPTED 0 0 0 0 0 0 0 23 235 1425 5486 13845 22028 21134 11756 3536 478 17 0 0 0 0 0 0 0 0 0 0 0
SHARD 7666 k=4 m=28 inter=1 colcap=128: NONE visited=4932255 time=4.6s
ACCEPTED 0 0 0 0 0 0 0 13 129 979 5068 17927 44128 73503 77762 53731 26712 7130 255 6 0 0 0 0 0 0 0 0 0
SHARD 7667 k=4 m=28 inter=1 colcap=128: NONE visited=12729770 time=9.8s
ACCEPTED 0 0 0 0 0 0 0 32 478 4498 25795 87214 168230 183305 115077 44937 12474 2117 58 0 0 0 0 0 0 0 0 0 0
SHARD 7668 k=4 m=28 inter=1 colcap=128: NONE visited=5422312 time=3.8s
ACCEPTED 0 0 0 0 0 0 0 29 362 2780 13250 38584 68431 73828 48407 18298 4030 630 123 1 0 0 0 0 0 0 0 0 0
SHARD 7669 k=4 m=28 inter=1 colcap=128: NONE visited=290197 time=0.1s
ACCEPTED 0 0 0 0 0 0 0 8 38 310 1422 3096 3319 1509 268 15 2 0 0 0 0 0 0 0 0 0 0 0 0
SHARD 7670 k=4 m=28 inter=1 colcap=128: NONE visited=1581671 time=1.0s
ACCEPTED 0 0 0 0 0 0 0 12 95 800 4336 12790 19556 15494 6427 1478 135 0 0 0 0 0 0 0 0 0 0 0 0
SHARD 7671 k=4 m=28 inter=1 colcap=128: NONE visited=14291903 time=12.9s
ACCEPTED 0 0 0 0 0 0 0 16 189 1765 11402 48723 132997 227716 240390 153938 59861 13763 1734 145 7 0 0 0 0 0 0 0 0
SHARD 7672 k=4 m=28 inter=1 colcap=128: NONE visited=9011180 time=6.9s
ACCEPTED 0 0 0 0 0 0 0 27 358 3049 16000 52093 102385 123342 94731 47773 15111 2786 98 0 0 0 0 0 0 0 0 0 0
SHARD 7673 k=4 m=28 inter=1 colcap=128: NONE visited=11469 time=0.0s
ACCEPTED 0 0 0 0 0 0 0 3 15 50 85 79 26 2 0 0 0 0 0 0 0 0 0 0 0 0 0 0 0
SHARD 7674 k=4 m=28 inter=1 colcap=128: NONE visited=310910 time=0.2s
ACCEPTED 0 0 0 0 0 0 0 6 48 247 915 2055 3053 3156 2172 690 107 5 0 0 0 0 0 0 0 0 0 0 0
SHARD 7675 k=4 m=28 inter=1 colcap=128: NONE visited=917 time=0.0s
ACCEPTED 0 0 0 0 0 0 0 6 11 4 0 0 0 0 0 0 0 0 0 0 0 0 0 0 0 0 0 0 0
SHARD 7676 k=4 m=28 inter=1 colcap=128: NONE visited=220332 time=0.2s
ACCEPTED 0 0 0 0 0 0 0 24 243 1081 2230 2026 533 29 0 0 0 0 0 0 0 0 0 0 0 0 0 0 0
SHARD 7677 k=4 m=28 inter=1 colcap=128: NONE visited=92 time=0.0s
ACCEPTED 0 0 0 0 0 0 0 1 0 0 0 0 0 0 0 0 0 0 0 0 0 0 0 0 0 0 0 0 0
SHARD 7678 k=4 m=28 inter=1 colcap=128: NONE visited=173 time=0.0s
ACCEPTED 0 0 0 0 0 0 0 2 1 0 0 0 0 0 0 0 0 0 0 0 0 0 0 0 0 0 0 0 0
SHARD 7679 k=4 m=28 inter=1 colcap=128: NONE visited=300 time=0.0s
ACCEPTED 0 0 0 0 0 0 0 2 1 0 0 0 0 0 0 0 0 0 0 0 0 0 0 0 0 0 0 0 0
DONE exit=20
