SHARD 2520 k=4 m=28 inter=1 colcap=128: NONE visited=25234 time=0.0s
ACCEPTED 0 0 0 0 0 0 0 15 76 183 211 125 33 2 0 0 0 0 0 0 0 0 0 0 0 0 0 0 0
SHARD 2521 k=4 m=28 inter=1 colcap=128: NONE visited=166953 time=0.1s
ACCEPTED 0 0 0 0 0 0 0 14 77 250 542 1033 1665 1728 1003 245 34 3 0 0 0 0 0 0 0 0 0 0 0
SHARD 2522 k=4 m=28 inter=1 colcap=128: NONE visited=165830 time=0.1s
ACCEPTED 0 0 0 0 0 0 0 18 140 606 1404 1638 887 243 49 5 0 0 0 0 0 0 0 0 0 0 0 0 0
SHARD 2523 k=4 m=28 inter=1 colcap=128: NONE visited=299333 time=0.2s
ACCEPTED 0 0 0 0 0 0 0 21 172 755 1877 2688 2037 782 159 12 0 0 0 0 0 0 0 0 0 0 0 0 0
SHARD 2524 k=4 m=28 inter=1 colcap=128: NONE visited=37724 time=0.0s
ACCEPTED 0 0 0 0 0 0 0 18 100 282 344 148 23 1 0 0 0 0 0 0 0 0 0 0 0 0 0 0 0
SHARD 2525 k=4 m=28 inter=1 colcap=128: NONE visited=105380 time=0.1s
ACCEPTED 0 0 0 0 0 0 0 15 100 379 817 965 646 190 52 0 0 0 0 0 0 0 0 0 0 0 0 0 0
SHARD 2526 k=4 m=28 inter=1 colcap=128: NONE visited=254071 time=0.2s
ACCEPTED 0 0 0 0 0 0 0 20 175 857 2220 2652 1337 335 50 4 0 0 0 0 0 0 0 0 0 0 0 0 0
SHARD 2527 k=4 m=28 inter=1 colcap=128: NONE visited=79436 time=0.0s
ACCEPTED 0 0 0 0 0 0 0 21 150 522 738 384 62 3 0 0 0 0 0 0 0 0 0 0 0 0 0 0 0
SHARD 2528 k=4 m=28 inter=1 colcap=128: NONE visited=235344 time=0.2s
ACCEPTED 0 0 0 0 0 0 0 14 99 415 1151 2164 2578 1483 334 17 0 0 0 0 0 0 0 0 0 0 0 0 0
SHARD 2529 k=4 m=28 inter=1 colcap=128: NONE visited=3666 time=0.0s
ACCEPTED 0 0 0 0 0 0 0 5 15 42 14 2 0 0 0 0 0 0 0 0 0 0 0 0 0 0 0 0 0
SHARD 2530 k=4 m=28 inter=1 colcap=128: NONE visited=78057 time=0.1s
ACCEPTED 0 0 0 0 0 0 0 15 124 493 801 503 94 3 0 0 0 0 0 0 0 0 0 0 0 0 0 0 0
SHARD 2531 k=4 m=28 inter=1 colcap=128: NONE visited=132006 time=0.1s
ACCEPTED 0 0 0 0 0 0 0 17 123 524 1151 1293 776 220 16 0 0 0 0 0 0 0 0 0 0 0 0 0 0
SHARD 2532 k=4 m=28 inter=1 colcap=128: NONE visited=390327 time=0.3s
ACCEPTED 0 0 0 0 0 0 0 21 203 1111 3140 4175 2672 985 176 7 0 0 0 0 0 0 0 0 0 0 0 0 0
SHARD 2533 k=4 m=28 inter=1 colcap=128: NONE visited=6031 time=0.0s
ACCEPTED 0 0 0 0 0 0 0 7 21 49 46 16 2 0 0 0 0 0 0 0 0 0 0 0 0 0 0 0 0
SHARD 2534 k=4 m=28 inter=1 colcap=128: NONE visited=295047 time=0.2s
ACCEPTED 0 0 0 0 0 0 0 18 156 760 2068 3183 2904 1370 264 16 0 0 0 0 0 0 0 0 0 0 0 0 0
SHARD 2535 k=4 m=28 inter=1 colcap=128: NONE visited=93050 time=0.1s
ACCEPTED 0 0 0 0 0 0 0 17 133 495 912 831 400 101 10 0 0 0 0 0 0 0 0 0 0 0 0 0 0
SHARD 2536 k=4 m=28 inter=1 colcap=128: NONE visited=564 time=0.0s
ACCEPTED 0 0 0 0 0 0 0 1 4 6 1 1 0 0 0 0 0 0 0 0 0 0 0 0 0 0 0 0 0
SHARD 2537 k=4 m=28 inter=1 colcap=128: NONE visited=7070 time=0.0s
ACCEPTED 0 0 0 0 0 0 0 6 22 58 77 21 1 0 0 0 0 0 0 0 0 0 0 0 0 0 0 0 0
SHARD 2538 k=4 m=28 inter=1 colcap=128: NONE visited=23504 time=0.0s
ACCEPTED 0 0 0 0 0 0 0 4 23 107 249 189 47 7 0 0 0 0 0 0 0 0 0 0 0 0 0 0 0
SHARD 2539 k=4 m=28 inter=1 colcap=128: NONE visited=229977 time=0.1s
ACCEPTED 0 0 0 0 0 0 0 30 296 1169 2181 2148 1093 194 17 0 0 0 0 0 0 0 0 0 0 0 0 0 0
SHARD 2540 k=4 m=28 inter=1 colcap=128: NONE visited=4132158 time=3.3s
ACCEPTED 0 0 0 0 0 0 0 38 629 5228 21579 45380 50201 29920 10198 2256 383 53 5 0 0 0 0 0 0 0 0 0 0
SHARD 2541 k=4 m=28 inter=1 colcap=128: NONE visited=354083 time=0.2s
ACCEPTED 0 0 0 0 0 0 0 27 288 1390 3079 3485 2243 790 150 15 2 0 0 0 0 0 0 0 0 0 0 0 0
SHARD 2542 k=4 m=28 inter=1 colcap=128: NONE visited=672565 time=0.5s
ACCEPTED 0 0 0 0 0 0 0 30 350 1903 5209 7540 5662 2089 324 17 0 0 0 0 0 0 0 0 0 0 0 0 0
SHARD 2543 k=4 m=28 inter=1 colcap=128: NONE visited=8052416 time=6.7s
ACCEPTED 0 0 0 0 0 0 0 61 1343 12602 52786 102928 94731 42938 11536 2300 259 12 0 0 0 0 0 0 0 0 0 0 0
SHARD 2544 k=4 m=28 inter=1 colcap=128: NONE visited=5340455 time=4.2s
ACCEPTED 0 0 0 0 0 0 0 49 960 8689 36130 68501 59658 24826 4841 385 14 0 0 0 0 0 0 0 0 0 0 0 0
SHARD 2545 k=4 m=28 inter=1 colcap=128: NONE visited=18410969 time=15.3s
ACCEPTED 0 0 0 0 0 0 0 55 1212 12641 63632 157595 202978 149371 67444 18671 4022 163 0 0 0 0 0 0 0 0 0 0 0
SHARD 2546 k=4 m=28 inter=1 colcap=128: NONE visited=8372529 time=7.2s
ACCEPTED 0 0 0 0 0 0 0 45 709 5165 20170 48722 78380 76742 40155 10267 3027 232 15 2 1 0 0 0 0 0 0 0 0
SHARD 2547 k=4 m=28 inter=1 colcap=128: NONE visited=2838076 time=2.8s
ACCEPTED 0 0 0 0 0 0 0 43 605 3751 14654 35559 42378 22643 5931 889 43 1 0 0 0 0 0 0 0 0 0 0 0
SHARD 2548 k=4 m=28 inter=1 colcap=128: NONE visited=1641296 time=1.5s
ACCEPTED 0 0 0 0 0 0 0 37 530 3647 12978 22046 15156 3742 188 2 0 0 0 0 0 0 0 0 0 0 0 0 0
SHARD 2549 k=4 m=28 inter=1 colcap=128: NONE visited=5269278 time=4.0s
ACCEPTED 0 0 0 0 0 0 0 51 1000 8789 35213 65268 58355 25938 5375 543 19 0 0 0 0 0 0 0 0 0 0 0 0
SHARD 2550 k=4 m=28 inter=1 colcap=128: NONE visited=11861622 time=10.9s
ACCEPTED 0 0 0 0 0 0 0 43 841 8502 43991 115661 158902 118250 45367 7317 474 16 0 0 0 0 0 0 0 0 0 0 0
SHARD 2551 k=4 m=28 inter=1 colcap=128: NONE visited=21079712 time=17.9s
ACCEPTED 0 0 0 0 0 0 0 57 1278 13476 68413 172279 222819 159811 66133 12537 3652 284 56 2 2 0 0 0 0 0 0 0 0
SHARD 2552 k=4 m=28 inter=1 colcap=128: NONE visited=7025419 time=6.6s
ACCEPTED 0 0 0 0 0 0 0 38 554 4329 21396 60372 85927 59421 19201 1738 334 2 0 0 0 0 0 0 0 0 0 0 0
SHARD 2553 k=4 m=28 inter=1 colcap=128: NONE visited=758861 time=0.9s
ACCEPTED 0 0 0 0 0 0 0 17 124 893 4651 11527 11135 3399 236 6 0 0 0 0 0 0 0 0 0 0 0 0 0
SHARD 2554 k=4 m=28 inter=1 colcap=128: NONE visited=1393045 time=1.0s
ACCEPTED 0 0 0 0 0 0 0 49 679 3913 11039 16294 10892 3259 325 4 0 0 0 0 0 0 0 0 0 0 0 0 0
SHARD 2555 k=4 m=28 inter=1 colcap=128: NONE visited=8144379 time=7.5s
ACCEPTED 0 0 0 0 0 0 0 41 717 6594 31718 80506 106807 71062 23225 4235 133 1 0 0 0 0 0 0 0 0 0 0 0
SHARD 2556 k=4 m=28 inter=1 colcap=128: NONE visited=1145554 time=0.9s
ACCEPTED 0 0 0 0 0 0 0 30 312 1740 5338 9216 8993 5533 1080 47 2 0 0 0 0 0 0 0 0 0 0 0 0
SHARD 2557 k=4 m=28 inter=1 colcap=128: NONE visited=1246560 time=0.9s
ACCEPTED 0 0 0 0 0 0 0 31 396 2508 7682 11968 9957 5170 1211 82 7 0 0 0 0 0 0 0 0 0 0 0 0
SHARD 2558 k=4 m=28 inter=1 colcap=128: NONE visited=616218 time=0.5s
ACCEPTED 0 0 0 0 0 0 0 21 205 1175 3837 7244 7064 3695 1151 55 0 0 0 0 0 0 0 0 0 0 0 0 0
SHARD 2559 k=4 m=28 inter=1 colcap=128: NONE visited=113174 time=0.1s
ACCEPTED 0 0 0 0 0 0 0 11 83 435 1175 1261 463 29 0 0 0 0 0 0 0 0 0 0 0 0 0 0 0
DONE exit=20
