SHARD 10000 k=4 m=28 inter=1 colcap=128: NONE visited=96867 time=0.1s
ACCEPTED 0 0 0 0 0 0 0 14 92 384 799 962 652 237 56 4 0 0 0 0 0 0 0 0 0 0 0 0 0
SHARD 10001 k=4 m=28 inter=1 colcap=128: NONE visited=208832 time=0.1s
ACCEPTED 0 0 0 0 0 0 0 17 129 582 1412 1926 1602 837 262 42 2 0 0 0 0 0 0 0 0 0 0 0 0
SHARD 10002 k=4 m=28 inter=1 colcap=128: NONE visited=679 time=0.0s
ACCEPTED 0 0 0 0 0 0 0 5 2 0 0 0 0 0 0 0 0 0 0 0 0 0 0 0 0 0 0 0 0
SHARD 10003 k=4 m=28 inter=1 colcap=128: NONE visited=2135 time=0.0s
ACCEPTED 0 0 0 0 0 0 0 6 12 12 2 0 0 0 0 0 0 0 0 0 0 0 0 0 0 0 0 0 0
SHARD 10004 k=4 m=28 inter=1 colcap=128: NONE visited=43129 time=0.0s
ACCEPTED 0 0 0 0 0 0 0 10 69 269 411 256 43 3 0 0 0 0 0 0 0 0 0 0 0 0 0 0 0
SHARD 10005 k=4 m=28 inter=1 colcap=128: NONE visited=6043 time=0.0s
ACCEPTED 0 0 0 0 0 0 0 7 28 51 31 8 0 0 0 0 0 0 0 0 0 0 0 0 0 0 0 0 0
SHARD 10006 k=4 m=28 inter=1 colcap=128: NONE visited=621355 time=0.4s
ACCEPTED 0 0 0 0 0 0 0 14 152 1024 3781 7074 6853 3287 731 68 3 0 0 0 0 0 0 0 0 0 0 0 0
SHARD 10007 k=4 m=28 inter=1 colcap=128: NONE visited=53371 time=0.0s
ACCEPTED 0 0 0 0 0 0 0 11 74 295 519 375 103 6 0 0 0 0 0 0 0 0 0 0 0 0 0 0 0
SHARD 10008 k=4 m=28 inter=1 colcap=128: NONE visited=3163 time=0.0s
ACCEPTED 0 0 0 0 0 0 0 4 18 28 13 1 0 0 0 0 0 0 0 0 0 0 0 0 0 0 0 0 0
SHARD 10009 k=4 m=28 inter=1 colcap=128: NONE visited=492187 time=0.3s
ACCEPTED 0 0 0 0 0 0 0 18 189 1189 3797 5775 4194 1621 364 49 3 0 0 0 0 0 0 0 0 0 0 0 0
SHARD 10010 k=4 m=28 inter=1 colcap=128: NONE visited=1312309 time=0.7s
ACCEPTED 0 0 0 0 0 0 0 6 71 551 3153 10122 17871 17114 8701 1912 195 13 0 0 0 0 0 0 0 0 0 0 0
SHARD 10011 k=4 m=28 inter=1 colcap=128: NONE visited=16351 time=0.0s
ACCEPTED 0 0 0 0 0 0 0 8 42 111 125 67 16 1 0 0 0 0 0 0 0 0 0 0 0 0 0 0 0
SHARD 10012 k=4 m=28 inter=1 colcap=128: NONE visited=2004561 time=1.7s
ACCEPTED 0 0 0 0 0 0 0 9 83 700 4049 14193 28664 33172 22132 7783 1326 143 18 1 0 0 0 0 0 0 0 0 0
SHARD 10013 k=4 m=28 inter=1 colcap=128: NONE visited=56669 time=0.0s
ACCEPTED 0 0 0 0 0 0 0 6 51 248 550 495 183 33 3 0 0 0 0 0 0 0 0 0 0 0 0 0 0
SHARD 10014 k=4 m=28 inter=1 colcap=128: NONE visited=262 time=0.0s
ACCEPTED 0 0 0 0 0 0 0 2 1 0 0 0 0 0 0 0 0 0 0 0 0 0 0 0 0 0 0 0 0
SHARD 10015 k=4 m=28 inter=1 colcap=128: NONE visited=1044188 time=0.7s
ACCEPTED 0 0 0 0 0 0 0 24 286 1898 6666 12047 11630 5662 1221 127 7 0 0 0 0 0 0 0 0 0 0 0 0
SHARD 10016 k=4 m=28 inter=1 colcap=128: NONE visited=43333 time=0.0s
ACCEPTED 0 0 0 0 0 0 0 12 56 178 349 375 187 37 1 0 0 0 0 0 0 0 0 0 0 0 0 0 0
SHARD 10017 k=4 m=28 inter=1 colcap=128: NONE visited=3439700 time=2.7s
ACCEPTED 0 0 0 0 0 0 0 10 114 1027 6190 22305 45753 52410 33687 11937 2214 208 9 0 0 0 0 0 0 0 0 0 0
SHARD 10018 k=4 m=28 inter=1 colcap=128: NONE visited=207 time=0.0s
ACCEPTED 0 0 0 0 0 0 0 1 1 0 0 0 0 0 0 0 0 0 0 0 0 0 0 0 0 0 0 0 0
SHARD 10019 k=4 m=28 inter=1 colcap=128: NONE visited=70 time=0.0s
ACCEPTED 0 0 0 0 0 0 0 0 0 0 0 0 0 0 0 0 0 0 0 0 0 0 0 0 0 0 0 0 0
SHARD 10020 k=4 m=28 inter=1 colcap=128: NONE visited=807 time=0.0s
ACCEPTED 0 0 0 0 0 0 0 4 7 1 0 0 0 0 0 0 0 0 0 0 0 0 0 0 0 0 0 0 0
SHARD 10021 k=4 m=28 inter=1 colcap=128: NONE visited=275 time=0.0s
ACCEPTED 0 0 0 0 0 0 0 2 4 0 0 0 0 0 0 0 0 0 0 0 0 0 0 0 0 0 0 0 0
SHARD 10022 k=4 m=28 inter=1 colcap=128: NONE visited=273 time=0.0s
ACCEPTED 0 0 0 0 0 0 0 2 1 0 0 0 0 0 0 0 0 0 0 0 0 0 0 0 0 0 0 0 0
SHARD 10023 k=4 m=28 inter=1 colcap=128: NONE visited=1369 time=0.0s
ACCEPTED 0 0 0 0 0 0 0 6 15 20 17 10 0 0 0 0 0 0 0 0 0 0 0 0 0 0 0 0 0
SHARD 10024 k=4 m=28 inter=1 colcap=128: NONE visited=335965 time=0.2s
ACCEPTED 0 0 0 0 0 0 0 18 171 913 2933 4928 3266 685 70 4 1 0 0 0 0 0 0 0 0 0 0 0 0
SHARD 10025 k=4 m=28 inter=1 colcap=128: NONE visited=60 time=0.0s
ACCEPTED 0 0 0 0 0 0 0 0 0 0 0 0 0 0 0 0 0 0 0 0 0 0 0 0 0 0 0 0 0
SHARD 10026 k=4 m=28 inter=1 colcap=128: NONE visited=46 time=0.0s
ACCEPTED 0 0 0 0 0 0 0 0 0 0 0 0 0 0 0 0 0 0 0 0 0 0 0 0 0 0 0 0 0
SHARD 10027 k=4 m=28 inter=1 colcap=128: NONE visited=5271464 time=4.4s
ACCEPTED 0 0 0 0 0 0 0 20 252 1955 9360 28840 58908 78752 67056 35959 10939 1739 166 3 0 0 0 0 0 0 0 0 0
SHARD 10028 k=4 m=28 inter=1 colcap=128: NONE visited=8267595 time=6.9s
ACCEPTED 0 0 0 0 0 0 0 26 353 3003 16029 52993 107630 133511 102011 49090 13837 1920 95 0 0 0 0 0 0 0 0 0 0
SHARD 10029 k=4 m=28 inter=1 colcap=128: NONE visited=9977833 time=8.0s
ACCEPTED 0 0 0 0 0 0 0 34 527 4628 23849 72949 132776 149432 107246 49013 12477 1341 37 0 0 0 0 0 0 0 0 0 0
SHARD 10030 k=4 m=28 inter=1 colcap=128: NONE visited=3219467 time=2.8s
ACCEPTED 0 0 0 0 0 0 0 16 196 1595 7975 24358 46075 53325 34704 11617 1837 94 0 0 0 0 0 0 0 0 0 0 0
SHARD 10031 k=4 m=28 inter=1 colcap=128: NONE visited=694787 time=0.5s
ACCEPTED 0 0 0 0 0 0 0 9 88 631 2614 6353 8694 6783 3042 724 100 0 0 0 0 0 0 0 0 0 0 0 0
SHARD 10032 k=4 m=28 inter=1 colcap=128: NONE visited=8526083 time=7.3s
ACCEPTED 0 0 0 0 0 0 0 24 295 2451 13982 50228 108343 133779 95711 41687 11165 1624 46 1 0 0 0 0 0 0 0 0 0
SHARD 10033 k=4 m=28 inter=1 colcap=128: NONE visited=6092734 time=5.3s
ACCEPTED 0 0 0 0 0 0 0 15 175 1444 8383 31880 75826 106712 83685 34108 6785 484 6 0 0 0 0 0 0 0 0 0 0
SHARD 10034 k=4 m=28 inter=1 colcap=128: NONE visited=910569 time=0.7s
ACCEPTED 0 0 0 0 0 0 0 11 83 633 3164 8903 11943 8507 3403 799 26 0 0 0 0 0 0 0 0 0 0 0 0
SHARD 10035 k=4 m=28 inter=1 colcap=128: NONE visited=5199351 time=4.0s
ACCEPTED 0 0 0 0 0 0 0 17 204 1754 9158 28793 55202 68969 58351 34350 12594 2266 42 1 0 0 0 0 0 0 0 0 0
SHARD 10036 k=4 m=28 inter=1 colcap=128: NONE visited=242156 time=0.1s
ACCEPTED 0 0 0 0 0 0 0 14 140 793 2160 2589 1471 450 89 10 1 0 0 0 0 0 0 0 0 0 0 0 0
SHARD 10037 k=4 m=28 inter=1 colcap=128: NONE visited=3323687 time=2.3s
ACCEPTED 0 0 0 0 0 0 0 24 336 2727 12166 30540 43061 33386 14879 4267 839 54 0 0 0 0 0 0 0 0 0 0 0
SHARD 10038 k=4 m=28 inter=1 colcap=128: NONE visited=10823155 time=8.5s
ACCEPTED 0 0 0 0 0 0 0 31 464 4141 22238 70992 135471 156362 111077 48530 13382 1991 119 12 0 0 0 0 0 0 0 0 0
SHARD 10039 k=4 m=28 inter=1 colcap=128: NONE visited=3337990 time=2.3s
ACCEPTED 0 0 0 0 0 0 0 37 551 4140 16442 34861 41180 28499 12162 3103 429 21 1 0 0 0 0 0 0 0 0 0 0
DONE exit=20
