SHARD 7880 k=4 m=28 inter=1 colcap=128: NONE visited=203368 time=0.1s
ACCEPTED 0 0 0 0 0 0 0 18 136 586 1386 1796 1219 506 119 24 5 1 0 0 0 0 0 0 0 0 0 0 0
SHARD 7881 k=4 m=28 inter=1 colcap=128: NONE visited=9259 time=0.0s
ACCEPTED 0 0 0 0 0 0 0 13 43 89 53 1 0 0 0 0 0 0 0 0 0 0 0 0 0 0 0 0 0
SHARD 7882 k=4 m=28 inter=1 colcap=128: NONE visited=94167 time=0.0s
ACCEPTED 0 0 0 0 0 0 0 12 80 305 670 716 340 152 39 0 0 0 0 0 0 0 0 0 0 0 0 0 0
SHARD 7883 k=4 m=28 inter=1 colcap=128: NONE visited=92 time=0.0s
ACCEPTED 0 0 0 0 0 0 0 1 0 0 0 0 0 0 0 0 0 0 0 0 0 0 0 0 0 0 0 0 0
SHARD 7884 k=4 m=28 inter=1 colcap=128: NONE visited=1490 time=0.0s
ACCEPTED 0 0 0 0 0 0 0 3 9 8 1 0 0 0 0 0 0 0 0 0 0 0 0 0 0 0 0 0 0
SHARD 7885 k=4 m=28 inter=1 colcap=128: NONE visited=4288 time=0.0s
ACCEPTED 0 0 0 0 0 0 0 2 15 40 21 0 0 0 0 0 0 0 0 0 0 0 0 0 0 0 0 0 0
SHARD 7886 k=4 m=28 inter=1 colcap=128: NONE visited=19701 time=0.0s
ACCEPTED 0 0 0 0 0 0 0 9 56 160 173 63 9 1 0 0 0 0 0 0 0 0 0 0 0 0 0 0 0
SHARD 7887 k=4 m=28 inter=1 colcap=128: NONE visited=230915 time=0.1s
ACCEPTED 0 0 0 0 0 0 0 21 158 590 1387 2204 2062 1025 203 13 0 0 0 0 0 0 0 0 0 0 0 0 0
SHARD 7888 k=4 m=28 inter=1 colcap=128: NONE visited=586362 time=0.4s
ACCEPTED 0 0 0 0 0 0 0 17 181 1132 3780 6258 4973 1920 359 16 0 0 0 0 0 0 0 0 0 0 0 0 0
SHARD 7889 k=4 m=28 inter=1 colcap=128: NONE visited=129770 time=0.1s
ACCEPTED 0 0 0 0 0 0 0 17 138 518 1017 1094 708 223 22 0 0 0 0 0 0 0 0 0 0 0 0 0 0
SHARD 7890 k=4 m=28 inter=1 colcap=128: NONE visited=116398 time=0.1s
ACCEPTED 0 0 0 0 0 0 0 19 165 699 1233 756 220 26 1 0 0 0 0 0 0 0 0 0 0 0 0 0 0
SHARD 7891 k=4 m=28 inter=1 colcap=128: NONE visited=181157 time=0.1s
ACCEPTED 0 0 0 0 0 0 0 20 177 810 1741 1585 637 90 7 1 0 0 0 0 0 0 0 0 0 0 0 0 0
SHARD 7892 k=4 m=28 inter=1 colcap=128: NONE visited=29729 time=0.0s
ACCEPTED 0 0 0 0 0 0 0 7 33 109 251 301 144 19 0 0 0 0 0 0 0 0 0 0 0 0 0 0 0
SHARD 7893 k=4 m=28 inter=1 colcap=128: NONE visited=30954 time=0.0s
ACCEPTED 0 0 0 0 0 0 0 11 67 229 293 172 26 0 0 0 0 0 0 0 0 0 0 0 0 0 0 0 0
SHARD 7894 k=4 m=28 inter=1 colcap=128: NONE visited=235313 time=0.1s
ACCEPTED 0 0 0 0 0 0 0 18 172 947 2388 2631 1274 346 61 9 0 0 0 0 0 0 0 0 0 0 0 0 0
SHARD 7895 k=4 m=28 inter=1 colcap=128: NONE visited=445258 time=0.3s
ACCEPTED 0 0 0 0 0 0 0 17 164 959 2973 4680 3794 1554 312 28 1 0 0 0 0 0 0 0 0 0 0 0 0
SHARD 7896 k=4 m=28 inter=1 colcap=128: NONE visited=130214 time=0.1s
ACCEPTED 0 0 0 0 0 0 0 21 154 582 1170 1188 582 120 10 0 0 0 0 0 0 0 0 0 0 0 0 0 0
SHARD 7897 k=4 m=28 inter=1 colcap=128: NONE visited=12459 time=0.0s
ACCEPTED 0 0 0 0 0 0 0 3 26 108 109 52 4 0 0 0 0 0 0 0 0 0 0 0 0 0 0 0 0
SHARD 7898 k=4 m=28 inter=1 colcap=128: NONE visited=186187 time=0.1s
ACCEPTED 0 0 0 0 0 0 0 24 251 1117 1913 1253 319 39 5 0 0 0 0 0 0 0 0 0 0 0 0 0 0
SHARD 7899 k=4 m=28 inter=1 colcap=128: NONE visited=26637 time=0.0s
ACCEPTED 0 0 0 0 0 0 0 6 31 141 245 196 34 0 0 0 0 0 0 0 0 0 0 0 0 0 0 0 0
SHARD 7900 k=4 m=28 inter=1 colcap=128: NONE visited=665106 time=0.4s
ACCEPTED 0 0 0 0 0 0 0 35 461 2616 6486 7292 3661 839 71 0 0 0 0 0 0 0 0 0 0 0 0 0 0
SHARD 7901 k=4 m=28 inter=1 colcap=128: NONE visited=668732 time=0.3s
ACCEPTED 0 0 0 0 0 0 0 28 316 1813 5262 7399 5492 2564 721 110 3 0 0 0 0 0 0 0 0 0 0 0 0
SHARD 7902 k=4 m=28 inter=1 colcap=128: NONE visited=1443744 time=0.9s
ACCEPTED 0 0 0 0 0 0 0 22 237 1559 6092 13850 17976 12282 4535 843 70 6 0 0 0 0 0 0 0 0 0 0 0
SHARD 7903 k=4 m=28 inter=1 colcap=128: NONE visited=152152 time=0.1s
ACCEPTED 0 0 0 0 0 0 0 20 165 694 1487 1497 790 238 35 0 0 0 0 0 0 0 0 0 0 0 0 0 0
SHARD 7904 k=4 m=28 inter=1 colcap=128: NONE visited=470284 time=0.3s
ACCEPTED 0 0 0 0 0 0 0 19 181 1000 2955 4473 3637 1694 436 39 7 0 0 0 0 0 0 0 0 0 0 0 0
SHARD 7905 k=4 m=28 inter=1 colcap=128: NONE visited=320384 time=0.2s
ACCEPTED 0 0 0 0 0 0 0 22 226 1187 2848 2800 1312 387 131 34 5 1 0 0 0 0 0 0 0 0 0 0 0
SHARD 7906 k=4 m=28 inter=1 colcap=128: NONE visited=2047 time=0.0s
ACCEPTED 0 0 0 0 0 0 0 7 14 9 2 0 0 0 0 0 0 0 0 0 0 0 0 0 0 0 0 0 0
SHARD 7907 k=4 m=28 inter=1 colcap=128: NONE visited=2309813 time=1.4s
ACCEPTED 0 0 0 0 0 0 0 38 548 3749 12604 22236 20928 10099 2345 225 20 0 0 0 0 0 0 0 0 0 0 0 0
SHARD 7908 k=4 m=28 inter=1 colcap=128: NONE visited=280909 time=0.2s
ACCEPTED 0 0 0 0 0 0 0 20 158 758 2241 3168 2053 702 140 24 2 0 0 0 0 0 0 0 0 0 0 0 0
SHARD 7909 k=4 m=28 inter=1 colcap=128: NONE visited=2973461 time=2.0s
ACCEPTED 0 0 0 0 0 0 0 22 251 1760 7432 18563 28884 29712 20923 10712 3991 1139 41 29 12 0 0 0 0 0 0 0 0
SHARD 7910 k=4 m=28 inter=1 colcap=128: NONE visited=266477 time=0.1s
ACCEPTED 0 0 0 0 0 0 0 24 246 1116 2526 2359 942 223 48 4 0 0 0 0 0 0 0 0 0 0 0 0 0
SHARD 7911 k=4 m=28 inter=1 colcap=128: NONE visited=995 time=0.0s
ACCEPTED 0 0 0 0 0 0 0 4 5 2 2 0 0 0 0 0 0 0 0 0 0 0 0 0 0 0 0 0 0
SHARD 7912 k=4 m=28 inter=1 colcap=128: NONE visited=65904 time=0.0s
ACCEPTED 0 0 0 0 0 0 0 8 40 162 452 659 364 63 6 0 0 0 0 0 0 0 0 0 0 0 0 0 0
SHARD 7913 k=4 m=28 inter=1 colcap=128: NONE visited=3970 time=0.0s
ACCEPTED 0 0 0 0 0 0 0 6 14 27 23 8 2 0 0 0 0 0 0 0 0 0 0 0 0 0 0 0 0
SHARD 7914 k=4 m=28 inter=1 colcap=128: NONE visited=689 time=0.0s
ACCEPTED 0 0 0 0 0 0 0 1 5 5 0 0 0 0 0 0 0 0 0 0 0 0 0 0 0 0 0 0 0
SHARD 7915 k=4 m=28 inter=1 colcap=128: NONE visited=1046 time=0.0s
ACCEPTED 0 0 0 0 0 0 0 2 2 6 8 2 0 0 0 0 0 0 0 0 0 0 0 0 0 0 0 0 0
SHARD 7916 k=4 m=28 inter=1 colcap=128: NONE visited=77266 time=0.0s
ACCEPTED 0 0 0 0 0 0 0 20 122 389 643 509 153 20 1 0 0 0 0 0 0 0 0 0 0 0 0 0 0
SHARD 7917 k=4 m=28 inter=1 colcap=128: NONE visited=18461 time=0.0s
ACCEPTED 0 0 0 0 0 0 0 17 86 157 107 34 2 0 0 0 0 0 0 0 0 0 0 0 0 0 0 0 0
SHARD 7918 k=4 m=28 inter=1 colcap=128: NONE visited=45560 time=0.0s
ACCEPTED 0 0 0 0 0 0 0 16 107 306 328 128 16 0 0 0 0 0 0 0 0 0 0 0 0 0 0 0 0
SHARD 7919 k=4 m=28 inter=1 colcap=128: NONE visited=56 time=0.0s
ACCEPTED 0 0 0 0 0 0 0 0 0 0 0 0 0 0 0 0 0 0 0 0 0 0 0 0 0 0 0 0 0
DONE exit=20
