SHARD 8680 k=4 m=28 inter=1 colcap=128: NONE visited=72502 time=0.0s
ACCEPTED 0 0 0 0 0 0 0 19 158 524 721 366 59 3 0 0 0 0 0 0 0 0 0 0 0 0 0 0 0
SHARD 8681 k=4 m=28 inter=1 colcap=128: NONE visited=4783747 time=3.7s
ACCEPTED 0 0 0 0 0 0 0 25 321 2600 13385 41468 73677 70247 33071 7260 811 55 2 0 0 0 0 0 0 0 0 0 0
SHARD 8682 k=4 m=28 inter=1 colcap=128: NONE visited=290403 time=0.2s
ACCEPTED 0 0 0 0 0 0 0 18 161 836 2306 3102 2012 581 68 0 0 0 0 0 0 0 0 0 0 0 0 0 0
SHARD 8683 k=4 m=28 inter=1 colcap=128: NONE visited=3604430 time=2.2s
ACCEPTED 0 0 0 0 0 0 0 34 511 4084 17754 41184 48709 28466 9051 1553 113 3 0 0 0 0 0 0 0 0 0 0 0
SHARD 8684 k=4 m=28 inter=1 colcap=128: NONE visited=8584021 time=5.9s
ACCEPTED 0 0 0 0 0 0 0 32 510 4840 26485 79803 130215 112681 53333 13723 1914 147 8 0 0 0 0 0 0 0 0 0 0
SHARD 8685 k=4 m=28 inter=1 colcap=128: NONE visited=942263 time=0.5s
ACCEPTED 0 0 0 0 0 0 0 25 281 1728 5689 10004 9820 4701 985 87 4 0 0 0 0 0 0 0 0 0 0 0 0
SHARD 8686 k=4 m=28 inter=1 colcap=128: NONE visited=238589 time=0.1s
ACCEPTED 0 0 0 0 0 0 0 9 91 597 1910 2721 1913 394 16 0 0 0 0 0 0 0 0 0 0 0 0 0 0
SHARD 8687 k=4 m=28 inter=1 colcap=128: NONE visited=1232806 time=0.6s
ACCEPTED 0 0 0 0 0 0 0 35 489 3180 9731 14821 11887 4307 668 55 2 0 0 0 0 0 0 0 0 0 0 0 0
SHARD 8688 k=4 m=28 inter=1 colcap=128: NONE visited=335848 time=0.1s
ACCEPTED 0 0 0 0 0 0 0 19 183 965 2558 3499 2616 787 150 23 4 0 0 0 0 0 0 0 0 0 0 0 0
SHARD 8689 k=4 m=28 inter=1 colcap=128: NONE visited=274484 time=0.2s
ACCEPTED 0 0 0 0 0 0 0 18 166 877 2452 3225 2004 572 74 1 0 0 0 0 0 0 0 0 0 0 0 0 0
SHARD 8690 k=4 m=28 inter=1 colcap=128: NONE visited=650367 time=0.3s
ACCEPTED 0 0 0 0 0 0 0 23 284 1748 5219 7474 5291 1659 267 12 0 0 0 0 0 0 0 0 0 0 0 0 0
SHARD 8691 k=4 m=28 inter=1 colcap=128: NONE visited=55933 time=0.0s
ACCEPTED 0 0 0 0 0 0 0 9 60 311 610 489 148 13 0 0 0 0 0 0 0 0 0 0 0 0 0 0 0
SHARD 8692 k=4 m=28 inter=1 colcap=128: NONE visited=97946 time=0.0s
ACCEPTED 0 0 0 0 0 0 0 16 130 551 960 758 286 56 1 0 0 0 0 0 0 0 0 0 0 0 0 0 0
SHARD 8693 k=4 m=28 inter=1 colcap=128: NONE visited=93560 time=0.0s
ACCEPTED 0 0 0 0 0 0 0 15 105 413 857 852 366 79 5 0 0 0 0 0 0 0 0 0 0 0 0 0 0
SHARD 8694 k=4 m=28 inter=1 colcap=128: NONE visited=752083 time=0.4s
ACCEPTED 0 0 0 0 0 0 0 28 301 1640 4981 8113 7110 3107 681 58 0 0 0 0 0 0 0 0 0 0 0 0 0
SHARD 8695 k=4 m=28 inter=1 colcap=128: NONE visited=2155672 time=1.3s
ACCEPTED 0 0 0 0 0 0 0 28 351 2640 11539 25941 27066 11825 2490 275 14 0 0 0 0 0 0 0 0 0 0 0 0
SHARD 8696 k=4 m=28 inter=1 colcap=128: NONE visited=352412 time=0.2s
ACCEPTED 0 0 0 0 0 0 0 22 206 1153 3431 4511 2476 615 121 5 0 0 0 0 0 0 0 0 0 0 0 0 0
SHARD 8697 k=4 m=28 inter=1 colcap=128: NONE visited=1584 time=0.0s
ACCEPTED 0 0 0 0 0 0 0 7 12 6 0 0 0 0 0 0 0 0 0 0 0 0 0 0 0 0 0 0 0
SHARD 8698 k=4 m=28 inter=1 colcap=128: NONE visited=204431 time=0.1s
ACCEPTED 0 0 0 0 0 0 0 19 171 779 1822 1923 911 202 27 1 0 0 0 0 0 0 0 0 0 0 0 0 0
SHARD 8699 k=4 m=28 inter=1 colcap=128: NONE visited=273838 time=0.2s
ACCEPTED 0 0 0 0 0 0 0 18 149 704 1883 2766 2328 989 239 29 2 0 0 0 0 0 0 0 0 0 0 0 0
SHARD 8700 k=4 m=28 inter=1 colcap=128: NONE visited=3174923 time=2.0s
ACCEPTED 0 0 0 0 0 0 0 44 747 5952 22462 39707 32117 11617 1974 219 11 0 0 0 0 0 0 0 0 0 0 0 0
SHARD 8701 k=4 m=28 inter=1 colcap=128: NONE visited=395759 time=0.2s
ACCEPTED 0 0 0 0 0 0 0 20 159 842 2819 4589 3407 1056 111 3 0 0 0 0 0 0 0 0 0 0 0 0 0
SHARD 8702 k=4 m=28 inter=1 colcap=128: NONE visited=18942 time=0.0s
ACCEPTED 0 0 0 0 0 0 0 8 27 88 173 133 22 3 0 0 0 0 0 0 0 0 0 0 0 0 0 0 0
SHARD 8703 k=4 m=28 inter=1 colcap=128: NONE visited=148 time=0.0s
ACCEPTED 0 0 0 0 0 0 0 1 0 0 0 0 0 0 0 0 0 0 0 0 0 0 0 0 0 0 0 0 0
SHARD 8704 k=4 m=28 inter=1 colcap=128: NONE visited=667 time=0.0s
ACCEPTED 0 0 0 0 0 0 0 1 5 5 0 0 0 0 0 0 0 0 0 0 0 0 0 0 0 0 0 0 0
SHARD 8705 k=4 m=28 inter=1 colcap=128: NONE visited=2043 time=0.0s
ACCEPTED 0 0 0 0 0 0 0 3 4 15 16 4 0 0 0 0 0 0 0 0 0 0 0 0 0 0 0 0 0
SHARD 8706 k=4 m=28 inter=1 colcap=128: NONE visited=84 time=0.0s
ACCEPTED 0 0 0 0 0 0 0 0 0 0 0 0 0 0 0 0 0 0 0 0 0 0 0 0 0 0 0 0 0
SHARD 8707 k=4 m=28 inter=1 colcap=128: NONE visited=1169 time=0.0s
ACCEPTED 0 0 0 0 0 0 0 4 9 6 1 0 0 0 0 0 0 0 0 0 0 0 0 0 0 0 0 0 0
SHARD 8708 k=4 m=28 inter=1 colcap=128: NONE visited=29953 time=0.0s
ACCEPTED 0 0 0 0 0 0 0 15 81 230 290 120 19 0 0 0 0 0 0 0 0 0 0 0 0 0 0 0 0
SHARD 8709 k=4 m=28 inter=1 colcap=128: NONE visited=9933 time=0.0s
ACCEPTED 0 0 0 0 0 0 0 13 57 90 56 13 0 0 0 0 0 0 0 0 0 0 0 0 0 0 0 0 0
SHARD 8710 k=4 m=28 inter=1 colcap=128: NONE visited=27277 time=0.0s
ACCEPTED 0 0 0 0 0 0 0 12 75 207 246 121 14 0 0 0 0 0 0 0 0 0 0 0 0 0 0 0 0
SHARD 8711 k=4 m=28 inter=1 colcap=128: NONE visited=261 time=0.0s
ACCEPTED 0 0 0 0 0 0 0 2 0 0 0 0 0 0 0 0 0 0 0 0 0 0 0 0 0 0 0 0 0
SHARD 8712 k=4 m=28 inter=1 colcap=128: NONE visited=2990 time=0.0s
ACCEPTED 0 0 0 0 0 0 0 6 23 25 11 0 0 0 0 0 0 0 0 0 0 0 0 0 0 0 0 0 0
SHARD 8713 k=4 m=28 inter=1 colcap=128: NONE visited=499 time=0.0s
ACCEPTED 0 0 0 0 0 0 0 5 1 0 0 0 0 0 0 0 0 0 0 0 0 0 0 0 0 0 0 0 0
SHARD 8714 k=4 m=28 inter=1 colcap=128: NONE visited=17938 time=0.0s
ACCEPTED 0 0 0 0 0 0 0 22 110 154 51 0 0 0 0 0 0 0 0 0 0 0 0 0 0 0 0 0 0
SHARD 8715 k=4 m=28 inter=1 colcap=128: NONE visited=307750 time=0.2s
ACCEPTED 0 0 0 0 0 0 0 16 145 796 2284 3283 2459 790 47 0 0 0 0 0 0 0 0 0 0 0 0 0 0
SHARD 8716 k=4 m=28 inter=1 colcap=128: NONE visited=3932 time=0.0s
ACCEPTED 0 0 0 0 0 0 0 11 33 23 6 0 0 0 0 0 0 0 0 0 0 0 0 0 0 0 0 0 0
SHARD 8717 k=4 m=28 inter=1 colcap=128: NONE visited=94 time=0.0s
ACCEPTED 0 0 0 0 0 0 0 0 0 0 0 0 0 0 0 0 0 0 0 0 0 0 0 0 0 0 0 0 0
SHARD 8718 k=4 m=28 inter=1 colcap=128: NONE visited=1600 time=0.0s
ACCEPTED 0 0 0 0 0 0 0 7 13 8 1 0 0 0 0 0 0 0 0 0 0 0 0 0 0 0 0 0 0
SHARD 8719 k=4 m=28 inter=1 colcap=128: NONE visited=31942 time=0.0s
ACCEPTED 0 0 0 0 0 0 0 18 112 276 238 69 8 1 0 0 0 0 0 0 0 0 0 0 0 0 0 0 0
DONE exit=20
