SHARD 2560 k=4 m=28 inter=1 colcap=128: NONE visited=321831 time=0.2s
ACCEPTED 0 0 0 0 0 0 0 27 253 1241 3150 3607 1443 139 6 0 0 0 0 0 0 0 0 0 0 0 0 0 0
SHARD 2561 k=4 m=28 inter=1 colcap=128: NONE visited=121347 time=0.1s
ACCEPTED 0 0 0 0 0 0 0 19 148 594 1228 1240 561 151 24 2 0 0 0 0 0 0 0 0 0 0 0 0 0
SHARD 2562 k=4 m=28 inter=1 colcap=128: NONE visited=5551981 time=4.7s
ACCEPTED 0 0 0 0 0 0 0 52 1047 9667 40457 73948 58867 21083 4143 551 65 5 0 0 0 0 0 0 0 0 0 0 0
SHARD 2563 k=4 m=28 inter=1 colcap=128: NONE visited=253277 time=0.1s
ACCEPTED 0 0 0 0 0 0 0 27 270 1160 2254 2085 910 233 29 0 0 0 0 0 0 0 0 0 0 0 0 0 0
SHARD 2564 k=4 m=28 inter=1 colcap=128: NONE visited=866880 time=0.5s
ACCEPTED 0 0 0 0 0 0 0 29 354 2311 7817 12395 8222 2152 244 18 0 0 0 0 0 0 0 0 0 0 0 0 0
SHARD 2565 k=4 m=28 inter=1 colcap=128: NONE visited=4058207 time=3.3s
ACCEPTED 0 0 0 0 0 0 0 54 1011 8365 32159 54127 41031 14731 2677 305 25 1 0 0 0 0 0 0 0 0 0 0 0
SHARD 2566 k=4 m=28 inter=1 colcap=128: NONE visited=4861747 time=3.6s
ACCEPTED 0 0 0 0 0 0 0 40 690 6008 25790 52416 51688 25567 6433 1129 180 10 0 0 0 0 0 0 0 0 0 0 0
SHARD 2567 k=4 m=28 inter=1 colcap=128: NONE visited=7771680 time=6.9s
ACCEPTED 0 0 0 0 0 0 0 44 828 8108 39604 92924 105583 58420 14804 1924 147 6 0 0 0 0 0 0 0 0 0 0 0
SHARD 2568 k=4 m=28 inter=1 colcap=128: NONE visited=314900 time=0.2s
ACCEPTED 0 0 0 0 0 0 0 25 234 1149 2980 3513 1393 162 4 0 0 0 0 0 0 0 0 0 0 0 0 0 0
SHARD 2569 k=4 m=28 inter=1 colcap=128: NONE visited=590499 time=0.5s
ACCEPTED 0 0 0 0 0 0 0 22 225 1240 3496 4994 4230 2091 443 5 0 0 0 0 0 0 0 0 0 0 0 0 0
SHARD 2570 k=4 m=28 inter=1 colcap=128: NONE visited=843676 time=0.7s
ACCEPTED 0 0 0 0 0 0 0 21 206 1515 6234 11474 8726 2774 415 27 1 0 0 0 0 0 0 0 0 0 0 0 0
SHARD 2571 k=4 m=28 inter=1 colcap=128: NONE visited=15591 time=0.0s
ACCEPTED 0 0 0 0 0 0 0 12 62 121 88 19 4 0 0 0 0 0 0 0 0 0 0 0 0 0 0 0 0
SHARD 2572 k=4 m=28 inter=1 colcap=128: NONE visited=44482 time=0.0s
ACCEPTED 0 0 0 0 0 0 0 15 87 265 363 227 73 26 6 0 0 0 0 0 0 0 0 0 0 0 0 0 0
SHARD 2573 k=4 m=28 inter=1 colcap=128: NONE visited=143813 time=0.1s
ACCEPTED 0 0 0 0 0 0 0 13 92 426 1180 1628 1009 324 38 0 0 0 0 0 0 0 0 0 0 0 0 0 0
SHARD 2574 k=4 m=28 inter=1 colcap=128: NONE visited=2450 time=0.0s
ACCEPTED 0 0 0 0 0 0 0 2 13 23 2 0 0 0 0 0 0 0 0 0 0 0 0 0 0 0 0 0 0
SHARD 2575 k=4 m=28 inter=1 colcap=128: NONE visited=6466 time=0.0s
ACCEPTED 0 0 0 0 0 0 0 4 21 51 41 2 0 0 0 0 0 0 0 0 0 0 0 0 0 0 0 0 0
SHARD 2576 k=4 m=28 inter=1 colcap=128: NONE visited=110602 time=0.1s
ACCEPTED 0 0 0 0 0 0 0 9 66 366 1136 1459 557 34 0 0 0 0 0 0 0 0 0 0 0 0 0 0 0
SHARD 2577 k=4 m=28 inter=1 colcap=128: NONE visited=439836 time=0.3s
ACCEPTED 0 0 0 0 0 0 0 25 254 1482 4357 5454 2775 437 25 0 0 0 0 0 0 0 0 0 0 0 0 0 0
SHARD 2578 k=4 m=28 inter=1 colcap=128: NONE visited=152325 time=0.1s
ACCEPTED 0 0 0 0 0 0 0 18 146 622 1456 1832 1122 295 43 1 0 0 0 0 0 0 0 0 0 0 0 0 0
SHARD 2579 k=4 m=28 inter=1 colcap=128: NONE visited=3813582 time=2.9s
ACCEPTED 0 0 0 0 0 0 0 50 899 7271 26989 46699 36886 13868 2678 261 8 0 0 0 0 0 0 0 0 0 0 0 0
SHARD 2580 k=4 m=28 inter=1 colcap=128: NONE visited=581262 time=0.4s
ACCEPTED 0 0 0 0 0 0 0 29 346 1961 5142 6460 4088 1419 279 31 2 0 0 0 0 0 0 0 0 0 0 0 0
SHARD 2581 k=4 m=28 inter=1 colcap=128: NONE visited=1352517 time=1.2s
ACCEPTED 0 0 0 0 0 0 0 28 349 2460 9280 17659 15962 6469 1185 110 5 0 0 0 0 0 0 0 0 0 0 0 0
SHARD 2582 k=4 m=28 inter=1 colcap=128: NONE visited=3614515 time=3.0s
ACCEPTED 0 0 0 0 0 0 0 51 886 6930 25915 45913 37787 14608 2766 263 23 1 0 0 0 0 0 0 0 0 0 0 0
SHARD 2583 k=4 m=28 inter=1 colcap=128: NONE visited=5415766 time=4.3s
ACCEPTED 0 0 0 0 0 0 0 41 704 5975 24991 51699 55703 32934 10632 2232 542 28 2 0 0 0 0 0 0 0 0 0 0
SHARD 2584 k=4 m=28 inter=1 colcap=128: NONE visited=15700322 time=13.5s
ACCEPTED 0 0 0 0 0 0 0 41 764 7555 39244 106382 153653 127494 72683 35810 14549 1570 715 159 28 0 0 0 0 0 0 0 0
SHARD 2585 k=4 m=28 inter=1 colcap=128: NONE visited=437737 time=0.4s
ACCEPTED 0 0 0 0 0 0 0 27 279 1494 4036 5104 2761 549 54 1 0 0 0 0 0 0 0 0 0 0 0 0 0
SHARD 2586 k=4 m=28 inter=1 colcap=128: NONE visited=747772 time=0.7s
ACCEPTED 0 0 0 0 0 0 0 25 289 1808 5773 8938 6909 2634 384 11 0 0 0 0 0 0 0 0 0 0 0 0 0
SHARD 2587 k=4 m=28 inter=1 colcap=128: NONE visited=863532 time=0.7s
ACCEPTED 0 0 0 0 0 0 0 22 223 1699 6720 11867 8754 2294 203 6 0 0 0 0 0 0 0 0 0 0 0 0 0
SHARD 2588 k=4 m=28 inter=1 colcap=128: NONE visited=4015 time=0.0s
ACCEPTED 0 0 0 0 0 0 0 4 15 39 29 5 0 0 0 0 0 0 0 0 0 0 0 0 0 0 0 0 0
SHARD 2589 k=4 m=28 inter=1 colcap=128: NONE visited=39279 time=0.0s
ACCEPTED 0 0 0 0 0 0 0 13 81 277 392 229 72 19 5 0 0 0 0 0 0 0 0 0 0 0 0 0 0
SHARD 2590 k=4 m=28 inter=1 colcap=128: NONE visited=139827 time=0.1s
ACCEPTED 0 0 0 0 0 0 0 11 71 397 1158 1638 1111 366 42 4 0 0 0 0 0 0 0 0 0 0 0 0 0
SHARD 2591 k=4 m=28 inter=1 colcap=128: NONE visited=184672 time=0.1s
ACCEPTED 0 0 0 0 0 0 0 14 108 578 1456 1660 856 148 9 0 0 0 0 0 0 0 0 0 0 0 0 0 0
SHARD 2592 k=4 m=28 inter=1 colcap=128: NONE visited=1024677 time=0.8s
ACCEPTED 0 0 0 0 0 0 0 16 171 1310 5167 9943 9894 5583 1673 230 26 0 0 0 0 0 0 0 0 0 0 0 0
SHARD 2593 k=4 m=28 inter=1 colcap=128: NONE visited=3723 time=0.0s
ACCEPTED 0 0 0 0 0 0 0 8 20 30 5 0 0 0 0 0 0 0 0 0 0 0 0 0 0 0 0 0 0
SHARD 2594 k=4 m=28 inter=1 colcap=128: NONE visited=439338 time=0.5s
ACCEPTED 0 0 0 0 0 0 0 14 128 903 3298 5412 3794 1140 110 0 0 0 0 0 0 0 0 0 0 0 0 0 0
SHARD 2595 k=4 m=28 inter=1 colcap=128: NONE visited=433779 time=0.3s
ACCEPTED 0 0 0 0 0 0 0 12 119 812 2511 3864 3070 1403 200 0 0 0 0 0 0 0 0 0 0 0 0 0 0
SHARD 2596 k=4 m=28 inter=1 colcap=128: NONE visited=2076 time=0.0s
ACCEPTED 0 0 0 0 0 0 0 2 9 21 8 3 0 0 0 0 0 0 0 0 0 0 0 0 0 0 0 0 0
SHARD 2597 k=4 m=28 inter=1 colcap=128: NONE visited=66297 time=0.0s
ACCEPTED 0 0 0 0 0 0 0 13 78 279 572 560 263 99 31 5 0 0 0 0 0 0 0 0 0 0 0 0 0
SHARD 2598 k=4 m=28 inter=1 colcap=128: NONE visited=9271 time=0.0s
ACCEPTED 0 0 0 0 0 0 0 4 23 66 84 41 4 1 0 0 0 0 0 0 0 0 0 0 0 0 0 0 0
SHARD 2599 k=4 m=28 inter=1 colcap=128: NONE visited=3187 time=0.0s
ACCEPTED 0 0 0 0 0 0 0 4 14 26 20 4 0 0 0 0 0 0 0 0 0 0 0 0 0 0 0 0 0
DONE exit=20
