SHARD 6200 k=4 m=28 inter=1 colcap=128: NONE visited=8505190 time=16.0s
ACCEPTED 0 0 0 0 0 0 0 28 381 3074 14933 43659 80900 98837 79222 45092 18105 5021 1472 520 177 0 0 0 0 0 0 0 0
SHARD 6201 k=4 m=28 inter=1 colcap=128: NONE visited=14671361 time=28.3s
ACCEPTED 0 0 0 0 0 0 0 32 511 4763 26160 85500 168188 203816 156086 76971 26071 5308 337 27 0 0 0 0 0 0 0 0 0
SHARD 6202 k=4 m=28 inter=1 colcap=128: NONE visited=7566270 time=13.4s
ACCEPTED 0 0 0 0 0 0 0 38 619 5234 24455 65564 100263 86458 43756 14451 3445 597 72 1 0 0 0 0 0 0 0 0 0
SHARD 6203 k=4 m=28 inter=1 colcap=128: NONE visited=23784607 time=51.5s
ACCEPTED 0 0 0 0 0 0 0 33 552 5563 34074 125391 276116 369306 311351 173093 67983 19539 2544 247 12 0 0 0 0 0 0 0 0
SHARD 6204 k=4 m=28 inter=1 colcap=128: NONE visited=38690128 time=68.7s
ACCEPTED 0 0 0 0 0 0 0 41 791 8374 49885 167114 317781 370482 308505 190531 62493 3743 401 107 34 0 0 0 0 0 0 0 0
SHARD 6205 k=4 m=28 inter=1 colcap=128: NONE visited=5159619 time=7.8s
ACCEPTED 0 0 0 0 0 0 0 22 279 2377 11908 32738 49779 41221 14962 3551 807 12 0 0 0 0 0 0 0 0 0 0 0
SHARD 6206 k=4 m=28 inter=1 colcap=128: NONE visited=41736503 time=83.3s
ACCEPTED 0 0 0 0 0 0 0 53 1200 13779 83788 280086 541185 634478 433503 183624 56947 11847 1129 59 0 0 0 0 0 0 0 0 0
SHARD 6207 k=4 m=28 inter=1 colcap=128: NONE visited=131597840 time=339.6s
ACCEPTED 0 0 0 0 0 0 0 44 948 12459 99221 471382 1330672 2265958 2427276 1713830 809040 207380 7140 520 18 0 0 0 0 0 0 0 0
SHARD 6208 k=4 m=28 inter=1 colcap=128: NONE visited=15964101 time=28.3s
ACCEPTED 0 0 0 0 0 0 0 41 743 6996 35253 97498 155454 155044 100682 43452 13008 1556 122 17 4 0 0 0 0 0 0 0 0
SHARD 6209 k=4 m=28 inter=1 colcap=128: NONE visited=12580694 time=27.1s
ACCEPTED 0 0 0 0 0 0 0 29 430 3869 21353 71484 145439 185172 154037 84784 32957 9878 2704 595 79 8 0 0 0 0 0 0 0
SHARD 6210 k=4 m=28 inter=1 colcap=128: NONE visited=18375799 time=38.7s
ACCEPTED 0 0 0 0 0 0 0 32 522 5048 28966 97957 199060 253264 209381 118883 50646 16355 3726 359 25 0 0 0 0 0 0 0 0
SHARD 6211 k=4 m=28 inter=1 colcap=128: NONE visited=27518962 time=52.6s
ACCEPTED 0 0 0 0 0 0 0 39 669 6165 32396 101654 199062 258734 242801 175825 81844 21932 12689 6735 2757 0 0 0 0 0 0 0 0
SHARD 6212 k=4 m=28 inter=1 colcap=128: NONE visited=27380191 time=62.9s
ACCEPTED 0 0 0 0 0 0 0 33 551 5650 35924 137712 316511 444129 393460 228449 89387 23501 3915 366 13 0 0 0 0 0 0 0 0
SHARD 6213 k=4 m=28 inter=1 colcap=128: NONE visited=23581215 time=47.8s
ACCEPTED 0 0 0 0 0 0 0 40 752 7913 47726 162144 306111 331957 224763 104659 34284 6990 806 58 4 0 0 0 0 0 0 0 0
SHARD 6214 k=4 m=28 inter=1 colcap=128: NONE visited=133999 time=0.2s
ACCEPTED 0 0 0 0 0 0 0 5 36 282 926 1439 1122 413 62 0 0 0 0 0 0 0 0 0 0 0 0 0 0
SHARD 6215 k=4 m=28 inter=1 colcap=128: NONE visited=15521435 time=28.3s
ACCEPTED 0 0 0 0 0 0 0 28 365 2830 13888 44314 90039 118541 108213 79995 28992 1401 127 24 2 0 0 0 0 0 0 0 0
SHARD 6216 k=4 m=28 inter=1 colcap=128: NONE visited=16608348 time=32.6s
ACCEPTED 0 0 0 0 0 0 0 25 316 2520 12849 41105 85517 126105 144016 128558 68367 22940 13469 5014 1430 2 0 0 0 0 0 0 0
SHARD 6217 k=4 m=28 inter=1 colcap=128: NONE visited=24503889 time=50.0s
ACCEPTED 0 0 0 0 0 0 0 26 353 3030 16665 58094 132705 211682 244967 207538 111212 39163 17824 6098 1704 17 1 0 0 0 0 0 0
SHARD 6218 k=4 m=28 inter=1 colcap=128: NONE visited=824999 time=1.3s
ACCEPTED 0 0 0 0 0 0 0 16 145 1002 4081 8620 8577 3724 585 46 1 0 0 0 0 0 0 0 0 0 0 0 0
SHARD 6219 k=4 m=28 inter=1 colcap=128: NONE visited=1710768 time=2.9s
ACCEPTED 0 0 0 0 0 0 0 17 141 945 4525 12359 18557 16288 8928 3479 820 148 25 2 0 0 0 0 0 0 0 0 0
SHARD 6220 k=4 m=28 inter=1 colcap=128: NONE visited=692878 time=1.2s
ACCEPTED 0 0 0 0 0 0 0 13 92 645 3004 7115 8400 4706 1141 92 1 0 0 0 0 0 0 0 0 0 0 0 0
SHARD 6221 k=4 m=28 inter=1 colcap=128: NONE visited=11285922 time=20.0s
ACCEPTED 0 0 0 0 0 0 0 31 423 3508 18214 56885 101651 110342 78640 39713 12577 543 8 0 0 0 0 0 0 0 0 0 0
SHARD 6222 k=4 m=28 inter=1 colcap=128: NONE visited=9271046 time=17.7s
ACCEPTED 0 0 0 0 0 0 0 32 495 4390 22213 65628 115590 121738 77703 29716 8049 1700 11 0 0 0 0 0 0 0 0 0 0
SHARD 6223 k=4 m=28 inter=1 colcap=128: NONE visited=19424626 time=40.4s
ACCEPTED 0 0 0 0 0 0 0 32 529 5294 32078 117011 251605 313893 232554 104120 30682 5937 325 20 0 0 0 0 0 0 0 0 0
SHARD 6224 k=4 m=28 inter=1 colcap=128: NONE visited=277821332 time=943.8s
ACCEPTED 0 0 0 0 0 0 0 33 576 6180 40172 158862 402301 727503 1099466 1606172 2238601 2876285 3420050 2883585 1222315 1 0 0 0 0 0 0 0
SHARD 6225 k=4 m=28 inter=1 colcap=128: NONE visited=5590513 time=10.6s
ACCEPTED 0 0 0 0 0 0 0 23 251 1752 8321 25480 49043 59149 45373 24348 9887 2422 1259 784 274 0 0 0 0 0 0 0 0
SHARD 6226 k=4 m=28 inter=1 colcap=128: NONE visited=2375435 time=4.7s
ACCEPTED 0 0 0 0 0 0 0 19 192 1283 5666 16286 29123 32211 23232 10247 2528 317 9 0 0 0 0 0 0 0 0 0 0
SHARD 6227 k=4 m=28 inter=1 colcap=128: NONE visited=16646830 time=35.0s
ACCEPTED 0 0 0 0 0 0 0 23 286 2377 13197 48673 119021 190861 200613 141012 65387 18929 5713 1087 202 15 2 0 0 0 0 0 0
SHARD 6228 k=4 m=28 inter=1 colcap=128: NONE visited=693629 time=1.0s
ACCEPTED 0 0 0 0 0 0 0 11 90 594 2628 5953 6480 3168 733 120 11 0 0 0 0 0 0 0 0 0 0 0 0
SHARD 6229 k=4 m=28 inter=1 colcap=128: NONE visited=516332 time=0.9s
ACCEPTED 0 0 0 0 0 0 0 10 73 418 1815 4528 6165 4878 2177 595 71 4 0 0 0 0 0 0 0 0 0 0 0
SHARD 6230 k=4 m=28 inter=1 colcap=128: NONE visited=2260344 time=3.9s
ACCEPTED 0 0 0 0 0 0 0 14 123 854 4052 11731 21354 25423 18396 7833 2048 338 45 3 0 0 0 0 0 0 0 0 0
SHARD 6231 k=4 m=28 inter=1 colcap=128: NONE visited=4465 time=0.0s
ACCEPTED 0 0 0 0 0 0 0 1 14 40 22 0 0 0 0 0 0 0 0 0 0 0 0 0 0 0 0 0 0
SHARD 6232 k=4 m=28 inter=1 colcap=128: NONE visited=5981 time=0.0s
ACCEPTED 0 0 0 0 0 0 0 2 9 30 47 30 0 0 0 0 0 0 0 0 0 0 0 0 0 0 0 0 0
SHARD 6233 k=4 m=28 inter=1 colcap=128: NONE visited=15497 time=0.0s
ACCEPTED 0 0 0 0 0 0 0 3 17 70 154 134 20 0 0 0 0 0 0 0 0 0 0 0 0 0 0 0 0
SHARD 6234 k=4 m=28 inter=1 colcap=128: NONE visited=1377164 time=2.2s
ACCEPTED 0 0 0 0 0 0 0 11 121 962 4353 10485 12891 8439 3092 594 59 1 0 0 0 0 0 0 0 0 0 0 0
SHARD 6235 k=4 m=28 inter=1 colcap=128: NONE visited=1916405 time=3.6s
ACCEPTED 0 0 0 0 0 0 0 11 104 829 4228 12262 21233 24106 16092 5145 709 71 7 0 0 0 0 0 0 0 0 0 0
SHARD 6236 k=4 m=28 inter=1 colcap=128: NONE visited=10447252 time=20.2s
ACCEPTED 0 0 0 0 0 0 0 14 145 1219 7131 26156 61277 95262 101836 73750 33116 4248 659 81 6 0 0 0 0 0 0 0 0
SHARD 6237 k=4 m=28 inter=1 colcap=128: NONE visited=916908 time=1.5s
ACCEPTED 0 0 0 0 0 0 0 7 53 482 2496 6797 9454 8017 4370 917 69 2 0 0 0 0 0 0 0 0 0 0 0
SHARD 6238 k=4 m=28 inter=1 colcap=128: NONE visited=9051735 time=18.0s
ACCEPTED 0 0 0 0 0 0 0 12 113 952 5924 22608 51266 72822 77749 61831 22988 720 104 32 7 0 0 0 0 0 0 0 0
SHARD 6239 k=4 m=28 inter=1 colcap=128: NONE visited=2261135 time=4.5s
ACCEPTED 0 0 0 0 0 0 0 9 86 620 2821 7185 10801 11986 14902 14665 5217 0 0 0 0 0 0 0 0 0 0 0 0
DONE exit=20
