SHARD 4880 k=4 m=28 inter=1 colcap=128: NONE visited=150645 time=0.1s
ACCEPTED 0 0 0 0 0 0 0 25 236 961 1610 952 257 39 4 0 0 0 0 0 0 0 0 0 0 0 0 0 0
SHARD 4881 k=4 m=28 inter=1 colcap=128: NONE visited=35881 time=0.0s
ACCEPTED 0 0 0 0 0 0 0 16 92 243 325 156 18 0 0 0 0 0 0 0 0 0 0 0 0 0 0 0 0
SHARD 4882 k=4 m=28 inter=1 colcap=128: NONE visited=1843 time=0.0s
ACCEPTED 0 0 0 0 0 0 0 9 15 5 0 0 0 0 0 0 0 0 0 0 0 0 0 0 0 0 0 0 0
SHARD 4883 k=4 m=28 inter=1 colcap=128: NONE visited=25170 time=0.0s
ACCEPTED 0 0 0 0 0 0 0 17 92 199 178 68 7 0 0 0 0 0 0 0 0 0 0 0 0 0 0 0 0
SHARD 4884 k=4 m=28 inter=1 colcap=128: NONE visited=182151 time=0.1s
ACCEPTED 0 0 0 0 0 0 0 17 156 740 1648 1739 753 140 11 0 0 0 0 0 0 0 0 0 0 0 0 0 0
SHARD 4885 k=4 m=28 inter=1 colcap=128: NONE visited=24574 time=0.0s
ACCEPTED 0 0 0 0 0 0 0 16 91 181 147 90 56 16 2 0 0 0 0 0 0 0 0 0 0 0 0 0 0
SHARD 4886 k=4 m=28 inter=1 colcap=128: NONE visited=143332 time=0.1s
ACCEPTED 0 0 0 0 0 0 0 17 127 468 921 1228 1053 336 50 5 1 0 0 0 0 0 0 0 0 0 0 0 0
SHARD 4887 k=4 m=28 inter=1 colcap=128: NONE visited=33452 time=0.0s
ACCEPTED 0 0 0 0 0 0 0 19 124 277 208 57 10 1 0 0 0 0 0 0 0 0 0 0 0 0 0 0 0
SHARD 4888 k=4 m=28 inter=1 colcap=128: NONE visited=1210 time=0.0s
ACCEPTED 0 0 0 0 0 0 0 3 7 9 1 0 0 0 0 0 0 0 0 0 0 0 0 0 0 0 0 0 0
SHARD 4889 k=4 m=28 inter=1 colcap=128: NONE visited=2412 time=0.0s
ACCEPTED 0 0 0 0 0 0 0 3 12 16 12 3 0 0 0 0 0 0 0 0 0 0 0 0 0 0 0 0 0
SHARD 4890 k=4 m=28 inter=1 colcap=128: NONE visited=14413 time=0.0s
ACCEPTED 0 0 0 0 0 0 0 10 48 107 99 40 4 0 0 0 0 0 0 0 0 0 0 0 0 0 0 0 0
SHARD 4891 k=4 m=28 inter=1 colcap=128: NONE visited=48164 time=0.0s
ACCEPTED 0 0 0 0 0 0 0 8 53 222 449 401 157 27 2 0 0 0 0 0 0 0 0 0 0 0 0 0 0
SHARD 4892 k=4 m=28 inter=1 colcap=128: NONE visited=23059 time=0.0s
ACCEPTED 0 0 0 0 0 0 0 14 64 145 187 104 17 0 0 0 0 0 0 0 0 0 0 0 0 0 0 0 0
SHARD 4893 k=4 m=28 inter=1 colcap=128: NONE visited=25185 time=0.0s
ACCEPTED 0 0 0 0 0 0 0 10 55 171 239 125 18 0 0 0 0 0 0 0 0 0 0 0 0 0 0 0 0
SHARD 4894 k=4 m=28 inter=1 colcap=128: NONE visited=8149 time=0.0s
ACCEPTED 0 0 0 0 0 0 0 7 36 66 46 4 0 0 0 0 0 0 0 0 0 0 0 0 0 0 0 0 0
SHARD 4895 k=4 m=28 inter=1 colcap=128: NONE visited=2979 time=0.0s
ACCEPTED 0 0 0 0 0 0 0 9 16 16 10 4 0 0 0 0 0 0 0 0 0 0 0 0 0 0 0 0 0
SHARD 4896 k=4 m=28 inter=1 colcap=128: NONE visited=8719 time=0.0s
ACCEPTED 0 0 0 0 0 0 0 8 37 75 52 11 0 0 0 0 0 0 0 0 0 0 0 0 0 0 0 0 0
SHARD 4897 k=4 m=28 inter=1 colcap=128: NONE visited=13819 time=0.0s
ACCEPTED 0 0 0 0 0 0 0 9 41 98 101 53 30 4 0 0 0 0 0 0 0 0 0 0 0 0 0 0 0
SHARD 4898 k=4 m=28 inter=1 colcap=128: NONE visited=208 time=0.0s
ACCEPTED 0 0 0 0 0 0 0 1 1 0 0 0 0 0 0 0 0 0 0 0 0 0 0 0 0 0 0 0 0
SHARD 4899 k=4 m=28 inter=1 colcap=128: NONE visited=256 time=0.0s
ACCEPTED 0 0 0 0 0 0 0 1 1 1 0 0 0 0 0 0 0 0 0 0 0 0 0 0 0 0 0 0 0
SHARD 4900 k=4 m=28 inter=1 colcap=128: NONE visited=55797 time=0.0s
ACCEPTED 0 0 0 0 0 0 0 8 50 158 304 515 547 275 26 0 0 0 0 0 0 0 0 0 0 0 0 0 0
SHARD 4901 k=4 m=28 inter=1 colcap=128: NONE visited=703 time=0.0s
ACCEPTED 0 0 0 0 0 0 0 6 3 0 0 0 0 0 0 0 0 0 0 0 0 0 0 0 0 0 0 0 0
SHARD 4902 k=4 m=28 inter=1 colcap=128: NONE visited=2451 time=0.0s
ACCEPTED 0 0 0 0 0 0 0 5 14 17 7 0 0 0 0 0 0 0 0 0 0 0 0 0 0 0 0 0 0
SHARD 4903 k=4 m=28 inter=1 colcap=128: NONE visited=9261 time=0.0s
ACCEPTED 0 0 0 0 0 0 0 15 67 78 24 3 0 0 0 0 0 0 0 0 0 0 0 0 0 0 0 0 0
SHARD 4904 k=4 m=28 inter=1 colcap=128: NONE visited=6831 time=0.0s
ACCEPTED 0 0 0 0 0 0 0 8 25 44 50 26 3 0 0 0 0 0 0 0 0 0 0 0 0 0 0 0 0
SHARD 4905 k=4 m=28 inter=1 colcap=128: NONE visited=2075 time=0.0s
ACCEPTED 0 0 0 0 0 0 0 7 14 9 3 0 0 0 0 0 0 0 0 0 0 0 0 0 0 0 0 0 0
SHARD 4906 k=4 m=28 inter=1 colcap=128: NONE visited=3010 time=0.0s
ACCEPTED 0 0 0 0 0 0 0 6 18 16 8 1 0 0 0 0 0 0 0 0 0 0 0 0 0 0 0 0 0
SHARD 4907 k=4 m=28 inter=1 colcap=128: NONE visited=111 time=0.0s
ACCEPTED 0 0 0 0 0 0 0 0 0 0 0 0 0 0 0 0 0 0 0 0 0 0 0 0 0 0 0 0 0
SHARD 4908 k=4 m=28 inter=1 colcap=128: NONE visited=95 time=0.0s
ACCEPTED 0 0 0 0 0 0 0 0 0 0 0 0 0 0 0 0 0 0 0 0 0 0 0 0 0 0 0 0 0
SHARD 4909 k=4 m=28 inter=1 colcap=128: NONE visited=62 time=0.0s
ACCEPTED 0 0 0 0 0 0 0 0 0 0 0 0 0 0 0 0 0 0 0 0 0 0 0 0 0 0 0 0 0
SHARD 4910 k=4 m=28 inter=1 colcap=128: NONE visited=1121 time=0.0s
ACCEPTED 0 0 0 0 0 0 0 3 8 6 0 0 0 0 0 0 0 0 0 0 0 0 0 0 0 0 0 0 0
SHARD 4911 k=4 m=28 inter=1 colcap=128: NONE visited=5064 time=0.0s
ACCEPTED 0 0 0 0 0 0 0 8 22 34 31 9 0 0 0 0 0 0 0 0 0 0 0 0 0 0 0 0 0
SHARD 4912 k=4 m=28 inter=1 colcap=128: NONE visited=180 time=0.0s
ACCEPTED 0 0 0 0 0 0 0 1 0 0 0 0 0 0 0 0 0 0 0 0 0 0 0 0 0 0 0 0 0
SHARD 4913 k=4 m=28 inter=1 colcap=128: NONE visited=1962 time=0.0s
ACCEPTED 0 0 0 0 0 0 0 6 14 12 1 0 0 0 0 0 0 0 0 0 0 0 0 0 0 0 0 0 0
SHARD 4914 k=4 m=28 inter=1 colcap=128: NONE visited=24023 time=0.0s
ACCEPTED 0 0 0 0 0 0 0 18 102 205 156 37 5 0 0 0 0 0 0 0 0 0 0 0 0 0 0 0 0
SHARD 4915 k=4 m=28 inter=1 colcap=128: NONE visited=894 time=0.0s
ACCEPTED 0 0 0 0 0 0 0 5 6 2 0 0 0 0 0 0 0 0 0 0 0 0 0 0 0 0 0 0 0
SHARD 4916 k=4 m=28 inter=1 colcap=128: NONE visited=39741 time=0.0s
ACCEPTED 0 0 0 0 0 0 0 20 131 285 272 145 41 10 0 0 0 0 0 0 0 0 0 0 0 0 0 0 0
SHARD 4917 k=4 m=28 inter=1 colcap=128: NONE visited=37224 time=0.0s
ACCEPTED 0 0 0 0 0 0 0 19 109 254 309 193 46 6 0 0 0 0 0 0 0 0 0 0 0 0 0 0 0
SHARD 4918 k=4 m=28 inter=1 colcap=128: NONE visited=10816 time=0.0s
ACCEPTED 0 0 0 0 0 0 0 12 45 87 60 16 0 0 0 0 0 0 0 0 0 0 0 0 0 0 0 0 0
SHARD 4919 k=4 m=28 inter=1 colcap=128: NONE visited=65878 time=0.0s
ACCEPTED 0 0 0 0 0 0 0 13 88 329 613 548 232 57 9 0 0 0 0 0 0 0 0 0 0 0 0 0 0
DONE exit=20
