SHARD 5680 k=4 m=28 inter=1 colcap=128: NONE visited=6185 time=0.0s
ACCEPTED 0 0 0 0 0 0 0 11 35 43 23 5 0 0 0 0 0 0 0 0 0 0 0 0 0 0 0 0 0
SHARD 5681 k=4 m=28 inter=1 colcap=128: NONE visited=4785 time=0.0s
ACCEPTED 0 0 0 0 0 0 0 8 27 31 10 0 0 0 0 0 0 0 0 0 0 0 0 0 0 0 0 0 0
SHARD 5682 k=4 m=28 inter=1 colcap=128: NONE visited=1386 time=0.0s
ACCEPTED 0 0 0 0 0 0 0 5 12 1 0 0 0 0 0 0 0 0 0 0 0 0 0 0 0 0 0 0 0
SHARD 5683 k=4 m=28 inter=1 colcap=128: NONE visited=1641 time=0.0s
ACCEPTED 0 0 0 0 0 0 0 6 10 8 1 0 0 0 0 0 0 0 0 0 0 0 0 0 0 0 0 0 0
SHARD 5684 k=4 m=28 inter=1 colcap=128: NONE visited=3234 time=0.0s
ACCEPTED 0 0 0 0 0 0 0 7 18 18 10 1 0 0 0 0 0 0 0 0 0 0 0 0 0 0 0 0 0
SHARD 5685 k=4 m=28 inter=1 colcap=128: NONE visited=2657 time=0.0s
ACCEPTED 0 0 0 0 0 0 0 7 17 15 1 0 0 0 0 0 0 0 0 0 0 0 0 0 0 0 0 0 0
SHARD 5686 k=4 m=28 inter=1 colcap=128: NONE visited=198 time=0.0s
ACCEPTED 0 0 0 0 0 0 0 1 0 0 0 0 0 0 0 0 0 0 0 0 0 0 0 0 0 0 0 0 0
SHARD 5687 k=4 m=28 inter=1 colcap=128: NONE visited=188 time=0.0s
ACCEPTED 0 0 0 0 0 0 0 1 0 0 0 0 0 0 0 0 0 0 0 0 0 0 0 0 0 0 0 0 0
SHARD 5688 k=4 m=28 inter=1 colcap=128: NONE visited=94 time=0.0s
ACCEPTED 0 0 0 0 0 0 0 0 0 0 0 0 0 0 0 0 0 0 0 0 0 0 0 0 0 0 0 0 0
SHARD 5689 k=4 m=28 inter=1 colcap=128: NONE visited=5319 time=0.0s
ACCEPTED 0 0 0 0 0 0 0 10 34 32 11 2 0 0 0 0 0 0 0 0 0 0 0 0 0 0 0 0 0
SHARD 5690 k=4 m=28 inter=1 colcap=128: NONE visited=38560 time=0.0s
ACCEPTED 0 0 0 0 0 0 0 19 119 287 301 160 27 2 0 0 0 0 0 0 0 0 0 0 0 0 0 0 0
SHARD 5691 k=4 m=28 inter=1 colcap=128: NONE visited=9667 time=0.0s
ACCEPTED 0 0 0 0 0 0 0 12 47 75 43 11 1 0 0 0 0 0 0 0 0 0 0 0 0 0 0 0 0
SHARD 5692 k=4 m=28 inter=1 colcap=128: NONE visited=22869 time=0.0s
ACCEPTED 0 0 0 0 0 0 0 12 60 136 157 82 16 1 0 0 0 0 0 0 0 0 0 0 0 0 0 0 0
SHARD 5693 k=4 m=28 inter=1 colcap=128: NONE visited=419 time=0.0s
ACCEPTED 0 0 0 0 0 0 0 1 3 0 0 0 0 0 0 0 0 0 0 0 0 0 0 0 0 0 0 0 0
SHARD 5694 k=4 m=28 inter=1 colcap=128: NONE visited=657 time=0.0s
ACCEPTED 0 0 0 0 0 0 0 1 4 3 0 0 0 0 0 0 0 0 0 0 0 0 0 0 0 0 0 0 0
SHARD 5695 k=4 m=28 inter=1 colcap=128: NONE visited=1188 time=0.0s
ACCEPTED 0 0 0 0 0 0 0 3 7 6 0 0 0 0 0 0 0 0 0 0 0 0 0 0 0 0 0 0 0
SHARD 5696 k=4 m=28 inter=1 colcap=128: NONE visited=46227 time=0.0s
ACCEPTED 0 0 0 0 0 0 0 18 113 334 424 223 45 2 0 0 0 0 0 0 0 0 0 0 0 0 0 0 0
SHARD 5697 k=4 m=28 inter=1 colcap=128: NONE visited=167121 time=0.1s
ACCEPTED 0 0 0 0 0 0 0 26 240 925 1569 1195 466 134 21 2 0 0 0 0 0 0 0 0 0 0 0 0 0
SHARD 5698 k=4 m=28 inter=1 colcap=128: NONE visited=46236 time=0.0s
ACCEPTED 0 0 0 0 0 0 0 17 129 387 424 230 54 3 0 0 0 0 0 0 0 0 0 0 0 0 0 0 0
SHARD 5699 k=4 m=28 inter=1 colcap=128: NONE visited=18021 time=0.0s
ACCEPTED 0 0 0 0 0 0 0 10 42 102 139 77 7 0 0 0 0 0 0 0 0 0 0 0 0 0 0 0 0
SHARD 5700 k=4 m=28 inter=1 colcap=128: NONE visited=31532 time=0.0s
ACCEPTED 0 0 0 0 0 0 0 18 104 243 235 71 2 0 0 0 0 0 0 0 0 0 0 0 0 0 0 0 0
SHARD 5701 k=4 m=28 inter=1 colcap=128: NONE visited=67257 time=0.0s
ACCEPTED 0 0 0 0 0 0 0 20 132 404 610 431 114 8 0 0 0 0 0 0 0 0 0 0 0 0 0 0 0
SHARD 5702 k=4 m=28 inter=1 colcap=128: NONE visited=94520 time=0.1s
ACCEPTED 0 0 0 0 0 0 0 24 192 639 821 449 136 31 2 0 0 0 0 0 0 0 0 0 0 0 0 0 0
SHARD 5703 k=4 m=28 inter=1 colcap=128: NONE visited=2196 time=0.0s
ACCEPTED 0 0 0 0 0 0 0 8 17 7 0 0 0 0 0 0 0 0 0 0 0 0 0 0 0 0 0 0 0
SHARD 5704 k=4 m=28 inter=1 colcap=128: NONE visited=22664 time=0.0s
ACCEPTED 0 0 0 0 0 0 0 18 94 175 125 42 1 0 0 0 0 0 0 0 0 0 0 0 0 0 0 0 0
SHARD 5705 k=4 m=28 inter=1 colcap=128: NONE visited=3821 time=0.0s
ACCEPTED 0 0 0 0 0 0 0 3 17 38 12 0 0 0 0 0 0 0 0 0 0 0 0 0 0 0 0 0 0
SHARD 5706 k=4 m=28 inter=1 colcap=128: NONE visited=7186 time=0.0s
ACCEPTED 0 0 0 0 0 0 0 10 37 54 20 3 0 0 0 0 0 0 0 0 0 0 0 0 0 0 0 0 0
SHARD 5707 k=4 m=28 inter=1 colcap=128: NONE visited=22636 time=0.0s
ACCEPTED 0 0 0 0 0 0 0 9 40 120 213 166 42 6 0 0 0 0 0 0 0 0 0 0 0 0 0 0 0
SHARD 5708 k=4 m=28 inter=1 colcap=128: NONE visited=10937 time=0.0s
ACCEPTED 0 0 0 0 0 0 0 7 26 69 87 49 5 0 0 0 0 0 0 0 0 0 0 0 0 0 0 0 0
SHARD 5709 k=4 m=28 inter=1 colcap=128: NONE visited=14433 time=0.0s
ACCEPTED 0 0 0 0 0 0 0 10 45 101 105 38 3 0 0 0 0 0 0 0 0 0 0 0 0 0 0 0 0
SHARD 5710 k=4 m=28 inter=1 colcap=128: NONE visited=28577 time=0.0s
ACCEPTED 0 0 0 0 0 0 0 14 76 179 217 108 6 0 0 0 0 0 0 0 0 0 0 0 0 0 0 0 0
SHARD 5711 k=4 m=28 inter=1 colcap=128: NONE visited=1768 time=0.0s
ACCEPTED 0 0 0 0 0 0 0 3 7 13 4 1 0 0 0 0 0 0 0 0 0 0 0 0 0 0 0 0 0
SHARD 5712 k=4 m=28 inter=1 colcap=128: NONE visited=758 time=0.0s
ACCEPTED 0 0 0 0 0 0 0 4 5 1 1 0 0 0 0 0 0 0 0 0 0 0 0 0 0 0 0 0 0
SHARD 5713 k=4 m=28 inter=1 colcap=128: NONE visited=36426 time=0.0s
ACCEPTED 0 0 0 0 0 0 0 11 64 196 294 242 99 11 2 0 0 0 0 0 0 0 0 0 0 0 0 0 0
SHARD 5714 k=4 m=28 inter=1 colcap=128: NONE visited=1199 time=0.0s
ACCEPTED 0 0 0 0 0 0 0 3 6 8 3 0 0 0 0 0 0 0 0 0 0 0 0 0 0 0 0 0 0
SHARD 5715 k=4 m=28 inter=1 colcap=128: NONE visited=1263 time=0.0s
ACCEPTED 0 0 0 0 0 0 0 4 7 7 2 0 0 0 0 0 0 0 0 0 0 0 0 0 0 0 0 0 0
SHARD 5716 k=4 m=28 inter=1 colcap=128: NONE visited=20972 time=0.0s
ACCEPTED 0 0 0 0 0 0 0 8 42 120 150 121 29 0 0 0 0 0 0 0 0 0 0 0 0 0 0 0 0
SHARD 5717 k=4 m=28 inter=1 colcap=128: NONE visited=33601 time=0.0s
ACCEPTED 0 0 0 0 0 0 0 11 66 217 345 212 38 0 0 0 0 0 0 0 0 0 0 0 0 0 0 0 0
SHARD 5718 k=4 m=28 inter=1 colcap=128: NONE visited=93289 time=0.1s
ACCEPTED 0 0 0 0 0 0 0 14 102 440 925 777 230 24 0 0 0 0 0 0 0 0 0 0 0 0 0 0 0
SHARD 5719 k=4 m=28 inter=1 colcap=128: NONE visited=1260 time=0.0s
ACCEPTED 0 0 0 0 0 0 0 1 7 13 0 0 0 0 0 0 0 0 0 0 0 0 0 0 0 0 0 0 0
DONE exit=20
