SHARD 11200 k=4 m=28 inter=1 colcap=128: NONE visited=1479 time=0.0s
ACCEPTED 0 0 0 0 0 0 0 4 8 7 2 0 0 0 0 0 0 0 0 0 0 0 0 0 0 0 0 0 0
SHARD 11201 k=4 m=28 inter=1 colcap=128: NONE visited=1222 time=0.0s
ACCEPTED 0 0 0 0 0 0 0 3 6 11 3 1 0 0 0 0 0 0 0 0 0 0 0 0 0 0 0 0 0
SHARD 11202 k=4 m=28 inter=1 colcap=128: NONE visited=58 time=0.0s
ACCEPTED 0 0 0 0 0 0 0 0 0 0 0 0 0 0 0 0 0 0 0 0 0 0 0 0 0 0 0 0 0
SHARD 11203 k=4 m=28 inter=1 colcap=128: NONE visited=278 time=0.0s
ACCEPTED 0 0 0 0 0 0 0 4 1 0 0 0 0 0 0 0 0 0 0 0 0 0 0 0 0 0 0 0 0
SHARD 11204 k=4 m=28 inter=1 colcap=128: NONE visited=266 time=0.0s
ACCEPTED 0 0 0 0 0 0 0 4 0 0 0 0 0 0 0 0 0 0 0 0 0 0 0 0 0 0 0 0 0
SHARD 11205 k=4 m=28 inter=1 colcap=128: NONE visited=99 time=0.0s
ACCEPTED 0 0 0 0 0 0 0 2 0 0 0 0 0 0 0 0 0 0 0 0 0 0 0 0 0 0 0 0 0
SHARD 11206 k=4 m=28 inter=1 colcap=128: NONE visited=480 time=0.0s
ACCEPTED 0 0 0 0 0 0 0 6 2 0 0 0 0 0 0 0 0 0 0 0 0 0 0 0 0 0 0 0 0
SHARD 11207 k=4 m=28 inter=1 colcap=128: NONE visited=115 time=0.0s
ACCEPTED 0 0 0 0 0 0 0 2 0 0 0 0 0 0 0 0 0 0 0 0 0 0 0 0 0 0 0 0 0
SHARD 11208 k=4 m=28 inter=1 colcap=128: NONE visited=125 time=0.0s
ACCEPTED 0 0 0 0 0 0 0 2 1 0 0 0 0 0 0 0 0 0 0 0 0 0 0 0 0 0 0 0 0
SHARD 11209 k=4 m=28 inter=1 colcap=128: NONE visited=70 time=0.0s
ACCEPTED 0 0 0 0 0 0 0 1 0 0 0 0 0 0 0 0 0 0 0 0 0 0 0 0 0 0 0 0 0
SHARD 11210 k=4 m=28 inter=1 colcap=128: NONE visited=143 time=0.0s
ACCEPTED 0 0 0 0 0 0 0 1 0 0 0 0 0 0 0 0 0 0 0 0 0 0 0 0 0 0 0 0 0
SHARD 11211 k=4 m=28 inter=1 colcap=128: NONE visited=122 time=0.0s
ACCEPTED 0 0 0 0 0 0 0 3 0 0 0 0 0 0 0 0 0 0 0 0 0 0 0 0 0 0 0 0 0
SHARD 11212 k=4 m=28 inter=1 colcap=128: NONE visited=10882 time=0.0s
ACCEPTED 0 0 0 0 0 0 0 15 99 155 37 1 0 0 0 0 0 0 0 0 0 0 0 0 0 0 0 0 0
SHARD 11213 k=4 m=28 inter=1 colcap=128: NONE visited=17897 time=0.0s
ACCEPTED 0 0 0 0 0 0 0 7 49 170 204 65 6 1 0 0 0 0 0 0 0 0 0 0 0 0 0 0 0
SHARD 11214 k=4 m=28 inter=1 colcap=128: NONE visited=450 time=0.0s
ACCEPTED 0 0 0 0 0 0 0 4 1 0 0 0 0 0 0 0 0 0 0 0 0 0 0 0 0 0 0 0 0
SHARD 11215 k=4 m=28 inter=1 colcap=128: NONE visited=13420 time=0.0s
ACCEPTED 0 0 0 0 0 0 0 21 101 96 25 1 0 0 0 0 0 0 0 0 0 0 0 0 0 0 0 0 0
SHARD 11216 k=4 m=28 inter=1 colcap=128: NONE visited=780 time=0.0s
ACCEPTED 0 0 0 0 0 0 0 2 6 3 0 0 0 0 0 0 0 0 0 0 0 0 0 0 0 0 0 0 0
SHARD 11217 k=4 m=28 inter=1 colcap=128: NONE visited=470 time=0.0s
ACCEPTED 0 0 0 0 0 0 0 3 3 2 0 0 0 0 0 0 0 0 0 0 0 0 0 0 0 0 0 0 0
SHARD 11218 k=4 m=28 inter=1 colcap=128: NONE visited=7119 time=0.0s
ACCEPTED 0 0 0 0 0 0 0 16 56 57 18 2 0 0 0 0 0 0 0 0 0 0 0 0 0 0 0 0 0
SHARD 11219 k=4 m=28 inter=1 colcap=128: NONE visited=224 time=0.0s
ACCEPTED 0 0 0 0 0 0 0 3 1 0 0 0 0 0 0 0 0 0 0 0 0 0 0 0 0 0 0 0 0
SHARD 11220 k=4 m=28 inter=1 colcap=128: NONE visited=556 time=0.0s
ACCEPTED 0 0 0 0 0 0 0 5 3 0 0 0 0 0 0 0 0 0 0 0 0 0 0 0 0 0 0 0 0
SHARD 11221 k=4 m=28 inter=1 colcap=128: NONE visited=268 time=0.0s
ACCEPTED 0 0 0 0 0 0 0 3 0 0 0 0 0 0 0 0 0 0 0 0 0 0 0 0 0 0 0 0 0
SHARD 11222 k=4 m=28 inter=1 colcap=128: NONE visited=231 time=0.0s
ACCEPTED 0 0 0 0 0 0 0 2 1 0 0 0 0 0 0 0 0 0 0 0 0 0 0 0 0 0 0 0 0
SHARD 11223 k=4 m=28 inter=1 colcap=128: NONE visited=3674 time=0.0s
ACCEPTED 0 0 0 0 0 0 0 9 32 22 1 0 0 0 0 0 0 0 0 0 0 0 0 0 0 0 0 0 0
SHARD 11224 k=4 m=28 inter=1 colcap=128: NONE visited=51 time=0.0s
ACCEPTED 0 0 0 0 0 0 0 0 0 0 0 0 0 0 0 0 0 0 0 0 0 0 0 0 0 0 0 0 0
SHARD 11225 k=4 m=28 inter=1 colcap=128: NONE visited=17071 time=0.0s
ACCEPTED 0 0 0 0 0 0 0 13 89 190 97 8 0 0 0 0 0 0 0 0 0 0 0 0 0 0 0 0 0
SHARD 11226 k=4 m=28 inter=1 colcap=128: NONE visited=6028 time=0.0s
ACCEPTED 0 0 0 0 0 0 0 9 31 43 18 2 0 0 0 0 0 0 0 0 0 0 0 0 0 0 0 0 0
SHARD 11227 k=4 m=28 inter=1 colcap=128: NONE visited=4074 time=0.0s
ACCEPTED 0 0 0 0 0 0 0 12 36 25 2 0 0 0 0 0 0 0 0 0 0 0 0 0 0 0 0 0 0
SHARD 11228 k=4 m=28 inter=1 colcap=128: NONE visited=62225 time=0.0s
ACCEPTED 0 0 0 0 0 0 0 19 155 479 486 164 31 1 0 0 0 0 0 0 0 0 0 0 0 0 0 0 0
SHARD 11229 k=4 m=28 inter=1 colcap=128: NONE visited=18055 time=0.0s
ACCEPTED 0 0 0 0 0 0 0 16 82 152 95 9 0 0 0 0 0 0 0 0 0 0 0 0 0 0 0 0 0
SHARD 11230 k=4 m=28 inter=1 colcap=128: NONE visited=2078 time=0.0s
ACCEPTED 0 0 0 0 0 0 0 9 15 11 0 0 0 0 0 0 0 0 0 0 0 0 0 0 0 0 0 0 0
SHARD 11231 k=4 m=28 inter=1 colcap=128: NONE visited=40091 time=0.0s
ACCEPTED 0 0 0 0 0 0 0 15 104 313 340 159 43 2 0 0 0 0 0 0 0 0 0 0 0 0 0 0 0
SHARD 11232 k=4 m=28 inter=1 colcap=128: NONE visited=7419 time=0.0s
ACCEPTED 0 0 0 0 0 0 0 11 41 59 30 5 0 0 0 0 0 0 0 0 0 0 0 0 0 0 0 0 0
SHARD 11233 k=4 m=28 inter=1 colcap=128: NONE visited=360 time=0.0s
ACCEPTED 0 0 0 0 0 0 0 3 4 0 0 0 0 0 0 0 0 0 0 0 0 0 0 0 0 0 0 0 0
SHARD 11234 k=4 m=28 inter=1 colcap=128: NONE visited=861 time=0.0s
ACCEPTED 0 0 0 0 0 0 0 4 7 3 0 0 0 0 0 0 0 0 0 0 0 0 0 0 0 0 0 0 0
SHARD 11235 k=4 m=28 inter=1 colcap=128: NONE visited=5424 time=0.0s
ACCEPTED 0 0 0 0 0 0 0 5 22 44 27 1 0 0 0 0 0 0 0 0 0 0 0 0 0 0 0 0 0
SHARD 11236 k=4 m=28 inter=1 colcap=128: NONE visited=1566 time=0.0s
ACCEPTED 0 0 0 0 0 0 0 3 14 6 0 0 0 0 0 0 0 0 0 0 0 0 0 0 0 0 0 0 0
SHARD 11237 k=4 m=28 inter=1 colcap=128: NONE visited=13862 time=0.0s
ACCEPTED 0 0 0 0 0 0 0 8 45 121 104 19 0 0 0 0 0 0 0 0 0 0 0 0 0 0 0 0 0
SHARD 11238 k=4 m=28 inter=1 colcap=128: NONE visited=9413 time=0.0s
ACCEPTED 0 0 0 0 0 0 0 5 29 74 70 11 0 0 0 0 0 0 0 0 0 0 0 0 0 0 0 0 0
SHARD 11239 k=4 m=28 inter=1 colcap=128: NONE visited=638 time=0.0s
ACCEPTED 0 0 0 0 0 0 0 5 2 0 0 0 0 0 0 0 0 0 0 0 0 0 0 0 0 0 0 0 0
DONE exit=20
