SHARD 7840 k=4 m=28 inter=1 colcap=128: NONE visited=589 time=0.0s
ACCEPTED 0 0 0 0 0 0 0 2 3 2 0 0 0 0 0 0 0 0 0 0 0 0 0 0 0 0 0 0 0
SHARD 7841 k=4 m=28 inter=1 colcap=128: NONE visited=1669 time=0.0s
ACCEPTED 0 0 0 0 0 0 0 9 12 1 0 0 0 0 0 0 0 0 0 0 0 0 0 0 0 0 0 0 0
SHARD 7842 k=4 m=28 inter=1 colcap=128: NONE visited=25011 time=0.0s
ACCEPTED 0 0 0 0 0 0 0 10 51 139 197 143 39 1 0 0 0 0 0 0 0 0 0 0 0 0 0 0 0
SHARD 7843 k=4 m=28 inter=1 colcap=128: NONE visited=236 time=0.0s
ACCEPTED 0 0 0 0 0 0 0 2 0 0 0 0 0 0 0 0 0 0 0 0 0 0 0 0 0 0 0 0 0
SHARD 7844 k=4 m=28 inter=1 colcap=128: NONE visited=982 time=0.0s
ACCEPTED 0 0 0 0 0 0 0 6 6 0 0 0 0 0 0 0 0 0 0 0 0 0 0 0 0 0 0 0 0
SHARD 7845 k=4 m=28 inter=1 colcap=128: NONE visited=20425 time=0.0s
ACCEPTED 0 0 0 0 0 0 0 14 77 149 114 31 1 0 0 0 0 0 0 0 0 0 0 0 0 0 0 0 0
SHARD 7846 k=4 m=28 inter=1 colcap=128: NONE visited=10134 time=0.0s
ACCEPTED 0 0 0 0 0 0 0 14 52 86 31 1 0 0 0 0 0 0 0 0 0 0 0 0 0 0 0 0 0
SHARD 7847 k=4 m=28 inter=1 colcap=128: NONE visited=310947 time=0.2s
ACCEPTED 0 0 0 0 0 0 0 14 125 693 2094 2799 1687 319 8 0 0 0 0 0 0 0 0 0 0 0 0 0 0
SHARD 7848 k=4 m=28 inter=1 colcap=128: NONE visited=847 time=0.0s
ACCEPTED 0 0 0 0 0 0 0 4 5 1 0 0 0 0 0 0 0 0 0 0 0 0 0 0 0 0 0 0 0
SHARD 7849 k=4 m=28 inter=1 colcap=128: NONE visited=11932 time=0.0s
ACCEPTED 0 0 0 0 0 0 0 13 54 73 54 17 2 0 0 0 0 0 0 0 0 0 0 0 0 0 0 0 0
SHARD 7850 k=4 m=28 inter=1 colcap=128: NONE visited=118 time=0.0s
ACCEPTED 0 0 0 0 0 0 0 0 0 0 0 0 0 0 0 0 0 0 0 0 0 0 0 0 0 0 0 0 0
SHARD 7851 k=4 m=28 inter=1 colcap=128: NONE visited=818 time=0.0s
ACCEPTED 0 0 0 0 0 0 0 3 5 1 0 0 0 0 0 0 0 0 0 0 0 0 0 0 0 0 0 0 0
SHARD 7852 k=4 m=28 inter=1 colcap=128: NONE visited=1575 time=0.0s
ACCEPTED 0 0 0 0 0 0 0 2 8 9 2 1 0 0 0 0 0 0 0 0 0 0 0 0 0 0 0 0 0
SHARD 7853 k=4 m=28 inter=1 colcap=128: NONE visited=8521437 time=6.2s
ACCEPTED 0 0 0 0 0 0 0 25 480 5013 28037 80203 113625 81024 34398 9513 1380 55 0 0 0 0 0 0 0 0 0 0 0
SHARD 7854 k=4 m=28 inter=1 colcap=128: NONE visited=13131037 time=9.0s
ACCEPTED 0 0 0 0 0 0 0 49 917 8458 41057 110413 166333 134091 57928 13149 2115 64 2 0 0 0 0 0 0 0 0 0 0
SHARD 7855 k=4 m=28 inter=1 colcap=128: NONE visited=11033 time=0.0s
ACCEPTED 0 0 0 0 0 0 0 7 35 81 88 31 2 0 0 0 0 0 0 0 0 0 0 0 0 0 0 0 0
SHARD 7856 k=4 m=28 inter=1 colcap=128: NONE visited=10587 time=0.0s
ACCEPTED 0 0 0 0 0 0 0 13 52 85 48 4 0 0 0 0 0 0 0 0 0 0 0 0 0 0 0 0 0
SHARD 7857 k=4 m=28 inter=1 colcap=128: NONE visited=98542 time=0.0s
ACCEPTED 0 0 0 0 0 0 0 14 98 343 666 740 492 151 15 0 0 0 0 0 0 0 0 0 0 0 0 0 0
SHARD 7858 k=4 m=28 inter=1 colcap=128: NONE visited=23930 time=0.0s
ACCEPTED 0 0 0 0 0 0 0 13 59 143 164 99 37 14 1 0 0 0 0 0 0 0 0 0 0 0 0 0 0
SHARD 7859 k=4 m=28 inter=1 colcap=128: NONE visited=197932 time=0.1s
ACCEPTED 0 0 0 0 0 0 0 13 86 394 1165 2053 1927 847 149 12 0 0 0 0 0 0 0 0 0 0 0 0 0
SHARD 7860 k=4 m=28 inter=1 colcap=128: NONE visited=7474 time=0.0s
ACCEPTED 0 0 0 0 0 0 0 11 38 53 35 6 0 0 0 0 0 0 0 0 0 0 0 0 0 0 0 0 0
SHARD 7861 k=4 m=28 inter=1 colcap=128: NONE visited=391 time=0.0s
ACCEPTED 0 0 0 0 0 0 0 4 2 1 0 0 0 0 0 0 0 0 0 0 0 0 0 0 0 0 0 0 0
SHARD 7862 k=4 m=28 inter=1 colcap=128: NONE visited=23816 time=0.0s
ACCEPTED 0 0 0 0 0 0 0 17 81 163 135 26 0 0 0 0 0 0 0 0 0 0 0 0 0 0 0 0 0
SHARD 7863 k=4 m=28 inter=1 colcap=128: NONE visited=396079 time=0.3s
ACCEPTED 0 0 0 0 0 0 0 18 147 668 1821 3260 3728 2580 941 155 7 0 0 0 0 0 0 0 0 0 0 0 0
SHARD 7864 k=4 m=28 inter=1 colcap=128: NONE visited=224704 time=0.1s
ACCEPTED 0 0 0 0 0 0 0 24 190 685 1404 1933 1779 862 167 3 0 0 0 0 0 0 0 0 0 0 0 0 0
SHARD 7865 k=4 m=28 inter=1 colcap=128: NONE visited=1597643 time=1.0s
ACCEPTED 0 0 0 0 0 0 0 23 266 1780 6854 14574 17192 11078 4393 1004 114 6 0 0 0 0 0 0 0 0 0 0 0
SHARD 7866 k=4 m=28 inter=1 colcap=128: NONE visited=83346 time=0.0s
ACCEPTED 0 0 0 0 0 0 0 11 57 263 649 721 338 77 2 0 0 0 0 0 0 0 0 0 0 0 0 0 0
SHARD 7867 k=4 m=28 inter=1 colcap=128: NONE visited=2160 time=0.0s
ACCEPTED 0 0 0 0 0 0 0 5 13 11 2 0 0 0 0 0 0 0 0 0 0 0 0 0 0 0 0 0 0
SHARD 7868 k=4 m=28 inter=1 colcap=128: NONE visited=193321 time=0.1s
ACCEPTED 0 0 0 0 0 0 0 8 61 266 808 1603 1886 1015 270 27 0 0 0 0 0 0 0 0 0 0 0 0 0
SHARD 7869 k=4 m=28 inter=1 colcap=128: NONE visited=15211 time=0.0s
ACCEPTED 0 0 0 0 0 0 0 8 33 85 114 69 19 5 0 0 0 0 0 0 0 0 0 0 0 0 0 0 0
SHARD 7870 k=4 m=28 inter=1 colcap=128: NONE visited=484 time=0.0s
ACCEPTED 0 0 0 0 0 0 0 1 3 5 0 0 0 0 0 0 0 0 0 0 0 0 0 0 0 0 0 0 0
SHARD 7871 k=4 m=28 inter=1 colcap=128: NONE visited=33493 time=0.0s
ACCEPTED 0 0 0 0 0 0 0 14 74 205 276 115 10 1 0 0 0 0 0 0 0 0 0 0 0 0 0 0 0
SHARD 7872 k=4 m=28 inter=1 colcap=128: NONE visited=86531 time=0.1s
ACCEPTED 0 0 0 0 0 0 0 9 70 321 734 714 268 51 7 0 0 0 0 0 0 0 0 0 0 0 0 0 0
SHARD 7873 k=4 m=28 inter=1 colcap=128: NONE visited=42841 time=0.0s
ACCEPTED 0 0 0 0 0 0 0 18 119 309 367 217 65 11 0 0 0 0 0 0 0 0 0 0 0 0 0 0 0
SHARD 7874 k=4 m=28 inter=1 colcap=128: NONE visited=317442 time=0.2s
ACCEPTED 0 0 0 0 0 0 0 31 337 1577 3162 2606 939 190 24 2 0 0 0 0 0 0 0 0 0 0 0 0 0
SHARD 7875 k=4 m=28 inter=1 colcap=128: NONE visited=793262 time=0.4s
ACCEPTED 0 0 0 0 0 0 0 32 408 2400 6261 7274 4263 1499 276 29 1 0 0 0 0 0 0 0 0 0 0 0 0
SHARD 7876 k=4 m=28 inter=1 colcap=128: NONE visited=139713 time=0.1s
ACCEPTED 0 0 0 0 0 0 0 32 290 1040 1294 707 218 20 0 0 0 0 0 0 0 0 0 0 0 0 0 0 0
SHARD 7877 k=4 m=28 inter=1 colcap=128: NONE visited=503145 time=0.3s
ACCEPTED 0 0 0 0 0 0 0 23 282 1695 4440 5213 3039 1020 186 15 0 0 0 0 0 0 0 0 0 0 0 0 0
SHARD 7878 k=4 m=28 inter=1 colcap=128: NONE visited=67093 time=0.0s
ACCEPTED 0 0 0 0 0 0 0 20 171 546 656 232 16 0 0 0 0 0 0 0 0 0 0 0 0 0 0 0 0
SHARD 7879 k=4 m=28 inter=1 colcap=128: NONE visited=19514 time=0.0s
ACCEPTED 0 0 0 0 0 0 0 7 45 156 144 50 2 0 0 0 0 0 0 0 0 0 0 0 0 0 0 0 0
DONE exit=20
