SHARD 8720 k=4 m=28 inter=1 colcap=128: NONE visited=296 time=0.0s
ACCEPTED 0 0 0 0 0 0 0 2 3 0 0 0 0 0 0 0 0 0 0 0 0 0 0 0 0 0 0 0 0
SHARD 8721 k=4 m=28 inter=1 colcap=128: NONE visited=2050 time=0.0s
ACCEPTED 0 0 0 0 0 0 0 7 15 11 1 0 0 0 0 0 0 0 0 0 0 0 0 0 0 0 0 0 0
SHARD 8722 k=4 m=28 inter=1 colcap=128: NONE visited=14587 time=0.0s
ACCEPTED 0 0 0 0 0 0 0 8 32 78 109 91 30 12 3 0 0 0 0 0 0 0 0 0 0 0 0 0 0
SHARD 8723 k=4 m=28 inter=1 colcap=128: NONE visited=1410 time=0.0s
ACCEPTED 0 0 0 0 0 0 0 7 10 3 1 0 0 0 0 0 0 0 0 0 0 0 0 0 0 0 0 0 0
SHARD 8724 k=4 m=28 inter=1 colcap=128: NONE visited=61035 time=0.0s
ACCEPTED 0 0 0 0 0 0 0 11 74 278 542 550 268 60 5 0 0 0 0 0 0 0 0 0 0 0 0 0 0
SHARD 8725 k=4 m=28 inter=1 colcap=128: NONE visited=502 time=0.0s
ACCEPTED 0 0 0 0 0 0 0 3 3 0 0 0 0 0 0 0 0 0 0 0 0 0 0 0 0 0 0 0 0
SHARD 8726 k=4 m=28 inter=1 colcap=128: NONE visited=468 time=0.0s
ACCEPTED 0 0 0 0 0 0 0 2 3 2 0 0 0 0 0 0 0 0 0 0 0 0 0 0 0 0 0 0 0
SHARD 8727 k=4 m=28 inter=1 colcap=128: NONE visited=374 time=0.0s
ACCEPTED 0 0 0 0 0 0 0 3 1 0 0 0 0 0 0 0 0 0 0 0 0 0 0 0 0 0 0 0 0
SHARD 8728 k=4 m=28 inter=1 colcap=128: NONE visited=153418 time=0.1s
ACCEPTED 0 0 0 0 0 0 0 19 135 525 1326 1673 875 169 8 0 0 0 0 0 0 0 0 0 0 0 0 0 0
SHARD 8729 k=4 m=28 inter=1 colcap=128: NONE visited=1485742 time=0.9s
ACCEPTED 0 0 0 0 0 0 0 22 259 1834 7404 16031 17936 10125 3010 523 53 3 0 0 0 0 0 0 0 0 0 0 0
SHARD 8730 k=4 m=28 inter=1 colcap=128: NONE visited=19218 time=0.0s
ACCEPTED 0 0 0 0 0 0 0 13 73 158 128 28 0 0 0 0 0 0 0 0 0 0 0 0 0 0 0 0 0
SHARD 8731 k=4 m=28 inter=1 colcap=128: NONE visited=11995 time=0.0s
ACCEPTED 0 0 0 0 0 0 0 13 50 104 73 9 1 0 0 0 0 0 0 0 0 0 0 0 0 0 0 0 0
SHARD 8732 k=4 m=28 inter=1 colcap=128: NONE visited=40614 time=0.0s
ACCEPTED 0 0 0 0 0 0 0 12 79 251 348 233 74 11 1 0 0 0 0 0 0 0 0 0 0 0 0 0 0
SHARD 8733 k=4 m=28 inter=1 colcap=128: NONE visited=142660 time=0.1s
ACCEPTED 0 0 0 0 0 0 0 14 117 541 1218 1365 786 176 21 2 0 0 0 0 0 0 0 0 0 0 0 0 0
SHARD 8734 k=4 m=28 inter=1 colcap=128: NONE visited=424 time=0.0s
ACCEPTED 0 0 0 0 0 0 0 1 3 2 0 0 0 0 0 0 0 0 0 0 0 0 0 0 0 0 0 0 0
SHARD 8735 k=4 m=28 inter=1 colcap=128: NONE visited=679 time=0.0s
ACCEPTED 0 0 0 0 0 0 0 2 2 4 3 0 0 0 0 0 0 0 0 0 0 0 0 0 0 0 0 0 0
SHARD 8736 k=4 m=28 inter=1 colcap=128: NONE visited=602 time=0.0s
ACCEPTED 0 0 0 0 0 0 0 4 4 0 0 0 0 0 0 0 0 0 0 0 0 0 0 0 0 0 0 0 0
SHARD 8737 k=4 m=28 inter=1 colcap=128: NONE visited=353712 time=0.2s
ACCEPTED 0 0 0 0 0 0 0 20 156 679 1852 3152 3149 1925 797 142 9 0 0 0 0 0 0 0 0 0 0 0 0
SHARD 8738 k=4 m=28 inter=1 colcap=128: NONE visited=13952 time=0.0s
ACCEPTED 0 0 0 0 0 0 0 8 35 81 92 71 32 6 0 0 0 0 0 0 0 0 0 0 0 0 0 0 0
SHARD 8739 k=4 m=28 inter=1 colcap=128: NONE visited=61986 time=0.0s
ACCEPTED 0 0 0 0 0 0 0 13 83 289 490 427 225 88 22 1 0 0 0 0 0 0 0 0 0 0 0 0 0
SHARD 8740 k=4 m=28 inter=1 colcap=128: NONE visited=14410394 time=10.6s
ACCEPTED 0 0 0 0 0 0 0 32 518 5007 28920 96188 182640 200960 126203 40325 6183 484 1 0 0 0 0 0 0 0 0 0 0
SHARD 8741 k=4 m=28 inter=1 colcap=128: NONE visited=50941 time=0.0s
ACCEPTED 0 0 0 0 0 0 0 6 32 155 389 499 319 124 20 0 0 0 0 0 0 0 0 0 0 0 0 0 0
SHARD 8742 k=4 m=28 inter=1 colcap=128: NONE visited=319607 time=0.2s
ACCEPTED 0 0 0 0 0 0 0 21 184 877 2297 3372 2690 1117 220 28 0 0 0 0 0 0 0 0 0 0 0 0 0
SHARD 8743 k=4 m=28 inter=1 colcap=128: NONE visited=918478 time=0.6s
ACCEPTED 0 0 0 0 0 0 0 25 273 1611 5142 8930 8841 5384 2207 497 36 0 0 0 0 0 0 0 0 0 0 0 0
SHARD 8744 k=4 m=28 inter=1 colcap=128: NONE visited=7098 time=0.0s
ACCEPTED 0 0 0 0 0 0 0 8 30 54 36 12 2 0 0 0 0 0 0 0 0 0 0 0 0 0 0 0 0
SHARD 8745 k=4 m=28 inter=1 colcap=128: NONE visited=18634 time=0.0s
ACCEPTED 0 0 0 0 0 0 0 9 37 98 152 123 36 1 0 0 0 0 0 0 0 0 0 0 0 0 0 0 0
SHARD 8746 k=4 m=28 inter=1 colcap=128: NONE visited=152 time=0.0s
ACCEPTED 0 0 0 0 0 0 0 1 0 0 0 0 0 0 0 0 0 0 0 0 0 0 0 0 0 0 0 0 0
SHARD 8747 k=4 m=28 inter=1 colcap=128: NONE visited=171375 time=0.1s
ACCEPTED 0 0 0 0 0 0 0 12 85 356 890 1468 1609 906 228 16 0 0 0 0 0 0 0 0 0 0 0 0 0
SHARD 8748 k=4 m=28 inter=1 colcap=128: NONE visited=528114 time=0.3s
ACCEPTED 0 0 0 0 0 0 0 17 174 1077 3578 5806 4315 1393 186 9 0 0 0 0 0 0 0 0 0 0 0 0 0
SHARD 8749 k=4 m=28 inter=1 colcap=128: NONE visited=13041 time=0.0s
ACCEPTED 0 0 0 0 0 0 0 8 34 75 82 62 37 10 0 0 0 0 0 0 0 0 0 0 0 0 0 0 0
SHARD 8750 k=4 m=28 inter=1 colcap=128: NONE visited=1965386 time=1.3s
ACCEPTED 0 0 0 0 0 0 0 16 158 1110 4982 13478 22707 24763 18410 8380 2024 223 12 0 0 0 0 0 0 0 0 0 0
SHARD 8751 k=4 m=28 inter=1 colcap=128: NONE visited=12467 time=0.0s
ACCEPTED 0 0 0 0 0 0 0 1 13 52 122 114 20 0 0 0 0 0 0 0 0 0 0 0 0 0 0 0 0
SHARD 8752 k=4 m=28 inter=1 colcap=128: NONE visited=13145 time=0.0s
ACCEPTED 0 0 0 0 0 0 0 10 37 83 90 47 16 1 0 0 0 0 0 0 0 0 0 0 0 0 0 0 0
SHARD 8753 k=4 m=28 inter=1 colcap=128: NONE visited=53412 time=0.0s
ACCEPTED 0 0 0 0 0 0 0 20 133 360 411 218 56 10 1 0 0 0 0 0 0 0 0 0 0 0 0 0 0
SHARD 8754 k=4 m=28 inter=1 colcap=128: NONE visited=310 time=0.0s
ACCEPTED 0 0 0 0 0 0 0 2 3 0 0 0 0 0 0 0 0 0 0 0 0 0 0 0 0 0 0 0 0
SHARD 8755 k=4 m=28 inter=1 colcap=128: NONE visited=2479 time=0.0s
ACCEPTED 0 0 0 0 0 0 0 7 16 14 4 0 0 0 0 0 0 0 0 0 0 0 0 0 0 0 0 0 0
SHARD 8756 k=4 m=28 inter=1 colcap=128: NONE visited=1638286 time=1.0s
ACCEPTED 0 0 0 0 0 0 0 39 574 3839 12319 18551 14010 5705 1224 119 4 0 0 0 0 0 0 0 0 0 0 0 0
SHARD 8757 k=4 m=28 inter=1 colcap=128: NONE visited=100768 time=0.1s
ACCEPTED 0 0 0 0 0 0 0 9 53 296 894 1105 452 71 5 0 0 0 0 0 0 0 0 0 0 0 0 0 0
SHARD 8758 k=4 m=28 inter=1 colcap=128: NONE visited=268736 time=0.1s
ACCEPTED 0 0 0 0 0 0 0 21 176 793 1848 2367 1858 932 319 58 3 0 0 0 0 0 0 0 0 0 0 0 0
SHARD 8759 k=4 m=28 inter=1 colcap=128: NONE visited=923610 time=0.7s
ACCEPTED 0 0 0 0 0 0 0 21 195 1060 3324 6487 8885 8404 4900 1651 361 35 1 0 0 0 0 0 0 0 0 0 0
DONE exit=20
