SHARD 7800 k=4 m=28 inter=1 colcap=128: NONE visited=229357 time=0.1s
ACCEPTED 0 0 0 0 0 0 0 20 160 674 1779 2447 1434 450 65 3 0 0 0 0 0 0 0 0 0 0 0 0 0
SHARD 7801 k=4 m=28 inter=1 colcap=128: NONE visited=183490 time=0.1s
ACCEPTED 0 0 0 0 0 0 0 14 100 434 1081 1500 1180 569 119 10 3 0 0 0 0 0 0 0 0 0 0 0 0
SHARD 7802 k=4 m=28 inter=1 colcap=128: NONE visited=951709 time=0.6s
ACCEPTED 0 0 0 0 0 0 0 16 163 1034 3890 8227 9539 6216 2004 354 57 1 0 0 0 0 0 0 0 0 0 0 0
SHARD 7803 k=4 m=28 inter=1 colcap=128: NONE visited=11410 time=0.0s
ACCEPTED 0 0 0 0 0 0 0 7 31 54 80 77 20 0 0 0 0 0 0 0 0 0 0 0 0 0 0 0 0
SHARD 7804 k=4 m=28 inter=1 colcap=128: NONE visited=19442 time=0.0s
ACCEPTED 0 0 0 0 0 0 0 7 34 88 156 149 60 13 4 1 0 0 0 0 0 0 0 0 0 0 0 0 0
SHARD 7805 k=4 m=28 inter=1 colcap=128: NONE visited=10140 time=0.0s
ACCEPTED 0 0 0 0 0 0 0 5 18 65 75 46 2 0 0 0 0 0 0 0 0 0 0 0 0 0 0 0 0
SHARD 7806 k=4 m=28 inter=1 colcap=128: NONE visited=3584420 time=2.6s
ACCEPTED 0 0 0 0 0 0 0 40 593 4418 17454 37282 42993 27219 10021 2334 338 26 3 0 0 0 0 0 0 0 0 0 0
SHARD 7807 k=4 m=28 inter=1 colcap=128: NONE visited=10863360 time=8.1s
ACCEPTED 0 0 0 0 0 0 0 31 451 3934 20060 60421 113215 135172 101802 48094 14965 3349 669 147 26 2 0 0 0 0 0 0 0
SHARD 7808 k=4 m=28 inter=1 colcap=128: NONE visited=14608509 time=10.1s
ACCEPTED 0 0 0 0 0 0 0 33 523 4765 25266 77102 139000 154434 115730 63089 23922 3883 695 243 80 0 0 0 0 0 0 0 0
SHARD 7809 k=4 m=28 inter=1 colcap=128: NONE visited=11052 time=0.0s
ACCEPTED 0 0 0 0 0 0 0 8 25 72 81 29 2 0 0 0 0 0 0 0 0 0 0 0 0 0 0 0 0
SHARD 7810 k=4 m=28 inter=1 colcap=128: NONE visited=118957 time=0.1s
ACCEPTED 0 0 0 0 0 0 0 9 71 338 846 1070 675 192 44 5 0 0 0 0 0 0 0 0 0 0 0 0 0
SHARD 7811 k=4 m=28 inter=1 colcap=128: NONE visited=270496 time=0.1s
ACCEPTED 0 0 0 0 0 0 0 11 117 688 1875 2312 1366 462 113 3 0 0 0 0 0 0 0 0 0 0 0 0 0
SHARD 7812 k=4 m=28 inter=1 colcap=128: NONE visited=141878 time=0.1s
ACCEPTED 0 0 0 0 0 0 0 12 86 408 1165 1588 1096 380 54 0 0 0 0 0 0 0 0 0 0 0 0 0 0
SHARD 7813 k=4 m=28 inter=1 colcap=128: NONE visited=1596983 time=1.0s
ACCEPTED 0 0 0 0 0 0 0 34 454 2931 9521 16860 16962 9810 3323 653 66 1 0 0 0 0 0 0 0 0 0 0 0
SHARD 7814 k=4 m=28 inter=1 colcap=128: NONE visited=1908604 time=1.1s
ACCEPTED 0 0 0 0 0 0 0 26 335 2394 9268 19166 21218 13000 4687 1038 96 3 0 0 0 0 0 0 0 0 0 0 0
SHARD 7815 k=4 m=28 inter=1 colcap=128: NONE visited=195973 time=0.1s
ACCEPTED 0 0 0 0 0 0 0 21 167 718 1690 2000 1138 365 72 5 0 0 0 0 0 0 0 0 0 0 0 0 0
SHARD 7816 k=4 m=28 inter=1 colcap=128: NONE visited=6461616 time=4.5s
ACCEPTED 0 0 0 0 0 0 0 24 288 2124 9696 27259 48420 56201 47939 33954 18912 7820 6187 4077 1510 0 0 0 0 0 0 0 0
SHARD 7817 k=4 m=28 inter=1 colcap=128: NONE visited=940832 time=0.6s
ACCEPTED 0 0 0 0 0 0 0 18 163 960 3456 7301 9577 7638 3736 978 144 2 0 0 0 0 0 0 0 0 0 0 0
SHARD 7818 k=4 m=28 inter=1 colcap=128: NONE visited=2187836 time=1.4s
ACCEPTED 0 0 0 0 0 0 0 31 386 2500 9321 20205 25368 18480 7963 2042 286 18 0 0 0 0 0 0 0 0 0 0 0
SHARD 7819 k=4 m=28 inter=1 colcap=128: NONE visited=2146885 time=1.5s
ACCEPTED 0 0 0 0 0 0 0 25 331 2596 11227 25332 28430 15970 4643 690 52 2 0 0 0 0 0 0 0 0 0 0 0
SHARD 7820 k=4 m=28 inter=1 colcap=128: NONE visited=424924 time=0.2s
ACCEPTED 0 0 0 0 0 0 0 22 195 1057 3170 4853 3593 1438 272 19 1 0 0 0 0 0 0 0 0 0 0 0 0
SHARD 7821 k=4 m=28 inter=1 colcap=128: NONE visited=22778 time=0.0s
ACCEPTED 0 0 0 0 0 0 0 11 54 139 171 50 12 2 0 0 0 0 0 0 0 0 0 0 0 0 0 0 0
SHARD 7822 k=4 m=28 inter=1 colcap=128: NONE visited=739025 time=0.5s
ACCEPTED 0 0 0 0 0 0 0 20 199 1121 3514 6296 6822 4770 2069 603 97 11 0 0 0 0 0 0 0 0 0 0 0
SHARD 7823 k=4 m=28 inter=1 colcap=128: NONE visited=243106 time=0.2s
ACCEPTED 0 0 0 0 0 0 0 8 53 299 1140 2494 2709 1437 361 42 2 0 0 0 0 0 0 0 0 0 0 0 0
SHARD 7824 k=4 m=28 inter=1 colcap=128: NONE visited=3005 time=0.0s
ACCEPTED 0 0 0 0 0 0 0 1 10 24 11 8 0 0 0 0 0 0 0 0 0 0 0 0 0 0 0 0 0
SHARD 7825 k=4 m=28 inter=1 colcap=128: NONE visited=579796 time=0.5s
ACCEPTED 0 0 0 0 0 0 0 10 65 292 1099 3054 5565 6475 4557 2016 516 64 4 0 0 0 0 0 0 0 0 0 0
SHARD 7826 k=4 m=28 inter=1 colcap=128: NONE visited=10329 time=0.0s
ACCEPTED 0 0 0 0 0 0 0 3 15 60 95 62 2 0 0 0 0 0 0 0 0 0 0 0 0 0 0 0 0
SHARD 7827 k=4 m=28 inter=1 colcap=128: NONE visited=108486 time=0.1s
ACCEPTED 0 0 0 0 0 0 0 8 78 432 996 919 353 43 3 0 0 0 0 0 0 0 0 0 0 0 0 0 0
SHARD 7828 k=4 m=28 inter=1 colcap=128: NONE visited=3050411 time=2.1s
ACCEPTED 0 0 0 0 0 0 0 19 213 1624 7814 22489 36667 34448 20447 8163 2424 512 76 3 0 0 0 0 0 0 0 0 0
SHARD 7829 k=4 m=28 inter=1 colcap=128: NONE visited=304182 time=0.2s
ACCEPTED 0 0 0 0 0 0 0 11 71 420 1523 2913 2886 1698 686 201 38 5 1 0 0 0 0 0 0 0 0 0 0
SHARD 7830 k=4 m=28 inter=1 colcap=128: NONE visited=1466286 time=1.1s
ACCEPTED 0 0 0 0 0 0 0 24 230 1519 6608 15950 18426 9678 2528 378 28 0 0 0 0 0 0 0 0 0 0 0 0
SHARD 7831 k=4 m=28 inter=1 colcap=128: NONE visited=2473195 time=1.6s
ACCEPTED 0 0 0 0 0 0 0 20 237 1745 7479 18482 26663 24106 15863 7978 2606 506 35 1 0 0 0 0 0 0 0 0 0
SHARD 7832 k=4 m=28 inter=1 colcap=128: NONE visited=162793 time=0.1s
ACCEPTED 0 0 0 0 0 0 0 9 52 355 1227 1806 1086 236 15 0 0 0 0 0 0 0 0 0 0 0 0 0 0
SHARD 7833 k=4 m=28 inter=1 colcap=128: NONE visited=222301 time=0.2s
ACCEPTED 0 0 0 0 0 0 0 24 276 1164 2015 1642 571 86 1 0 0 0 0 0 0 0 0 0 0 0 0 0 0
SHARD 7834 k=4 m=28 inter=1 colcap=128: NONE visited=1138904 time=0.6s
ACCEPTED 0 0 0 0 0 0 0 18 235 1654 5664 9663 9143 5013 1620 252 37 1 0 0 0 0 0 0 0 0 0 0 0
SHARD 7835 k=4 m=28 inter=1 colcap=128: NONE visited=5787 time=0.0s
ACCEPTED 0 0 0 0 0 0 0 13 38 37 5 0 0 0 0 0 0 0 0 0 0 0 0 0 0 0 0 0 0
SHARD 7836 k=4 m=28 inter=1 colcap=128: NONE visited=28458 time=0.0s
ACCEPTED 0 0 0 0 0 0 0 11 55 151 222 159 47 4 0 0 0 0 0 0 0 0 0 0 0 0 0 0 0
SHARD 7837 k=4 m=28 inter=1 colcap=128: NONE visited=3076 time=0.0s
ACCEPTED 0 0 0 0 0 0 0 6 14 22 6 0 0 0 0 0 0 0 0 0 0 0 0 0 0 0 0 0 0
SHARD 7838 k=4 m=28 inter=1 colcap=128: NONE visited=45426 time=0.0s
ACCEPTED 0 0 0 0 0 0 0 14 77 198 335 279 118 16 1 0 0 0 0 0 0 0 0 0 0 0 0 0 0
SHARD 7839 k=4 m=28 inter=1 colcap=128: NONE visited=348 time=0.0s
ACCEPTED 0 0 0 0 0 0 0 2 1 0 0 0 0 0 0 0 0 0 0 0 0 0 0 0 0 0 0 0 0
DONE exit=20
