SHARD 5320 k=4 m=28 inter=1 colcap=128: NONE visited=92133 time=0.1s
ACCEPTED 0 0 0 0 0 0 0 30 259 805 769 177 21 1 0 0 0 0 0 0 0 0 0 0 0 0 0 0 0
SHARD 5321 k=4 m=28 inter=1 colcap=128: NONE visited=437271 time=0.3s
ACCEPTED 0 0 0 0 0 0 0 24 325 1790 4006 3577 1067 82 0 0 0 0 0 0 0 0 0 0 0 0 0 0 0
SHARD 5322 k=4 m=28 inter=1 colcap=128: NONE visited=2685 time=0.0s
ACCEPTED 0 0 0 0 0 0 0 4 11 26 26 2 0 0 0 0 0 0 0 0 0 0 0 0 0 0 0 0 0
SHARD 5323 k=4 m=28 inter=1 colcap=128: NONE visited=6861 time=0.0s
ACCEPTED 0 0 0 0 0 0 0 9 31 61 56 8 0 0 0 0 0 0 0 0 0 0 0 0 0 0 0 0 0
SHARD 5324 k=4 m=28 inter=1 colcap=128: NONE visited=4539 time=0.0s
ACCEPTED 0 0 0 0 0 0 0 7 20 44 47 21 2 0 0 0 0 0 0 0 0 0 0 0 0 0 0 0 0
SHARD 5325 k=4 m=28 inter=1 colcap=128: NONE visited=5013 time=0.0s
ACCEPTED 0 0 0 0 0 0 0 8 22 34 31 17 2 0 0 0 0 0 0 0 0 0 0 0 0 0 0 0 0
SHARD 5326 k=4 m=28 inter=1 colcap=128: NONE visited=55420 time=0.0s
ACCEPTED 0 0 0 0 0 0 0 18 126 413 547 269 33 1 0 0 0 0 0 0 0 0 0 0 0 0 0 0 0
SHARD 5327 k=4 m=28 inter=1 colcap=128: NONE visited=5407 time=0.0s
ACCEPTED 0 0 0 0 0 0 0 8 27 50 39 2 0 0 0 0 0 0 0 0 0 0 0 0 0 0 0 0 0
SHARD 5328 k=4 m=28 inter=1 colcap=128: NONE visited=39236 time=0.0s
ACCEPTED 0 0 0 0 0 0 0 15 97 304 339 131 25 1 0 0 0 0 0 0 0 0 0 0 0 0 0 0 0
SHARD 5329 k=4 m=28 inter=1 colcap=128: NONE visited=24964 time=0.0s
ACCEPTED 0 0 0 0 0 0 0 16 92 225 240 72 7 0 0 0 0 0 0 0 0 0 0 0 0 0 0 0 0
SHARD 5330 k=4 m=28 inter=1 colcap=128: NONE visited=752 time=0.0s
ACCEPTED 0 0 0 0 0 0 0 4 11 6 0 0 0 0 0 0 0 0 0 0 0 0 0 0 0 0 0 0 0
SHARD 5331 k=4 m=28 inter=1 colcap=128: NONE visited=2010 time=0.0s
ACCEPTED 0 0 0 0 0 0 0 7 18 18 6 1 0 0 0 0 0 0 0 0 0 0 0 0 0 0 0 0 0
SHARD 5332 k=4 m=28 inter=1 colcap=128: NONE visited=1869 time=0.0s
ACCEPTED 0 0 0 0 0 0 0 6 16 17 7 0 0 0 0 0 0 0 0 0 0 0 0 0 0 0 0 0 0
SHARD 5333 k=4 m=28 inter=1 colcap=128: NONE visited=682 time=0.0s
ACCEPTED 0 0 0 0 0 0 0 3 6 9 1 0 0 0 0 0 0 0 0 0 0 0 0 0 0 0 0 0 0
SHARD 5334 k=4 m=28 inter=1 colcap=128: NONE visited=1928 time=0.0s
ACCEPTED 0 0 0 0 0 0 0 4 6 14 17 5 0 0 0 0 0 0 0 0 0 0 0 0 0 0 0 0 0
SHARD 5335 k=4 m=28 inter=1 colcap=128: NONE visited=4745 time=0.0s
ACCEPTED 0 0 0 0 0 0 0 10 33 47 37 11 0 0 0 0 0 0 0 0 0 0 0 0 0 0 0 0 0
SHARD 5336 k=4 m=28 inter=1 colcap=128: NONE visited=215 time=0.0s
ACCEPTED 0 0 0 0 0 0 0 1 3 2 0 0 0 0 0 0 0 0 0 0 0 0 0 0 0 0 0 0 0
SHARD 5337 k=4 m=28 inter=1 colcap=128: NONE visited=121 time=0.0s
ACCEPTED 0 0 0 0 0 0 0 0 0 0 0 0 0 0 0 0 0 0 0 0 0 0 0 0 0 0 0 0 0
SHARD 5338 k=4 m=28 inter=1 colcap=128: NONE visited=139 time=0.0s
ACCEPTED 0 0 0 0 0 0 0 1 0 0 0 0 0 0 0 0 0 0 0 0 0 0 0 0 0 0 0 0 0
SHARD 5339 k=4 m=28 inter=1 colcap=128: NONE visited=325 time=0.0s
ACCEPTED 0 0 0 0 0 0 0 3 0 0 0 0 0 0 0 0 0 0 0 0 0 0 0 0 0 0 0 0 0
SHARD 5340 k=4 m=28 inter=1 colcap=128: NONE visited=105 time=0.0s
ACCEPTED 0 0 0 0 0 0 0 0 0 0 0 0 0 0 0 0 0 0 0 0 0 0 0 0 0 0 0 0 0
SHARD 5341 k=4 m=28 inter=1 colcap=128: NONE visited=86 time=0.0s
ACCEPTED 0 0 0 0 0 0 0 0 0 0 0 0 0 0 0 0 0 0 0 0 0 0 0 0 0 0 0 0 0
SHARD 5342 k=4 m=28 inter=1 colcap=128: NONE visited=293 time=0.0s
ACCEPTED 0 0 0 0 0 0 0 2 0 0 0 0 0 0 0 0 0 0 0 0 0 0 0 0 0 0 0 0 0
SHARD 5343 k=4 m=28 inter=1 colcap=128: NONE visited=397 time=0.0s
ACCEPTED 0 0 0 0 0 0 0 3 0 0 0 0 0 0 0 0 0 0 0 0 0 0 0 0 0 0 0 0 0
SHARD 5344 k=4 m=28 inter=1 colcap=128: NONE visited=1299 time=0.0s
ACCEPTED 0 0 0 0 0 0 0 8 8 1 0 0 0 0 0 0 0 0 0 0 0 0 0 0 0 0 0 0 0
SHARD 5345 k=4 m=28 inter=1 colcap=128: NONE visited=123 time=0.0s
ACCEPTED 0 0 0 0 0 0 0 0 0 0 0 0 0 0 0 0 0 0 0 0 0 0 0 0 0 0 0 0 0
SHARD 5346 k=4 m=28 inter=1 colcap=128: NONE visited=298 time=0.0s
ACCEPTED 0 0 0 0 0 0 0 2 0 0 0 0 0 0 0 0 0 0 0 0 0 0 0 0 0 0 0 0 0
SHARD 5347 k=4 m=28 inter=1 colcap=128: NONE visited=294 time=0.0s
ACCEPTED 0 0 0 0 0 0 0 2 0 0 0 0 0 0 0 0 0 0 0 0 0 0 0 0 0 0 0 0 0
SHARD 5348 k=4 m=28 inter=1 colcap=128: NONE visited=196 time=0.0s
ACCEPTED 0 0 0 0 0 0 0 1 0 0 0 0 0 0 0 0 0 0 0 0 0 0 0 0 0 0 0 0 0
SHARD 5349 k=4 m=28 inter=1 colcap=128: NONE visited=502 time=0.0s
ACCEPTED 0 0 0 0 0 0 0 3 1 1 0 0 0 0 0 0 0 0 0 0 0 0 0 0 0 0 0 0 0
SHARD 5350 k=4 m=28 inter=1 colcap=128: NONE visited=300 time=0.0s
ACCEPTED 0 0 0 0 0 0 0 2 0 0 0 0 0 0 0 0 0 0 0 0 0 0 0 0 0 0 0 0 0
SHARD 5351 k=4 m=28 inter=1 colcap=128: NONE visited=108 time=0.0s
ACCEPTED 0 0 0 0 0 0 0 0 0 0 0 0 0 0 0 0 0 0 0 0 0 0 0 0 0 0 0 0 0
SHARD 5352 k=4 m=28 inter=1 colcap=128: NONE visited=112 time=0.0s
ACCEPTED 0 0 0 0 0 0 0 0 0 0 0 0 0 0 0 0 0 0 0 0 0 0 0 0 0 0 0 0 0
SHARD 5353 k=4 m=28 inter=1 colcap=128: NONE visited=198 time=0.0s
ACCEPTED 0 0 0 0 0 0 0 1 0 0 0 0 0 0 0 0 0 0 0 0 0 0 0 0 0 0 0 0 0
SHARD 5354 k=4 m=28 inter=1 colcap=128: NONE visited=371 time=0.0s
ACCEPTED 0 0 0 0 0 0 0 3 0 0 0 0 0 0 0 0 0 0 0 0 0 0 0 0 0 0 0 0 0
SHARD 5355 k=4 m=28 inter=1 colcap=128: NONE visited=1737 time=0.0s
ACCEPTED 0 0 0 0 0 0 0 10 11 1 0 0 0 0 0 0 0 0 0 0 0 0 0 0 0 0 0 0 0
SHARD 5356 k=4 m=28 inter=1 colcap=128: NONE visited=196 time=0.0s
ACCEPTED 0 0 0 0 0 0 0 1 0 0 0 0 0 0 0 0 0 0 0 0 0 0 0 0 0 0 0 0 0
SHARD 5357 k=4 m=28 inter=1 colcap=128: NONE visited=504 time=0.0s
ACCEPTED 0 0 0 0 0 0 0 3 2 0 0 0 0 0 0 0 0 0 0 0 0 0 0 0 0 0 0 0 0
SHARD 5358 k=4 m=28 inter=1 colcap=128: NONE visited=114 time=0.0s
ACCEPTED 0 0 0 0 0 0 0 0 0 0 0 0 0 0 0 0 0 0 0 0 0 0 0 0 0 0 0 0 0
SHARD 5359 k=4 m=28 inter=1 colcap=128: NONE visited=198 time=0.0s
ACCEPTED 0 0 0 0 0 0 0 1 0 0 0 0 0 0 0 0 0 0 0 0 0 0 0 0 0 0 0 0 0
DONE exit=20
