SHARD 1760 k=4 m=28 inter=1 colcap=128: NONE visited=6398118 time=8.2s
ACCEPTED 0 0 0 0 0 0 0 22 265 2323 13929 49616 94270 94423 52024 12990 2254 357 0 0 0 0 0 0 0 0 0 0 0
SHARD 1761 k=4 m=28 inter=1 colcap=128: NONE visited=101875 time=0.1s
ACCEPTED 0 0 0 0 0 0 0 7 51 282 734 848 627 341 121 22 1 0 0 0 0 0 0 0 0 0 0 0 0
SHARD 1762 k=4 m=28 inter=1 colcap=128: NONE visited=1142437 time=1.4s
ACCEPTED 0 0 0 0 0 0 0 19 194 1293 5139 11663 14847 10556 3882 678 39 0 0 0 0 0 0 0 0 0 0 0 0
SHARD 1763 k=4 m=28 inter=1 colcap=128: NONE visited=294777 time=0.3s
ACCEPTED 0 0 0 0 0 0 0 9 68 435 1725 3519 3119 1348 267 16 0 0 0 0 0 0 0 0 0 0 0 0 0
SHARD 1764 k=4 m=28 inter=1 colcap=128: NONE visited=272575 time=0.4s
ACCEPTED 0 0 0 0 0 0 0 15 109 567 1881 3319 2819 998 146 4 0 0 0 0 0 0 0 0 0 0 0 0 0
SHARD 1765 k=4 m=28 inter=1 colcap=128: NONE visited=6748134 time=9.4s
ACCEPTED 0 0 0 0 0 0 0 19 239 2175 13582 50958 102087 106409 58584 14555 2093 134 0 0 0 0 0 0 0 0 0 0 0
SHARD 1766 k=4 m=28 inter=1 colcap=128: NONE visited=177133 time=0.1s
ACCEPTED 0 0 0 0 0 0 0 9 90 455 1356 1903 1227 427 69 3 0 0 0 0 0 0 0 0 0 0 0 0 0
SHARD 1767 k=4 m=28 inter=1 colcap=128: NONE visited=103879 time=0.2s
ACCEPTED 0 0 0 0 0 0 0 6 34 197 734 1340 1108 414 76 3 0 0 0 0 0 0 0 0 0 0 0 0 0
SHARD 1768 k=4 m=28 inter=1 colcap=128: NONE visited=1294907 time=1.3s
ACCEPTED 0 0 0 0 0 0 0 20 202 1296 5071 11791 15920 11970 5267 1522 270 31 2 0 0 0 0 0 0 0 0 0 0
SHARD 1769 k=4 m=28 inter=1 colcap=128: NONE visited=230201 time=0.2s
ACCEPTED 0 0 0 0 0 0 0 9 59 350 1403 2849 2625 1036 205 36 3 0 0 0 0 0 0 0 0 0 0 0 0
SHARD 1770 k=4 m=28 inter=1 colcap=128: NONE visited=782 time=0.0s
ACCEPTED 0 0 0 0 0 0 0 1 5 7 1 0 0 0 0 0 0 0 0 0 0 0 0 0 0 0 0 0 0
SHARD 1771 k=4 m=28 inter=1 colcap=128: NONE visited=67384 time=0.1s
ACCEPTED 0 0 0 0 0 0 0 8 30 119 350 597 579 389 151 33 3 0 0 0 0 0 0 0 0 0 0 0 0
SHARD 1772 k=4 m=28 inter=1 colcap=128: NONE visited=4516 time=0.0s
ACCEPTED 0 0 0 0 0 0 0 2 8 17 27 32 19 5 1 0 0 0 0 0 0 0 0 0 0 0 0 0 0
SHARD 1773 k=4 m=28 inter=1 colcap=128: NONE visited=159 time=0.0s
ACCEPTED 0 0 0 0 0 0 0 1 0 0 0 0 0 0 0 0 0 0 0 0 0 0 0 0 0 0 0 0 0
SHARD 1774 k=4 m=28 inter=1 colcap=128: NONE visited=175374 time=0.3s
ACCEPTED 0 0 0 0 0 0 0 5 27 167 711 1940 2965 1800 151 1 0 0 0 0 0 0 0 0 0 0 0 0 0
SHARD 1775 k=4 m=28 inter=1 colcap=128: NONE visited=110042991 time=191.8s
ACCEPTED 0 0 0 0 0 0 0 44 962 12785 102184 479705 1327461 2217469 2294608 1446550 475860 68656 4438 209 9 0 0 0 0 0 0 0 0
SHARD 1776 k=4 m=28 inter=1 colcap=128: NONE visited=479340490 time=951.5s
ACCEPTED 0 0 0 0 0 0 0 63 1804 29228 277386 1541069 4998118 9495927 10807520 7553781 3322254 1029207 78462 5585 194 3 0 0 0 0 0 0 0
SHARD 1777 k=4 m=28 inter=1 colcap=128: NONE visited=268446370 time=633.9s
ACCEPTED 0 0 0 0 0 0 0 18 395 6618 74044 513743 2129639 5193737 7376752 5565067 2523063 561075 88929 13746 127 6 0 0 0 0 0 0 0
SHARD 1778 k=4 m=28 inter=1 colcap=128: NONE visited=392478758 time=776.8s
ACCEPTED 0 0 0 0 0 0 0 59 1616 25467 238562 1317023 4226339 7825790 8603743 5948798 2725665 961871 140586 19398 334 0 0 0 0 0 0 0 0
SHARD 1779 k=4 m=28 inter=1 colcap=128: NONE visited=450281894 time=708.0s
ACCEPTED 0 0 0 0 0 0 0 67 2006 33336 314761 1678496 5084966 8893321 9327983 5855114 1864160 373364 42826 3465 3 0 0 0 0 0 0 0 0
SHARD 1780 k=4 m=28 inter=1 colcap=128: NONE visited=9894879 time=11.1s
ACCEPTED 0 0 0 0 0 0 0 23 318 3683 25988 93968 156973 127440 53571 14266 2815 239 0 0 0 0 0 0 0 0 0 0 0
SHARD 1781 k=4 m=28 inter=1 colcap=128: NONE visited=13922147 time=15.7s
ACCEPTED 0 0 0 0 0 0 0 27 377 4075 28625 107106 201058 204881 117505 40573 7358 562 8 0 0 0 0 0 0 0 0 0 0
SHARD 1782 k=4 m=28 inter=1 colcap=128: NONE visited=3031537 time=2.9s
ACCEPTED 0 0 0 0 0 0 0 28 348 2629 13204 36838 50195 34030 10561 1675 62 2 0 0 0 0 0 0 0 0 0 0 0
SHARD 1783 k=4 m=28 inter=1 colcap=128: NONE visited=9659246 time=8.9s
ACCEPTED 0 0 0 0 0 0 0 26 364 3491 22844 82948 148627 131216 59629 13044 1286 49 2 0 0 0 0 0 0 0 0 0 0
SHARD 1784 k=4 m=28 inter=1 colcap=128: NONE visited=18013289 time=19.1s
ACCEPTED 0 0 0 0 0 0 0 25 405 4611 33908 135027 267952 276417 156522 54825 12256 1479 4 0 0 0 0 0 0 0 0 0 0
SHARD 1785 k=4 m=28 inter=1 colcap=128: NONE visited=10358990 time=9.2s
ACCEPTED 0 0 0 0 0 0 0 26 449 4802 30851 104579 170195 129610 46501 7328 465 23 0 0 0 0 0 0 0 0 0 0 0
SHARD 1786 k=4 m=28 inter=1 colcap=128: NONE visited=43368716 time=50.8s
ACCEPTED 0 0 0 0 0 0 0 38 668 7440 53659 228195 553119 748237 521688 172469 22119 1843 45 0 0 0 0 0 0 0 0 0 0
SHARD 1787 k=4 m=28 inter=1 colcap=128: NONE visited=7419100 time=10.3s
ACCEPTED 0 0 0 0 0 0 0 12 108 999 7691 36660 100183 142382 90019 22652 1080 11 0 0 0 0 0 0 0 0 0 0 0
SHARD 1788 k=4 m=28 inter=1 colcap=128: NONE visited=5074528 time=5.3s
ACCEPTED 0 0 0 0 0 0 0 27 371 3019 14423 41488 63768 50205 20503 5160 739 18 0 0 0 0 0 0 0 0 0 0 0
SHARD 1789 k=4 m=28 inter=1 colcap=128: NONE visited=22581341 time=23.1s
ACCEPTED 0 0 0 0 0 0 0 53 1103 10993 56398 165484 296571 320321 166740 41898 4895 257 20 1 0 0 0 0 0 0 0 0 0
SHARD 1790 k=4 m=28 inter=1 colcap=128: NONE visited=6745942 time=6.5s
ACCEPTED 0 0 0 0 0 0 0 31 473 4234 22317 65444 103198 82339 32465 6403 636 27 2 0 0 0 0 0 0 0 0 0 0
SHARD 1791 k=4 m=28 inter=1 colcap=128: NONE visited=11802163 time=11.3s
ACCEPTED 0 0 0 0 0 0 0 52 1027 9833 48314 126498 181780 146486 67394 15831 1940 167 7 0 0 0 0 0 0 0 0 0 0
SHARD 1792 k=4 m=28 inter=1 colcap=128: NONE visited=189599764 time=270.8s
ACCEPTED 0 0 0 0 0 0 0 48 1073 13829 107102 509694 1511213 2822951 3505002 3057631 1739315 484465 10832 675 0 0 0 0 0 0 0 0 0
SHARD 1793 k=4 m=28 inter=1 colcap=128: NONE visited=37556411 time=61.3s
ACCEPTED 0 0 0 0 0 0 0 14 241 2755 22056 112893 360732 706054 856376 659871 357495 139985 37934 8570 178 0 0 0 0 0 0 0 0
SHARD 1794 k=4 m=28 inter=1 colcap=128: NONE visited=29938531 time=48.1s
ACCEPTED 0 0 0 0 0 0 0 15 234 2615 20905 110672 369676 737755 845138 527199 170349 25202 410 6 0 0 0 0 0 0 0 0 0
SHARD 1795 k=4 m=28 inter=1 colcap=128: NONE visited=21013810 time=20.0s
ACCEPTED 0 0 0 0 0 0 0 51 1036 10108 50582 148111 265304 280201 139822 41230 10176 1068 9 0 0 0 0 0 0 0 0 0 0
SHARD 1796 k=4 m=28 inter=1 colcap=128: NONE visited=3619726 time=3.9s
ACCEPTED 0 0 0 0 0 0 0 27 351 2699 12532 35386 60426 56708 25786 5235 499 18 0 0 0 0 0 0 0 0 0 0 0
SHARD 1797 k=4 m=28 inter=1 colcap=128: NONE visited=102218213 time=144.6s
ACCEPTED 0 0 0 0 0 0 0 47 965 11219 77707 331846 892039 1555540 1845253 1539197 891784 259364 148 0 0 0 0 0 0 0 0 0 0
SHARD 1798 k=4 m=28 inter=1 colcap=128: NONE visited=116519328 time=168.8s
ACCEPTED 0 0 0 0 0 0 0 45 903 10885 80968 372548 1038803 1786905 1999943 1541491 744030 201441 931 4 0 0 0 0 0 0 0 0 0
SHARD 1799 k=4 m=28 inter=1 colcap=128: NONE visited=50168 time=0.1s
ACCEPTED 0 0 0 0 0 0 0 3 29 169 582 749 301 35 0 0 0 0 0 0 0 0 0 0 0 0 0 0 0
DONE exit=20
