SHARD 11560 k=4 m=28 inter=1 colcap=128: NONE visited=290 time=0.0s
ACCEPTED 0 0 0 0 0 0 0 2 1 0 0 0 0 0 0 0 0 0 0 0 0 0 0 0 0 0 0 0 0
SHARD 11561 k=4 m=28 inter=1 colcap=128: NONE visited=613 time=0.0s
ACCEPTED 0 0 0 0 0 0 0 5 2 0 0 0 0 0 0 0 0 0 0 0 0 0 0 0 0 0 0 0 0
SHARD 11562 k=4 m=28 inter=1 colcap=128: NONE visited=8012 time=0.0s
ACCEPTED 0 0 0 0 0 0 0 10 38 59 39 15 1 0 0 0 0 0 0 0 0 0 0 0 0 0 0 0 0
SHARD 11563 k=4 m=28 inter=1 colcap=128: NONE visited=1558 time=0.0s
ACCEPTED 0 0 0 0 0 0 0 9 11 0 0 0 0 0 0 0 0 0 0 0 0 0 0 0 0 0 0 0 0
SHARD 11564 k=4 m=28 inter=1 colcap=128: NONE visited=2398 time=0.0s
ACCEPTED 0 0 0 0 0 0 0 6 17 12 2 0 0 0 0 0 0 0 0 0 0 0 0 0 0 0 0 0 0
SHARD 11565 k=4 m=28 inter=1 colcap=128: NONE visited=5041 time=0.0s
ACCEPTED 0 0 0 0 0 0 0 10 31 36 14 0 0 0 0 0 0 0 0 0 0 0 0 0 0 0 0 0 0
SHARD 11566 k=4 m=28 inter=1 colcap=128: NONE visited=1834 time=0.0s
ACCEPTED 0 0 0 0 0 0 0 3 13 12 3 1 0 0 0 0 0 0 0 0 0 0 0 0 0 0 0 0 0
SHARD 11567 k=4 m=28 inter=1 colcap=128: NONE visited=158 time=0.0s
ACCEPTED 0 0 0 0 0 0 0 1 1 0 0 0 0 0 0 0 0 0 0 0 0 0 0 0 0 0 0 0 0
SHARD 11568 k=4 m=28 inter=1 colcap=128: NONE visited=5430 time=0.0s
ACCEPTED 0 0 0 0 0 0 0 6 20 38 33 16 1 0 0 0 0 0 0 0 0 0 0 0 0 0 0 0 0
SHARD 11569 k=4 m=28 inter=1 colcap=128: NONE visited=32697 time=0.0s
ACCEPTED 0 0 0 0 0 0 0 9 48 157 266 241 123 21 1 0 0 0 0 0 0 0 0 0 0 0 0 0 0
SHARD 11570 k=4 m=28 inter=1 colcap=128: NONE visited=399 time=0.0s
ACCEPTED 0 0 0 0 0 0 0 3 1 0 0 0 0 0 0 0 0 0 0 0 0 0 0 0 0 0 0 0 0
SHARD 11571 k=4 m=28 inter=1 colcap=128: NONE visited=178 time=0.0s
ACCEPTED 0 0 0 0 0 0 0 1 0 0 0 0 0 0 0 0 0 0 0 0 0 0 0 0 0 0 0 0 0
SHARD 11572 k=4 m=28 inter=1 colcap=128: NONE visited=8216 time=0.0s
ACCEPTED 0 0 0 0 0 0 0 9 37 70 40 7 1 0 0 0 0 0 0 0 0 0 0 0 0 0 0 0 0
SHARD 11573 k=4 m=28 inter=1 colcap=128: NONE visited=13577 time=0.0s
ACCEPTED 0 0 0 0 0 0 0 12 48 95 102 35 0 0 0 0 0 0 0 0 0 0 0 0 0 0 0 0 0
SHARD 11574 k=4 m=28 inter=1 colcap=128: NONE visited=3783 time=0.0s
ACCEPTED 0 0 0 0 0 0 0 8 24 27 9 0 0 0 0 0 0 0 0 0 0 0 0 0 0 0 0 0 0
SHARD 11575 k=4 m=28 inter=1 colcap=128: NONE visited=9524 time=0.0s
ACCEPTED 0 0 0 0 0 0 0 9 36 64 60 12 0 0 0 0 0 0 0 0 0 0 0 0 0 0 0 0 0
SHARD 11576 k=4 m=28 inter=1 colcap=128: NONE visited=7919 time=0.0s
ACCEPTED 0 0 0 0 0 0 0 10 40 70 39 11 1 0 0 0 0 0 0 0 0 0 0 0 0 0 0 0 0
SHARD 11577 k=4 m=28 inter=1 colcap=128: NONE visited=1411 time=0.0s
ACCEPTED 0 0 0 0 0 0 0 4 9 8 0 0 0 0 0 0 0 0 0 0 0 0 0 0 0 0 0 0 0
SHARD 11578 k=4 m=28 inter=1 colcap=128: NONE visited=2182 time=0.0s
ACCEPTED 0 0 0 0 0 0 0 8 16 12 0 0 0 0 0 0 0 0 0 0 0 0 0 0 0 0 0 0 0
SHARD 11579 k=4 m=28 inter=1 colcap=128: NONE visited=34906 time=0.0s
ACCEPTED 0 0 0 0 0 0 0 22 138 262 197 61 11 0 0 0 0 0 0 0 0 0 0 0 0 0 0 0 0
SHARD 11580 k=4 m=28 inter=1 colcap=128: NONE visited=53 time=0.0s
ACCEPTED 0 0 0 0 0 0 0 0 0 0 0 0 0 0 0 0 0 0 0 0 0 0 0 0 0 0 0 0 0
SHARD 11581 k=4 m=28 inter=1 colcap=128: NONE visited=632 time=0.0s
ACCEPTED 0 0 0 0 0 0 0 5 3 1 0 0 0 0 0 0 0 0 0 0 0 0 0 0 0 0 0 0 0
SHARD 11582 k=4 m=28 inter=1 colcap=128: NONE visited=3165 time=0.0s
ACCEPTED 0 0 0 0 0 0 0 3 12 23 25 13 2 0 0 0 0 0 0 0 0 0 0 0 0 0 0 0 0
SHARD 11583 k=4 m=28 inter=1 colcap=128: NONE visited=23279 time=0.0s
ACCEPTED 0 0 0 0 0 0 0 10 64 190 194 80 13 1 0 0 0 0 0 0 0 0 0 0 0 0 0 0 0
SHARD 11584 k=4 m=28 inter=1 colcap=128: NONE visited=433 time=0.0s
ACCEPTED 0 0 0 0 0 0 0 3 2 1 0 0 0 0 0 0 0 0 0 0 0 0 0 0 0 0 0 0 0
SHARD 11585 k=4 m=28 inter=1 colcap=128: NONE visited=7489 time=0.0s
ACCEPTED 0 0 0 0 0 0 0 7 29 54 57 28 6 0 0 0 0 0 0 0 0 0 0 0 0 0 0 0 0
SHARD 11586 k=4 m=28 inter=1 colcap=128: NONE visited=2684 time=0.0s
ACCEPTED 0 0 0 0 0 0 0 2 13 27 16 2 0 0 0 0 0 0 0 0 0 0 0 0 0 0 0 0 0
SHARD 11587 k=4 m=28 inter=1 colcap=128: NONE visited=6529 time=0.0s
ACCEPTED 0 0 0 0 0 0 0 7 23 57 43 6 0 0 0 0 0 0 0 0 0 0 0 0 0 0 0 0 0
SHARD 11588 k=4 m=28 inter=1 colcap=128: NONE visited=89515 time=0.0s
ACCEPTED 0 0 0 0 0 0 0 11 80 347 823 843 328 48 1 0 0 0 0 0 0 0 0 0 0 0 0 0 0
SHARD 11589 k=4 m=28 inter=1 colcap=128: NONE visited=7962 time=0.0s
ACCEPTED 0 0 0 0 0 0 0 4 13 41 93 84 29 1 0 0 0 0 0 0 0 0 0 0 0 0 0 0 0
SHARD 11590 k=4 m=28 inter=1 colcap=128: NONE visited=157791 time=0.1s
ACCEPTED 0 0 0 0 0 0 0 14 117 549 1351 1467 648 146 14 0 0 0 0 0 0 0 0 0 0 0 0 0 0
SHARD 11591 k=4 m=28 inter=1 colcap=128: NONE visited=7127 time=0.0s
ACCEPTED 0 0 0 0 0 0 0 5 20 59 60 20 0 0 0 0 0 0 0 0 0 0 0 0 0 0 0 0 0
SHARD 11592 k=4 m=28 inter=1 colcap=128: NONE visited=66117 time=0.0s
ACCEPTED 0 0 0 0 0 0 0 7 45 198 546 690 318 63 9 0 0 0 0 0 0 0 0 0 0 0 0 0 0
SHARD 11593 k=4 m=28 inter=1 colcap=128: NONE visited=96 time=0.0s
ACCEPTED 0 0 0 0 0 0 0 0 0 0 0 0 0 0 0 0 0 0 0 0 0 0 0 0 0 0 0 0 0
SHARD 11594 k=4 m=28 inter=1 colcap=128: NONE visited=178 time=0.0s
ACCEPTED 0 0 0 0 0 0 0 1 0 0 0 0 0 0 0 0 0 0 0 0 0 0 0 0 0 0 0 0 0
SHARD 11595 k=4 m=28 inter=1 colcap=128: NONE visited=317 time=0.0s
ACCEPTED 0 0 0 0 0 0 0 3 3 0 0 0 0 0 0 0 0 0 0 0 0 0 0 0 0 0 0 0 0
SHARD 11596 k=4 m=28 inter=1 colcap=128: NONE visited=80 time=0.0s
ACCEPTED 0 0 0 0 0 0 0 0 0 0 0 0 0 0 0 0 0 0 0 0 0 0 0 0 0 0 0 0 0
SHARD 11597 k=4 m=28 inter=1 colcap=128: NONE visited=325 time=0.0s
ACCEPTED 0 0 0 0 0 0 0 1 3 0 0 0 0 0 0 0 0 0 0 0 0 0 0 0 0 0 0 0 0
SHARD 11598 k=4 m=28 inter=1 colcap=128: NONE visited=2166 time=0.0s
ACCEPTED 0 0 0 0 0 0 0 5 14 16 4 0 0 0 0 0 0 0 0 0 0 0 0 0 0 0 0 0 0
SHARD 11599 k=4 m=28 inter=1 colcap=128: NONE visited=1812 time=0.0s
ACCEPTED 0 0 0 0 0 0 0 6 14 10 0 0 0 0 0 0 0 0 0 0 0 0 0 0 0 0 0 0 0
DONE exit=20
