SHARD 9760 k=4 m=28 inter=1 colcap=128: NONE visited=66693 time=0.0s
ACCEPTED 0 0 0 0 0 0 0 15 94 321 544 418 92 8 0 0 0 0 0 0 0 0 0 0 0 0 0 0 0
SHARD 9761 k=4 m=28 inter=1 colcap=128: NONE visited=73 time=0.0s
ACCEPTED 0 0 0 0 0 0 0 0 0 0 0 0 0 0 0 0 0 0 0 0 0 0 0 0 0 0 0 0 0
SHARD 9762 k=4 m=28 inter=1 colcap=128: NONE visited=1446478 time=0.9s
ACCEPTED 0 0 0 0 0 0 0 27 299 1819 6471 14674 18645 11747 3236 311 12 0 0 0 0 0 0 0 0 0 0 0 0
SHARD 9763 k=4 m=28 inter=1 colcap=128: NONE visited=45804484 time=44.7s
ACCEPTED 0 0 0 0 0 0 0 37 687 7665 53384 228761 590678 904804 825718 445938 141388 26644 3278 162 3 0 0 0 0 0 0 0 0
SHARD 9764 k=4 m=28 inter=1 colcap=128: NONE visited=2622741 time=1.8s
ACCEPTED 0 0 0 0 0 0 0 22 300 2196 9023 22460 34289 30666 14863 3817 484 29 1 0 0 0 0 0 0 0 0 0 0
SHARD 9765 k=4 m=28 inter=1 colcap=128: NONE visited=8264782 time=7.1s
ACCEPTED 0 0 0 0 0 0 0 22 310 2795 16019 56407 116786 134227 87278 32226 7015 956 79 4 0 0 0 0 0 0 0 0 0
SHARD 9766 k=4 m=28 inter=1 colcap=128: NONE visited=23151590 time=17.6s
ACCEPTED 0 0 0 0 0 0 0 46 863 8501 48892 165584 324073 353192 222452 84252 21693 3924 434 27 0 0 0 0 0 0 0 0 0
SHARD 9767 k=4 m=28 inter=1 colcap=128: NONE visited=12206352 time=9.9s
ACCEPTED 0 0 0 0 0 0 0 37 619 5830 32226 103304 191742 207075 129456 44829 8075 813 51 2 0 0 0 0 0 0 0 0 0
SHARD 9768 k=4 m=28 inter=1 colcap=128: NONE visited=30879515 time=26.9s
ACCEPTED 0 0 0 0 0 0 0 32 547 5964 40899 167506 397423 548030 460575 238399 73749 12113 880 20 0 0 0 0 0 0 0 0 0
SHARD 9769 k=4 m=28 inter=1 colcap=128: NONE visited=15218658 time=12.2s
ACCEPTED 0 0 0 0 0 0 0 36 613 5795 32618 109560 212009 232809 148282 53911 10819 996 32 0 0 0 0 0 0 0 0 0 0
SHARD 9770 k=4 m=28 inter=1 colcap=128: NONE visited=1815042 time=1.4s
ACCEPTED 0 0 0 0 0 0 0 22 213 1372 6425 17082 25594 19988 8473 1840 214 11 1 0 0 0 0 0 0 0 0 0 0
SHARD 9771 k=4 m=28 inter=1 colcap=128: NONE visited=374855 time=0.3s
ACCEPTED 0 0 0 0 0 0 0 11 66 475 2069 3681 3883 2465 677 70 0 0 0 0 0 0 0 0 0 0 0 0 0
SHARD 9772 k=4 m=28 inter=1 colcap=128: NONE visited=65710 time=0.0s
ACCEPTED 0 0 0 0 0 0 0 12 82 301 560 571 328 96 19 4 1 0 0 0 0 0 0 0 0 0 0 0 0
SHARD 9773 k=4 m=28 inter=1 colcap=128: NONE visited=3039778 time=2.2s
ACCEPTED 0 0 0 0 0 0 0 16 208 1588 7610 21916 38380 40904 27290 11675 3382 543 24 2 0 0 0 0 0 0 0 0 0
SHARD 9774 k=4 m=28 inter=1 colcap=128: NONE visited=3113311 time=2.5s
ACCEPTED 0 0 0 0 0 0 0 17 187 1466 7730 24817 46337 48576 27897 8293 1218 74 1 0 0 0 0 0 0 0 0 0 0
SHARD 9775 k=4 m=28 inter=1 colcap=128: NONE visited=188883 time=0.1s
ACCEPTED 0 0 0 0 0 0 0 10 86 428 1324 2197 1892 795 105 1 0 0 0 0 0 0 0 0 0 0 0 0 0
SHARD 9776 k=4 m=28 inter=1 colcap=128: NONE visited=774189 time=0.5s
ACCEPTED 0 0 0 0 0 0 0 12 143 952 3704 7860 9706 6571 2204 341 27 1 0 0 0 0 0 0 0 0 0 0 0
SHARD 9777 k=4 m=28 inter=1 colcap=128: NONE visited=1547910 time=1.0s
ACCEPTED 0 0 0 0 0 0 0 26 324 2266 8612 17294 18103 9733 2904 573 62 1 0 0 0 0 0 0 0 0 0 0 0
SHARD 9778 k=4 m=28 inter=1 colcap=128: NONE visited=5728 time=0.0s
ACCEPTED 0 0 0 0 0 0 0 5 20 40 42 29 3 0 0 0 0 0 0 0 0 0 0 0 0 0 0 0 0
SHARD 9779 k=4 m=28 inter=1 colcap=128: NONE visited=391698 time=0.2s
ACCEPTED 0 0 0 0 0 0 0 15 136 654 1852 3458 4609 3689 1745 515 79 7 1 0 0 0 0 0 0 0 0 0 0
SHARD 9780 k=4 m=28 inter=1 colcap=128: NONE visited=7438500 time=6.0s
ACCEPTED 0 0 0 0 0 0 0 19 254 2243 12537 43769 94112 119262 88722 39482 9736 1414 130 7 0 0 0 0 0 0 0 0 0
SHARD 9781 k=4 m=28 inter=1 colcap=128: NONE visited=69569 time=0.0s
ACCEPTED 0 0 0 0 0 0 0 14 89 330 618 562 220 36 1 0 0 0 0 0 0 0 0 0 0 0 0 0 0
SHARD 9782 k=4 m=28 inter=1 colcap=128: NONE visited=1179296 time=0.8s
ACCEPTED 0 0 0 0 0 0 0 16 144 925 3917 10238 15586 13448 6385 1541 186 12 1 0 0 0 0 0 0 0 0 0 0
SHARD 9783 k=4 m=28 inter=1 colcap=128: NONE visited=1595496 time=1.4s
ACCEPTED 0 0 0 0 0 0 0 16 131 832 3950 12377 22129 21753 10312 2182 211 9 0 0 0 0 0 0 0 0 0 0 0
SHARD 9784 k=4 m=28 inter=1 colcap=128: NONE visited=5092 time=0.0s
ACCEPTED 0 0 0 0 0 0 0 2 13 38 36 25 3 0 0 0 0 0 0 0 0 0 0 0 0 0 0 0 0
SHARD 9785 k=4 m=28 inter=1 colcap=128: NONE visited=142507 time=0.1s
ACCEPTED 0 0 0 0 0 0 0 20 159 627 1229 1126 475 58 0 0 0 0 0 0 0 0 0 0 0 0 0 0 0
SHARD 9786 k=4 m=28 inter=1 colcap=128: NONE visited=410222 time=0.3s
ACCEPTED 0 0 0 0 0 0 0 10 86 435 1511 3237 4384 3856 2092 658 107 8 0 0 0 0 0 0 0 0 0 0 0
SHARD 9787 k=4 m=28 inter=1 colcap=128: NONE visited=4816 time=0.0s
ACCEPTED 0 0 0 0 0 0 0 6 18 30 27 13 1 0 0 0 0 0 0 0 0 0 0 0 0 0 0 0 0
SHARD 9788 k=4 m=28 inter=1 colcap=128: NONE visited=280119 time=0.2s
ACCEPTED 0 0 0 0 0 0 0 15 110 550 1828 3312 2891 1127 156 6 0 0 0 0 0 0 0 0 0 0 0 0 0
SHARD 9789 k=4 m=28 inter=1 colcap=128: NONE visited=155941 time=0.1s
ACCEPTED 0 0 0 0 0 0 0 18 137 545 1237 1748 1347 303 49 3 0 0 0 0 0 0 0 0 0 0 0 0 0
SHARD 9790 k=4 m=28 inter=1 colcap=128: NONE visited=3051863 time=2.1s
ACCEPTED 0 0 0 0 0 0 0 18 197 1607 8754 26345 42133 37338 19178 5420 782 48 1 0 0 0 0 0 0 0 0 0 0
SHARD 9791 k=4 m=28 inter=1 colcap=128: NONE visited=1406576 time=1.0s
ACCEPTED 0 0 0 0 0 0 0 20 204 1301 5222 12592 17226 13134 5236 1062 88 0 0 0 0 0 0 0 0 0 0 0 0
SHARD 9792 k=4 m=28 inter=1 colcap=128: NONE visited=40388 time=0.0s
ACCEPTED 0 0 0 0 0 0 0 7 49 217 401 258 70 8 0 0 0 0 0 0 0 0 0 0 0 0 0 0 0
SHARD 9793 k=4 m=28 inter=1 colcap=128: NONE visited=13931 time=0.0s
ACCEPTED 0 0 0 0 0 0 0 8 34 91 124 72 24 2 0 0 0 0 0 0 0 0 0 0 0 0 0 0 0
SHARD 9794 k=4 m=28 inter=1 colcap=128: NONE visited=202387 time=0.1s
ACCEPTED 0 0 0 0 0 0 0 10 70 357 1258 2371 2146 846 177 24 1 0 0 0 0 0 0 0 0 0 0 0 0
SHARD 9795 k=4 m=28 inter=1 colcap=128: NONE visited=33871 time=0.0s
ACCEPTED 0 0 0 0 0 0 0 2 11 59 224 455 270 32 0 0 0 0 0 0 0 0 0 0 0 0 0 0 0
SHARD 9796 k=4 m=28 inter=1 colcap=128: NONE visited=63873 time=0.0s
ACCEPTED 0 0 0 0 0 0 0 5 25 119 414 769 543 169 25 1 0 0 0 0 0 0 0 0 0 0 0 0 0
SHARD 9797 k=4 m=28 inter=1 colcap=128: NONE visited=35134 time=0.0s
ACCEPTED 0 0 0 0 0 0 0 7 26 84 253 396 207 20 0 0 0 0 0 0 0 0 0 0 0 0 0 0 0
SHARD 9798 k=4 m=28 inter=1 colcap=128: NONE visited=52 time=0.0s
ACCEPTED 0 0 0 0 0 0 0 0 0 0 0 0 0 0 0 0 0 0 0 0 0 0 0 0 0 0 0 0 0
SHARD 9799 k=4 m=28 inter=1 colcap=128: NONE visited=1317550 time=0.9s
ACCEPTED 0 0 0 0 0 0 0 12 131 1043 4845 13430 20664 16313 6329 1280 121 4 0 0 0 0 0 0 0 0 0 0 0
DONE exit=20
