SHARD 8200 k=4 m=28 inter=1 colcap=128: NONE visited=525 time=0.0s
ACCEPTED 0 0 0 0 0 0 0 3 4 2 0 0 0 0 0 0 0 0 0 0 0 0 0 0 0 0 0 0 0
SHARD 8201 k=4 m=28 inter=1 colcap=128: NONE visited=248 time=0.0s
ACCEPTED 0 0 0 0 0 0 0 2 2 2 0 0 0 0 0 0 0 0 0 0 0 0 0 0 0 0 0 0 0
SHARD 8202 k=4 m=28 inter=1 colcap=128: NONE visited=1752 time=0.0s
ACCEPTED 0 0 0 0 0 0 0 3 9 20 18 4 0 0 0 0 0 0 0 0 0 0 0 0 0 0 0 0 0
SHARD 8203 k=4 m=28 inter=1 colcap=128: NONE visited=119698 time=0.1s
ACCEPTED 0 0 0 0 0 0 0 12 78 339 928 1449 1212 435 75 5 0 0 0 0 0 0 0 0 0 0 0 0 0
SHARD 8204 k=4 m=28 inter=1 colcap=128: NONE visited=1519072 time=1.1s
ACCEPTED 0 0 0 0 0 0 0 17 201 1552 7274 18893 25414 17176 6084 1150 102 4 0 0 0 0 0 0 0 0 0 0 0
SHARD 8205 k=4 m=28 inter=1 colcap=128: NONE visited=22272 time=0.0s
ACCEPTED 0 0 0 0 0 0 0 6 26 122 298 265 64 4 0 0 0 0 0 0 0 0 0 0 0 0 0 0 0
SHARD 8206 k=4 m=28 inter=1 colcap=128: NONE visited=272500 time=0.2s
ACCEPTED 0 0 0 0 0 0 0 17 136 615 1736 2996 3209 2012 667 102 4 0 0 0 0 0 0 0 0 0 0 0 0
SHARD 8207 k=4 m=28 inter=1 colcap=128: NONE visited=808606 time=0.6s
ACCEPTED 0 0 0 0 0 0 0 13 123 819 3437 8338 11651 9699 4778 1154 91 2 0 0 0 0 0 0 0 0 0 0 0
SHARD 8208 k=4 m=28 inter=1 colcap=128: NONE visited=2128118 time=2.1s
ACCEPTED 0 0 0 0 0 0 0 18 191 1398 6861 21753 41868 46039 27299 8029 1281 191 18 0 0 0 0 0 0 0 0 0 0
SHARD 8209 k=4 m=28 inter=1 colcap=128: NONE visited=516639 time=0.3s
ACCEPTED 0 0 0 0 0 0 0 13 91 521 2129 5166 6502 4114 1150 33 0 0 0 0 0 0 0 0 0 0 0 0 0
SHARD 8210 k=4 m=28 inter=1 colcap=128: NONE visited=8252389 time=8.0s
ACCEPTED 0 0 0 0 0 0 0 26 316 2469 12430 40005 83185 113582 111962 93166 62232 22723 151 0 0 0 0 0 0 0 0 0 0
SHARD 8211 k=4 m=28 inter=1 colcap=128: NONE visited=1910608 time=1.5s
ACCEPTED 0 0 0 0 0 0 0 22 234 1558 6291 16299 25623 24545 15282 6204 1610 320 7 0 0 0 0 0 0 0 0 0 0
SHARD 8212 k=4 m=28 inter=1 colcap=128: NONE visited=3682 time=0.0s
ACCEPTED 0 0 0 0 0 0 0 5 18 33 27 7 0 0 0 0 0 0 0 0 0 0 0 0 0 0 0 0 0
SHARD 8213 k=4 m=28 inter=1 colcap=128: NONE visited=54308 time=0.0s
ACCEPTED 0 0 0 0 0 0 0 6 35 144 414 653 503 181 29 4 0 0 0 0 0 0 0 0 0 0 0 0 0
SHARD 8214 k=4 m=28 inter=1 colcap=128: NONE visited=89 time=0.0s
ACCEPTED 0 0 0 0 0 0 0 1 1 0 0 0 0 0 0 0 0 0 0 0 0 0 0 0 0 0 0 0 0
SHARD 8215 k=4 m=28 inter=1 colcap=128: NONE visited=74 time=0.0s
ACCEPTED 0 0 0 0 0 0 0 0 0 0 0 0 0 0 0 0 0 0 0 0 0 0 0 0 0 0 0 0 0
SHARD 8216 k=4 m=28 inter=1 colcap=128: NONE visited=1390 time=0.0s
ACCEPTED 0 0 0 0 0 0 0 6 12 7 0 0 0 0 0 0 0 0 0 0 0 0 0 0 0 0 0 0 0
SHARD 8217 k=4 m=28 inter=1 colcap=128: NONE visited=779562 time=0.5s
ACCEPTED 0 0 0 0 0 0 0 26 292 1660 4964 7478 5983 2513 723 115 26 1 0 0 0 0 0 0 0 0 0 0 0
SHARD 8218 k=4 m=28 inter=1 colcap=128: NONE visited=32461 time=0.0s
ACCEPTED 0 0 0 0 0 0 0 20 121 248 224 79 15 0 0 0 0 0 0 0 0 0 0 0 0 0 0 0 0
SHARD 8219 k=4 m=28 inter=1 colcap=128: NONE visited=94 time=0.0s
ACCEPTED 0 0 0 0 0 0 0 1 0 0 0 0 0 0 0 0 0 0 0 0 0 0 0 0 0 0 0 0 0
SHARD 8220 k=4 m=28 inter=1 colcap=128: NONE visited=1253 time=0.0s
ACCEPTED 0 0 0 0 0 0 0 2 6 10 16 10 1 0 0 0 0 0 0 0 0 0 0 0 0 0 0 0 0
SHARD 8221 k=4 m=28 inter=1 colcap=128: NONE visited=3205 time=0.0s
ACCEPTED 0 0 0 0 0 0 0 9 18 22 12 1 0 0 0 0 0 0 0 0 0 0 0 0 0 0 0 0 0
SHARD 8222 k=4 m=28 inter=1 colcap=128: NONE visited=64041 time=0.0s
ACCEPTED 0 0 0 0 0 0 0 7 39 192 546 679 295 42 1 0 0 0 0 0 0 0 0 0 0 0 0 0 0
SHARD 8223 k=4 m=28 inter=1 colcap=128: NONE visited=99936 time=0.1s
ACCEPTED 0 0 0 0 0 0 0 18 130 474 880 855 448 146 21 0 0 0 0 0 0 0 0 0 0 0 0 0 0
SHARD 8224 k=4 m=28 inter=1 colcap=128: NONE visited=1788394 time=1.2s
ACCEPTED 0 0 0 0 0 0 0 25 290 2019 8014 17654 22096 16125 7496 2352 518 62 3 0 0 0 0 0 0 0 0 0 0
SHARD 8225 k=4 m=28 inter=1 colcap=128: NONE visited=248341 time=0.2s
ACCEPTED 0 0 0 0 0 0 0 16 113 439 1095 2208 2844 1918 781 111 6 0 0 0 0 0 0 0 0 0 0 0 0
SHARD 8226 k=4 m=28 inter=1 colcap=128: NONE visited=1850378 time=1.1s
ACCEPTED 0 0 0 0 0 0 0 23 267 1789 6944 15958 21578 17098 7826 2135 395 49 3 0 0 0 0 0 0 0 0 0 0
SHARD 8227 k=4 m=28 inter=1 colcap=128: NONE visited=4845 time=0.0s
ACCEPTED 0 0 0 0 0 0 0 2 18 42 32 16 1 0 0 0 0 0 0 0 0 0 0 0 0 0 0 0 0
SHARD 8228 k=4 m=28 inter=1 colcap=128: NONE visited=131879 time=0.1s
ACCEPTED 0 0 0 0 0 0 0 14 125 645 1387 1154 370 57 3 0 0 0 0 0 0 0 0 0 0 0 0 0 0
SHARD 8229 k=4 m=28 inter=1 colcap=128: NONE visited=309234 time=0.2s
ACCEPTED 0 0 0 0 0 0 0 19 178 897 2430 3355 2350 813 90 5 0 0 0 0 0 0 0 0 0 0 0 0 0
SHARD 8230 k=4 m=28 inter=1 colcap=128: NONE visited=818313 time=0.5s
ACCEPTED 0 0 0 0 0 0 0 22 257 1674 5814 10353 9385 4017 758 64 2 0 0 0 0 0 0 0 0 0 0 0 0
SHARD 8231 k=4 m=28 inter=1 colcap=128: NONE visited=1847 time=0.0s
ACCEPTED 0 0 0 0 0 0 0 8 14 7 1 0 0 0 0 0 0 0 0 0 0 0 0 0 0 0 0 0 0
SHARD 8232 k=4 m=28 inter=1 colcap=128: NONE visited=150332 time=0.1s
ACCEPTED 0 0 0 0 0 0 0 11 65 350 1175 1776 1182 349 24 0 0 0 0 0 0 0 0 0 0 0 0 0 0
SHARD 8233 k=4 m=28 inter=1 colcap=128: NONE visited=5061 time=0.0s
ACCEPTED 0 0 0 0 0 0 0 5 20 40 29 12 1 0 0 0 0 0 0 0 0 0 0 0 0 0 0 0 0
SHARD 8234 k=4 m=28 inter=1 colcap=128: NONE visited=1523504 time=1.2s
ACCEPTED 0 0 0 0 0 0 0 15 171 1243 5502 14702 23655 22661 12625 4077 828 93 4 0 0 0 0 0 0 0 0 0 0
SHARD 8235 k=4 m=28 inter=1 colcap=128: NONE visited=68920 time=0.0s
ACCEPTED 0 0 0 0 0 0 0 8 57 248 596 709 454 116 16 2 0 0 0 0 0 0 0 0 0 0 0 0 0
SHARD 8236 k=4 m=28 inter=1 colcap=128: NONE visited=217 time=0.0s
ACCEPTED 0 0 0 0 0 0 0 1 1 0 0 0 0 0 0 0 0 0 0 0 0 0 0 0 0 0 0 0 0
SHARD 8237 k=4 m=28 inter=1 colcap=128: NONE visited=108938 time=0.1s
ACCEPTED 0 0 0 0 0 0 0 4 23 168 613 1189 1184 502 68 4 0 0 0 0 0 0 0 0 0 0 0 0 0
SHARD 8238 k=4 m=28 inter=1 colcap=128: NONE visited=1467475 time=1.0s
ACCEPTED 0 0 0 0 0 0 0 20 234 1736 7334 16070 17696 10391 3216 587 42 0 0 0 0 0 0 0 0 0 0 0 0
SHARD 8239 k=4 m=28 inter=1 colcap=128: NONE visited=7026140 time=6.0s
ACCEPTED 0 0 0 0 0 0 0 15 178 1568 9554 37384 89994 128901 107574 50065 13700 2735 348 10 0 0 0 0 0 0 0 0 0
DONE exit=20
