SHARD 8560 k=4 m=28 inter=1 colcap=128: NONE visited=8698000 time=5.9s
ACCEPTED 0 0 0 0 0 0 0 31 481 4390 22883 66769 111188 107303 62857 23123 5942 1540 213 1 0 0 0 0 0 0 0 0 0
SHARD 8561 k=4 m=28 inter=1 colcap=128: NONE visited=740322 time=0.4s
ACCEPTED 0 0 0 0 0 0 0 19 179 1293 5470 10825 9143 3090 393 25 0 0 0 0 0 0 0 0 0 0 0 0 0
SHARD 8562 k=4 m=28 inter=1 colcap=128: NONE visited=2510 time=0.0s
ACCEPTED 0 0 0 0 0 0 0 3 12 23 8 0 0 0 0 0 0 0 0 0 0 0 0 0 0 0 0 0 0
SHARD 8563 k=4 m=28 inter=1 colcap=128: NONE visited=160051 time=0.1s
ACCEPTED 0 0 0 0 0 0 0 20 164 673 1402 1479 795 189 17 0 0 0 0 0 0 0 0 0 0 0 0 0 0
SHARD 8564 k=4 m=28 inter=1 colcap=128: NONE visited=278686 time=0.2s
ACCEPTED 0 0 0 0 0 0 0 18 133 646 1805 3107 3142 1697 425 56 7 1 0 0 0 0 0 0 0 0 0 0 0
SHARD 8565 k=4 m=28 inter=1 colcap=128: NONE visited=720176 time=0.5s
ACCEPTED 0 0 0 0 0 0 0 19 189 1111 3838 7557 8460 5317 1665 265 16 1 0 0 0 0 0 0 0 0 0 0 0
SHARD 8566 k=4 m=28 inter=1 colcap=128: NONE visited=20683 time=0.0s
ACCEPTED 0 0 0 0 0 0 0 7 28 92 160 165 73 10 0 0 0 0 0 0 0 0 0 0 0 0 0 0 0
SHARD 8567 k=4 m=28 inter=1 colcap=128: NONE visited=359766 time=0.2s
ACCEPTED 0 0 0 0 0 0 0 10 71 457 1900 4196 4386 2148 399 22 0 0 0 0 0 0 0 0 0 0 0 0 0
SHARD 8568 k=4 m=28 inter=1 colcap=128: NONE visited=111526 time=0.1s
ACCEPTED 0 0 0 0 0 0 0 7 67 363 972 1239 733 281 43 0 0 0 0 0 0 0 0 0 0 0 0 0 0
SHARD 8569 k=4 m=28 inter=1 colcap=128: NONE visited=122595 time=0.0s
ACCEPTED 0 0 0 0 0 0 0 25 216 745 1123 831 391 68 4 0 0 0 0 0 0 0 0 0 0 0 0 0 0
SHARD 8570 k=4 m=28 inter=1 colcap=128: NONE visited=554452 time=0.3s
ACCEPTED 0 0 0 0 0 0 0 21 213 1178 3578 6093 6145 3549 1128 165 4 0 0 0 0 0 0 0 0 0 0 0 0
SHARD 8571 k=4 m=28 inter=1 colcap=128: NONE visited=34942 time=0.0s
ACCEPTED 0 0 0 0 0 0 0 14 69 199 296 207 104 18 0 0 0 0 0 0 0 0 0 0 0 0 0 0 0
SHARD 8572 k=4 m=28 inter=1 colcap=128: NONE visited=54039 time=0.0s
ACCEPTED 0 0 0 0 0 0 0 14 92 308 501 357 143 19 0 0 0 0 0 0 0 0 0 0 0 0 0 0 0
SHARD 8573 k=4 m=28 inter=1 colcap=128: NONE visited=188594 time=0.1s
ACCEPTED 0 0 0 0 0 0 0 15 129 632 1624 2047 1265 364 61 9 0 0 0 0 0 0 0 0 0 0 0 0 0
SHARD 8574 k=4 m=28 inter=1 colcap=128: NONE visited=3567 time=0.0s
ACCEPTED 0 0 0 0 0 0 0 8 17 18 17 7 0 0 0 0 0 0 0 0 0 0 0 0 0 0 0 0 0
SHARD 8575 k=4 m=28 inter=1 colcap=128: NONE visited=150835 time=0.1s
ACCEPTED 0 0 0 0 0 0 0 8 35 165 679 1619 2011 1188 361 47 3 0 0 0 0 0 0 0 0 0 0 0 0
SHARD 8576 k=4 m=28 inter=1 colcap=128: NONE visited=109921 time=0.1s
ACCEPTED 0 0 0 0 0 0 0 8 55 333 1050 1292 537 60 0 0 0 0 0 0 0 0 0 0 0 0 0 0 0
SHARD 8577 k=4 m=28 inter=1 colcap=128: NONE visited=763659 time=0.5s
ACCEPTED 0 0 0 0 0 0 0 22 207 1105 3671 7483 9005 6056 2378 516 49 1 0 0 0 0 0 0 0 0 0 0 0
SHARD 8578 k=4 m=28 inter=1 colcap=128: NONE visited=8261086 time=5.8s
ACCEPTED 0 0 0 0 0 0 0 33 538 5073 26351 73390 113666 101035 51550 15534 2568 191 9 0 0 0 0 0 0 0 0 0 0
SHARD 8579 k=4 m=28 inter=1 colcap=128: NONE visited=1872158 time=1.2s
ACCEPTED 0 0 0 0 0 0 0 21 237 1739 7966 20234 26801 18048 6314 1231 137 21 2 0 0 0 0 0 0 0 0 0 0
SHARD 8580 k=4 m=28 inter=1 colcap=128: NONE visited=5064938 time=3.2s
ACCEPTED 0 0 0 0 0 0 0 45 794 6857 29996 63807 65258 30619 6894 901 54 1 0 0 0 0 0 0 0 0 0 0 0
SHARD 8581 k=4 m=28 inter=1 colcap=128: NONE visited=16077341 time=11.5s
ACCEPTED 0 0 0 0 0 0 0 38 697 7486 44670 140736 232745 207333 104928 32291 6137 482 8 0 0 0 0 0 0 0 0 0 0
SHARD 8582 k=4 m=28 inter=1 colcap=128: NONE visited=1186550 time=0.6s
ACCEPTED 0 0 0 0 0 0 0 21 217 1634 7307 15912 15224 6008 963 100 6 0 0 0 0 0 0 0 0 0 0 0 0
SHARD 8583 k=4 m=28 inter=1 colcap=128: NONE visited=51293 time=0.0s
ACCEPTED 0 0 0 0 0 0 0 5 36 212 525 409 56 1 0 0 0 0 0 0 0 0 0 0 0 0 0 0 0
SHARD 8584 k=4 m=28 inter=1 colcap=128: NONE visited=545738 time=0.4s
ACCEPTED 0 0 0 0 0 0 0 21 217 1275 4005 6399 4849 1812 359 30 0 0 0 0 0 0 0 0 0 0 0 0 0
SHARD 8585 k=4 m=28 inter=1 colcap=128: NONE visited=50935 time=0.0s
ACCEPTED 0 0 0 0 0 0 0 8 42 174 427 437 189 43 4 0 0 0 0 0 0 0 0 0 0 0 0 0 0
SHARD 8586 k=4 m=28 inter=1 colcap=128: NONE visited=703 time=0.0s
ACCEPTED 0 0 0 0 0 0 0 1 6 5 0 0 0 0 0 0 0 0 0 0 0 0 0 0 0 0 0 0 0
SHARD 8587 k=4 m=28 inter=1 colcap=128: NONE visited=532 time=0.0s
ACCEPTED 0 0 0 0 0 0 0 1 4 2 0 0 0 0 0 0 0 0 0 0 0 0 0 0 0 0 0 0 0
SHARD 8588 k=4 m=28 inter=1 colcap=128: NONE visited=606435 time=0.3s
ACCEPTED 0 0 0 0 0 0 0 40 478 2477 6595 7546 3125 361 7 0 0 0 0 0 0 0 0 0 0 0 0 0 0
SHARD 8589 k=4 m=28 inter=1 colcap=128: NONE visited=745049 time=0.4s
ACCEPTED 0 0 0 0 0 0 0 30 407 2595 6711 7318 4123 1570 361 42 0 0 0 0 0 0 0 0 0 0 0 0 0
SHARD 8590 k=4 m=28 inter=1 colcap=128: NONE visited=8837966 time=5.9s
ACCEPTED 0 0 0 0 0 0 0 56 1205 11816 53665 110432 101760 42527 9356 1216 52 1 0 0 0 0 0 0 0 0 0 0 0
SHARD 8591 k=4 m=28 inter=1 colcap=128: NONE visited=368965 time=0.2s
ACCEPTED 0 0 0 0 0 0 0 21 172 1130 3827 5118 2421 257 2 0 0 0 0 0 0 0 0 0 0 0 0 0 0
SHARD 8592 k=4 m=28 inter=1 colcap=128: NONE visited=844267 time=0.5s
ACCEPTED 0 0 0 0 0 0 0 29 385 2510 7684 10361 5261 669 3 0 0 0 0 0 0 0 0 0 0 0 0 0 0
SHARD 8593 k=4 m=28 inter=1 colcap=128: NONE visited=658 time=0.0s
ACCEPTED 0 0 0 0 0 0 0 4 4 0 0 0 0 0 0 0 0 0 0 0 0 0 0 0 0 0 0 0 0
SHARD 8594 k=4 m=28 inter=1 colcap=128: NONE visited=37456 time=0.0s
ACCEPTED 0 0 0 0 0 0 0 7 39 154 350 340 126 7 0 0 0 0 0 0 0 0 0 0 0 0 0 0 0
SHARD 8595 k=4 m=28 inter=1 colcap=128: NONE visited=182 time=0.0s
ACCEPTED 0 0 0 0 0 0 0 1 1 0 0 0 0 0 0 0 0 0 0 0 0 0 0 0 0 0 0 0 0
SHARD 8596 k=4 m=28 inter=1 colcap=128: NONE visited=739 time=0.0s
ACCEPTED 0 0 0 0 0 0 0 4 4 2 0 0 0 0 0 0 0 0 0 0 0 0 0 0 0 0 0 0 0
SHARD 8597 k=4 m=28 inter=1 colcap=128: NONE visited=23090 time=0.0s
ACCEPTED 0 0 0 0 0 0 0 12 58 135 163 107 37 5 0 0 0 0 0 0 0 0 0 0 0 0 0 0 0
SHARD 8598 k=4 m=28 inter=1 colcap=128: NONE visited=3683 time=0.0s
ACCEPTED 0 0 0 0 0 0 0 5 22 32 13 0 0 0 0 0 0 0 0 0 0 0 0 0 0 0 0 0 0
SHARD 8599 k=4 m=28 inter=1 colcap=128: NONE visited=106356 time=0.1s
ACCEPTED 0 0 0 0 0 0 0 10 76 384 1003 1033 370 17 0 0 0 0 0 0 0 0 0 0 0 0 0 0 0
DONE exit=20
