SHARD 11640 k=4 m=28 inter=1 colcap=128: NONE visited=255 time=0.0s
ACCEPTED 0 0 0 0 0 0 0 2 1 0 0 0 0 0 0 0 0 0 0 0 0 0 0 0 0 0 0 0 0
SHARD 11641 k=4 m=28 inter=1 colcap=128: NONE visited=55 time=0.0s
ACCEPTED 0 0 0 0 0 0 0 0 0 0 0 0 0 0 0 0 0 0 0 0 0 0 0 0 0 0 0 0 0
SHARD 11642 k=4 m=28 inter=1 colcap=128: NONE visited=225 time=0.0s
ACCEPTED 0 0 0 0 0 0 0 2 1 0 0 0 0 0 0 0 0 0 0 0 0 0 0 0 0 0 0 0 0
SHARD 11643 k=4 m=28 inter=1 colcap=128: NONE visited=204 time=0.0s
ACCEPTED 0 0 0 0 0 0 0 1 4 4 0 0 0 0 0 0 0 0 0 0 0 0 0 0 0 0 0 0 0
SHARD 11644 k=4 m=28 inter=1 colcap=128: NONE visited=1676 time=0.0s
ACCEPTED 0 0 0 0 0 0 0 7 11 8 0 0 0 0 0 0 0 0 0 0 0 0 0 0 0 0 0 0 0
SHARD 11645 k=4 m=28 inter=1 colcap=128: NONE visited=636 time=0.0s
ACCEPTED 0 0 0 0 0 0 0 5 2 0 0 0 0 0 0 0 0 0 0 0 0 0 0 0 0 0 0 0 0
SHARD 11646 k=4 m=28 inter=1 colcap=128: NONE visited=1497 time=0.0s
ACCEPTED 0 0 0 0 0 0 0 5 12 3 0 0 0 0 0 0 0 0 0 0 0 0 0 0 0 0 0 0 0
SHARD 11647 k=4 m=28 inter=1 colcap=128: NONE visited=500 time=0.0s
ACCEPTED 0 0 0 0 0 0 0 1 5 3 0 0 0 0 0 0 0 0 0 0 0 0 0 0 0 0 0 0 0
SHARD 11648 k=4 m=28 inter=1 colcap=128: NONE visited=3369 time=0.0s
ACCEPTED 0 0 0 0 0 0 0 6 20 28 11 2 0 0 0 0 0 0 0 0 0 0 0 0 0 0 0 0 0
SHARD 11649 k=4 m=28 inter=1 colcap=128: NONE visited=480 time=0.0s
ACCEPTED 0 0 0 0 0 0 0 2 5 0 0 0 0 0 0 0 0 0 0 0 0 0 0 0 0 0 0 0 0
SHARD 11650 k=4 m=28 inter=1 colcap=128: NONE visited=1972 time=0.0s
ACCEPTED 0 0 0 0 0 0 0 4 10 13 8 2 0 0 0 0 0 0 0 0 0 0 0 0 0 0 0 0 0
SHARD 11651 k=4 m=28 inter=1 colcap=128: NONE visited=693 time=0.0s
ACCEPTED 0 0 0 0 0 0 0 4 6 2 0 0 0 0 0 0 0 0 0 0 0 0 0 0 0 0 0 0 0
SHARD 11652 k=4 m=28 inter=1 colcap=128: NONE visited=17631 time=0.0s
ACCEPTED 0 0 0 0 0 0 0 11 61 150 138 37 2 0 0 0 0 0 0 0 0 0 0 0 0 0 0 0 0
SHARD 11653 k=4 m=28 inter=1 colcap=128: NONE visited=6107 time=0.0s
ACCEPTED 0 0 0 0 0 0 0 8 27 44 35 4 0 0 0 0 0 0 0 0 0 0 0 0 0 0 0 0 0
SHARD 11654 k=4 m=28 inter=1 colcap=128: NONE visited=1192 time=0.0s
ACCEPTED 0 0 0 0 0 0 0 4 7 7 3 0 0 0 0 0 0 0 0 0 0 0 0 0 0 0 0 0 0
SHARD 11655 k=4 m=28 inter=1 colcap=128: NONE visited=537 time=0.0s
ACCEPTED 0 0 0 0 0 0 0 3 8 4 0 0 0 0 0 0 0 0 0 0 0 0 0 0 0 0 0 0 0
SHARD 11656 k=4 m=28 inter=1 colcap=128: NONE visited=5480 time=0.0s
ACCEPTED 0 0 0 0 0 0 0 6 24 48 32 2 0 0 0 0 0 0 0 0 0 0 0 0 0 0 0 0 0
SHARD 11657 k=4 m=28 inter=1 colcap=128: NONE visited=18282 time=0.0s
ACCEPTED 0 0 0 0 0 0 0 8 35 103 171 135 42 8 0 0 0 0 0 0 0 0 0 0 0 0 0 0 0
SHARD 11658 k=4 m=28 inter=1 colcap=128: NONE visited=3028 time=0.0s
ACCEPTED 0 0 0 0 0 0 0 5 17 30 11 3 0 0 0 0 0 0 0 0 0 0 0 0 0 0 0 0 0
SHARD 11659 k=4 m=28 inter=1 colcap=128: NONE visited=344 time=0.0s
ACCEPTED 0 0 0 0 0 0 0 3 6 0 0 0 0 0 0 0 0 0 0 0 0 0 0 0 0 0 0 0 0
SHARD 11660 k=4 m=28 inter=1 colcap=128: NONE visited=86 time=0.0s
ACCEPTED 0 0 0 0 0 0 0 0 0 0 0 0 0 0 0 0 0 0 0 0 0 0 0 0 0 0 0 0 0
SHARD 11661 k=4 m=28 inter=1 colcap=128: NONE visited=47 time=0.0s
ACCEPTED 0 0 0 0 0 0 0 0 0 0 0 0 0 0 0 0 0 0 0 0 0 0 0 0 0 0 0 0 0
SHARD 11662 k=4 m=28 inter=1 colcap=128: NONE visited=289 time=0.0s
ACCEPTED 0 0 0 0 0 0 0 2 0 0 0 0 0 0 0 0 0 0 0 0 0 0 0 0 0 0 0 0 0
SHARD 11663 k=4 m=28 inter=1 colcap=128: NONE visited=310 time=0.0s
ACCEPTED 0 0 0 0 0 0 0 2 1 0 0 0 0 0 0 0 0 0 0 0 0 0 0 0 0 0 0 0 0
SHARD 11664 k=4 m=28 inter=1 colcap=128: NONE visited=262 time=0.0s
ACCEPTED 0 0 0 0 0 0 0 3 2 0 0 0 0 0 0 0 0 0 0 0 0 0 0 0 0 0 0 0 0
SHARD 11665 k=4 m=28 inter=1 colcap=128: NONE visited=7290 time=0.0s
ACCEPTED 0 0 0 0 0 0 0 11 37 56 27 4 0 0 0 0 0 0 0 0 0 0 0 0 0 0 0 0 0
SHARD 11666 k=4 m=28 inter=1 colcap=128: NONE visited=3163 time=0.0s
ACCEPTED 0 0 0 0 0 0 0 13 25 6 0 0 0 0 0 0 0 0 0 0 0 0 0 0 0 0 0 0 0
SHARD 11667 k=4 m=28 inter=1 colcap=128: NONE visited=3674 time=0.0s
ACCEPTED 0 0 0 0 0 0 0 7 23 20 5 0 0 0 0 0 0 0 0 0 0 0 0 0 0 0 0 0 0
SHARD 11668 k=4 m=28 inter=1 colcap=128: NONE visited=201 time=0.0s
ACCEPTED 0 0 0 0 0 0 0 2 0 0 0 0 0 0 0 0 0 0 0 0 0 0 0 0 0 0 0 0 0
SHARD 11669 k=4 m=28 inter=1 colcap=128: NONE visited=587 time=0.0s
ACCEPTED 0 0 0 0 0 0 0 3 6 1 0 0 0 0 0 0 0 0 0 0 0 0 0 0 0 0 0 0 0
SHARD 11670 k=4 m=28 inter=1 colcap=128: NONE visited=117 time=0.0s
ACCEPTED 0 0 0 0 0 0 0 0 0 0 0 0 0 0 0 0 0 0 0 0 0 0 0 0 0 0 0 0 0
SHARD 11671 k=4 m=28 inter=1 colcap=128: NONE visited=277 time=0.0s
ACCEPTED 0 0 0 0 0 0 0 2 0 0 0 0 0 0 0 0 0 0 0 0 0 0 0 0 0 0 0 0 0
SHARD 11672 k=4 m=28 inter=1 colcap=128: NONE visited=157 time=0.0s
ACCEPTED 0 0 0 0 0 0 0 1 0 0 0 0 0 0 0 0 0 0 0 0 0 0 0 0 0 0 0 0 0
SHARD 11673 k=4 m=28 inter=1 colcap=128: NONE visited=5514 time=0.0s
ACCEPTED 0 0 0 0 0 0 0 9 28 42 20 4 0 0 0 0 0 0 0 0 0 0 0 0 0 0 0 0 0
SHARD 11674 k=4 m=28 inter=1 colcap=128: NONE visited=4137 time=0.0s
ACCEPTED 0 0 0 0 0 0 0 6 21 31 15 4 0 0 0 0 0 0 0 0 0 0 0 0 0 0 0 0 0
SHARD 11675 k=4 m=28 inter=1 colcap=128: NONE visited=271 time=0.0s
ACCEPTED 0 0 0 0 0 0 0 2 1 0 0 0 0 0 0 0 0 0 0 0 0 0 0 0 0 0 0 0 0
SHARD 11676 k=4 m=28 inter=1 colcap=128: NONE visited=5655 time=0.0s
ACCEPTED 0 0 0 0 0 0 0 9 30 35 17 5 0 0 0 0 0 0 0 0 0 0 0 0 0 0 0 0 0
SHARD 11677 k=4 m=28 inter=1 colcap=128: NONE visited=10145 time=0.0s
ACCEPTED 0 0 0 0 0 0 0 8 29 74 72 23 3 0 0 0 0 0 0 0 0 0 0 0 0 0 0 0 0
SHARD 11678 k=4 m=28 inter=1 colcap=128: NONE visited=4518 time=0.0s
ACCEPTED 0 0 0 0 0 0 0 7 19 33 27 4 1 0 0 0 0 0 0 0 0 0 0 0 0 0 0 0 0
SHARD 11679 k=4 m=28 inter=1 colcap=128: NONE visited=40693 time=0.0s
ACCEPTED 0 0 0 0 0 0 0 17 116 335 396 186 27 1 0 0 0 0 0 0 0 0 0 0 0 0 0 0 0
DONE exit=20
