SHARD 11600 k=4 m=28 inter=1 colcap=128: NONE visited=8555 time=0.0s
ACCEPTED 0 0 0 0 0 0 0 12 45 68 26 1 0 0 0 0 0 0 0 0 0 0 0 0 0 0 0 0 0
SHARD 11601 k=4 m=28 inter=1 colcap=128: NONE visited=273 time=0.0s
ACCEPTED 0 0 0 0 0 0 0 2 0 0 0 0 0 0 0 0 0 0 0 0 0 0 0 0 0 0 0 0 0
SHARD 11602 k=4 m=28 inter=1 colcap=128: NONE visited=292 time=0.0s
ACCEPTED 0 0 0 0 0 0 0 2 1 0 0 0 0 0 0 0 0 0 0 0 0 0 0 0 0 0 0 0 0
SHARD 11603 k=4 m=28 inter=1 colcap=128: NONE visited=465 time=0.0s
ACCEPTED 0 0 0 0 0 0 0 3 3 0 0 0 0 0 0 0 0 0 0 0 0 0 0 0 0 0 0 0 0
SHARD 11604 k=4 m=28 inter=1 colcap=128: NONE visited=506 time=0.0s
ACCEPTED 0 0 0 0 0 0 0 4 1 0 0 0 0 0 0 0 0 0 0 0 0 0 0 0 0 0 0 0 0
SHARD 11605 k=4 m=28 inter=1 colcap=128: NONE visited=833 time=0.0s
ACCEPTED 0 0 0 0 0 0 0 3 5 4 1 0 0 0 0 0 0 0 0 0 0 0 0 0 0 0 0 0 0
SHARD 11606 k=4 m=28 inter=1 colcap=128: NONE visited=298 time=0.0s
ACCEPTED 0 0 0 0 0 0 0 2 1 0 0 0 0 0 0 0 0 0 0 0 0 0 0 0 0 0 0 0 0
SHARD 11607 k=4 m=28 inter=1 colcap=128: NONE visited=1119 time=0.0s
ACCEPTED 0 0 0 0 0 0 0 7 6 2 0 0 0 0 0 0 0 0 0 0 0 0 0 0 0 0 0 0 0
SHARD 11608 k=4 m=28 inter=1 colcap=128: NONE visited=111 time=0.0s
ACCEPTED 0 0 0 0 0 0 0 0 0 0 0 0 0 0 0 0 0 0 0 0 0 0 0 0 0 0 0 0 0
SHARD 11609 k=4 m=28 inter=1 colcap=128: NONE visited=267 time=0.0s
ACCEPTED 0 0 0 0 0 0 0 2 0 0 0 0 0 0 0 0 0 0 0 0 0 0 0 0 0 0 0 0 0
SHARD 11610 k=4 m=28 inter=1 colcap=128: NONE visited=150 time=0.0s
ACCEPTED 0 0 0 0 0 0 0 1 0 0 0 0 0 0 0 0 0 0 0 0 0 0 0 0 0 0 0 0 0
SHARD 11611 k=4 m=28 inter=1 colcap=128: NONE visited=6135 time=0.0s
ACCEPTED 0 0 0 0 0 0 0 10 34 47 20 0 0 0 0 0 0 0 0 0 0 0 0 0 0 0 0 0 0
SHARD 11612 k=4 m=28 inter=1 colcap=128: NONE visited=3434 time=0.0s
ACCEPTED 0 0 0 0 0 0 0 4 17 29 13 1 0 0 0 0 0 0 0 0 0 0 0 0 0 0 0 0 0
SHARD 11613 k=4 m=28 inter=1 colcap=128: NONE visited=288 time=0.0s
ACCEPTED 0 0 0 0 0 0 0 2 2 0 0 0 0 0 0 0 0 0 0 0 0 0 0 0 0 0 0 0 0
SHARD 11614 k=4 m=28 inter=1 colcap=128: NONE visited=7148 time=0.0s
ACCEPTED 0 0 0 0 0 0 0 9 36 59 26 4 0 0 0 0 0 0 0 0 0 0 0 0 0 0 0 0 0
SHARD 11615 k=4 m=28 inter=1 colcap=128: NONE visited=6088 time=0.0s
ACCEPTED 0 0 0 0 0 0 0 6 22 56 33 4 0 0 0 0 0 0 0 0 0 0 0 0 0 0 0 0 0
SHARD 11616 k=4 m=28 inter=1 colcap=128: NONE visited=1073 time=0.0s
ACCEPTED 0 0 0 0 0 0 0 6 7 1 0 0 0 0 0 0 0 0 0 0 0 0 0 0 0 0 0 0 0
SHARD 11617 k=4 m=28 inter=1 colcap=128: NONE visited=14205 time=0.0s
ACCEPTED 0 0 0 0 0 0 0 14 64 112 69 9 0 0 0 0 0 0 0 0 0 0 0 0 0 0 0 0 0
SHARD 11618 k=4 m=28 inter=1 colcap=128: NONE visited=4528 time=0.0s
ACCEPTED 0 0 0 0 0 0 0 10 28 31 9 0 0 0 0 0 0 0 0 0 0 0 0 0 0 0 0 0 0
SHARD 11619 k=4 m=28 inter=1 colcap=128: NONE visited=780 time=0.0s
ACCEPTED 0 0 0 0 0 0 0 4 5 0 0 0 0 0 0 0 0 0 0 0 0 0 0 0 0 0 0 0 0
SHARD 11620 k=4 m=28 inter=1 colcap=128: NONE visited=3451 time=0.0s
ACCEPTED 0 0 0 0 0 0 0 9 26 24 1 0 0 0 0 0 0 0 0 0 0 0 0 0 0 0 0 0 0
SHARD 11621 k=4 m=28 inter=1 colcap=128: NONE visited=49811 time=0.0s
ACCEPTED 0 0 0 0 0 0 0 23 160 385 342 118 23 0 0 0 0 0 0 0 0 0 0 0 0 0 0 0 0
SHARD 11622 k=4 m=28 inter=1 colcap=128: NONE visited=4234 time=0.0s
ACCEPTED 0 0 0 0 0 0 0 10 27 28 4 0 0 0 0 0 0 0 0 0 0 0 0 0 0 0 0 0 0
SHARD 11623 k=4 m=28 inter=1 colcap=128: NONE visited=4438 time=0.0s
ACCEPTED 0 0 0 0 0 0 0 6 22 35 17 4 0 0 0 0 0 0 0 0 0 0 0 0 0 0 0 0 0
SHARD 11624 k=4 m=28 inter=1 colcap=128: NONE visited=9224 time=0.0s
ACCEPTED 0 0 0 0 0 0 0 11 47 78 45 5 0 0 0 0 0 0 0 0 0 0 0 0 0 0 0 0 0
SHARD 11625 k=4 m=28 inter=1 colcap=128: NONE visited=641 time=0.0s
ACCEPTED 0 0 0 0 0 0 0 2 5 1 0 0 0 0 0 0 0 0 0 0 0 0 0 0 0 0 0 0 0
SHARD 11626 k=4 m=28 inter=1 colcap=128: NONE visited=1012 time=0.0s
ACCEPTED 0 0 0 0 0 0 0 4 7 3 1 0 0 0 0 0 0 0 0 0 0 0 0 0 0 0 0 0 0
SHARD 11627 k=4 m=28 inter=1 colcap=128: NONE visited=96 time=0.0s
ACCEPTED 0 0 0 0 0 0 0 0 0 0 0 0 0 0 0 0 0 0 0 0 0 0 0 0 0 0 0 0 0
SHARD 11628 k=4 m=28 inter=1 colcap=128: NONE visited=57 time=0.0s
ACCEPTED 0 0 0 0 0 0 0 0 0 0 0 0 0 0 0 0 0 0 0 0 0 0 0 0 0 0 0 0 0
SHARD 11629 k=4 m=28 inter=1 colcap=128: NONE visited=202 time=0.0s
ACCEPTED 0 0 0 0 0 0 0 2 0 0 0 0 0 0 0 0 0 0 0 0 0 0 0 0 0 0 0 0 0
SHARD 11630 k=4 m=28 inter=1 colcap=128: NONE visited=197 time=0.0s
ACCEPTED 0 0 0 0 0 0 0 3 0 0 0 0 0 0 0 0 0 0 0 0 0 0 0 0 0 0 0 0 0
SHARD 11631 k=4 m=28 inter=1 colcap=128: NONE visited=88 time=0.0s
ACCEPTED 0 0 0 0 0 0 0 1 0 0 0 0 0 0 0 0 0 0 0 0 0 0 0 0 0 0 0 0 0
SHARD 11632 k=4 m=28 inter=1 colcap=128: NONE visited=39 time=0.0s
ACCEPTED 0 0 0 0 0 0 0 0 0 0 0 0 0 0 0 0 0 0 0 0 0 0 0 0 0 0 0 0 0
SHARD 11633 k=4 m=28 inter=1 colcap=128: NONE visited=48 time=0.0s
ACCEPTED 0 0 0 0 0 0 0 0 0 0 0 0 0 0 0 0 0 0 0 0 0 0 0 0 0 0 0 0 0
SHARD 11634 k=4 m=28 inter=1 colcap=128: NONE visited=79 time=0.0s
ACCEPTED 0 0 0 0 0 0 0 1 0 0 0 0 0 0 0 0 0 0 0 0 0 0 0 0 0 0 0 0 0
SHARD 11635 k=4 m=28 inter=1 colcap=128: NONE visited=38 time=0.0s
ACCEPTED 0 0 0 0 0 0 0 0 0 0 0 0 0 0 0 0 0 0 0 0 0 0 0 0 0 0 0 0 0
SHARD 11636 k=4 m=28 inter=1 colcap=128: NONE visited=78 time=0.0s
ACCEPTED 0 0 0 0 0 0 0 0 0 0 0 0 0 0 0 0 0 0 0 0 0 0 0 0 0 0 0 0 0
SHARD 11637 k=4 m=28 inter=1 colcap=128: NONE visited=75 time=0.0s
ACCEPTED 0 0 0 0 0 0 0 0 0 0 0 0 0 0 0 0 0 0 0 0 0 0 0 0 0 0 0 0 0
SHARD 11638 k=4 m=28 inter=1 colcap=128: NONE visited=546 time=0.0s
ACCEPTED 0 0 0 0 0 0 0 3 6 3 0 0 0 0 0 0 0 0 0 0 0 0 0 0 0 0 0 0 0
SHARD 11639 k=4 m=28 inter=1 colcap=128: NONE visited=153 time=0.0s
ACCEPTED 0 0 0 0 0 0 0 2 0 0 0 0 0 0 0 0 0 0 0 0 0 0 0 0 0 0 0 0 0
DONE exit=20
