SHARD 6160 k=4 m=28 inter=1 colcap=128: NONE visited=8473120 time=15.1s
ACCEPTED 0 0 0 0 0 0 0 17 229 2148 12580 40625 73112 78170 57394 35549 12651 227 13 5 1 0 0 0 0 0 0 0 0
SHARD 6161 k=4 m=28 inter=1 colcap=128: NONE visited=719 time=0.0s
ACCEPTED 0 0 0 0 0 0 0 5 10 1 0 0 0 0 0 0 0 0 0 0 0 0 0 0 0 0 0 0 0
SHARD 6162 k=4 m=28 inter=1 colcap=128: NONE visited=88856 time=0.1s
ACCEPTED 0 0 0 0 0 0 0 25 185 547 679 337 55 0 0 0 0 0 0 0 0 0 0 0 0 0 0 0 0
SHARD 6163 k=4 m=28 inter=1 colcap=128: NONE visited=850389 time=1.3s
ACCEPTED 0 0 0 0 0 0 0 21 228 1452 5023 9006 7904 2868 416 35 1 0 0 0 0 0 0 0 0 0 0 0 0
SHARD 6164 k=4 m=28 inter=1 colcap=128: NONE visited=14465 time=0.0s
ACCEPTED 0 0 0 0 0 0 0 15 66 112 68 10 1 0 0 0 0 0 0 0 0 0 0 0 0 0 0 0 0
SHARD 6165 k=4 m=28 inter=1 colcap=128: NONE visited=57579 time=0.1s
ACCEPTED 0 0 0 0 0 0 0 12 65 198 392 444 307 142 51 9 1 0 0 0 0 0 0 0 0 0 0 0 0
SHARD 6166 k=4 m=28 inter=1 colcap=128: NONE visited=312240 time=0.5s
ACCEPTED 0 0 0 0 0 0 0 14 107 559 1842 3157 2511 773 102 8 0 0 0 0 0 0 0 0 0 0 0 0 0
SHARD 6167 k=4 m=28 inter=1 colcap=128: NONE visited=167836 time=0.2s
ACCEPTED 0 0 0 0 0 0 0 9 53 295 1066 1942 1573 256 30 4 1 0 0 0 0 0 0 0 0 0 0 0 0
SHARD 6168 k=4 m=28 inter=1 colcap=128: NONE visited=9226 time=0.0s
ACCEPTED 0 0 0 0 0 0 0 10 41 59 54 42 7 0 0 0 0 0 0 0 0 0 0 0 0 0 0 0 0
SHARD 6169 k=4 m=28 inter=1 colcap=128: NONE visited=90614 time=0.1s
ACCEPTED 0 0 0 0 0 0 0 18 148 516 739 528 137 10 0 0 0 0 0 0 0 0 0 0 0 0 0 0 0
SHARD 6170 k=4 m=28 inter=1 colcap=128: NONE visited=31378 time=0.0s
ACCEPTED 0 0 0 0 0 0 0 8 40 136 301 233 30 0 0 0 0 0 0 0 0 0 0 0 0 0 0 0 0
SHARD 6171 k=4 m=28 inter=1 colcap=128: NONE visited=46873 time=0.0s
ACCEPTED 0 0 0 0 0 0 0 9 53 187 426 399 106 20 3 0 0 0 0 0 0 0 0 0 0 0 0 0 0
SHARD 6172 k=4 m=28 inter=1 colcap=128: NONE visited=472873 time=0.6s
ACCEPTED 0 0 0 0 0 0 0 18 151 876 3084 5138 3567 1161 242 31 1 0 0 0 0 0 0 0 0 0 0 0 0
SHARD 6173 k=4 m=28 inter=1 colcap=128: NONE visited=1243 time=0.0s
ACCEPTED 0 0 0 0 0 0 0 2 6 14 3 0 0 0 0 0 0 0 0 0 0 0 0 0 0 0 0 0 0
SHARD 6174 k=4 m=28 inter=1 colcap=128: NONE visited=10415 time=0.0s
ACCEPTED 0 0 0 0 0 0 0 7 22 61 88 75 24 0 0 0 0 0 0 0 0 0 0 0 0 0 0 0 0
SHARD 6175 k=4 m=28 inter=1 colcap=128: NONE visited=1035 time=0.0s
ACCEPTED 0 0 0 0 0 0 0 3 10 8 2 0 0 0 0 0 0 0 0 0 0 0 0 0 0 0 0 0 0
SHARD 6176 k=4 m=28 inter=1 colcap=128: NONE visited=6627 time=0.0s
ACCEPTED 0 0 0 0 0 0 0 5 22 39 34 22 12 0 0 0 0 0 0 0 0 0 0 0 0 0 0 0 0
SHARD 6177 k=4 m=28 inter=1 colcap=128: NONE visited=2242 time=0.0s
ACCEPTED 0 0 0 0 0 0 0 2 9 21 16 0 0 0 0 0 0 0 0 0 0 0 0 0 0 0 0 0 0
SHARD 6178 k=4 m=28 inter=1 colcap=128: NONE visited=1860676094 time=5837.1s
ACCEPTED 0 0 0 0 0 0 0 27 700 11698 117573 702133 2531658 5810695 9544603 13199044 17383054 21912111 24518939 19779518 8609575 3820 730 243 68 13 2 0 0
SHARD 6179 k=4 m=28 inter=1 colcap=128: NONE visited=712192496 time=2136.8s
ACCEPTED 0 0 0 0 0 0 0 71 2063 31105 258562 1213632 3325278 5535792 6086883 5227765 4849207 5624640 6175572 5254986 2312928 85 4 1 0 0 0 0 0
SHARD 6180 k=4 m=28 inter=1 colcap=128: NONE visited=192615362 time=492.3s
ACCEPTED 0 0 0 0 0 0 0 50 1167 15891 131391 656411 1962709 3536543 3941566 2745277 1203847 338487 59600 7096 585 39 0 0 0 0 0 0 0
SHARD 6181 k=4 m=28 inter=1 colcap=128: NONE visited=2373027808 time=6568.0s
ACCEPTED 0 0 0 0 0 0 0 33 730 10577 99535 599483 2297472 5744650 10257797 15387121 22313094 30399016 35896077 32584417 14571168 2783 28 0 0 0 0 0 0
SHARD 6182 k=4 m=28 inter=1 colcap=128: NONE visited=1816733820 time=2708.4s
ACCEPTED 0 0 0 0 0 0 0 41 1143 18500 174172 973094 3345616 7337603 11197453 13939994 16167185 17294400 16930693 11431014 4011872 368 27 0 0 0 0 0 0
SHARD 6183 k=4 m=28 inter=1 colcap=128: NONE visited=70995436 time=65.3s
ACCEPTED 0 0 0 0 0 0 0 35 600 6011 34059 118450 288067 519289 669064 531148 199371 17809 7983 4590 1309 0 0 0 0 0 0 0 0
SHARD 6184 k=4 m=28 inter=1 colcap=128: NONE visited=89273544 time=110.3s
ACCEPTED 0 0 0 0 0 0 0 46 875 8809 50697 176721 395155 603615 688370 617311 457211 396662 469682 395713 157193 0 0 0 0 0 0 0 0
SHARD 6185 k=4 m=28 inter=1 colcap=128: NONE visited=49562500 time=62.1s
ACCEPTED 0 0 0 0 0 0 0 39 701 7228 45113 177225 455348 780149 881507 648058 316702 93715 8753 804 9 0 0 0 0 0 0 0 0
SHARD 6186 k=4 m=28 inter=1 colcap=128: NONE visited=66695656 time=100.1s
ACCEPTED 0 0 0 0 0 0 0 40 720 7677 51552 218890 591465 1036370 1239741 1064755 599994 155333 11848 84 1 0 0 0 0 0 0 0 0
SHARD 6187 k=4 m=28 inter=1 colcap=128: NONE visited=119497515 time=122.9s
ACCEPTED 0 0 0 0 0 0 0 52 1124 12802 82190 309521 716680 1080709 1147377 897895 504500 240850 186092 112459 43536 2 0 0 0 0 0 0 0
SHARD 6188 k=4 m=28 inter=1 colcap=128: NONE visited=258771119 time=407.9s
ACCEPTED 0 0 0 0 0 0 0 43 862 10300 76888 356183 1015595 1799719 2112092 1976214 2019004 2462740 2818094 2285125 1008205 117 0 0 0 0 0 0 0
SHARD 6189 k=4 m=28 inter=1 colcap=128: NONE visited=77290016 time=83.4s
ACCEPTED 0 0 0 0 0 0 0 48 1025 12200 86127 362170 893654 1276532 1059727 528394 181301 42756 6230 543 26 0 0 0 0 0 0 0 0
SHARD 6190 k=4 m=28 inter=1 colcap=128: NONE visited=25121933 time=27.3s
ACCEPTED 0 0 0 0 0 0 0 31 456 4230 26325 105004 258260 389283 362623 207871 67990 11724 1154 76 4 0 0 0 0 0 0 0 0
SHARD 6191 k=4 m=28 inter=1 colcap=128: NONE visited=37550872 time=41.0s
ACCEPTED 0 0 0 0 0 0 0 30 474 4620 29686 122951 315789 497373 488301 300163 137777 60586 33823 13164 4140 0 0 0 0 0 0 0 0
SHARD 6192 k=4 m=28 inter=1 colcap=128: NONE visited=32209202 time=35.3s
ACCEPTED 0 0 0 0 0 0 0 32 499 4704 28407 104724 231972 321416 311917 218944 100415 40789 54331 56988 30489 0 0 0 0 0 0 0 0
SHARD 6193 k=4 m=28 inter=1 colcap=128: NONE visited=2917745 time=2.8s
ACCEPTED 0 0 0 0 0 0 0 18 188 1587 8388 25650 43031 38440 17634 4253 426 17 0 0 0 0 0 0 0 0 0 0 0
SHARD 6194 k=4 m=28 inter=1 colcap=128: NONE visited=19145351 time=18.6s
ACCEPTED 0 0 0 0 0 0 0 31 458 4132 24732 90515 190332 227438 174472 102535 35373 1657 161 50 17 0 0 0 0 0 0 0 0
SHARD 6195 k=4 m=28 inter=1 colcap=128: NONE visited=12702444 time=12.8s
ACCEPTED 0 0 0 0 0 0 0 17 158 1294 8380 31630 68175 92922 107481 94872 30405 47 0 0 0 0 0 0 0 0 0 0 0
SHARD 6196 k=4 m=28 inter=1 colcap=128: NONE visited=1278169 time=1.0s
ACCEPTED 0 0 0 0 0 0 0 22 279 2103 7969 14853 13590 6583 1928 439 33 0 0 0 0 0 0 0 0 0 0 0 0
SHARD 6197 k=4 m=28 inter=1 colcap=128: NONE visited=22682453 time=23.5s
ACCEPTED 0 0 0 0 0 0 0 28 604 6963 44169 153064 301416 354119 256090 117331 34356 6778 940 42 2 0 0 0 0 0 0 0 0
SHARD 6198 k=4 m=28 inter=1 colcap=128: NONE visited=640172184 time=926.4s
ACCEPTED 0 0 0 0 0 0 0 24 496 6613 56437 295653 956306 2021797 3182717 4389643 5640369 6259357 5950613 4741030 1841870 44 0 0 0 0 0 0 0
SHARD 6199 k=4 m=28 inter=1 colcap=128: NONE visited=4863539 time=3.8s
ACCEPTED 0 0 0 0 0 0 0 38 620 5121 21843 48535 57464 37774 14633 3561 571 29 1 0 0 0 0 0 0 0 0 0 0
DONE exit=20
