SHARD 8480 k=4 m=28 inter=1 colcap=128: NONE visited=20070241 time=16.4s
ACCEPTED 0 0 0 0 0 0 0 37 647 6559 39161 135687 273736 325453 232346 105434 31569 6380 678 39 1 0 0 0 0 0 0 0 0
SHARD 8481 k=4 m=28 inter=1 colcap=128: NONE visited=5122477 time=4.0s
ACCEPTED 0 0 0 0 0 0 0 20 247 2234 12925 42377 77134 74854 35235 6908 581 27 0 0 0 0 0 0 0 0 0 0 0
SHARD 8482 k=4 m=28 inter=1 colcap=128: NONE visited=1047532 time=0.7s
ACCEPTED 0 0 0 0 0 0 0 24 279 1774 6285 12396 13034 7270 2159 326 14 0 0 0 0 0 0 0 0 0 0 0 0
SHARD 8483 k=4 m=28 inter=1 colcap=128: NONE visited=3448083 time=3.2s
ACCEPTED 0 0 0 0 0 0 0 19 205 1511 7283 22121 42444 54181 48261 29766 11594 2269 109 0 0 0 0 0 0 0 0 0 0
SHARD 8484 k=4 m=28 inter=1 colcap=128: NONE visited=2547248 time=2.0s
ACCEPTED 0 0 0 0 0 0 0 23 253 1755 7677 21432 37017 37364 22200 8637 2247 516 111 2 0 0 0 0 0 0 0 0 0
SHARD 8485 k=4 m=28 inter=1 colcap=128: NONE visited=1026188 time=0.7s
ACCEPTED 0 0 0 0 0 0 0 26 293 1781 5940 11367 12090 6771 2249 463 52 2 0 0 0 0 0 0 0 0 0 0 0
SHARD 8486 k=4 m=28 inter=1 colcap=128: NONE visited=122514 time=0.1s
ACCEPTED 0 0 0 0 0 0 0 6 43 242 817 1527 1419 440 28 1 0 0 0 0 0 0 0 0 0 0 0 0 0
SHARD 8487 k=4 m=28 inter=1 colcap=128: NONE visited=1222824 time=0.9s
ACCEPTED 0 0 0 0 0 0 0 23 276 1807 6764 14482 16790 10043 3226 641 64 2 0 0 0 0 0 0 0 0 0 0 0
SHARD 8488 k=4 m=28 inter=1 colcap=128: NONE visited=3704509 time=3.4s
ACCEPTED 0 0 0 0 0 0 0 17 202 1612 8429 27063 52030 61401 47214 25153 11425 5132 1626 185 0 0 0 0 0 0 0 0 0
SHARD 8489 k=4 m=28 inter=1 colcap=128: NONE visited=8400817 time=7.7s
ACCEPTED 0 0 0 0 0 0 0 20 263 2358 13842 50613 113328 155555 129273 65126 18700 2632 187 4 0 0 0 0 0 0 0 0 0
SHARD 8490 k=4 m=28 inter=1 colcap=128: NONE visited=1694308 time=1.1s
ACCEPTED 0 0 0 0 0 0 0 17 170 1157 5168 14063 22548 21078 11503 3490 554 41 0 0 0 0 0 0 0 0 0 0 0
SHARD 8491 k=4 m=28 inter=1 colcap=128: NONE visited=5981908 time=4.8s
ACCEPTED 0 0 0 0 0 0 0 20 256 2240 12755 45004 93363 109471 70065 23576 4435 261 1 0 0 0 0 0 0 0 0 0 0
SHARD 8492 k=4 m=28 inter=1 colcap=128: NONE visited=1428876 time=1.0s
ACCEPTED 0 0 0 0 0 0 0 23 274 1950 7927 17915 21112 12901 4145 633 39 2 0 0 0 0 0 0 0 0 0 0 0
SHARD 8493 k=4 m=28 inter=1 colcap=128: NONE visited=4296 time=0.0s
ACCEPTED 0 0 0 0 0 0 0 2 11 36 42 19 3 0 0 0 0 0 0 0 0 0 0 0 0 0 0 0 0
SHARD 8494 k=4 m=28 inter=1 colcap=128: NONE visited=105484 time=0.1s
ACCEPTED 0 0 0 0 0 0 0 10 55 231 701 1237 1061 393 61 4 0 0 0 0 0 0 0 0 0 0 0 0 0
SHARD 8495 k=4 m=28 inter=1 colcap=128: NONE visited=2058936 time=1.6s
ACCEPTED 0 0 0 0 0 0 0 18 189 1329 6000 16613 27672 29247 20009 8845 2456 510 5 0 0 0 0 0 0 0 0 0 0
SHARD 8496 k=4 m=28 inter=1 colcap=128: NONE visited=423593 time=0.3s
ACCEPTED 0 0 0 0 0 0 0 10 90 585 2265 4742 5239 3513 1203 164 7 0 0 0 0 0 0 0 0 0 0 0 0
SHARD 8497 k=4 m=28 inter=1 colcap=128: NONE visited=177659 time=0.1s
ACCEPTED 0 0 0 0 0 0 0 10 53 233 837 1933 2356 1227 260 21 1 0 0 0 0 0 0 0 0 0 0 0 0
SHARD 8498 k=4 m=28 inter=1 colcap=128: NONE visited=4948458 time=4.4s
ACCEPTED 0 0 0 0 0 0 0 19 230 1859 9896 33556 70734 91666 73671 35242 8800 835 29 0 0 0 0 0 0 0 0 0 0
SHARD 8499 k=4 m=28 inter=1 colcap=128: NONE visited=1027905 time=0.8s
ACCEPTED 0 0 0 0 0 0 0 14 136 918 3979 10141 14826 12210 5447 1327 206 21 1 0 0 0 0 0 0 0 0 0 0
SHARD 8500 k=4 m=28 inter=1 colcap=128: NONE visited=716076 time=0.5s
ACCEPTED 0 0 0 0 0 0 0 19 168 905 3166 6905 9354 7212 3159 518 10 0 0 0 0 0 0 0 0 0 0 0 0
SHARD 8501 k=4 m=28 inter=1 colcap=128: NONE visited=2952161 time=2.3s
ACCEPTED 0 0 0 0 0 0 0 17 197 1570 8132 24962 44195 45911 27994 9264 1610 165 0 0 0 0 0 0 0 0 0 0 0
SHARD 8502 k=4 m=28 inter=1 colcap=128: NONE visited=26674 time=0.0s
ACCEPTED 0 0 0 0 0 0 0 7 25 70 175 312 285 85 3 0 0 0 0 0 0 0 0 0 0 0 0 0 0
SHARD 8503 k=4 m=28 inter=1 colcap=128: NONE visited=110641 time=0.1s
ACCEPTED 0 0 0 0 0 0 0 4 26 220 825 1403 1049 256 29 0 0 0 0 0 0 0 0 0 0 0 0 0 0
SHARD 8504 k=4 m=28 inter=1 colcap=128: NONE visited=1056515 time=0.7s
ACCEPTED 0 0 0 0 0 0 0 17 169 1151 4860 11188 14172 10453 4480 870 57 0 0 0 0 0 0 0 0 0 0 0 0
SHARD 8505 k=4 m=28 inter=1 colcap=128: NONE visited=4348756 time=3.3s
ACCEPTED 0 0 0 0 0 0 0 19 242 2050 11057 35444 65619 68710 40717 15138 3620 230 2 0 0 0 0 0 0 0 0 0 0
SHARD 8506 k=4 m=28 inter=1 colcap=128: NONE visited=2744621 time=1.8s
ACCEPTED 0 0 0 0 0 0 0 27 362 2835 12616 30526 38795 25199 8110 1267 119 14 0 0 0 0 0 0 0 0 0 0 0
SHARD 8507 k=4 m=28 inter=1 colcap=128: NONE visited=454572 time=0.3s
ACCEPTED 0 0 0 0 0 0 0 11 67 410 1889 4910 6378 4325 1406 178 8 0 0 0 0 0 0 0 0 0 0 0 0
SHARD 8508 k=4 m=28 inter=1 colcap=128: NONE visited=4620810 time=3.8s
ACCEPTED 0 0 0 0 0 0 0 18 214 1770 9626 31843 62251 70961 47603 19029 4590 528 28 0 0 0 0 0 0 0 0 0 0
SHARD 8509 k=4 m=28 inter=1 colcap=128: NONE visited=62308 time=0.0s
ACCEPTED 0 0 0 0 0 0 0 2 16 104 461 878 480 52 5 0 0 0 0 0 0 0 0 0 0 0 0 0 0
SHARD 8510 k=4 m=28 inter=1 colcap=128: NONE visited=3505316 time=2.2s
ACCEPTED 0 0 0 0 0 0 0 46 821 6567 23765 40514 34516 15648 3913 610 48 3 0 0 0 0 0 0 0 0 0 0 0
SHARD 8511 k=4 m=28 inter=1 colcap=128: NONE visited=7098097 time=4.3s
ACCEPTED 0 0 0 0 0 0 0 47 884 7933 34930 76195 83856 48582 17738 4935 972 122 14 0 0 0 0 0 0 0 0 0 0
SHARD 8512 k=4 m=28 inter=1 colcap=128: NONE visited=320976 time=0.2s
ACCEPTED 0 0 0 0 0 0 0 13 99 672 2707 4336 2256 74 1 0 0 0 0 0 0 0 0 0 0 0 0 0 0
SHARD 8513 k=4 m=28 inter=1 colcap=128: NONE visited=21496 time=0.0s
ACCEPTED 0 0 0 0 0 0 0 9 43 163 196 100 11 1 0 0 0 0 0 0 0 0 0 0 0 0 0 0 0
SHARD 8514 k=4 m=28 inter=1 colcap=128: NONE visited=14242 time=0.0s
ACCEPTED 0 0 0 0 0 0 0 12 51 110 101 29 3 0 0 0 0 0 0 0 0 0 0 0 0 0 0 0 0
SHARD 8515 k=4 m=28 inter=1 colcap=128: NONE visited=77690 time=0.0s
ACCEPTED 0 0 0 0 0 0 0 14 91 317 574 577 437 237 44 1 0 0 0 0 0 0 0 0 0 0 0 0 0
SHARD 8516 k=4 m=28 inter=1 colcap=128: NONE visited=22403 time=0.0s
ACCEPTED 0 0 0 0 0 0 0 16 77 151 142 69 24 4 0 0 0 0 0 0 0 0 0 0 0 0 0 0 0
SHARD 8517 k=4 m=28 inter=1 colcap=128: NONE visited=186798 time=0.1s
ACCEPTED 0 0 0 0 0 0 0 15 104 446 1154 1827 1523 531 53 2 0 0 0 0 0 0 0 0 0 0 0 0 0
SHARD 8518 k=4 m=28 inter=1 colcap=128: NONE visited=2264 time=0.0s
ACCEPTED 0 0 0 0 0 0 0 5 13 17 8 0 0 0 0 0 0 0 0 0 0 0 0 0 0 0 0 0 0
SHARD 8519 k=4 m=28 inter=1 colcap=128: NONE visited=119 time=0.0s
ACCEPTED 0 0 0 0 0 0 0 1 0 0 0 0 0 0 0 0 0 0 0 0 0 0 0 0 0 0 0 0 0
DONE exit=20
