SHARD 8880 k=4 m=28 inter=1 colcap=128: NONE visited=1979433 time=1.2s
ACCEPTED 0 0 0 0 0 0 0 32 413 2868 10677 21439 20713 8097 1359 161 13 0 0 0 0 0 0 0 0 0 0 0 0
SHARD 8881 k=4 m=28 inter=1 colcap=128: NONE visited=1202 time=0.0s
ACCEPTED 0 0 0 0 0 0 0 6 10 3 0 0 0 0 0 0 0 0 0 0 0 0 0 0 0 0 0 0 0
SHARD 8882 k=4 m=28 inter=1 colcap=128: NONE visited=798080 time=0.5s
ACCEPTED 0 0 0 0 0 0 0 25 359 2205 6151 8843 7098 3525 1304 319 24 0 0 0 0 0 0 0 0 0 0 0 0
SHARD 8883 k=4 m=28 inter=1 colcap=128: NONE visited=2727 time=0.0s
ACCEPTED 0 0 0 0 0 0 0 9 22 14 2 0 0 0 0 0 0 0 0 0 0 0 0 0 0 0 0 0 0
SHARD 8884 k=4 m=28 inter=1 colcap=128: NONE visited=3155 time=0.0s
ACCEPTED 0 0 0 0 0 0 0 6 16 19 14 6 0 0 0 0 0 0 0 0 0 0 0 0 0 0 0 0 0
SHARD 8885 k=4 m=28 inter=1 colcap=128: NONE visited=34235 time=0.0s
ACCEPTED 0 0 0 0 0 0 0 10 52 167 294 261 168 45 3 0 0 0 0 0 0 0 0 0 0 0 0 0 0
SHARD 8886 k=4 m=28 inter=1 colcap=128: NONE visited=4484 time=0.0s
ACCEPTED 0 0 0 0 0 0 0 11 33 25 4 0 0 0 0 0 0 0 0 0 0 0 0 0 0 0 0 0 0
SHARD 8887 k=4 m=28 inter=1 colcap=128: NONE visited=25760 time=0.0s
ACCEPTED 0 0 0 0 0 0 0 10 49 146 233 172 76 20 2 0 0 0 0 0 0 0 0 0 0 0 0 0 0
SHARD 8888 k=4 m=28 inter=1 colcap=128: NONE visited=31844 time=0.0s
ACCEPTED 0 0 0 0 0 0 0 14 79 224 320 124 16 0 0 0 0 0 0 0 0 0 0 0 0 0 0 0 0
SHARD 8889 k=4 m=28 inter=1 colcap=128: NONE visited=14909 time=0.0s
ACCEPTED 0 0 0 0 0 0 0 13 57 103 104 46 5 0 0 0 0 0 0 0 0 0 0 0 0 0 0 0 0
SHARD 8890 k=4 m=28 inter=1 colcap=128: NONE visited=5176 time=0.0s
ACCEPTED 0 0 0 0 0 0 0 8 28 45 26 2 0 0 0 0 0 0 0 0 0 0 0 0 0 0 0 0 0
SHARD 8891 k=4 m=28 inter=1 colcap=128: NONE visited=126539 time=0.1s
ACCEPTED 0 0 0 0 0 0 0 13 82 336 819 1149 1081 705 223 34 10 2 0 0 0 0 0 0 0 0 0 0 0
SHARD 8892 k=4 m=28 inter=1 colcap=128: NONE visited=401 time=0.0s
ACCEPTED 0 0 0 0 0 0 0 2 2 2 0 0 0 0 0 0 0 0 0 0 0 0 0 0 0 0 0 0 0
SHARD 8893 k=4 m=28 inter=1 colcap=128: NONE visited=267 time=0.0s
ACCEPTED 0 0 0 0 0 0 0 2 1 0 0 0 0 0 0 0 0 0 0 0 0 0 0 0 0 0 0 0 0
SHARD 8894 k=4 m=28 inter=1 colcap=128: NONE visited=1280012 time=0.9s
ACCEPTED 0 0 0 0 0 0 0 22 226 1524 6138 14160 18306 13076 4993 937 92 5 0 0 0 0 0 0 0 0 0 0 0
SHARD 8895 k=4 m=28 inter=1 colcap=128: NONE visited=955304 time=0.6s
ACCEPTED 0 0 0 0 0 0 0 22 251 1678 6380 12846 12784 6036 1412 199 20 0 0 0 0 0 0 0 0 0 0 0 0
SHARD 8896 k=4 m=28 inter=1 colcap=128: NONE visited=261729 time=0.1s
ACCEPTED 0 0 0 0 0 0 0 26 267 1258 2803 2901 1607 406 40 2 0 0 0 0 0 0 0 0 0 0 0 0 0
SHARD 8897 k=4 m=28 inter=1 colcap=128: NONE visited=2455898 time=1.6s
ACCEPTED 0 0 0 0 0 0 0 25 310 2253 9646 24019 33226 24625 9570 1941 44 0 0 0 0 0 0 0 0 0 0 0 0
SHARD 8898 k=4 m=28 inter=1 colcap=128: NONE visited=5021745 time=3.5s
ACCEPTED 0 0 0 0 0 0 0 28 412 3617 18413 50847 72627 52387 21131 5929 1472 62 0 0 0 0 0 0 0 0 0 0 0
SHARD 8899 k=4 m=28 inter=1 colcap=128: NONE visited=1045734 time=0.6s
ACCEPTED 0 0 0 0 0 0 0 34 465 2957 8818 12160 7085 1775 221 19 0 0 0 0 0 0 0 0 0 0 0 0 0
SHARD 8900 k=4 m=28 inter=1 colcap=128: NONE visited=2356777 time=1.6s
ACCEPTED 0 0 0 0 0 0 0 26 335 2577 11321 26875 33076 20253 6492 983 81 4 0 0 0 0 0 0 0 0 0 0 0
SHARD 8901 k=4 m=28 inter=1 colcap=128: NONE visited=1122800 time=0.7s
ACCEPTED 0 0 0 0 0 0 0 33 424 2644 8541 13027 8796 2892 617 74 2 0 0 0 0 0 0 0 0 0 0 0 0
SHARD 8902 k=4 m=28 inter=1 colcap=128: NONE visited=254689 time=0.2s
ACCEPTED 0 0 0 0 0 0 0 14 103 454 1298 2420 2866 1899 688 126 14 0 0 0 0 0 0 0 0 0 0 0 0
SHARD 8903 k=4 m=28 inter=1 colcap=128: NONE visited=1310 time=0.0s
ACCEPTED 0 0 0 0 0 0 0 1 9 13 0 0 0 0 0 0 0 0 0 0 0 0 0 0 0 0 0 0 0
SHARD 8904 k=4 m=28 inter=1 colcap=128: NONE visited=2914 time=0.0s
ACCEPTED 0 0 0 0 0 0 0 4 12 22 14 2 0 0 0 0 0 0 0 0 0 0 0 0 0 0 0 0 0
SHARD 8905 k=4 m=28 inter=1 colcap=128: NONE visited=80562 time=0.0s
ACCEPTED 0 0 0 0 0 0 0 16 125 473 781 511 147 11 1 0 0 0 0 0 0 0 0 0 0 0 0 0 0
SHARD 8906 k=4 m=28 inter=1 colcap=128: NONE visited=178283 time=0.1s
ACCEPTED 0 0 0 0 0 0 0 18 150 587 1242 1696 1445 634 153 17 0 0 0 0 0 0 0 0 0 0 0 0 0
SHARD 8907 k=4 m=28 inter=1 colcap=128: NONE visited=227525 time=0.1s
ACCEPTED 0 0 0 0 0 0 0 17 131 571 1325 1773 1677 1434 684 273 46 1 0 0 0 0 0 0 0 0 0 0 0
SHARD 8908 k=4 m=28 inter=1 colcap=128: NONE visited=1523901 time=0.9s
ACCEPTED 0 0 0 0 0 0 0 27 360 2660 10221 19035 17569 8873 3231 324 10 1 0 0 0 0 0 0 0 0 0 0 0
SHARD 8909 k=4 m=28 inter=1 colcap=128: NONE visited=39474 time=0.0s
ACCEPTED 0 0 0 0 0 0 0 8 38 194 416 285 46 0 0 0 0 0 0 0 0 0 0 0 0 0 0 0 0
SHARD 8910 k=4 m=28 inter=1 colcap=128: NONE visited=78042 time=0.0s
ACCEPTED 0 0 0 0 0 0 0 9 50 256 696 856 412 83 3 0 0 0 0 0 0 0 0 0 0 0 0 0 0
SHARD 8911 k=4 m=28 inter=1 colcap=128: NONE visited=227417 time=0.1s
ACCEPTED 0 0 0 0 0 0 0 15 116 611 1793 2511 1645 493 57 2 0 0 0 0 0 0 0 0 0 0 0 0 0
SHARD 8912 k=4 m=28 inter=1 colcap=128: NONE visited=219494 time=0.1s
ACCEPTED 0 0 0 0 0 0 0 19 172 833 1957 2269 1276 330 37 0 0 0 0 0 0 0 0 0 0 0 0 0 0
SHARD 8913 k=4 m=28 inter=1 colcap=128: NONE visited=5715729 time=4.2s
ACCEPTED 0 0 0 0 0 0 0 34 528 4592 22343 59239 86519 68897 28159 6215 769 119 14 0 0 0 0 0 0 0 0 0 0
SHARD 8914 k=4 m=28 inter=1 colcap=128: NONE visited=13643 time=0.0s
ACCEPTED 0 0 0 0 0 0 0 5 29 107 145 45 1 0 0 0 0 0 0 0 0 0 0 0 0 0 0 0 0
SHARD 8915 k=4 m=28 inter=1 colcap=128: NONE visited=524230 time=0.4s
ACCEPTED 0 0 0 0 0 0 0 14 139 867 2946 5905 7027 4715 1719 285 8 0 0 0 0 0 0 0 0 0 0 0 0
SHARD 8916 k=4 m=28 inter=1 colcap=128: NONE visited=1550095 time=1.5s
ACCEPTED 0 0 0 0 0 0 0 11 108 799 4058 12881 24796 29057 20948 7929 1259 118 1 0 0 0 0 0 0 0 0 0 0
SHARD 8917 k=4 m=28 inter=1 colcap=128: NONE visited=40900 time=0.0s
ACCEPTED 0 0 0 0 0 0 0 6 31 131 320 441 235 18 1 0 0 0 0 0 0 0 0 0 0 0 0 0 0
SHARD 8918 k=4 m=28 inter=1 colcap=128: NONE visited=480887 time=0.3s
ACCEPTED 0 0 0 0 0 0 0 12 105 616 2284 5123 6194 3935 1316 359 90 3 0 0 0 0 0 0 0 0 0 0 0
SHARD 8919 k=4 m=28 inter=1 colcap=128: NONE visited=297364 time=0.2s
ACCEPTED 0 0 0 0 0 0 0 17 151 800 2268 3227 2295 1047 212 12 0 0 0 0 0 0 0 0 0 0 0 0 0
DONE exit=20
