SHARD 10040 k=4 m=28 inter=1 colcap=128: NONE visited=5684954 time=4.8s
ACCEPTED 0 0 0 0 0 0 0 19 239 2097 11417 37421 75193 93965 69308 28695 6856 1045 94 4 0 0 0 0 0 0 0 0 0
SHARD 10041 k=4 m=28 inter=1 colcap=128: NONE visited=17189 time=0.0s
ACCEPTED 0 0 0 0 0 0 0 2 16 72 164 155 83 24 0 0 0 0 0 0 0 0 0 0 0 0 0 0 0
SHARD 10042 k=4 m=28 inter=1 colcap=128: NONE visited=206760 time=0.1s
ACCEPTED 0 0 0 0 0 0 0 13 101 507 1445 2084 1568 638 147 27 0 0 0 0 0 0 0 0 0 0 0 0 0
SHARD 10043 k=4 m=28 inter=1 colcap=128: NONE visited=971127 time=0.7s
ACCEPTED 0 0 0 0 0 0 0 18 166 1018 4005 9022 11589 8321 3102 522 75 11 0 0 0 0 0 0 0 0 0 0 0
SHARD 10044 k=4 m=28 inter=1 colcap=128: NONE visited=229911 time=0.2s
ACCEPTED 0 0 0 0 0 0 0 8 69 390 1368 2320 2079 952 228 38 4 0 0 0 0 0 0 0 0 0 0 0 0
SHARD 10045 k=4 m=28 inter=1 colcap=128: NONE visited=232621 time=0.2s
ACCEPTED 0 0 0 0 0 0 0 8 50 265 1013 2118 2430 1669 622 143 12 0 0 0 0 0 0 0 0 0 0 0 0
SHARD 10046 k=4 m=28 inter=1 colcap=128: NONE visited=113367 time=0.1s
ACCEPTED 0 0 0 0 0 0 0 15 109 431 876 912 447 58 3 0 0 0 0 0 0 0 0 0 0 0 0 0 0
SHARD 10047 k=4 m=28 inter=1 colcap=128: NONE visited=553908 time=0.4s
ACCEPTED 0 0 0 0 0 0 0 15 130 713 2352 4688 5817 4475 1911 355 21 1 0 0 0 0 0 0 0 0 0 0 0
SHARD 10048 k=4 m=28 inter=1 colcap=128: NONE visited=299836 time=0.2s
ACCEPTED 0 0 0 0 0 0 0 9 62 336 1229 2761 3530 2268 725 126 22 3 0 0 0 0 0 0 0 0 0 0 0
SHARD 10049 k=4 m=28 inter=1 colcap=128: NONE visited=21274 time=0.0s
ACCEPTED 0 0 0 0 0 0 0 5 22 87 218 234 80 1 0 0 0 0 0 0 0 0 0 0 0 0 0 0 0
SHARD 10050 k=4 m=28 inter=1 colcap=128: NONE visited=54782 time=0.0s
ACCEPTED 0 0 0 0 0 0 0 10 52 180 394 483 278 70 18 2 0 0 0 0 0 0 0 0 0 0 0 0 0
SHARD 10051 k=4 m=28 inter=1 colcap=128: NONE visited=42562 time=0.0s
ACCEPTED 0 0 0 0 0 0 0 5 30 139 366 419 194 48 7 0 0 0 0 0 0 0 0 0 0 0 0 0 0
SHARD 10052 k=4 m=28 inter=1 colcap=128: NONE visited=45778 time=0.0s
ACCEPTED 0 0 0 0 0 0 0 2 18 88 310 651 777 209 2 0 0 0 0 0 0 0 0 0 0 0 0 0 0
SHARD 10053 k=4 m=28 inter=1 colcap=128: NONE visited=144419241 time=175.0s
ACCEPTED 0 0 0 0 0 0 0 34 631 7806 65259 359354 1273169 2843383 3934900 3309585 1656832 485737 84119 6549 290 7 0 0 0 0 0 0 0
SHARD 10054 k=4 m=28 inter=1 colcap=128: NONE visited=701622 time=0.5s
ACCEPTED 0 0 0 0 0 0 0 14 124 758 3133 8053 11970 8263 2468 322 19 0 0 0 0 0 0 0 0 0 0 0 0
SHARD 10055 k=4 m=28 inter=1 colcap=128: NONE visited=8124138 time=8.4s
ACCEPTED 0 0 0 0 0 0 0 19 219 1806 10547 41724 108296 179267 184052 112286 37422 5882 382 2 0 0 0 0 0 0 0 0 0
SHARD 10056 k=4 m=28 inter=1 colcap=128: NONE visited=7879541 time=6.9s
ACCEPTED 0 0 0 0 0 0 0 21 266 2290 13277 49100 110914 148767 119040 56315 14995 2008 128 5 0 0 0 0 0 0 0 0 0
SHARD 10057 k=4 m=28 inter=1 colcap=128: NONE visited=4731102 time=4.4s
ACCEPTED 0 0 0 0 0 0 0 22 273 2157 11010 35872 72581 85544 56739 19990 3504 257 6 0 0 0 0 0 0 0 0 0 0
SHARD 10058 k=4 m=28 inter=1 colcap=128: NONE visited=437076 time=0.4s
ACCEPTED 0 0 0 0 0 0 0 7 51 387 1860 4882 7384 5030 1879 506 50 0 0 0 0 0 0 0 0 0 0 0 0
SHARD 10059 k=4 m=28 inter=1 colcap=128: NONE visited=712604 time=0.5s
ACCEPTED 0 0 0 0 0 0 0 16 158 971 3644 8364 10440 6791 2395 569 79 4 0 0 0 0 0 0 0 0 0 0 0
SHARD 10060 k=4 m=28 inter=1 colcap=128: NONE visited=6264808 time=4.7s
ACCEPTED 0 0 0 0 0 0 0 32 479 4090 20144 56414 89891 83771 46283 15075 2605 185 2 0 0 0 0 0 0 0 0 0 0
SHARD 10061 k=4 m=28 inter=1 colcap=128: NONE visited=2339451 time=2.2s
ACCEPTED 0 0 0 0 0 0 0 9 101 769 4198 14464 31078 40848 32978 15583 4217 677 45 1 0 0 0 0 0 0 0 0 0
SHARD 10062 k=4 m=28 inter=1 colcap=128: NONE visited=13564493 time=12.6s
ACCEPTED 0 0 0 0 0 0 0 31 462 4182 24094 87689 197082 267429 215388 101735 27387 3892 203 2 0 0 0 0 0 0 0 0 0
SHARD 10063 k=4 m=28 inter=1 colcap=128: NONE visited=7211766 time=7.1s
ACCEPTED 0 0 0 0 0 0 0 20 246 2123 12267 45767 106665 154230 140059 79335 27921 4729 516 20 0 0 0 0 0 0 0 0 0
SHARD 10064 k=4 m=28 inter=1 colcap=128: NONE visited=4417922 time=3.4s
ACCEPTED 0 0 0 0 0 0 0 25 329 2709 13616 40223 67154 62275 31682 8762 1303 115 1 0 0 0 0 0 0 0 0 0 0
SHARD 10065 k=4 m=28 inter=1 colcap=128: NONE visited=134999 time=0.1s
ACCEPTED 0 0 0 0 0 0 0 4 23 171 701 1639 1746 937 127 2 0 0 0 0 0 0 0 0 0 0 0 0 0
SHARD 10066 k=4 m=28 inter=1 colcap=128: NONE visited=2109193 time=1.6s
ACCEPTED 0 0 0 0 0 0 0 17 182 1381 6871 19758 31221 27232 12831 3481 578 67 8 1 0 0 0 0 0 0 0 0 0
SHARD 10067 k=4 m=28 inter=1 colcap=128: NONE visited=3368157 time=2.7s
ACCEPTED 0 0 0 0 0 0 0 14 131 984 5194 18137 41088 59131 51277 25519 7370 1245 113 10 1 0 0 0 0 0 0 0 0
SHARD 10068 k=4 m=28 inter=1 colcap=128: NONE visited=226795 time=0.2s
ACCEPTED 0 0 0 0 0 0 0 11 66 286 961 2319 3208 2026 555 64 0 0 0 0 0 0 0 0 0 0 0 0 0
SHARD 10069 k=4 m=28 inter=1 colcap=128: NONE visited=1047932 time=0.7s
ACCEPTED 0 0 0 0 0 0 0 14 129 828 3329 8273 13088 13227 6562 1572 143 0 0 0 0 0 0 0 0 0 0 0 0
SHARD 10070 k=4 m=28 inter=1 colcap=128: NONE visited=2928165 time=2.4s
ACCEPTED 0 0 0 0 0 0 0 12 124 986 5469 19165 39728 46840 31028 11161 2055 238 16 0 0 0 0 0 0 0 0 0 0
SHARD 10071 k=4 m=28 inter=1 colcap=128: NONE visited=36727 time=0.0s
ACCEPTED 0 0 0 0 0 0 0 8 40 137 306 380 237 74 8 0 0 0 0 0 0 0 0 0 0 0 0 0 0
SHARD 10072 k=4 m=28 inter=1 colcap=128: NONE visited=587241 time=0.5s
ACCEPTED 0 0 0 0 0 0 0 10 76 430 1690 4373 7737 10052 9391 5770 2003 329 26 0 0 0 0 0 0 0 0 0 0
SHARD 10073 k=4 m=28 inter=1 colcap=128: NONE visited=147439 time=0.1s
ACCEPTED 0 0 0 0 0 0 0 9 51 198 555 1204 1972 2189 1180 228 17 0 0 0 0 0 0 0 0 0 0 0 0
SHARD 10074 k=4 m=28 inter=1 colcap=128: NONE visited=893751 time=0.7s
ACCEPTED 0 0 0 0 0 0 0 11 86 533 2340 6455 11040 12133 8497 3693 782 53 0 0 0 0 0 0 0 0 0 0 0
SHARD 10075 k=4 m=28 inter=1 colcap=128: NONE visited=22618 time=0.0s
ACCEPTED 0 0 0 0 0 0 0 4 23 97 210 223 96 7 0 0 0 0 0 0 0 0 0 0 0 0 0 0 0
SHARD 10076 k=4 m=28 inter=1 colcap=128: NONE visited=284604 time=0.3s
ACCEPTED 0 0 0 0 0 0 0 3 19 110 548 2171 5345 5311 1605 139 2 0 0 0 0 0 0 0 0 0 0 0 0
SHARD 10077 k=4 m=28 inter=1 colcap=128: NONE visited=14284360 time=11.8s
ACCEPTED 0 0 0 0 0 0 0 23 352 3567 21873 81627 189412 260328 193787 77193 17044 2030 112 3 0 0 0 0 0 0 0 0 0
SHARD 10078 k=4 m=28 inter=1 colcap=128: NONE visited=25016058 time=22.8s
ACCEPTED 0 0 0 0 0 0 0 37 639 6436 39452 147477 335574 461297 379311 186543 54123 9178 891 68 6 0 0 0 0 0 0 0 0
SHARD 10079 k=4 m=28 inter=1 colcap=128: NONE visited=24125154 time=28.5s
ACCEPTED 0 0 0 0 0 0 0 18 247 2466 16880 77723 237226 475930 619751 513180 257345 72605 10181 500 19 0 0 0 0 0 0 0 0
DONE exit=20
