SHARD 3040 k=4 m=28 inter=1 colcap=128: NONE visited=274476 time=0.3s
ACCEPTED 0 0 0 0 0 0 0 14 133 756 2263 3196 1782 340 30 0 0 0 0 0 0 0 0 0 0 0 0 0 0
SHARD 3041 k=4 m=28 inter=1 colcap=128: NONE visited=1028 time=0.0s
ACCEPTED 0 0 0 0 0 0 0 5 7 4 0 0 0 0 0 0 0 0 0 0 0 0 0 0 0 0 0 0 0
SHARD 3042 k=4 m=28 inter=1 colcap=128: NONE visited=73 time=0.0s
ACCEPTED 0 0 0 0 0 0 0 0 0 0 0 0 0 0 0 0 0 0 0 0 0 0 0 0 0 0 0 0 0
SHARD 3043 k=4 m=28 inter=1 colcap=128: NONE visited=74 time=0.0s
ACCEPTED 0 0 0 0 0 0 0 0 0 0 0 0 0 0 0 0 0 0 0 0 0 0 0 0 0 0 0 0 0
SHARD 3044 k=4 m=28 inter=1 colcap=128: NONE visited=73 time=0.0s
ACCEPTED 0 0 0 0 0 0 0 0 0 0 0 0 0 0 0 0 0 0 0 0 0 0 0 0 0 0 0 0 0
SHARD 3045 k=4 m=28 inter=1 colcap=128: NONE visited=129 time=0.0s
ACCEPTED 0 0 0 0 0 0 0 1 0 0 0 0 0 0 0 0 0 0 0 0 0 0 0 0 0 0 0 0 0
SHARD 3046 k=4 m=28 inter=1 colcap=128: NONE visited=3137 time=0.0s
ACCEPTED 0 0 0 0 0 0 0 8 27 28 6 1 0 0 0 0 0 0 0 0 0 0 0 0 0 0 0 0 0
SHARD 3047 k=4 m=28 inter=1 colcap=128: NONE visited=39 time=0.0s
ACCEPTED 0 0 0 0 0 0 0 0 0 0 0 0 0 0 0 0 0 0 0 0 0 0 0 0 0 0 0 0 0
SHARD 3048 k=4 m=28 inter=1 colcap=128: NONE visited=61 time=0.0s
ACCEPTED 0 0 0 0 0 0 0 0 0 0 0 0 0 0 0 0 0 0 0 0 0 0 0 0 0 0 0 0 0
SHARD 3049 k=4 m=28 inter=1 colcap=128: NONE visited=10977 time=0.0s
ACCEPTED 0 0 0 0 0 0 0 10 44 106 76 4 0 0 0 0 0 0 0 0 0 0 0 0 0 0 0 0 0
SHARD 3050 k=4 m=28 inter=1 colcap=128: NONE visited=7434 time=0.0s
ACCEPTED 0 0 0 0 0 0 0 5 20 50 70 45 20 7 0 0 0 0 0 0 0 0 0 0 0 0 0 0 0
SHARD 3051 k=4 m=28 inter=1 colcap=128: NONE visited=1437 time=0.0s
ACCEPTED 0 0 0 0 0 0 0 5 9 11 0 0 0 0 0 0 0 0 0 0 0 0 0 0 0 0 0 0 0
SHARD 3052 k=4 m=28 inter=1 colcap=128: NONE visited=780 time=0.0s
ACCEPTED 0 0 0 0 0 0 0 4 7 10 11 5 0 0 0 0 0 0 0 0 0 0 0 0 0 0 0 0 0
SHARD 3053 k=4 m=28 inter=1 colcap=128: NONE visited=107593 time=0.1s
ACCEPTED 0 0 0 0 0 0 0 11 94 406 1041 1246 582 77 3 0 0 0 0 0 0 0 0 0 0 0 0 0 0
SHARD 3054 k=4 m=28 inter=1 colcap=128: NONE visited=43 time=0.0s
ACCEPTED 0 0 0 0 0 0 0 0 0 0 0 0 0 0 0 0 0 0 0 0 0 0 0 0 0 0 0 0 0
SHARD 3055 k=4 m=28 inter=1 colcap=128: NONE visited=1379163 time=1.1s
ACCEPTED 0 0 0 0 0 0 0 26 362 2829 10514 17504 13168 4402 626 23 0 0 0 0 0 0 0 0 0 0 0 0 0
SHARD 3056 k=4 m=28 inter=1 colcap=128: NONE visited=63424 time=0.0s
ACCEPTED 0 0 0 0 0 0 0 12 85 319 696 629 158 9 0 0 0 0 0 0 0 0 0 0 0 0 0 0 0
SHARD 3057 k=4 m=28 inter=1 colcap=128: NONE visited=157796 time=0.1s
ACCEPTED 0 0 0 0 0 0 0 11 103 573 1484 1760 1174 447 68 3 0 0 0 0 0 0 0 0 0 0 0 0 0
SHARD 3058 k=4 m=28 inter=1 colcap=128: NONE visited=73434 time=0.1s
ACCEPTED 0 0 0 0 0 0 0 8 47 246 731 836 389 118 15 0 0 0 0 0 0 0 0 0 0 0 0 0 0
SHARD 3059 k=4 m=28 inter=1 colcap=128: NONE visited=229244 time=0.2s
ACCEPTED 0 0 0 0 0 0 0 11 113 638 1942 2637 1291 164 0 0 0 0 0 0 0 0 0 0 0 0 0 0 0
SHARD 3060 k=4 m=28 inter=1 colcap=128: NONE visited=798 time=0.0s
ACCEPTED 0 0 0 0 0 0 0 5 5 0 0 0 0 0 0 0 0 0 0 0 0 0 0 0 0 0 0 0 0
SHARD 3061 k=4 m=28 inter=1 colcap=128: NONE visited=1309 time=0.0s
ACCEPTED 0 0 0 0 0 0 0 5 8 4 4 1 0 0 0 0 0 0 0 0 0 0 0 0 0 0 0 0 0
SHARD 3062 k=4 m=28 inter=1 colcap=128: NONE visited=82 time=0.0s
ACCEPTED 0 0 0 0 0 0 0 1 0 0 0 0 0 0 0 0 0 0 0 0 0 0 0 0 0 0 0 0 0
SHARD 3063 k=4 m=28 inter=1 colcap=128: NONE visited=6175 time=0.0s
ACCEPTED 0 0 0 0 0 0 0 5 19 38 55 36 7 2 0 0 0 0 0 0 0 0 0 0 0 0 0 0 0
SHARD 3064 k=4 m=28 inter=1 colcap=128: NONE visited=889421 time=0.7s
ACCEPTED 0 0 0 0 0 0 0 20 245 1775 6329 10942 9431 3891 689 73 2 0 0 0 0 0 0 0 0 0 0 0 0
SHARD 3065 k=4 m=28 inter=1 colcap=128: NONE visited=35204 time=0.0s
ACCEPTED 0 0 0 0 0 0 0 4 21 105 353 460 189 2 0 0 0 0 0 0 0 0 0 0 0 0 0 0 0
SHARD 3066 k=4 m=28 inter=1 colcap=128: NONE visited=1268 time=0.0s
ACCEPTED 0 0 0 0 0 0 0 4 5 12 8 2 0 0 0 0 0 0 0 0 0 0 0 0 0 0 0 0 0
SHARD 3067 k=4 m=28 inter=1 colcap=128: NONE visited=23916 time=0.0s
ACCEPTED 0 0 0 0 0 0 0 13 46 95 139 180 160 58 3 0 0 0 0 0 0 0 0 0 0 0 0 0 0
SHARD 3068 k=4 m=28 inter=1 colcap=128: NONE visited=125080 time=0.1s
ACCEPTED 0 0 0 0 0 0 0 16 109 426 981 1283 834 265 23 0 0 0 0 0 0 0 0 0 0 0 0 0 0
SHARD 3069 k=4 m=28 inter=1 colcap=128: NONE visited=259 time=0.0s
ACCEPTED 0 0 0 0 0 0 0 3 2 0 0 0 0 0 0 0 0 0 0 0 0 0 0 0 0 0 0 0 0
SHARD 3070 k=4 m=28 inter=1 colcap=128: NONE visited=2304 time=0.0s
ACCEPTED 0 0 0 0 0 0 0 2 12 27 20 5 0 0 0 0 0 0 0 0 0 0 0 0 0 0 0 0 0
SHARD 3071 k=4 m=28 inter=1 colcap=128: NONE visited=71382 time=0.1s
ACCEPTED 0 0 0 0 0 0 0 5 32 144 499 882 765 324 60 5 0 0 0 0 0 0 0 0 0 0 0 0 0
SHARD 3072 k=4 m=28 inter=1 colcap=128: NONE visited=6314 time=0.0s
ACCEPTED 0 0 0 0 0 0 0 5 16 35 56 56 17 1 0 0 0 0 0 0 0 0 0 0 0 0 0 0 0
SHARD 3073 k=4 m=28 inter=1 colcap=128: NONE visited=5327 time=0.0s
ACCEPTED 0 0 0 0 0 0 0 2 14 46 112 78 10 0 0 0 0 0 0 0 0 0 0 0 0 0 0 0 0
SHARD 3074 k=4 m=28 inter=1 colcap=128: NONE visited=3274064 time=3.1s
ACCEPTED 0 0 0 0 0 0 0 18 200 1551 7798 23777 42865 46972 32416 15872 6941 2334 431 31 0 0 0 0 0 0 0 0 0
SHARD 3075 k=4 m=28 inter=1 colcap=128: NONE visited=15852380 time=26.1s
ACCEPTED 0 0 0 0 0 0 0 5 30 181 915 3625 11208 26922 51696 84738 126687 187700 233443 201420 79532 0 0 0 0 0 0 0 0
SHARD 3076 k=4 m=28 inter=1 colcap=128: NONE visited=51402 time=0.0s
ACCEPTED 0 0 0 0 0 0 0 9 54 201 519 763 430 138 11 0 0 0 0 0 0 0 0 0 0 0 0 0 0
SHARD 3077 k=4 m=28 inter=1 colcap=128: NONE visited=394463 time=0.3s
ACCEPTED 0 0 0 0 0 0 0 14 120 591 1635 2684 2904 2498 1437 796 270 2 0 0 0 0 0 0 0 0 0 0 0
SHARD 3078 k=4 m=28 inter=1 colcap=128: NONE visited=72346 time=0.1s
ACCEPTED 0 0 0 0 0 0 0 6 39 174 510 938 1012 592 123 45 0 0 0 0 0 0 0 0 0 0 0 0 0
SHARD 3079 k=4 m=28 inter=1 colcap=128: NONE visited=24883 time=0.0s
ACCEPTED 0 0 0 0 0 0 0 10 52 171 289 265 124 47 4 0 0 0 0 0 0 0 0 0 0 0 0 0 0
DONE exit=20
