SHARD 3280 k=4 m=28 inter=1 colcap=128: NONE visited=23205 time=0.0s
ACCEPTED 0 0 0 0 0 0 0 5 33 121 237 171 35 2 0 0 0 0 0 0 0 0 0 0 0 0 0 0 0
SHARD 3281 k=4 m=28 inter=1 colcap=128: NONE visited=533620 time=0.3s
ACCEPTED 0 0 0 0 0 0 0 20 199 1126 3552 5776 4918 2325 580 96 6 0 0 0 0 0 0 0 0 0 0 0 0
SHARD 3282 k=4 m=28 inter=1 colcap=128: NONE visited=1213647 time=1.0s
ACCEPTED 0 0 0 0 0 0 0 14 141 985 4336 11187 16433 13493 6269 1707 264 10 0 0 0 0 0 0 0 0 0 0 0
SHARD 3283 k=4 m=28 inter=1 colcap=128: NONE visited=170314 time=0.1s
ACCEPTED 0 0 0 0 0 0 0 7 46 252 976 1901 1643 662 128 13 0 0 0 0 0 0 0 0 0 0 0 0 0
SHARD 3284 k=4 m=28 inter=1 colcap=128: NONE visited=3968531 time=4.0s
ACCEPTED 0 0 0 0 0 0 0 9 116 1083 6821 25402 54596 66503 44325 16048 2868 250 16 2 0 0 0 0 0 0 0 0 0
SHARD 3285 k=4 m=28 inter=1 colcap=128: NONE visited=3637186 time=3.2s
ACCEPTED 0 0 0 0 0 0 0 20 280 2519 12583 33841 48446 38382 16222 3590 321 11 0 0 0 0 0 0 0 0 0 0 0
SHARD 3286 k=4 m=28 inter=1 colcap=128: NONE visited=11022 time=0.0s
ACCEPTED 0 0 0 0 0 0 0 3 21 78 118 58 1 0 0 0 0 0 0 0 0 0 0 0 0 0 0 0 0
SHARD 3287 k=4 m=28 inter=1 colcap=128: NONE visited=276541 time=0.2s
ACCEPTED 0 0 0 0 0 0 0 23 213 964 2321 2912 1641 434 49 1 0 0 0 0 0 0 0 0 0 0 0 0 0
SHARD 3288 k=4 m=28 inter=1 colcap=128: NONE visited=1427022 time=1.0s
ACCEPTED 0 0 0 0 0 0 0 32 418 2739 9285 16273 14531 6699 1473 129 3 0 0 0 0 0 0 0 0 0 0 0 0
SHARD 3289 k=4 m=28 inter=1 colcap=128: NONE visited=3997 time=0.0s
ACCEPTED 0 0 0 0 0 0 0 3 14 37 19 10 1 0 0 0 0 0 0 0 0 0 0 0 0 0 0 0 0
SHARD 3290 k=4 m=28 inter=1 colcap=128: NONE visited=14905 time=0.0s
ACCEPTED 0 0 0 0 0 0 0 6 31 108 112 52 8 0 0 0 0 0 0 0 0 0 0 0 0 0 0 0 0
SHARD 3291 k=4 m=28 inter=1 colcap=128: NONE visited=9788 time=0.0s
ACCEPTED 0 0 0 0 0 0 0 3 8 27 63 98 72 24 4 0 0 0 0 0 0 0 0 0 0 0 0 0 0
SHARD 3292 k=4 m=28 inter=1 colcap=128: NONE visited=629589 time=0.5s
ACCEPTED 0 0 0 0 0 0 0 14 157 1080 4016 7211 6496 2669 408 20 0 0 0 0 0 0 0 0 0 0 0 0 0
SHARD 3293 k=4 m=28 inter=1 colcap=128: NONE visited=4386055 time=3.6s
ACCEPTED 0 0 0 0 0 0 0 21 337 3110 15578 41695 58491 39075 11504 1688 94 1 0 0 0 0 0 0 0 0 0 0 0
SHARD 3294 k=4 m=28 inter=1 colcap=128: NONE visited=322569 time=0.2s
ACCEPTED 0 0 0 0 0 0 0 18 143 739 2225 3552 2985 1230 244 10 0 0 0 0 0 0 0 0 0 0 0 0 0
SHARD 3295 k=4 m=28 inter=1 colcap=128: NONE visited=5480934 time=4.3s
ACCEPTED 0 0 0 0 0 0 0 38 587 4751 19971 43829 51953 33839 13738 4138 1244 4 0 0 0 0 0 0 0 0 0 0 0
SHARD 3296 k=4 m=28 inter=1 colcap=128: NONE visited=1062045 time=0.9s
ACCEPTED 0 0 0 0 0 0 0 21 239 1628 6177 12234 12180 6028 1524 178 9 1 0 0 0 0 0 0 0 0 0 0 0
SHARD 3297 k=4 m=28 inter=1 colcap=128: NONE visited=14121198 time=11.8s
ACCEPTED 0 0 0 0 0 0 0 30 467 4372 24013 75154 134017 141978 103835 60037 24068 2896 166 88 31 0 0 0 0 0 0 0 0
SHARD 3298 k=4 m=28 inter=1 colcap=128: NONE visited=2149165 time=1.7s
ACCEPTED 0 0 0 0 0 0 0 32 435 3200 12859 25734 24721 10562 1881 125 2 0 0 0 0 0 0 0 0 0 0 0 0
SHARD 3299 k=4 m=28 inter=1 colcap=128: NONE visited=3328 time=0.0s
ACCEPTED 0 0 0 0 0 0 0 7 20 29 18 5 1 0 0 0 0 0 0 0 0 0 0 0 0 0 0 0 0
SHARD 3300 k=4 m=28 inter=1 colcap=128: NONE visited=32795 time=0.0s
ACCEPTED 0 0 0 0 0 0 0 14 66 163 237 176 54 3 0 0 0 0 0 0 0 0 0 0 0 0 0 0 0
SHARD 3301 k=4 m=28 inter=1 colcap=128: NONE visited=10511 time=0.0s
ACCEPTED 0 0 0 0 0 0 0 9 33 71 86 55 13 0 0 0 0 0 0 0 0 0 0 0 0 0 0 0 0
SHARD 3302 k=4 m=28 inter=1 colcap=128: NONE visited=228063 time=0.2s
ACCEPTED 0 0 0 0 0 0 0 14 94 429 1240 2162 2095 1059 300 43 0 0 0 0 0 0 0 0 0 0 0 0 0
SHARD 3303 k=4 m=28 inter=1 colcap=128: NONE visited=5346517 time=4.2s
ACCEPTED 0 0 0 0 0 0 0 21 347 3245 15156 36943 50492 44058 26177 10124 2874 30 0 0 0 0 0 0 0 0 0 0 0
SHARD 3304 k=4 m=28 inter=1 colcap=128: NONE visited=127224 time=0.1s
ACCEPTED 0 0 0 0 0 0 0 13 83 383 1110 1392 708 132 5 0 0 0 0 0 0 0 0 0 0 0 0 0 0
SHARD 3305 k=4 m=28 inter=1 colcap=128: NONE visited=2299 time=0.0s
ACCEPTED 0 0 0 0 0 0 0 3 11 20 12 1 0 0 0 0 0 0 0 0 0 0 0 0 0 0 0 0 0
SHARD 3306 k=4 m=28 inter=1 colcap=128: NONE visited=6635 time=0.0s
ACCEPTED 0 0 0 0 0 0 0 4 10 22 49 67 44 14 1 0 0 0 0 0 0 0 0 0 0 0 0 0 0
SHARD 3307 k=4 m=28 inter=1 colcap=128: NONE visited=3967 time=0.0s
ACCEPTED 0 0 0 0 0 0 0 5 12 31 37 9 0 0 0 0 0 0 0 0 0 0 0 0 0 0 0 0 0
SHARD 3308 k=4 m=28 inter=1 colcap=128: NONE visited=56 time=0.0s
ACCEPTED 0 0 0 0 0 0 0 1 0 0 0 0 0 0 0 0 0 0 0 0 0 0 0 0 0 0 0 0 0
SHARD 3309 k=4 m=28 inter=1 colcap=128: NONE visited=126 time=0.0s
ACCEPTED 0 0 0 0 0 0 0 2 2 0 0 0 0 0 0 0 0 0 0 0 0 0 0 0 0 0 0 0 0
SHARD 3310 k=4 m=28 inter=1 colcap=128: NONE visited=148 time=0.0s
ACCEPTED 0 0 0 0 0 0 0 1 1 0 0 0 0 0 0 0 0 0 0 0 0 0 0 0 0 0 0 0 0
SHARD 3311 k=4 m=28 inter=1 colcap=128: NONE visited=80 time=0.0s
ACCEPTED 0 0 0 0 0 0 0 1 0 0 0 0 0 0 0 0 0 0 0 0 0 0 0 0 0 0 0 0 0
SHARD 3312 k=4 m=28 inter=1 colcap=128: NONE visited=4597 time=0.0s
ACCEPTED 0 0 0 0 0 0 0 5 17 39 49 15 1 0 0 0 0 0 0 0 0 0 0 0 0 0 0 0 0
SHARD 3313 k=4 m=28 inter=1 colcap=128: NONE visited=30977 time=0.0s
ACCEPTED 0 0 0 0 0 0 0 20 156 369 282 63 0 0 0 0 0 0 0 0 0 0 0 0 0 0 0 0 0
SHARD 3314 k=4 m=28 inter=1 colcap=128: NONE visited=4257 time=0.0s
ACCEPTED 0 0 0 0 0 0 0 14 51 31 1 0 0 0 0 0 0 0 0 0 0 0 0 0 0 0 0 0 0
SHARD 3315 k=4 m=28 inter=1 colcap=128: NONE visited=13784 time=0.0s
ACCEPTED 0 0 0 0 0 0 0 18 89 131 60 0 0 0 0 0 0 0 0 0 0 0 0 0 0 0 0 0 0
SHARD 3316 k=4 m=28 inter=1 colcap=128: NONE visited=3253 time=0.0s
ACCEPTED 0 0 0 0 0 0 0 11 33 26 2 0 0 0 0 0 0 0 0 0 0 0 0 0 0 0 0 0 0
SHARD 3317 k=4 m=28 inter=1 colcap=128: NONE visited=15347 time=0.0s
ACCEPTED 0 0 0 0 0 0 0 22 106 135 59 13 0 0 0 0 0 0 0 0 0 0 0 0 0 0 0 0 0
SHARD 3318 k=4 m=28 inter=1 colcap=128: NONE visited=14097 time=0.0s
ACCEPTED 0 0 0 0 0 0 0 13 72 115 74 15 2 0 0 0 0 0 0 0 0 0 0 0 0 0 0 0 0
SHARD 3319 k=4 m=28 inter=1 colcap=128: NONE visited=355 time=0.0s
ACCEPTED 0 0 0 0 0 0 0 4 4 1 0 0 0 0 0 0 0 0 0 0 0 0 0 0 0 0 0 0 0
DONE exit=20
