SHARD 3960 k=4 m=28 inter=1 colcap=128: NONE visited=6922 time=0.0s
ACCEPTED 0 0 0 0 0 0 0 7 28 57 53 12 0 0 0 0 0 0 0 0 0 0 0 0 0 0 0 0 0
SHARD 3961 k=4 m=28 inter=1 colcap=128: NONE visited=48147 time=0.0s
ACCEPTED 0 0 0 0 0 0 0 9 65 261 475 375 114 7 0 0 0 0 0 0 0 0 0 0 0 0 0 0 0
SHARD 3962 k=4 m=28 inter=1 colcap=128: NONE visited=111 time=0.0s
ACCEPTED 0 0 0 0 0 0 0 1 0 0 0 0 0 0 0 0 0 0 0 0 0 0 0 0 0 0 0 0 0
SHARD 3963 k=4 m=28 inter=1 colcap=128: NONE visited=67 time=0.0s
ACCEPTED 0 0 0 0 0 0 0 0 0 0 0 0 0 0 0 0 0 0 0 0 0 0 0 0 0 0 0 0 0
SHARD 3964 k=4 m=28 inter=1 colcap=128: NONE visited=3237541 time=2.4s
ACCEPTED 0 0 0 0 0 0 0 58 1137 8805 28200 40071 25269 6845 851 58 2 0 0 0 0 0 0 0 0 0 0 0 0
SHARD 3965 k=4 m=28 inter=1 colcap=128: NONE visited=2651425 time=1.9s
ACCEPTED 0 0 0 0 0 0 0 32 544 4524 17089 28553 23058 10894 2992 445 47 1 0 0 0 0 0 0 0 0 0 0 0
SHARD 3966 k=4 m=28 inter=1 colcap=128: NONE visited=1228991 time=0.8s
ACCEPTED 0 0 0 0 0 0 0 31 524 3708 10942 13103 6918 1985 254 8 0 0 0 0 0 0 0 0 0 0 0 0 0
SHARD 3967 k=4 m=28 inter=1 colcap=128: NONE visited=665757 time=0.4s
ACCEPTED 0 0 0 0 0 0 0 43 563 2797 5915 5739 2814 689 87 0 0 0 0 0 0 0 0 0 0 0 0 0 0
SHARD 3968 k=4 m=28 inter=1 colcap=128: NONE visited=10740270 time=8.8s
ACCEPTED 0 0 0 0 0 0 0 55 1146 11008 50656 114929 133656 82254 28143 5335 515 19 0 0 0 0 0 0 0 0 0 0 0
SHARD 3969 k=4 m=28 inter=1 colcap=128: NONE visited=1970818 time=1.5s
ACCEPTED 0 0 0 0 0 0 0 45 718 4916 14945 21112 15082 5938 1307 155 12 0 0 0 0 0 0 0 0 0 0 0 0
SHARD 3970 k=4 m=28 inter=1 colcap=128: NONE visited=1331154 time=1.0s
ACCEPTED 0 0 0 0 0 0 0 44 587 3068 8098 13188 13628 7573 1708 140 6 0 0 0 0 0 0 0 0 0 0 0 0
SHARD 3971 k=4 m=28 inter=1 colcap=128: NONE visited=694134 time=0.5s
ACCEPTED 0 0 0 0 0 0 0 39 557 3177 7936 7867 2596 262 5 0 0 0 0 0 0 0 0 0 0 0 0 0 0
SHARD 3972 k=4 m=28 inter=1 colcap=128: NONE visited=8755332 time=7.0s
ACCEPTED 0 0 0 0 0 0 0 62 1319 11408 44828 89056 97346 61073 24218 6478 900 50 1 0 0 0 0 0 0 0 0 0 0
SHARD 3973 k=4 m=28 inter=1 colcap=128: NONE visited=14543 time=0.0s
ACCEPTED 0 0 0 0 0 0 0 12 71 152 115 16 2 0 0 0 0 0 0 0 0 0 0 0 0 0 0 0 0
SHARD 3974 k=4 m=28 inter=1 colcap=128: NONE visited=490474 time=0.3s
ACCEPTED 0 0 0 0 0 0 0 43 550 2662 4984 4208 1743 228 8 0 0 0 0 0 0 0 0 0 0 0 0 0 0
SHARD 3975 k=4 m=28 inter=1 colcap=128: NONE visited=104824 time=0.1s
ACCEPTED 0 0 0 0 0 0 0 29 248 786 967 530 134 10 0 0 0 0 0 0 0 0 0 0 0 0 0 0 0
SHARD 3976 k=4 m=28 inter=1 colcap=128: NONE visited=399757 time=0.3s
ACCEPTED 0 0 0 0 0 0 0 28 297 1456 3515 4016 2053 526 62 1 0 0 0 0 0 0 0 0 0 0 0 0 0
SHARD 3977 k=4 m=28 inter=1 colcap=128: NONE visited=264823 time=0.2s
ACCEPTED 0 0 0 0 0 0 0 29 301 1346 2695 2292 800 129 8 1 0 0 0 0 0 0 0 0 0 0 0 0 0
SHARD 3978 k=4 m=28 inter=1 colcap=128: NONE visited=335768 time=0.2s
ACCEPTED 0 0 0 0 0 0 0 33 375 1669 3077 2850 1422 298 15 0 0 0 0 0 0 0 0 0 0 0 0 0 0
SHARD 3979 k=4 m=28 inter=1 colcap=128: NONE visited=157308 time=0.1s
ACCEPTED 0 0 0 0 0 0 0 32 306 1078 1404 865 252 22 0 0 0 0 0 0 0 0 0 0 0 0 0 0 0
SHARD 3980 k=4 m=28 inter=1 colcap=128: NONE visited=386376 time=0.2s
ACCEPTED 0 0 0 0 0 0 0 30 336 1672 3708 3586 1490 240 11 0 0 0 0 0 0 0 0 0 0 0 0 0 0
SHARD 3981 k=4 m=28 inter=1 colcap=128: NONE visited=670011 time=0.4s
ACCEPTED 0 0 0 0 0 0 0 48 697 3500 6883 5948 2422 564 92 9 0 0 0 0 0 0 0 0 0 0 0 0 0
SHARD 3982 k=4 m=28 inter=1 colcap=128: NONE visited=173202 time=0.1s
ACCEPTED 0 0 0 0 0 0 0 30 287 1132 1801 1159 339 38 0 0 0 0 0 0 0 0 0 0 0 0 0 0 0
SHARD 3983 k=4 m=28 inter=1 colcap=128: NONE visited=111664 time=0.1s
ACCEPTED 0 0 0 0 0 0 0 28 228 744 999 670 191 23 3 0 0 0 0 0 0 0 0 0 0 0 0 0 0
SHARD 3984 k=4 m=28 inter=1 colcap=128: NONE visited=322493 time=0.3s
ACCEPTED 0 0 0 0 0 0 0 29 287 1305 2806 3112 1964 774 174 19 2 0 0 0 0 0 0 0 0 0 0 0 0
SHARD 3985 k=4 m=28 inter=1 colcap=128: NONE visited=174392 time=0.1s
ACCEPTED 0 0 0 0 0 0 0 28 274 1105 1682 1041 268 27 1 0 0 0 0 0 0 0 0 0 0 0 0 0 0
SHARD 3986 k=4 m=28 inter=1 colcap=128: NONE visited=267391 time=0.2s
ACCEPTED 0 0 0 0 0 0 0 27 264 1194 2570 2621 1213 233 20 0 0 0 0 0 0 0 0 0 0 0 0 0 0
SHARD 3987 k=4 m=28 inter=1 colcap=128: NONE visited=10541 time=0.0s
ACCEPTED 0 0 0 0 0 0 0 14 57 85 31 1 0 0 0 0 0 0 0 0 0 0 0 0 0 0 0 0 0
SHARD 3988 k=4 m=28 inter=1 colcap=128: NONE visited=347330 time=0.2s
ACCEPTED 0 0 0 0 0 0 0 30 324 1508 3327 3764 2204 573 60 3 0 0 0 0 0 0 0 0 0 0 0 0 0
SHARD 3989 k=4 m=28 inter=1 colcap=128: NONE visited=49344 time=0.0s
ACCEPTED 0 0 0 0 0 0 0 17 87 223 368 352 176 61 5 0 0 0 0 0 0 0 0 0 0 0 0 0 0
SHARD 3990 k=4 m=28 inter=1 colcap=128: NONE visited=42504 time=0.0s
ACCEPTED 0 0 0 0 0 0 0 18 109 273 294 156 21 0 0 0 0 0 0 0 0 0 0 0 0 0 0 0 0
SHARD 3991 k=4 m=28 inter=1 colcap=128: NONE visited=3648 time=0.0s
ACCEPTED 0 0 0 0 0 0 0 5 13 29 20 2 0 0 0 0 0 0 0 0 0 0 0 0 0 0 0 0 0
SHARD 3992 k=4 m=28 inter=1 colcap=128: NONE visited=340895 time=0.2s
ACCEPTED 0 0 0 0 0 0 0 36 395 1663 2950 2108 742 166 7 0 0 0 0 0 0 0 0 0 0 0 0 0 0
SHARD 3993 k=4 m=28 inter=1 colcap=128: NONE visited=459812 time=0.3s
ACCEPTED 0 0 0 0 0 0 0 33 394 1935 3945 3436 1391 325 30 0 0 0 0 0 0 0 0 0 0 0 0 0 0
SHARD 3994 k=4 m=28 inter=1 colcap=128: NONE visited=655556 time=0.4s
ACCEPTED 0 0 0 0 0 0 0 32 362 1856 4660 6044 4261 1772 376 55 11 1 0 0 0 0 0 0 0 0 0 0 0
SHARD 3995 k=4 m=28 inter=1 colcap=128: NONE visited=269311 time=0.2s
ACCEPTED 0 0 0 0 0 0 0 29 312 1431 2671 1889 493 64 2 0 0 0 0 0 0 0 0 0 0 0 0 0 0
SHARD 3996 k=4 m=28 inter=1 colcap=128: NONE visited=37210 time=0.0s
ACCEPTED 0 0 0 0 0 0 0 14 82 269 370 152 18 3 0 0 0 0 0 0 0 0 0 0 0 0 0 0 0
SHARD 3997 k=4 m=28 inter=1 colcap=128: NONE visited=46468 time=0.0s
ACCEPTED 0 0 0 0 0 0 0 18 107 329 425 227 44 2 0 0 0 0 0 0 0 0 0 0 0 0 0 0 0
SHARD 3998 k=4 m=28 inter=1 colcap=128: NONE visited=186489 time=0.1s
ACCEPTED 0 0 0 0 0 0 0 18 155 684 1502 1666 903 249 28 2 0 0 0 0 0 0 0 0 0 0 0 0 0
SHARD 3999 k=4 m=28 inter=1 colcap=128: NONE visited=24940 time=0.0s
ACCEPTED 0 0 0 0 0 0 0 16 73 185 206 58 1 0 0 0 0 0 0 0 0 0 0 0 0 0 0 0 0
DONE exit=20
