SHARD 5600 k=4 m=28 inter=1 colcap=128: NONE visited=213919 time=0.1s
ACCEPTED 0 0 0 0 0 0 0 32 296 1078 1879 1523 538 78 1 0 0 0 0 0 0 0 0 0 0 0 0 0 0
SHARD 5601 k=4 m=28 inter=1 colcap=128: NONE visited=136548 time=0.1s
ACCEPTED 0 0 0 0 0 0 0 22 172 625 1194 1143 590 186 33 5 0 0 0 0 0 0 0 0 0 0 0 0 0
SHARD 5602 k=4 m=28 inter=1 colcap=128: NONE visited=396764 time=0.2s
ACCEPTED 0 0 0 0 0 0 0 29 306 1451 3349 3757 2005 557 69 6 0 0 0 0 0 0 0 0 0 0 0 0 0
SHARD 5603 k=4 m=28 inter=1 colcap=128: NONE visited=817319 time=0.6s
ACCEPTED 0 0 0 0 0 0 0 38 480 2532 5776 6508 4247 1546 130 3 0 0 0 0 0 0 0 0 0 0 0 0 0
SHARD 5604 k=4 m=28 inter=1 colcap=128: NONE visited=1677042 time=1.5s
ACCEPTED 0 0 0 0 0 0 0 41 595 3861 12511 19681 14105 4415 740 86 7 0 0 0 0 0 0 0 0 0 0 0 0
SHARD 5605 k=4 m=28 inter=1 colcap=128: NONE visited=263029 time=0.2s
ACCEPTED 0 0 0 0 0 0 0 28 268 1133 2345 2027 724 96 3 0 0 0 0 0 0 0 0 0 0 0 0 0 0
SHARD 5606 k=4 m=28 inter=1 colcap=128: NONE visited=105407 time=0.1s
ACCEPTED 0 0 0 0 0 0 0 22 176 642 928 582 101 7 0 0 0 0 0 0 0 0 0 0 0 0 0 0 0
SHARD 5607 k=4 m=28 inter=1 colcap=128: NONE visited=148029 time=0.1s
ACCEPTED 0 0 0 0 0 0 0 24 215 866 1410 907 216 29 3 0 0 0 0 0 0 0 0 0 0 0 0 0 0
SHARD 5608 k=4 m=28 inter=1 colcap=128: NONE visited=160187 time=0.1s
ACCEPTED 0 0 0 0 0 0 0 18 141 567 1141 1344 780 134 5 0 0 0 0 0 0 0 0 0 0 0 0 0 0
SHARD 5609 k=4 m=28 inter=1 colcap=128: NONE visited=14178 time=0.0s
ACCEPTED 0 0 0 0 0 0 0 15 54 95 60 26 12 1 0 0 0 0 0 0 0 0 0 0 0 0 0 0 0
SHARD 5610 k=4 m=28 inter=1 colcap=128: NONE visited=582789 time=0.4s
ACCEPTED 0 0 0 0 0 0 0 27 293 1520 4291 6585 4904 1840 519 103 17 6 1 0 0 0 0 0 0 0 0 0 0
SHARD 5611 k=4 m=28 inter=1 colcap=128: NONE visited=29334 time=0.0s
ACCEPTED 0 0 0 0 0 0 0 18 92 200 181 63 4 0 0 0 0 0 0 0 0 0 0 0 0 0 0 0 0
SHARD 5612 k=4 m=28 inter=1 colcap=128: NONE visited=6334 time=0.0s
ACCEPTED 0 0 0 0 0 0 0 6 15 51 39 16 2 0 0 0 0 0 0 0 0 0 0 0 0 0 0 0 0
SHARD 5613 k=4 m=28 inter=1 colcap=128: NONE visited=1080753 time=0.8s
ACCEPTED 0 0 0 0 0 0 0 33 389 2024 5563 8323 6792 2980 516 1 0 0 0 0 0 0 0 0 0 0 0 0 0
SHARD 5614 k=4 m=28 inter=1 colcap=128: NONE visited=2103763 time=1.4s
ACCEPTED 0 0 0 0 0 0 0 39 576 3890 12601 19606 14607 5942 1580 269 42 2 0 0 0 0 0 0 0 0 0 0 0
SHARD 5615 k=4 m=28 inter=1 colcap=128: NONE visited=1887342 time=1.4s
ACCEPTED 0 0 0 0 0 0 0 31 399 2545 8478 14372 13065 7562 1941 50 4 0 0 0 0 0 0 0 0 0 0 0 0
SHARD 5616 k=4 m=28 inter=1 colcap=128: NONE visited=104670 time=0.1s
ACCEPTED 0 0 0 0 0 0 0 18 116 505 970 773 229 43 2 1 0 0 0 0 0 0 0 0 0 0 0 0 0
SHARD 5617 k=4 m=28 inter=1 colcap=128: NONE visited=122756 time=0.1s
ACCEPTED 0 0 0 0 0 0 0 16 108 458 1008 1089 638 223 35 4 0 0 0 0 0 0 0 0 0 0 0 0 0
SHARD 5618 k=4 m=28 inter=1 colcap=128: NONE visited=307392 time=0.2s
ACCEPTED 0 0 0 0 0 0 0 22 210 1037 2511 2737 1334 283 25 1 0 0 0 0 0 0 0 0 0 0 0 0 0
SHARD 5619 k=4 m=28 inter=1 colcap=128: NONE visited=121579 time=0.1s
ACCEPTED 0 0 0 0 0 0 0 17 106 488 1045 952 312 29 0 0 0 0 0 0 0 0 0 0 0 0 0 0 0
SHARD 5620 k=4 m=28 inter=1 colcap=128: NONE visited=6481 time=0.0s
ACCEPTED 0 0 0 0 0 0 0 4 21 45 54 10 0 0 0 0 0 0 0 0 0 0 0 0 0 0 0 0 0
SHARD 5621 k=4 m=28 inter=1 colcap=128: NONE visited=63811 time=0.0s
ACCEPTED 0 0 0 0 0 0 0 14 90 334 560 437 139 10 0 0 0 0 0 0 0 0 0 0 0 0 0 0 0
SHARD 5622 k=4 m=28 inter=1 colcap=128: NONE visited=33105 time=0.0s
ACCEPTED 0 0 0 0 0 0 0 12 68 203 296 186 27 3 0 0 0 0 0 0 0 0 0 0 0 0 0 0 0
SHARD 5623 k=4 m=28 inter=1 colcap=128: NONE visited=261406 time=0.2s
ACCEPTED 0 0 0 0 0 0 0 30 306 1299 2355 1805 709 155 19 1 0 0 0 0 0 0 0 0 0 0 0 0 0
SHARD 5624 k=4 m=28 inter=1 colcap=128: NONE visited=1643235 time=1.1s
ACCEPTED 0 0 0 0 0 0 0 34 421 2482 7828 13447 12063 5731 1632 104 7 0 0 0 0 0 0 0 0 0 0 0 0
SHARD 5625 k=4 m=28 inter=1 colcap=128: NONE visited=210058 time=0.1s
ACCEPTED 0 0 0 0 0 0 0 20 149 709 1714 2011 1082 295 41 1 0 0 0 0 0 0 0 0 0 0 0 0 0
SHARD 5626 k=4 m=28 inter=1 colcap=128: NONE visited=180511 time=0.1s
ACCEPTED 0 0 0 0 0 0 0 28 259 979 1519 1048 263 15 0 0 0 0 0 0 0 0 0 0 0 0 0 0 0
SHARD 5627 k=4 m=28 inter=1 colcap=128: NONE visited=150611 time=0.1s
ACCEPTED 0 0 0 0 0 0 0 23 198 779 1388 1103 308 18 0 0 0 0 0 0 0 0 0 0 0 0 0 0 0
SHARD 5628 k=4 m=28 inter=1 colcap=128: NONE visited=279508 time=0.2s
ACCEPTED 0 0 0 0 0 0 0 30 279 1039 2074 2354 1009 145 0 0 0 0 0 0 0 0 0 0 0 0 0 0 0
SHARD 5629 k=4 m=28 inter=1 colcap=128: NONE visited=1755774 time=1.1s
ACCEPTED 0 0 0 0 0 0 0 29 344 2116 7462 15180 16593 8087 1701 102 3 0 0 0 0 0 0 0 0 0 0 0 0
SHARD 5630 k=4 m=28 inter=1 colcap=128: NONE visited=78903 time=0.0s
ACCEPTED 0 0 0 0 0 0 0 13 96 382 689 529 151 32 3 0 0 0 0 0 0 0 0 0 0 0 0 0 0
SHARD 5631 k=4 m=28 inter=1 colcap=128: NONE visited=10240 time=0.0s
ACCEPTED 0 0 0 0 0 0 0 7 36 84 56 11 0 0 0 0 0 0 0 0 0 0 0 0 0 0 0 0 0
SHARD 5632 k=4 m=28 inter=1 colcap=128: NONE visited=43577 time=0.0s
ACCEPTED 0 0 0 0 0 0 0 12 72 209 297 250 91 16 1 0 0 0 0 0 0 0 0 0 0 0 0 0 0
SHARD 5633 k=4 m=28 inter=1 colcap=128: NONE visited=14262 time=0.0s
ACCEPTED 0 0 0 0 0 0 0 9 51 110 98 36 5 0 0 0 0 0 0 0 0 0 0 0 0 0 0 0 0
SHARD 5634 k=4 m=28 inter=1 colcap=128: NONE visited=1917 time=0.0s
ACCEPTED 0 0 0 0 0 0 0 2 12 15 4 0 0 0 0 0 0 0 0 0 0 0 0 0 0 0 0 0 0
SHARD 5635 k=4 m=28 inter=1 colcap=128: NONE visited=15133 time=0.0s
ACCEPTED 0 0 0 0 0 0 0 4 28 92 133 82 11 0 0 0 0 0 0 0 0 0 0 0 0 0 0 0 0
SHARD 5636 k=4 m=28 inter=1 colcap=128: NONE visited=2387 time=0.0s
ACCEPTED 0 0 0 0 0 0 0 3 11 22 8 1 0 0 0 0 0 0 0 0 0 0 0 0 0 0 0 0 0
SHARD 5637 k=4 m=28 inter=1 colcap=128: NONE visited=27500 time=0.0s
ACCEPTED 0 0 0 0 0 0 0 14 78 191 203 99 16 0 0 0 0 0 0 0 0 0 0 0 0 0 0 0 0
SHARD 5638 k=4 m=28 inter=1 colcap=128: NONE visited=28123 time=0.0s
ACCEPTED 0 0 0 0 0 0 0 14 83 209 229 134 27 1 0 0 0 0 0 0 0 0 0 0 0 0 0 0 0
SHARD 5639 k=4 m=28 inter=1 colcap=128: NONE visited=5617 time=0.0s
ACCEPTED 0 0 0 0 0 0 0 5 19 38 36 8 0 0 0 0 0 0 0 0 0 0 0 0 0 0 0 0 0
DONE exit=20
