SHARD 1880 k=4 m=28 inter=1 colcap=128: NONE visited=19143588 time=23.1s
ACCEPTED 0 0 0 0 0 0 0 29 462 4703 29832 114095 259964 357581 308604 177517 71502 19940 3451 212 0 0 0 0 0 0 0 0 0
SHARD 1881 k=4 m=28 inter=1 colcap=128: NONE visited=1017462 time=1.1s
ACCEPTED 0 0 0 0 0 0 0 20 225 1600 6481 13630 13827 6247 916 28 0 0 0 0 0 0 0 0 0 0 0 0 0
SHARD 1882 k=4 m=28 inter=1 colcap=128: NONE visited=51428226 time=60.9s
ACCEPTED 0 0 0 0 0 0 0 48 1037 12598 88026 347124 752618 895187 627262 294715 118323 37186 1284 56 2 0 0 0 0 0 0 0 0
SHARD 1883 k=4 m=28 inter=1 colcap=128: NONE visited=25135486 time=30.9s
ACCEPTED 0 0 0 0 0 0 0 34 586 6085 37431 135361 292351 394168 366494 262824 149173 46415 138 0 0 0 0 0 0 0 0 0 0
SHARD 1884 k=4 m=28 inter=1 colcap=128: NONE visited=604632 time=0.5s
ACCEPTED 0 0 0 0 0 0 0 14 147 974 3637 7814 7970 3594 584 7 0 0 0 0 0 0 0 0 0 0 0 0 0
SHARD 1885 k=4 m=28 inter=1 colcap=128: NONE visited=1801532 time=1.7s
ACCEPTED 0 0 0 0 0 0 0 28 357 2512 9680 20295 23299 15112 5508 1183 131 1 0 0 0 0 0 0 0 0 0 0 0
SHARD 1886 k=4 m=28 inter=1 colcap=128: NONE visited=670992 time=0.6s
ACCEPTED 0 0 0 0 0 0 0 16 151 914 3386 7441 9246 6061 2247 457 24 0 0 0 0 0 0 0 0 0 0 0 0
SHARD 1887 k=4 m=28 inter=1 colcap=128: NONE visited=23680261 time=29.2s
ACCEPTED 0 0 0 0 0 0 0 33 546 5525 34530 130713 292805 397254 339833 197334 83004 13513 368 8 0 0 0 0 0 0 0 0 0
SHARD 1888 k=4 m=28 inter=1 colcap=128: NONE visited=1746351 time=2.3s
ACCEPTED 0 0 0 0 0 0 0 12 112 799 4320 15594 32699 34764 21099 8711 2415 441 62 0 0 0 0 0 0 0 0 0 0
SHARD 1889 k=4 m=28 inter=1 colcap=128: NONE visited=170455 time=0.2s
ACCEPTED 0 0 0 0 0 0 0 9 70 476 1597 2474 1721 434 18 0 0 0 0 0 0 0 0 0 0 0 0 0 0
SHARD 1890 k=4 m=28 inter=1 colcap=128: NONE visited=210771 time=0.2s
ACCEPTED 0 0 0 0 0 0 0 21 168 753 1870 2522 1610 502 27 0 0 0 0 0 0 0 0 0 0 0 0 0 0
SHARD 1891 k=4 m=28 inter=1 colcap=128: NONE visited=171726 time=0.2s
ACCEPTED 0 0 0 0 0 0 0 13 70 246 630 1314 2080 2010 935 189 3 0 0 0 0 0 0 0 0 0 0 0 0
SHARD 1892 k=4 m=28 inter=1 colcap=128: NONE visited=3475996 time=3.6s
ACCEPTED 0 0 0 0 0 0 0 20 222 1634 7989 24140 43913 47028 30244 11952 2538 164 2 0 0 0 0 0 0 0 0 0 0
SHARD 1893 k=4 m=28 inter=1 colcap=128: NONE visited=6441245 time=6.9s
ACCEPTED 0 0 0 0 0 0 0 31 451 3696 17332 47108 79291 85303 56815 20918 4088 459 9 0 0 0 0 0 0 0 0 0 0
SHARD 1894 k=4 m=28 inter=1 colcap=128: NONE visited=8836899 time=11.4s
ACCEPTED 0 0 0 0 0 0 0 21 266 2302 12883 44565 96466 133372 127328 85221 45958 11272 2 0 0 0 0 0 0 0 0 0 0
SHARD 1895 k=4 m=28 inter=1 colcap=128: NONE visited=3768291 time=4.2s
ACCEPTED 0 0 0 0 0 0 0 18 184 1264 6378 21927 47131 58890 37601 12239 1951 178 20 0 0 0 0 0 0 0 0 0 0
SHARD 1896 k=4 m=28 inter=1 colcap=128: NONE visited=6662 time=0.0s
ACCEPTED 0 0 0 0 0 0 0 2 14 43 78 70 26 1 0 0 0 0 0 0 0 0 0 0 0 0 0 0 0
SHARD 1897 k=4 m=28 inter=1 colcap=128: NONE visited=43812 time=0.0s
ACCEPTED 0 0 0 0 0 0 0 8 54 232 538 447 150 27 3 0 0 0 0 0 0 0 0 0 0 0 0 0 0
SHARD 1898 k=4 m=28 inter=1 colcap=128: NONE visited=70261 time=0.1s
ACCEPTED 0 0 0 0 0 0 0 5 24 126 436 808 762 360 54 1 0 0 0 0 0 0 0 0 0 0 0 0 0
SHARD 1899 k=4 m=28 inter=1 colcap=128: NONE visited=4646745 time=4.2s
ACCEPTED 0 0 0 0 0 0 0 20 222 1769 10122 35728 66526 63208 30843 5139 248 8 0 0 0 0 0 0 0 0 0 0 0
SHARD 1900 k=4 m=28 inter=1 colcap=128: NONE visited=3678811 time=4.0s
ACCEPTED 0 0 0 0 0 0 0 15 141 1218 7964 29781 54706 48093 22028 4182 448 31 0 0 0 0 0 0 0 0 0 0 0
SHARD 1901 k=4 m=28 inter=1 colcap=128: NONE visited=4693531 time=5.1s
ACCEPTED 0 0 0 0 0 0 0 15 158 1269 7093 24809 51494 65901 58040 36745 19010 3628 27 0 0 0 0 0 0 0 0 0 0
SHARD 1902 k=4 m=28 inter=1 colcap=128: NONE visited=584296 time=0.6s
ACCEPTED 0 0 0 0 0 0 0 11 80 497 2196 5995 9015 6903 2776 573 105 33 5 0 0 0 0 0 0 0 0 0 0
SHARD 1903 k=4 m=28 inter=1 colcap=128: NONE visited=141601 time=0.1s
ACCEPTED 0 0 0 0 0 0 0 11 75 343 962 1600 1389 564 105 6 0 0 0 0 0 0 0 0 0 0 0 0 0
SHARD 1904 k=4 m=28 inter=1 colcap=128: NONE visited=8981 time=0.0s
ACCEPTED 0 0 0 0 0 0 0 2 8 23 61 109 117 64 8 0 0 0 0 0 0 0 0 0 0 0 0 0 0
SHARD 1905 k=4 m=28 inter=1 colcap=128: NONE visited=36 time=0.0s
ACCEPTED 0 0 0 0 0 0 0 0 0 0 0 0 0 0 0 0 0 0 0 0 0 0 0 0 0 0 0 0 0
SHARD 1906 k=4 m=28 inter=1 colcap=128: NONE visited=34329530 time=37.9s
ACCEPTED 0 0 0 0 0 0 0 70 1809 21635 128136 367490 496700 361020 150930 38425 4058 21 0 0 0 0 0 0 0 0 0 0 0
SHARD 1907 k=4 m=28 inter=1 colcap=128: NONE visited=1463553 time=1.7s
ACCEPTED 0 0 0 0 0 0 0 33 377 2121 7544 16175 19052 11200 3234 399 13 0 0 0 0 0 0 0 0 0 0 0 0
SHARD 1908 k=4 m=28 inter=1 colcap=128: NONE visited=8090697 time=9.1s
ACCEPTED 0 0 0 0 0 0 0 30 500 4576 22195 58285 86256 74548 44233 28699 10393 5 0 0 0 0 0 0 0 0 0 0 0
SHARD 1909 k=4 m=28 inter=1 colcap=128: NONE visited=1732607 time=1.4s
ACCEPTED 0 0 0 0 0 0 0 32 412 2671 10145 20627 19241 7247 1354 154 4 0 0 0 0 0 0 0 0 0 0 0 0
SHARD 1910 k=4 m=28 inter=1 colcap=128: NONE visited=6673373 time=6.2s
ACCEPTED 0 0 0 0 0 0 0 27 476 4562 22140 54345 71241 52896 25899 12668 4289 1 0 0 0 0 0 0 0 0 0 0 0
SHARD 1911 k=4 m=28 inter=1 colcap=128: NONE visited=111213 time=0.1s
ACCEPTED 0 0 0 0 0 0 0 27 206 711 1112 632 197 15 0 0 0 0 0 0 0 0 0 0 0 0 0 0 0
SHARD 1912 k=4 m=28 inter=1 colcap=128: NONE visited=7105289 time=7.3s
ACCEPTED 0 0 0 0 0 0 0 35 619 6077 32117 81560 92266 47930 12084 1390 103 0 0 0 0 0 0 0 0 0 0 0 0
SHARD 1913 k=4 m=28 inter=1 colcap=128: NONE visited=205 time=0.0s
ACCEPTED 0 0 0 0 0 0 0 2 2 0 0 0 0 0 0 0 0 0 0 0 0 0 0 0 0 0 0 0 0
SHARD 1914 k=4 m=28 inter=1 colcap=128: NONE visited=24967 time=0.0s
ACCEPTED 0 0 0 0 0 0 0 18 112 209 204 77 7 0 0 0 0 0 0 0 0 0 0 0 0 0 0 0 0
SHARD 1915 k=4 m=28 inter=1 colcap=128: NONE visited=457477 time=0.4s
ACCEPTED 0 0 0 0 0 0 0 18 187 1005 3187 5154 3487 605 44 0 0 0 0 0 0 0 0 0 0 0 0 0 0
SHARD 1916 k=4 m=28 inter=1 colcap=128: NONE visited=544 time=0.0s
ACCEPTED 0 0 0 0 0 0 0 3 2 0 0 0 0 0 0 0 0 0 0 0 0 0 0 0 0 0 0 0 0
SHARD 1917 k=4 m=28 inter=1 colcap=128: NONE visited=1121 time=0.0s
ACCEPTED 0 0 0 0 0 0 0 8 9 3 0 0 0 0 0 0 0 0 0 0 0 0 0 0 0 0 0 0 0
SHARD 1918 k=4 m=28 inter=1 colcap=128: NONE visited=5207 time=0.0s
ACCEPTED 0 0 0 0 0 0 0 10 45 53 21 3 0 0 0 0 0 0 0 0 0 0 0 0 0 0 0 0 0
SHARD 1919 k=4 m=28 inter=1 colcap=128: NONE visited=1149 time=0.0s
ACCEPTED 0 0 0 0 0 0 0 7 7 2 0 0 0 0 0 0 0 0 0 0 0 0 0 0 0 0 0 0 0
DONE exit=20
