SHARD 7080 k=4 m=28 inter=1 colcap=128: NONE visited=55004 time=0.0s
ACCEPTED 0 0 0 0 0 0 0 16 92 297 455 295 46 0 0 0 0 0 0 0 0 0 0 0 0 0 0 0 0
SHARD 7081 k=4 m=28 inter=1 colcap=128: NONE visited=115445 time=0.1s
ACCEPTED 0 0 0 0 0 0 0 11 58 337 831 949 372 14 0 0 0 0 0 0 0 0 0 0 0 0 0 0 0
SHARD 7082 k=4 m=28 inter=1 colcap=128: NONE visited=1438 time=0.0s
ACCEPTED 0 0 0 0 0 0 0 2 11 8 0 0 0 0 0 0 0 0 0 0 0 0 0 0 0 0 0 0 0
SHARD 7083 k=4 m=28 inter=1 colcap=128: NONE visited=32532 time=0.0s
ACCEPTED 0 0 0 0 0 0 0 14 84 200 201 120 51 12 1 0 0 0 0 0 0 0 0 0 0 0 0 0 0
SHARD 7084 k=4 m=28 inter=1 colcap=128: NONE visited=2932 time=0.0s
ACCEPTED 0 0 0 0 0 0 0 3 13 18 11 5 0 0 0 0 0 0 0 0 0 0 0 0 0 0 0 0 0
SHARD 7085 k=4 m=28 inter=1 colcap=128: NONE visited=12934 time=0.0s
ACCEPTED 0 0 0 0 0 0 0 5 32 87 98 28 1 0 0 0 0 0 0 0 0 0 0 0 0 0 0 0 0
SHARD 7086 k=4 m=28 inter=1 colcap=128: NONE visited=624 time=0.0s
ACCEPTED 0 0 0 0 0 0 0 2 3 2 0 0 0 0 0 0 0 0 0 0 0 0 0 0 0 0 0 0 0
SHARD 7087 k=4 m=28 inter=1 colcap=128: NONE visited=94 time=0.0s
ACCEPTED 0 0 0 0 0 0 0 0 0 0 0 0 0 0 0 0 0 0 0 0 0 0 0 0 0 0 0 0 0
SHARD 7088 k=4 m=28 inter=1 colcap=128: NONE visited=38778000 time=35.4s
ACCEPTED 0 0 0 0 0 0 0 28 496 5090 31315 113955 247684 339157 327903 263773 223195 218538 217613 168776 76626 11 0 0 0 0 0 0 0
SHARD 7089 k=4 m=28 inter=1 colcap=128: NONE visited=5961311 time=3.6s
ACCEPTED 0 0 0 0 0 0 0 47 838 7018 28909 60364 65653 39652 14118 3722 742 131 0 0 0 0 0 0 0 0 0 0 0
SHARD 7090 k=4 m=28 inter=1 colcap=128: NONE visited=14278572 time=9.9s
ACCEPTED 0 0 0 0 0 0 0 32 686 7715 44919 133592 199674 150993 60918 14625 2232 214 6 0 0 0 0 0 0 0 0 0 0
SHARD 7091 k=4 m=28 inter=1 colcap=128: NONE visited=1286774 time=0.8s
ACCEPTED 0 0 0 0 0 0 0 32 455 3103 10310 16080 10897 3269 666 164 34 4 0 0 0 0 0 0 0 0 0 0 0
SHARD 7092 k=4 m=28 inter=1 colcap=128: NONE visited=9909 time=0.0s
ACCEPTED 0 0 0 0 0 0 0 8 32 77 71 14 0 0 0 0 0 0 0 0 0 0 0 0 0 0 0 0 0
SHARD 7093 k=4 m=28 inter=1 colcap=128: NONE visited=239179 time=0.1s
ACCEPTED 0 0 0 0 0 0 0 24 212 956 2128 2069 719 58 1 0 0 0 0 0 0 0 0 0 0 0 0 0 0
SHARD 7094 k=4 m=28 inter=1 colcap=128: NONE visited=309325 time=0.2s
ACCEPTED 0 0 0 0 0 0 0 18 148 725 2044 3276 3014 1706 543 94 10 0 0 0 0 0 0 0 0 0 0 0 0
SHARD 7095 k=4 m=28 inter=1 colcap=128: NONE visited=2006395 time=1.2s
ACCEPTED 0 0 0 0 0 0 0 25 296 2060 8142 17669 21250 14923 6172 1842 455 74 0 0 0 0 0 0 0 0 0 0 0
SHARD 7096 k=4 m=28 inter=1 colcap=128: NONE visited=1721599 time=1.0s
ACCEPTED 0 0 0 0 0 0 0 19 219 1621 6912 16273 20382 13605 4986 1064 56 0 0 0 0 0 0 0 0 0 0 0 0
SHARD 7097 k=4 m=28 inter=1 colcap=128: NONE visited=26107 time=0.0s
ACCEPTED 0 0 0 0 0 0 0 10 49 143 223 102 19 0 0 0 0 0 0 0 0 0 0 0 0 0 0 0 0
SHARD 7098 k=4 m=28 inter=1 colcap=128: NONE visited=812861 time=0.6s
ACCEPTED 0 0 0 0 0 0 0 18 173 997 3432 7004 8515 6260 2740 744 98 3 0 0 0 0 0 0 0 0 0 0 0
SHARD 7099 k=4 m=28 inter=1 colcap=128: NONE visited=1244349 time=0.8s
ACCEPTED 0 0 0 0 0 0 0 13 161 1231 5505 13157 16011 9373 2447 267 8 0 0 0 0 0 0 0 0 0 0 0 0
SHARD 7100 k=4 m=28 inter=1 colcap=128: NONE visited=185060 time=0.1s
ACCEPTED 0 0 0 0 0 0 0 20 172 738 1732 1755 709 120 11 1 0 0 0 0 0 0 0 0 0 0 0 0 0
SHARD 7101 k=4 m=28 inter=1 colcap=128: NONE visited=6997143 time=5.1s
ACCEPTED 0 0 0 0 0 0 0 20 299 2848 15791 49409 87657 89458 52445 16159 1988 110 2 0 0 0 0 0 0 0 0 0 0
SHARD 7102 k=4 m=28 inter=1 colcap=128: NONE visited=1328711 time=0.8s
ACCEPTED 0 0 0 0 0 0 0 14 168 1216 4924 10523 12068 8741 4521 1145 387 0 0 0 0 0 0 0 0 0 0 0 0
SHARD 7103 k=4 m=28 inter=1 colcap=128: NONE visited=99148 time=0.1s
ACCEPTED 0 0 0 0 0 0 0 11 78 402 910 903 318 34 1 0 0 0 0 0 0 0 0 0 0 0 0 0 0
SHARD 7104 k=4 m=28 inter=1 colcap=128: NONE visited=170043 time=0.1s
ACCEPTED 0 0 0 0 0 0 0 9 54 250 759 1448 1803 1339 421 34 2 0 0 0 0 0 0 0 0 0 0 0 0
SHARD 7105 k=4 m=28 inter=1 colcap=128: NONE visited=1066428 time=0.7s
ACCEPTED 0 0 0 0 0 0 0 23 258 1704 6308 12030 11277 5583 1497 233 22 1 0 0 0 0 0 0 0 0 0 0 0
SHARD 7106 k=4 m=28 inter=1 colcap=128: NONE visited=75162 time=0.0s
ACCEPTED 0 0 0 0 0 0 0 16 102 338 624 613 287 46 3 0 0 0 0 0 0 0 0 0 0 0 0 0 0
SHARD 7107 k=4 m=28 inter=1 colcap=128: NONE visited=261501 time=0.2s
ACCEPTED 0 0 0 0 0 0 0 17 124 523 1311 2087 2181 1494 614 124 62 0 0 0 0 0 0 0 0 0 0 0 0
SHARD 7108 k=4 m=28 inter=1 colcap=128: NONE visited=859460 time=0.6s
ACCEPTED 0 0 0 0 0 0 0 15 177 1309 5375 10933 10646 4933 1101 128 8 0 0 0 0 0 0 0 0 0 0 0 0
SHARD 7109 k=4 m=28 inter=1 colcap=128: NONE visited=4886 time=0.0s
ACCEPTED 0 0 0 0 0 0 0 3 11 44 26 11 1 0 0 0 0 0 0 0 0 0 0 0 0 0 0 0 0
SHARD 7110 k=4 m=28 inter=1 colcap=128: NONE visited=11832 time=0.0s
ACCEPTED 0 0 0 0 0 0 0 5 20 68 89 50 7 1 0 0 0 0 0 0 0 0 0 0 0 0 0 0 0
SHARD 7111 k=4 m=28 inter=1 colcap=128: NONE visited=1329141 time=0.9s
ACCEPTED 0 0 0 0 0 0 0 19 195 1226 4797 11559 16836 13576 5814 1325 168 8 0 0 0 0 0 0 0 0 0 0 0
SHARD 7112 k=4 m=28 inter=1 colcap=128: NONE visited=461101 time=0.3s
ACCEPTED 0 0 0 0 0 0 0 20 187 992 3061 4957 3945 1747 425 54 5 0 0 0 0 0 0 0 0 0 0 0 0
SHARD 7113 k=4 m=28 inter=1 colcap=128: NONE visited=2988272 time=2.0s
ACCEPTED 0 0 0 0 0 0 0 19 239 2083 10498 28084 38849 27833 10388 1992 197 7 0 0 0 0 0 0 0 0 0 0 0
SHARD 7114 k=4 m=28 inter=1 colcap=128: NONE visited=2937 time=0.0s
ACCEPTED 0 0 0 0 0 0 0 3 12 22 13 2 0 0 0 0 0 0 0 0 0 0 0 0 0 0 0 0 0
SHARD 7115 k=4 m=28 inter=1 colcap=128: NONE visited=63337 time=0.0s
ACCEPTED 0 0 0 0 0 0 0 7 35 143 358 485 429 274 117 22 1 0 0 0 0 0 0 0 0 0 0 0 0
SHARD 7116 k=4 m=28 inter=1 colcap=128: NONE visited=35173 time=0.0s
ACCEPTED 0 0 0 0 0 0 0 5 28 119 310 336 163 40 1 0 0 0 0 0 0 0 0 0 0 0 0 0 0
SHARD 7117 k=4 m=28 inter=1 colcap=128: NONE visited=430083 time=0.2s
ACCEPTED 0 0 0 0 0 0 0 54 762 3201 4697 2350 623 57 2 0 0 0 0 0 0 0 0 0 0 0 0 0 0
SHARD 7118 k=4 m=28 inter=1 colcap=128: NONE visited=2102344 time=1.1s
ACCEPTED 0 0 0 0 0 0 0 37 667 5226 16836 22512 12623 2558 169 4 0 0 0 0 0 0 0 0 0 0 0 0 0
SHARD 7119 k=4 m=28 inter=1 colcap=128: NONE visited=128589 time=0.1s
ACCEPTED 0 0 0 0 0 0 0 33 359 1193 1282 450 23 0 0 0 0 0 0 0 0 0 0 0 0 0 0 0 0
DONE exit=20
