SHARD 3240 k=4 m=28 inter=1 colcap=128: NONE visited=116256 time=0.1s
ACCEPTED 0 0 0 0 0 0 0 10 70 276 624 872 803 602 318 56 14 0 0 0 0 0 0 0 0 0 0 0 0
SHARD 3241 k=4 m=28 inter=1 colcap=128: NONE visited=57048 time=0.0s
ACCEPTED 0 0 0 0 0 0 0 20 143 387 483 309 94 24 3 0 0 0 0 0 0 0 0 0 0 0 0 0 0
SHARD 3242 k=4 m=28 inter=1 colcap=128: NONE visited=2717 time=0.0s
ACCEPTED 0 0 0 0 0 0 0 5 12 22 12 2 0 0 0 0 0 0 0 0 0 0 0 0 0 0 0 0 0
SHARD 3243 k=4 m=28 inter=1 colcap=128: NONE visited=31985 time=0.0s
ACCEPTED 0 0 0 0 0 0 0 14 73 180 266 236 106 34 12 1 0 0 0 0 0 0 0 0 0 0 0 0 0
SHARD 3244 k=4 m=28 inter=1 colcap=128: NONE visited=403087 time=0.4s
ACCEPTED 0 0 0 0 0 0 0 19 195 1159 3647 5668 4414 1753 430 69 5 0 0 0 0 0 0 0 0 0 0 0 0
SHARD 3245 k=4 m=28 inter=1 colcap=128: NONE visited=115129 time=0.1s
ACCEPTED 0 0 0 0 0 0 0 6 30 128 421 958 1140 575 151 14 4 0 0 0 0 0 0 0 0 0 0 0 0
SHARD 3246 k=4 m=28 inter=1 colcap=128: NONE visited=386283 time=0.4s
ACCEPTED 0 0 0 0 0 0 0 13 92 388 1102 2499 3794 3678 2390 1036 294 8 0 0 0 0 0 0 0 0 0 0 0
SHARD 3247 k=4 m=28 inter=1 colcap=128: NONE visited=20371 time=0.0s
ACCEPTED 0 0 0 0 0 0 0 10 46 125 166 100 42 11 0 0 0 0 0 0 0 0 0 0 0 0 0 0 0
SHARD 3248 k=4 m=28 inter=1 colcap=128: NONE visited=2083 time=0.0s
ACCEPTED 0 0 0 0 0 0 0 5 11 15 11 3 0 0 0 0 0 0 0 0 0 0 0 0 0 0 0 0 0
SHARD 3249 k=4 m=28 inter=1 colcap=128: NONE visited=53440 time=0.0s
ACCEPTED 0 0 0 0 0 0 0 9 56 211 462 556 322 85 9 0 0 0 0 0 0 0 0 0 0 0 0 0 0
SHARD 3250 k=4 m=28 inter=1 colcap=128: NONE visited=667 time=0.0s
ACCEPTED 0 0 0 0 0 0 0 4 4 0 0 0 0 0 0 0 0 0 0 0 0 0 0 0 0 0 0 0 0
SHARD 3251 k=4 m=28 inter=1 colcap=128: NONE visited=6665 time=0.0s
ACCEPTED 0 0 0 0 0 0 0 2 3 10 53 89 39 0 0 0 0 0 0 0 0 0 0 0 0 0 0 0 0
SHARD 3252 k=4 m=28 inter=1 colcap=128: NONE visited=61741 time=0.0s
ACCEPTED 0 0 0 0 0 0 0 5 33 177 467 588 380 66 6 1 0 0 0 0 0 0 0 0 0 0 0 0 0
SHARD 3253 k=4 m=28 inter=1 colcap=128: NONE visited=55492 time=0.0s
ACCEPTED 0 0 0 0 0 0 0 16 96 330 575 501 152 14 1 0 0 0 0 0 0 0 0 0 0 0 0 0 0
SHARD 3254 k=4 m=28 inter=1 colcap=128: NONE visited=93518 time=0.1s
ACCEPTED 0 0 0 0 0 0 0 7 47 251 730 938 517 155 21 1 0 0 0 0 0 0 0 0 0 0 0 0 0
SHARD 3255 k=4 m=28 inter=1 colcap=128: NONE visited=477 time=0.0s
ACCEPTED 0 0 0 0 0 0 0 1 4 2 0 0 0 0 0 0 0 0 0 0 0 0 0 0 0 0 0 0 0
SHARD 3256 k=4 m=28 inter=1 colcap=128: NONE visited=2376 time=0.0s
ACCEPTED 0 0 0 0 0 0 0 2 6 17 21 7 1 0 0 0 0 0 0 0 0 0 0 0 0 0 0 0 0
SHARD 3257 k=4 m=28 inter=1 colcap=128: NONE visited=3017 time=0.0s
ACCEPTED 0 0 0 0 0 0 0 7 19 30 16 3 0 0 0 0 0 0 0 0 0 0 0 0 0 0 0 0 0
SHARD 3258 k=4 m=28 inter=1 colcap=128: NONE visited=75147 time=0.1s
ACCEPTED 0 0 0 0 0 0 0 14 88 337 701 786 466 134 16 0 0 0 0 0 0 0 0 0 0 0 0 0 0
SHARD 3259 k=4 m=28 inter=1 colcap=128: NONE visited=18218 time=0.0s
ACCEPTED 0 0 0 0 0 0 0 10 51 133 156 115 58 12 1 0 0 0 0 0 0 0 0 0 0 0 0 0 0
SHARD 3260 k=4 m=28 inter=1 colcap=128: NONE visited=24447 time=0.0s
ACCEPTED 0 0 0 0 0 0 0 12 66 184 210 111 37 2 0 0 0 0 0 0 0 0 0 0 0 0 0 0 0
SHARD 3261 k=4 m=28 inter=1 colcap=128: NONE visited=668 time=0.0s
ACCEPTED 0 0 0 0 0 0 0 3 5 4 0 0 0 0 0 0 0 0 0 0 0 0 0 0 0 0 0 0 0
SHARD 3262 k=4 m=28 inter=1 colcap=128: NONE visited=98 time=0.0s
ACCEPTED 0 0 0 0 0 0 0 1 0 0 0 0 0 0 0 0 0 0 0 0 0 0 0 0 0 0 0 0 0
SHARD 3263 k=4 m=28 inter=1 colcap=128: NONE visited=199338 time=0.2s
ACCEPTED 0 0 0 0 0 0 0 15 127 601 1533 2094 1655 712 140 4 0 0 0 0 0 0 0 0 0 0 0 0 0
SHARD 3264 k=4 m=28 inter=1 colcap=128: NONE visited=299427 time=0.3s
ACCEPTED 0 0 0 0 0 0 0 9 64 338 1235 3070 4948 4960 2909 996 121 9 0 0 0 0 0 0 0 0 0 0 0
SHARD 3265 k=4 m=28 inter=1 colcap=128: NONE visited=24329 time=0.0s
ACCEPTED 0 0 0 0 0 0 0 9 38 107 197 213 98 11 2 0 0 0 0 0 0 0 0 0 0 0 0 0 0
SHARD 3266 k=4 m=28 inter=1 colcap=128: NONE visited=139791 time=0.2s
ACCEPTED 0 0 0 0 0 0 0 5 24 111 406 1149 2156 2548 1799 673 111 3 0 0 0 0 0 0 0 0 0 0 0
SHARD 3267 k=4 m=28 inter=1 colcap=128: NONE visited=12830 time=0.0s
ACCEPTED 0 0 0 0 0 0 0 6 23 58 98 95 51 13 1 0 0 0 0 0 0 0 0 0 0 0 0 0 0
SHARD 3268 k=4 m=28 inter=1 colcap=128: NONE visited=166431 time=0.1s
ACCEPTED 0 0 0 0 0 0 0 9 64 361 1262 2373 2133 797 133 12 0 0 0 0 0 0 0 0 0 0 0 0 0
SHARD 3269 k=4 m=28 inter=1 colcap=128: NONE visited=9874 time=0.0s
ACCEPTED 0 0 0 0 0 0 0 1 9 34 98 114 27 0 0 0 0 0 0 0 0 0 0 0 0 0 0 0 0
SHARD 3270 k=4 m=28 inter=1 colcap=128: NONE visited=44670 time=0.0s
ACCEPTED 0 0 0 0 0 0 0 5 23 156 466 388 113 6 0 0 0 0 0 0 0 0 0 0 0 0 0 0 0
SHARD 3271 k=4 m=28 inter=1 colcap=128: NONE visited=119434 time=0.1s
ACCEPTED 0 0 0 0 0 0 0 6 37 245 870 1362 926 300 42 5 0 0 0 0 0 0 0 0 0 0 0 0 0
SHARD 3272 k=4 m=28 inter=1 colcap=128: NONE visited=1196367 time=1.0s
ACCEPTED 0 0 0 0 0 0 0 25 289 1845 6475 12362 13744 9408 3764 718 41 0 0 0 0 0 0 0 0 0 0 0 0
SHARD 3273 k=4 m=28 inter=1 colcap=128: NONE visited=336082 time=0.2s
ACCEPTED 0 0 0 0 0 0 0 21 210 1096 2803 3471 2164 538 53 1 0 0 0 0 0 0 0 0 0 0 0 0 0
SHARD 3274 k=4 m=28 inter=1 colcap=128: NONE visited=744783 time=0.6s
ACCEPTED 0 0 0 0 0 0 0 22 241 1441 4755 8239 7206 3353 976 193 23 0 0 0 0 0 0 0 0 0 0 0 0
SHARD 3275 k=4 m=28 inter=1 colcap=128: NONE visited=569531 time=0.4s
ACCEPTED 0 0 0 0 0 0 0 12 121 838 3219 6526 6434 2698 505 48 3 0 0 0 0 0 0 0 0 0 0 0 0
SHARD 3276 k=4 m=28 inter=1 colcap=128: NONE visited=18514890 time=18.9s
ACCEPTED 0 0 0 0 0 0 0 26 454 5030 32713 120789 251379 294474 194212 74860 18582 3272 136 4 0 0 0 0 0 0 0 0 0
SHARD 3277 k=4 m=28 inter=1 colcap=128: NONE visited=1635940 time=1.3s
ACCEPTED 0 0 0 0 0 0 0 17 222 1707 7245 16461 19791 13232 5068 979 81 2 0 0 0 0 0 0 0 0 0 0 0
SHARD 3278 k=4 m=28 inter=1 colcap=128: NONE visited=202080 time=0.1s
ACCEPTED 0 0 0 0 0 0 0 15 103 507 1448 2142 1751 688 112 8 1 0 0 0 0 0 0 0 0 0 0 0 0
SHARD 3279 k=4 m=28 inter=1 colcap=128: NONE visited=2640819 time=2.4s
ACCEPTED 0 0 0 0 0 0 0 24 309 2398 10875 27726 37168 25137 8129 1330 87 5 0 0 0 0 0 0 0 0 0 0 0
DONE exit=20
