SHARD 2200 k=4 m=28 inter=1 colcap=128: NONE visited=445399 time=0.3s
ACCEPTED 0 0 0 0 0 0 0 19 227 1332 3685 4708 2629 680 92 4 0 0 0 0 0 0 0 0 0 0 0 0 0
SHARD 2201 k=4 m=28 inter=1 colcap=128: NONE visited=551407 time=0.4s
ACCEPTED 0 0 0 0 0 0 0 29 316 1619 4167 5448 3695 1550 452 78 6 0 0 0 0 0 0 0 0 0 0 0 0
SHARD 2202 k=4 m=28 inter=1 colcap=128: NONE visited=16271 time=0.0s
ACCEPTED 0 0 0 0 0 0 0 14 60 106 81 36 13 0 0 0 0 0 0 0 0 0 0 0 0 0 0 0 0
SHARD 2203 k=4 m=28 inter=1 colcap=128: NONE visited=164433 time=0.1s
ACCEPTED 0 0 0 0 0 0 0 16 155 737 1519 1329 470 73 2 0 0 0 0 0 0 0 0 0 0 0 0 0 0
SHARD 2204 k=4 m=28 inter=1 colcap=128: NONE visited=4325323 time=3.6s
ACCEPTED 0 0 0 0 0 0 0 25 430 4165 20347 46709 49110 25327 7598 1282 71 0 0 0 0 0 0 0 0 0 0 0 0
SHARD 2205 k=4 m=28 inter=1 colcap=128: NONE visited=697245 time=0.5s
ACCEPTED 0 0 0 0 0 0 0 16 193 1327 4780 7942 5473 1555 195 7 0 0 0 0 0 0 0 0 0 0 0 0 0
SHARD 2206 k=4 m=28 inter=1 colcap=128: NONE visited=590333 time=0.4s
ACCEPTED 0 0 0 0 0 0 0 30 306 1688 5147 6978 3672 601 46 1 0 0 0 0 0 0 0 0 0 0 0 0 0
SHARD 2207 k=4 m=28 inter=1 colcap=128: NONE visited=447600 time=0.4s
ACCEPTED 0 0 0 0 0 0 0 26 270 1359 3489 4294 2670 1218 596 177 16 1 0 0 0 0 0 0 0 0 0 0 0
SHARD 2208 k=4 m=28 inter=1 colcap=128: NONE visited=7052 time=0.0s
ACCEPTED 0 0 0 0 0 0 0 9 29 53 30 2 0 0 0 0 0 0 0 0 0 0 0 0 0 0 0 0 0
SHARD 2209 k=4 m=28 inter=1 colcap=128: NONE visited=4420 time=0.0s
ACCEPTED 0 0 0 0 0 0 0 3 9 23 33 26 7 0 0 0 0 0 0 0 0 0 0 0 0 0 0 0 0
SHARD 2210 k=4 m=28 inter=1 colcap=128: NONE visited=204 time=0.0s
ACCEPTED 0 0 0 0 0 0 0 1 2 0 0 0 0 0 0 0 0 0 0 0 0 0 0 0 0 0 0 0 0
SHARD 2211 k=4 m=28 inter=1 colcap=128: NONE visited=18360229 time=13.8s
ACCEPTED 0 0 0 0 0 0 0 68 1627 15956 69902 150210 156586 79750 15251 224 46 0 0 0 0 0 0 0 0 0 0 0 0
SHARD 2212 k=4 m=28 inter=1 colcap=128: NONE visited=333468 time=0.2s
ACCEPTED 0 0 0 0 0 0 0 14 192 1168 2837 2525 910 195 20 0 0 0 0 0 0 0 0 0 0 0 0 0 0
SHARD 2213 k=4 m=28 inter=1 colcap=128: NONE visited=494014 time=0.2s
ACCEPTED 0 0 0 0 0 0 0 45 628 2898 4675 2191 271 21 2 0 0 0 0 0 0 0 0 0 0 0 0 0 0
SHARD 2214 k=4 m=28 inter=1 colcap=128: NONE visited=30977 time=0.0s
ACCEPTED 0 0 0 0 0 0 0 17 115 190 192 86 3 0 0 0 0 0 0 0 0 0 0 0 0 0 0 0 0
SHARD 2215 k=4 m=28 inter=1 colcap=128: NONE visited=909 time=0.0s
ACCEPTED 0 0 0 0 0 0 0 5 8 2 0 0 0 0 0 0 0 0 0 0 0 0 0 0 0 0 0 0 0
SHARD 2216 k=4 m=28 inter=1 colcap=128: NONE visited=8106 time=0.0s
ACCEPTED 0 0 0 0 0 0 0 15 43 61 14 3 0 0 0 0 0 0 0 0 0 0 0 0 0 0 0 0 0
SHARD 2217 k=4 m=28 inter=1 colcap=128: NONE visited=7549 time=0.0s
ACCEPTED 0 0 0 0 0 0 0 14 52 56 15 2 0 0 0 0 0 0 0 0 0 0 0 0 0 0 0 0 0
SHARD 2218 k=4 m=28 inter=1 colcap=128: NONE visited=171744 time=0.1s
ACCEPTED 0 0 0 0 0 0 0 39 411 1287 1241 537 149 21 0 0 0 0 0 0 0 0 0 0 0 0 0 0 0
SHARD 2219 k=4 m=28 inter=1 colcap=128: NONE visited=17767 time=0.0s
ACCEPTED 0 0 0 0 0 0 0 22 96 137 34 0 0 0 0 0 0 0 0 0 0 0 0 0 0 0 0 0 0
SHARD 2220 k=4 m=28 inter=1 colcap=128: NONE visited=13748 time=0.0s
ACCEPTED 0 0 0 0 0 0 0 19 86 91 31 0 0 0 0 0 0 0 0 0 0 0 0 0 0 0 0 0 0
SHARD 2221 k=4 m=28 inter=1 colcap=128: NONE visited=41198 time=0.0s
ACCEPTED 0 0 0 0 0 0 0 23 152 375 213 19 0 0 0 0 0 0 0 0 0 0 0 0 0 0 0 0 0
SHARD 2222 k=4 m=28 inter=1 colcap=128: NONE visited=266523 time=0.1s
ACCEPTED 0 0 0 0 0 0 0 43 415 1505 2153 1850 710 103 9 0 0 0 0 0 0 0 0 0 0 0 0 0 0
SHARD 2223 k=4 m=28 inter=1 colcap=128: NONE visited=219277 time=0.1s
ACCEPTED 0 0 0 0 0 0 0 34 366 1335 1809 969 200 19 2 0 0 0 0 0 0 0 0 0 0 0 0 0 0
SHARD 2224 k=4 m=28 inter=1 colcap=128: NONE visited=503405 time=0.3s
ACCEPTED 0 0 0 0 0 0 0 34 374 1566 3067 3280 2320 946 79 0 0 0 0 0 0 0 0 0 0 0 0 0 0
SHARD 2225 k=4 m=28 inter=1 colcap=128: NONE visited=1105785 time=0.8s
ACCEPTED 0 0 0 0 0 0 0 41 595 3644 9597 10124 4347 813 120 0 0 0 0 0 0 0 0 0 0 0 0 0 0
SHARD 2226 k=4 m=28 inter=1 colcap=128: NONE visited=9039 time=0.0s
ACCEPTED 0 0 0 0 0 0 0 15 40 67 19 0 0 0 0 0 0 0 0 0 0 0 0 0 0 0 0 0 0
SHARD 2227 k=4 m=28 inter=1 colcap=128: NONE visited=16860 time=0.0s
ACCEPTED 0 0 0 0 0 0 0 19 87 129 54 4 0 0 0 0 0 0 0 0 0 0 0 0 0 0 0 0 0
SHARD 2228 k=4 m=28 inter=1 colcap=128: NONE visited=22892 time=0.0s
ACCEPTED 0 0 0 0 0 0 0 17 92 182 104 25 3 0 0 0 0 0 0 0 0 0 0 0 0 0 0 0 0
SHARD 2229 k=4 m=28 inter=1 colcap=128: NONE visited=10878 time=0.0s
ACCEPTED 0 0 0 0 0 0 0 14 57 85 20 0 0 0 0 0 0 0 0 0 0 0 0 0 0 0 0 0 0
SHARD 2230 k=4 m=28 inter=1 colcap=128: NONE visited=94827 time=0.1s
ACCEPTED 0 0 0 0 0 0 0 16 103 360 604 607 194 4 0 0 0 0 0 0 0 0 0 0 0 0 0 0 0
SHARD 2231 k=4 m=28 inter=1 colcap=128: NONE visited=16805 time=0.0s
ACCEPTED 0 0 0 0 0 0 0 14 76 149 60 8 0 0 0 0 0 0 0 0 0 0 0 0 0 0 0 0 0
SHARD 2232 k=4 m=28 inter=1 colcap=128: NONE visited=5429 time=0.0s
ACCEPTED 0 0 0 0 0 0 0 16 47 25 0 0 0 0 0 0 0 0 0 0 0 0 0 0 0 0 0 0 0
SHARD 2233 k=4 m=28 inter=1 colcap=128: NONE visited=10644 time=0.0s
ACCEPTED 0 0 0 0 0 0 0 18 69 62 23 4 0 0 0 0 0 0 0 0 0 0 0 0 0 0 0 0 0
SHARD 2234 k=4 m=28 inter=1 colcap=128: NONE visited=11135 time=0.0s
ACCEPTED 0 0 0 0 0 0 0 18 75 77 18 0 0 0 0 0 0 0 0 0 0 0 0 0 0 0 0 0 0
SHARD 2235 k=4 m=28 inter=1 colcap=128: NONE visited=108164 time=0.1s
ACCEPTED 0 0 0 0 0 0 0 18 127 456 964 928 348 58 4 0 0 0 0 0 0 0 0 0 0 0 0 0 0
SHARD 2236 k=4 m=28 inter=1 colcap=128: NONE visited=147 time=0.0s
ACCEPTED 0 0 0 0 0 0 0 1 0 0 0 0 0 0 0 0 0 0 0 0 0 0 0 0 0 0 0 0 0
SHARD 2237 k=4 m=28 inter=1 colcap=128: NONE visited=555 time=0.0s
ACCEPTED 0 0 0 0 0 0 0 4 3 0 0 0 0 0 0 0 0 0 0 0 0 0 0 0 0 0 0 0 0
SHARD 2238 k=4 m=28 inter=1 colcap=128: NONE visited=384 time=0.0s
ACCEPTED 0 0 0 0 0 0 0 3 1 0 0 0 0 0 0 0 0 0 0 0 0 0 0 0 0 0 0 0 0
SHARD 2239 k=4 m=28 inter=1 colcap=128: NONE visited=698 time=0.0s
ACCEPTED 0 0 0 0 0 0 0 1 5 6 2 0 0 0 0 0 0 0 0 0 0 0 0 0 0 0 0 0 0
DONE exit=20
