SHARD 1680 k=4 m=28 inter=1 colcap=128: NONE visited=18117340 time=25.5s
ACCEPTED 0 0 0 0 0 0 0 36 629 6332 36729 124408 244849 274965 175366 50885 6597 561 15 0 0 0 0 0 0 0 0 0 0
SHARD 1681 k=4 m=28 inter=1 colcap=128: NONE visited=16038425 time=29.2s
ACCEPTED 0 0 0 0 0 0 0 17 244 2391 16371 74146 214667 383461 403307 236253 81575 17067 1452 18 0 0 0 0 0 0 0 0 0
SHARD 1682 k=4 m=28 inter=1 colcap=128: NONE visited=12453049 time=17.3s
ACCEPTED 0 0 0 0 0 0 0 33 540 5184 28932 92924 173704 190265 124671 50383 13370 2628 275 8 0 0 0 0 0 0 0 0 0
SHARD 1683 k=4 m=28 inter=1 colcap=128: NONE visited=91443170 time=184.1s
ACCEPTED 0 0 0 0 0 0 0 42 843 10164 78105 384576 1189141 2216726 2379242 1516417 565195 107096 6406 345 17 0 0 0 0 0 0 0 0
SHARD 1684 k=4 m=28 inter=1 colcap=128: NONE visited=12500090 time=22.6s
ACCEPTED 0 0 0 0 0 0 0 20 345 3505 22690 90294 218104 314818 268124 131222 35139 4712 301 11 0 0 0 0 0 0 0 0 0
SHARD 1685 k=4 m=28 inter=1 colcap=128: NONE visited=23864822 time=33.1s
ACCEPTED 0 0 0 0 0 0 0 42 775 7842 46346 163238 329848 369904 231763 71506 13258 2703 528 73 6 0 0 0 0 0 0 0 0
SHARD 1686 k=4 m=28 inter=1 colcap=128: NONE visited=4028129 time=6.1s
ACCEPTED 0 0 0 0 0 0 0 23 282 2298 11832 36382 65572 66866 36802 10471 1522 115 8 0 0 0 0 0 0 0 0 0 0
SHARD 1687 k=4 m=28 inter=1 colcap=128: NONE visited=495738 time=1.0s
ACCEPTED 0 0 0 0 0 0 0 8 53 443 2507 7451 8822 4126 706 15 0 0 0 0 0 0 0 0 0 0 0 0 0
SHARD 1688 k=4 m=28 inter=1 colcap=128: NONE visited=2584419 time=3.8s
ACCEPTED 0 0 0 0 0 0 0 18 182 1504 8209 25104 40577 34465 15430 4246 302 4 0 0 0 0 0 0 0 0 0 0 0
SHARD 1689 k=4 m=28 inter=1 colcap=128: NONE visited=27844204 time=48.5s
ACCEPTED 0 0 0 0 0 0 0 32 543 5872 40590 172222 432830 633381 533824 246722 54953 6915 271 4 0 0 0 0 0 0 0 0 0
SHARD 1690 k=4 m=28 inter=1 colcap=128: NONE visited=3807755 time=5.3s
ACCEPTED 0 0 0 0 0 0 0 22 236 1771 9178 28967 52379 54701 33836 12704 2486 106 8 0 0 0 0 0 0 0 0 0 0
SHARD 1691 k=4 m=28 inter=1 colcap=128: NONE visited=84092070 time=157.6s
ACCEPTED 0 0 0 0 0 0 0 44 917 11003 79756 352241 938150 1489338 1471706 1001638 466329 109716 9603 38 0 0 0 0 0 0 0 0 0
SHARD 1692 k=4 m=28 inter=1 colcap=128: NONE visited=22709501 time=36.4s
ACCEPTED 0 0 0 0 0 0 0 40 731 7705 48674 181718 392999 490353 356846 148811 33254 4222 357 2 0 0 0 0 0 0 0 0 0
SHARD 1693 k=4 m=28 inter=1 colcap=128: NONE visited=2095311 time=2.9s
ACCEPTED 0 0 0 0 0 0 0 22 236 1841 9446 26429 36815 24489 7865 1315 190 12 4 1 0 0 0 0 0 0 0 0 0
SHARD 1694 k=4 m=28 inter=1 colcap=128: NONE visited=967079 time=1.2s
ACCEPTED 0 0 0 0 0 0 0 16 134 846 3881 10538 15434 11862 4880 1311 272 67 16 1 0 0 0 0 0 0 0 0 0
SHARD 1695 k=4 m=28 inter=1 colcap=128: NONE visited=25372883 time=42.5s
ACCEPTED 0 0 0 0 0 0 0 26 417 4482 31647 137203 328223 425465 300701 98153 15334 1539 13 0 0 0 0 0 0 0 0 0 0
SHARD 1696 k=4 m=28 inter=1 colcap=128: NONE visited=22335241 time=45.7s
ACCEPTED 0 0 0 0 0 0 0 34 561 5677 35147 132590 301414 395855 292702 100518 13818 860 37 4 0 0 0 0 0 0 0 0 0
SHARD 1697 k=4 m=28 inter=1 colcap=128: NONE visited=29034923 time=49.1s
ACCEPTED 0 0 0 0 0 0 0 35 626 6792 44224 171229 391580 520247 407557 198212 64138 15429 3116 442 6 0 0 0 0 0 0 0 0
SHARD 1698 k=4 m=28 inter=1 colcap=128: NONE visited=45830979 time=88.1s
ACCEPTED 0 0 0 0 0 0 0 49 1064 12351 79874 295075 623583 742434 490752 164755 28676 3207 199 9 0 0 0 0 0 0 0 0 0
SHARD 1699 k=4 m=28 inter=1 colcap=128: NONE visited=11434296 time=23.4s
ACCEPTED 0 0 0 0 0 0 0 27 417 4172 25441 88369 171057 182554 106259 35146 6916 900 52 0 0 0 0 0 0 0 0 0 0
SHARD 1700 k=4 m=28 inter=1 colcap=128: NONE visited=561761 time=1.1s
ACCEPTED 0 0 0 0 0 0 0 5 47 406 1972 5630 7361 2987 480 1 0 0 0 0 0 0 0 0 0 0 0 0 0
SHARD 1701 k=4 m=28 inter=1 colcap=128: NONE visited=16109716 time=35.6s
ACCEPTED 0 0 0 0 0 0 0 31 484 4870 30602 112786 233106 258272 140635 39233 5804 627 41 0 0 0 0 0 0 0 0 0 0
SHARD 1702 k=4 m=28 inter=1 colcap=128: NONE visited=12633193 time=27.2s
ACCEPTED 0 0 0 0 0 0 0 26 391 3816 22763 81846 175019 221926 169828 76424 17633 3394 468 24 1 0 0 0 0 0 0 0 0
SHARD 1703 k=4 m=28 inter=1 colcap=128: NONE visited=21365308 time=43.7s
ACCEPTED 0 0 0 0 0 0 0 37 671 7143 44180 157949 321238 356374 208016 67883 13277 1620 112 2 0 0 0 0 0 0 0 0 0
SHARD 1704 k=4 m=28 inter=1 colcap=128: NONE visited=3467535 time=6.7s
ACCEPTED 0 0 0 0 0 0 0 14 164 1524 8677 28381 50480 45310 17884 4245 872 109 18 2 0 0 0 0 0 0 0 0 0
SHARD 1705 k=4 m=28 inter=1 colcap=128: NONE visited=7188949 time=14.8s
ACCEPTED 0 0 0 0 0 0 0 20 253 2332 13915 49728 103401 122586 81923 32010 8551 1362 81 4 0 0 0 0 0 0 0 0 0
SHARD 1706 k=4 m=28 inter=1 colcap=128: NONE visited=3345236 time=6.8s
ACCEPTED 0 0 0 0 0 0 0 16 188 1773 9711 29421 49519 43665 16942 3569 588 61 5 0 0 0 0 0 0 0 0 0 0
SHARD 1707 k=4 m=28 inter=1 colcap=128: NONE visited=811622 time=1.4s
ACCEPTED 0 0 0 0 0 0 0 12 93 631 2972 8219 12280 9788 4308 1236 252 33 2 0 0 0 0 0 0 0 0 0 0
SHARD 1708 k=4 m=28 inter=1 colcap=128: NONE visited=1100 time=0.0s
ACCEPTED 0 0 0 0 0 0 0 2 7 11 6 1 0 0 0 0 0 0 0 0 0 0 0 0 0 0 0 0 0
SHARD 1709 k=4 m=28 inter=1 colcap=128: NONE visited=51147 time=0.1s
ACCEPTED 0 0 0 0 0 0 0 7 21 61 202 520 720 451 150 38 4 0 0 0 0 0 0 0 0 0 0 0 0
SHARD 1710 k=4 m=28 inter=1 colcap=128: NONE visited=2319 time=0.0s
ACCEPTED 0 0 0 0 0 0 0 2 9 17 19 7 2 0 0 0 0 0 0 0 0 0 0 0 0 0 0 0 0
SHARD 1711 k=4 m=28 inter=1 colcap=128: NONE visited=21494 time=0.0s
ACCEPTED 0 0 0 0 0 0 0 5 22 117 228 175 64 9 1 0 0 0 0 0 0 0 0 0 0 0 0 0 0
SHARD 1712 k=4 m=28 inter=1 colcap=128: NONE visited=242826 time=0.5s
ACCEPTED 0 0 0 0 0 0 0 8 49 302 1223 2561 2853 1966 716 113 8 0 0 0 0 0 0 0 0 0 0 0 0
SHARD 1713 k=4 m=28 inter=1 colcap=128: NONE visited=53 time=0.0s
ACCEPTED 0 0 0 0 0 0 0 0 0 0 0 0 0 0 0 0 0 0 0 0 0 0 0 0 0 0 0 0 0
SHARD 1714 k=4 m=28 inter=1 colcap=128: NONE visited=166215550 time=389.0s
ACCEPTED 0 0 0 0 0 0 0 69 1969 28818 228227 988661 2372451 3218401 2571822 1249886 390614 81997 10571 741 26 2 0 0 0 0 0 0 0
SHARD 1715 k=4 m=28 inter=1 colcap=128: NONE visited=53464322 time=111.2s
ACCEPTED 0 0 0 0 0 0 0 33 646 7998 61054 278070 741546 1159792 1080251 606249 207297 41228 5349 225 5 0 0 0 0 0 0 0 0
SHARD 1716 k=4 m=28 inter=1 colcap=128: NONE visited=2493322 time=3.2s
ACCEPTED 0 0 0 0 0 0 0 30 415 3166 13130 30070 38205 22870 4814 328 6 0 0 0 0 0 0 0 0 0 0 0 0
SHARD 1717 k=4 m=28 inter=1 colcap=128: NONE visited=14296498 time=19.7s
ACCEPTED 0 0 0 0 0 0 0 45 765 6704 33797 103552 196363 228799 162229 57963 13251 2341 293 13 0 0 0 0 0 0 0 0 0
SHARD 1718 k=4 m=28 inter=1 colcap=128: NONE visited=32598908 time=52.9s
ACCEPTED 0 0 0 0 0 0 0 43 812 8716 55802 211177 465085 603382 488278 261248 94331 20789 2878 107 2 0 0 0 0 0 0 0 0
SHARD 1719 k=4 m=28 inter=1 colcap=128: NONE visited=12588649 time=16.9s
ACCEPTED 0 0 0 0 0 0 0 38 612 5481 28855 89551 164482 183866 132090 63111 19671 3543 397 18 0 0 0 0 0 0 0 0 0
DONE exit=20
