SHARD 2920 k=4 m=28 inter=1 colcap=128: NONE visited=71989 time=0.0s
ACCEPTED 0 0 0 0 0 0 0 13 89 356 672 615 176 9 0 0 0 0 0 0 0 0 0 0 0 0 0 0 0
SHARD 2921 k=4 m=28 inter=1 colcap=128: NONE visited=681 time=0.0s
ACCEPTED 0 0 0 0 0 0 0 4 3 2 0 0 0 0 0 0 0 0 0 0 0 0 0 0 0 0 0 0 0
SHARD 2922 k=4 m=28 inter=1 colcap=128: NONE visited=139980 time=0.1s
ACCEPTED 0 0 0 0 0 0 0 12 73 337 1025 1923 1591 490 58 4 0 0 0 0 0 0 0 0 0 0 0 0 0
SHARD 2923 k=4 m=28 inter=1 colcap=128: NONE visited=9464 time=0.0s
ACCEPTED 0 0 0 0 0 0 0 7 47 79 41 9 1 0 0 0 0 0 0 0 0 0 0 0 0 0 0 0 0
SHARD 2924 k=4 m=28 inter=1 colcap=128: NONE visited=19075 time=0.0s
ACCEPTED 0 0 0 0 0 0 0 11 53 117 159 127 19 0 0 0 0 0 0 0 0 0 0 0 0 0 0 0 0
SHARD 2925 k=4 m=28 inter=1 colcap=128: NONE visited=553 time=0.0s
ACCEPTED 0 0 0 0 0 0 0 1 4 3 0 0 0 0 0 0 0 0 0 0 0 0 0 0 0 0 0 0 0
SHARD 2926 k=4 m=28 inter=1 colcap=128: NONE visited=11115 time=0.0s
ACCEPTED 0 0 0 0 0 0 0 3 12 54 104 92 22 2 0 0 0 0 0 0 0 0 0 0 0 0 0 0 0
SHARD 2927 k=4 m=28 inter=1 colcap=128: NONE visited=71 time=0.0s
ACCEPTED 0 0 0 0 0 0 0 0 0 0 0 0 0 0 0 0 0 0 0 0 0 0 0 0 0 0 0 0 0
SHARD 2928 k=4 m=28 inter=1 colcap=128: NONE visited=13168 time=0.0s
ACCEPTED 0 0 0 0 0 0 0 8 39 113 85 10 0 0 0 0 0 0 0 0 0 0 0 0 0 0 0 0 0
SHARD 2929 k=4 m=28 inter=1 colcap=128: NONE visited=69930 time=0.0s
ACCEPTED 0 0 0 0 0 0 0 18 130 443 586 303 87 17 0 0 0 0 0 0 0 0 0 0 0 0 0 0 0
SHARD 2930 k=4 m=28 inter=1 colcap=128: NONE visited=413417 time=0.3s
ACCEPTED 0 0 0 0 0 0 0 23 222 1144 3016 4095 2318 653 76 0 0 0 0 0 0 0 0 0 0 0 0 0 0
SHARD 2931 k=4 m=28 inter=1 colcap=128: NONE visited=25705 time=0.0s
ACCEPTED 0 0 0 0 0 0 0 10 37 112 180 157 74 4 0 0 0 0 0 0 0 0 0 0 0 0 0 0 0
SHARD 2932 k=4 m=28 inter=1 colcap=128: NONE visited=85335 time=0.0s
ACCEPTED 0 0 0 0 0 0 0 21 157 540 718 364 67 3 0 0 0 0 0 0 0 0 0 0 0 0 0 0 0
SHARD 2933 k=4 m=28 inter=1 colcap=128: NONE visited=348123 time=0.2s
ACCEPTED 0 0 0 0 0 0 0 21 215 1148 2940 2906 1092 265 15 0 0 0 0 0 0 0 0 0 0 0 0 0 0
SHARD 2934 k=4 m=28 inter=1 colcap=128: NONE visited=223223 time=0.1s
ACCEPTED 0 0 0 0 0 0 0 19 179 882 2047 2103 782 82 2 0 0 0 0 0 0 0 0 0 0 0 0 0 0
SHARD 2935 k=4 m=28 inter=1 colcap=128: NONE visited=1277955 time=0.9s
ACCEPTED 0 0 0 0 0 0 0 38 534 3221 9226 12866 9500 4322 1347 317 60 5 0 0 0 0 0 0 0 0 0 0 0
SHARD 2936 k=4 m=28 inter=1 colcap=128: NONE visited=20531836 time=18.5s
ACCEPTED 0 0 0 0 0 0 0 40 703 6574 34608 103385 177378 185143 128438 63703 27848 5090 3588 2529 735 0 0 0 0 0 0 0 0
SHARD 2937 k=4 m=28 inter=1 colcap=128: NONE visited=176350 time=0.1s
ACCEPTED 0 0 0 0 0 0 0 9 50 271 1067 1881 907 97 6 0 0 0 0 0 0 0 0 0 0 0 0 0 0
SHARD 2938 k=4 m=28 inter=1 colcap=128: NONE visited=582668 time=0.4s
ACCEPTED 0 0 0 0 0 0 0 23 193 941 3016 5064 4156 2123 719 128 18 0 0 0 0 0 0 0 0 0 0 0 0
SHARD 2939 k=4 m=28 inter=1 colcap=128: NONE visited=97378 time=0.1s
ACCEPTED 0 0 0 0 0 0 0 15 94 347 725 831 577 263 50 1 0 0 0 0 0 0 0 0 0 0 0 0 0
SHARD 2940 k=4 m=28 inter=1 colcap=128: NONE visited=3404276 time=2.5s
ACCEPTED 0 0 0 0 0 0 0 34 490 3582 13455 25530 25894 16017 6276 2454 969 100 0 0 0 0 0 0 0 0 0 0 0
SHARD 2941 k=4 m=28 inter=1 colcap=128: NONE visited=5093 time=0.0s
ACCEPTED 0 0 0 0 0 0 0 4 16 45 38 17 2 0 0 0 0 0 0 0 0 0 0 0 0 0 0 0 0
SHARD 2942 k=4 m=28 inter=1 colcap=128: NONE visited=33103 time=0.0s
ACCEPTED 0 0 0 0 0 0 0 11 62 185 292 196 61 6 0 0 0 0 0 0 0 0 0 0 0 0 0 0 0
SHARD 2943 k=4 m=28 inter=1 colcap=128: NONE visited=21989 time=0.0s
ACCEPTED 0 0 0 0 0 0 0 10 48 125 166 140 84 24 0 0 0 0 0 0 0 0 0 0 0 0 0 0 0
SHARD 2944 k=4 m=28 inter=1 colcap=128: NONE visited=488660 time=0.4s
ACCEPTED 0 0 0 0 0 0 0 20 195 1005 2661 3906 3671 2751 1628 624 163 17 1 0 0 0 0 0 0 0 0 0 0
SHARD 2945 k=4 m=28 inter=1 colcap=128: NONE visited=840393 time=0.6s
ACCEPTED 0 0 0 0 0 0 0 23 263 1663 5443 9240 8202 3760 810 90 3 0 0 0 0 0 0 0 0 0 0 0 0
SHARD 2946 k=4 m=28 inter=1 colcap=128: NONE visited=1086916 time=0.8s
ACCEPTED 0 0 0 0 0 0 0 24 260 1549 4915 8214 7939 4591 1301 304 75 0 0 0 0 0 0 0 0 0 0 0 0
SHARD 2947 k=4 m=28 inter=1 colcap=128: NONE visited=913943 time=0.7s
ACCEPTED 0 0 0 0 0 0 0 26 317 2049 6578 10051 7357 2746 548 72 2 0 0 0 0 0 0 0 0 0 0 0 0
SHARD 2948 k=4 m=28 inter=1 colcap=128: NONE visited=2604 time=0.0s
ACCEPTED 0 0 0 0 0 0 0 3 15 25 3 0 0 0 0 0 0 0 0 0 0 0 0 0 0 0 0 0 0
SHARD 2949 k=4 m=28 inter=1 colcap=128: NONE visited=6429 time=0.0s
ACCEPTED 0 0 0 0 0 0 0 6 26 50 29 6 0 0 0 0 0 0 0 0 0 0 0 0 0 0 0 0 0
SHARD 2950 k=4 m=28 inter=1 colcap=128: NONE visited=16132 time=0.0s
ACCEPTED 0 0 0 0 0 0 0 5 15 55 127 149 94 43 9 0 0 0 0 0 0 0 0 0 0 0 0 0 0
SHARD 2951 k=4 m=28 inter=1 colcap=128: NONE visited=838019 time=0.6s
ACCEPTED 0 0 0 0 0 0 0 18 165 948 3119 5619 5637 3668 1417 132 64 0 0 0 0 0 0 0 0 0 0 0 0
SHARD 2952 k=4 m=28 inter=1 colcap=128: NONE visited=475366 time=0.3s
ACCEPTED 0 0 0 0 0 0 0 15 125 648 1922 3407 3267 1574 173 0 0 0 0 0 0 0 0 0 0 0 0 0 0
SHARD 2953 k=4 m=28 inter=1 colcap=128: NONE visited=2038 time=0.0s
ACCEPTED 0 0 0 0 0 0 0 1 10 23 7 0 0 0 0 0 0 0 0 0 0 0 0 0 0 0 0 0 0
SHARD 2954 k=4 m=28 inter=1 colcap=128: NONE visited=8945 time=0.0s
ACCEPTED 0 0 0 0 0 0 0 6 21 57 81 51 15 3 0 0 0 0 0 0 0 0 0 0 0 0 0 0 0
SHARD 2955 k=4 m=28 inter=1 colcap=128: NONE visited=109 time=0.0s
ACCEPTED 0 0 0 0 0 0 0 1 0 0 0 0 0 0 0 0 0 0 0 0 0 0 0 0 0 0 0 0 0
SHARD 2956 k=4 m=28 inter=1 colcap=128: NONE visited=10903 time=0.0s
ACCEPTED 0 0 0 0 0 0 0 9 42 96 70 5 0 0 0 0 0 0 0 0 0 0 0 0 0 0 0 0 0
SHARD 2957 k=4 m=28 inter=1 colcap=128: NONE visited=70442 time=0.0s
ACCEPTED 0 0 0 0 0 0 0 24 187 517 500 194 80 7 0 0 0 0 0 0 0 0 0 0 0 0 0 0 0
SHARD 2958 k=4 m=28 inter=1 colcap=128: NONE visited=433 time=0.0s
ACCEPTED 0 0 0 0 0 0 0 3 5 0 0 0 0 0 0 0 0 0 0 0 0 0 0 0 0 0 0 0 0
SHARD 2959 k=4 m=28 inter=1 colcap=128: NONE visited=1886 time=0.0s
ACCEPTED 0 0 0 0 0 0 0 9 16 3 0 0 0 0 0 0 0 0 0 0 0 0 0 0 0 0 0 0 0
DONE exit=20
