SHARD 9000 k=4 m=28 inter=1 colcap=128: NONE visited=14082 time=0.0s
ACCEPTED 0 0 0 0 0 0 0 10 49 102 90 38 8 0 0 0 0 0 0 0 0 0 0 0 0 0 0 0 0
SHARD 9001 k=4 m=28 inter=1 colcap=128: NONE visited=211516 time=0.1s
ACCEPTED 0 0 0 0 0 0 0 16 130 584 1423 2184 1912 804 92 2 0 0 0 0 0 0 0 0 0 0 0 0 0
SHARD 9002 k=4 m=28 inter=1 colcap=128: NONE visited=114686 time=0.1s
ACCEPTED 0 0 0 0 0 0 0 13 81 327 892 1464 1044 250 12 0 0 0 0 0 0 0 0 0 0 0 0 0 0
SHARD 9003 k=4 m=28 inter=1 colcap=128: NONE visited=324 time=0.0s
ACCEPTED 0 0 0 0 0 0 0 2 2 0 0 0 0 0 0 0 0 0 0 0 0 0 0 0 0 0 0 0 0
SHARD 9004 k=4 m=28 inter=1 colcap=128: NONE visited=3867 time=0.0s
ACCEPTED 0 0 0 0 0 0 0 10 21 19 9 2 0 0 0 0 0 0 0 0 0 0 0 0 0 0 0 0 0
SHARD 9005 k=4 m=28 inter=1 colcap=128: NONE visited=182140 time=0.1s
ACCEPTED 0 0 0 0 0 0 0 16 136 659 1638 2068 1073 255 21 0 0 0 0 0 0 0 0 0 0 0 0 0 0
SHARD 9006 k=4 m=28 inter=1 colcap=128: NONE visited=2074 time=0.0s
ACCEPTED 0 0 0 0 0 0 0 7 13 8 2 0 0 0 0 0 0 0 0 0 0 0 0 0 0 0 0 0 0
SHARD 9007 k=4 m=28 inter=1 colcap=128: NONE visited=57421 time=0.0s
ACCEPTED 0 0 0 0 0 0 0 9 51 241 593 554 120 6 0 0 0 0 0 0 0 0 0 0 0 0 0 0 0
SHARD 9008 k=4 m=28 inter=1 colcap=128: NONE visited=46173 time=0.0s
ACCEPTED 0 0 0 0 0 0 0 8 56 232 464 378 105 3 0 0 0 0 0 0 0 0 0 0 0 0 0 0 0
SHARD 9009 k=4 m=28 inter=1 colcap=128: NONE visited=22648 time=0.0s
ACCEPTED 0 0 0 0 0 0 0 18 99 159 122 35 12 3 0 0 0 0 0 0 0 0 0 0 0 0 0 0 0
SHARD 9010 k=4 m=28 inter=1 colcap=128: NONE visited=916877 time=0.5s
ACCEPTED 0 0 0 0 0 0 0 34 456 2805 7856 10072 6092 1735 306 26 2 0 0 0 0 0 0 0 0 0 0 0 0
SHARD 9011 k=4 m=28 inter=1 colcap=128: NONE visited=83691 time=0.0s
ACCEPTED 0 0 0 0 0 0 0 23 183 552 740 487 167 17 1 0 0 0 0 0 0 0 0 0 0 0 0 0 0
SHARD 9012 k=4 m=28 inter=1 colcap=128: NONE visited=405927 time=0.2s
ACCEPTED 0 0 0 0 0 0 0 28 349 1966 4428 3337 815 55 0 0 0 0 0 0 0 0 0 0 0 0 0 0 0
SHARD 9013 k=4 m=28 inter=1 colcap=128: NONE visited=3592000 time=2.2s
ACCEPTED 0 0 0 0 0 0 0 43 713 5481 20699 38267 36541 19814 6215 1245 178 14 1 0 0 0 0 0 0 0 0 0 0
SHARD 9014 k=4 m=28 inter=1 colcap=128: NONE visited=3121 time=0.0s
ACCEPTED 0 0 0 0 0 0 0 5 12 16 16 0 0 0 0 0 0 0 0 0 0 0 0 0 0 0 0 0 0
SHARD 9015 k=4 m=28 inter=1 colcap=128: NONE visited=93224 time=0.1s
ACCEPTED 0 0 0 0 0 0 0 15 115 464 829 717 248 26 0 0 0 0 0 0 0 0 0 0 0 0 0 0 0
SHARD 9016 k=4 m=28 inter=1 colcap=128: NONE visited=18710 time=0.0s
ACCEPTED 0 0 0 0 0 0 0 6 23 59 122 175 110 16 2 0 0 0 0 0 0 0 0 0 0 0 0 0 0
SHARD 9017 k=4 m=28 inter=1 colcap=128: NONE visited=755 time=0.0s
ACCEPTED 0 0 0 0 0 0 0 1 5 5 1 0 0 0 0 0 0 0 0 0 0 0 0 0 0 0 0 0 0
SHARD 9018 k=4 m=28 inter=1 colcap=128: NONE visited=1281 time=0.0s
ACCEPTED 0 0 0 0 0 0 0 2 4 8 8 0 0 0 0 0 0 0 0 0 0 0 0 0 0 0 0 0 0
SHARD 9019 k=4 m=28 inter=1 colcap=128: NONE visited=80 time=0.0s
ACCEPTED 0 0 0 0 0 0 0 0 0 0 0 0 0 0 0 0 0 0 0 0 0 0 0 0 0 0 0 0 0
SHARD 9020 k=4 m=28 inter=1 colcap=128: NONE visited=99 time=0.0s
ACCEPTED 0 0 0 0 0 0 0 0 0 0 0 0 0 0 0 0 0 0 0 0 0 0 0 0 0 0 0 0 0
SHARD 9021 k=4 m=28 inter=1 colcap=128: NONE visited=224248 time=0.1s
ACCEPTED 0 0 0 0 0 0 0 26 250 1108 2084 1390 370 22 2 0 0 0 0 0 0 0 0 0 0 0 0 0 0
SHARD 9022 k=4 m=28 inter=1 colcap=128: NONE visited=347 time=0.0s
ACCEPTED 0 0 0 0 0 0 0 2 1 0 0 0 0 0 0 0 0 0 0 0 0 0 0 0 0 0 0 0 0
SHARD 9023 k=4 m=28 inter=1 colcap=128: NONE visited=3336 time=0.0s
ACCEPTED 0 0 0 0 0 0 0 5 16 25 13 3 1 0 0 0 0 0 0 0 0 0 0 0 0 0 0 0 0
SHARD 9024 k=4 m=28 inter=1 colcap=128: NONE visited=987 time=0.0s
ACCEPTED 0 0 0 0 0 0 0 5 8 0 0 0 0 0 0 0 0 0 0 0 0 0 0 0 0 0 0 0 0
SHARD 9025 k=4 m=28 inter=1 colcap=128: NONE visited=755 time=0.0s
ACCEPTED 0 0 0 0 0 0 0 4 5 0 0 0 0 0 0 0 0 0 0 0 0 0 0 0 0 0 0 0 0
SHARD 9026 k=4 m=28 inter=1 colcap=128: NONE visited=849 time=0.0s
ACCEPTED 0 0 0 0 0 0 0 3 7 2 0 0 0 0 0 0 0 0 0 0 0 0 0 0 0 0 0 0 0
SHARD 9027 k=4 m=28 inter=1 colcap=128: NONE visited=235 time=0.0s
ACCEPTED 0 0 0 0 0 0 0 1 3 0 0 0 0 0 0 0 0 0 0 0 0 0 0 0 0 0 0 0 0
SHARD 9028 k=4 m=28 inter=1 colcap=128: NONE visited=24843 time=0.0s
ACCEPTED 0 0 0 0 0 0 0 10 54 149 189 141 66 24 1 0 0 0 0 0 0 0 0 0 0 0 0 0 0
SHARD 9029 k=4 m=28 inter=1 colcap=128: NONE visited=211 time=0.0s
ACCEPTED 0 0 0 0 0 0 0 2 0 0 0 0 0 0 0 0 0 0 0 0 0 0 0 0 0 0 0 0 0
SHARD 9030 k=4 m=28 inter=1 colcap=128: NONE visited=212 time=0.0s
ACCEPTED 0 0 0 0 0 0 0 2 0 0 0 0 0 0 0 0 0 0 0 0 0 0 0 0 0 0 0 0 0
SHARD 9031 k=4 m=28 inter=1 colcap=128: NONE visited=536533 time=0.3s
ACCEPTED 0 0 0 0 0 0 0 18 197 1221 3883 5886 4250 1648 354 31 1 0 0 0 0 0 0 0 0 0 0 0 0
SHARD 9032 k=4 m=28 inter=1 colcap=128: NONE visited=18429 time=0.0s
ACCEPTED 0 0 0 0 0 0 0 8 35 97 168 110 26 0 0 0 0 0 0 0 0 0 0 0 0 0 0 0 0
SHARD 9033 k=4 m=28 inter=1 colcap=128: NONE visited=784 time=0.0s
ACCEPTED 0 0 0 0 0 0 0 6 7 1 0 0 0 0 0 0 0 0 0 0 0 0 0 0 0 0 0 0 0
SHARD 9034 k=4 m=28 inter=1 colcap=128: NONE visited=6618657 time=3.7s
ACCEPTED 0 0 0 0 0 0 0 62 1331 11477 42822 71994 57486 25079 6288 942 68 3 0 0 0 0 0 0 0 0 0 0 0
SHARD 9035 k=4 m=28 inter=1 colcap=128: NONE visited=318841 time=0.2s
ACCEPTED 0 0 0 0 0 0 0 26 316 1517 2974 2505 1112 312 20 0 0 0 0 0 0 0 0 0 0 0 0 0 0
SHARD 9036 k=4 m=28 inter=1 colcap=128: NONE visited=8259 time=0.0s
ACCEPTED 0 0 0 0 0 0 0 12 58 71 20 3 0 0 0 0 0 0 0 0 0 0 0 0 0 0 0 0 0
SHARD 9037 k=4 m=28 inter=1 colcap=128: NONE visited=48420 time=0.0s
ACCEPTED 0 0 0 0 0 0 0 27 165 359 338 152 59 14 0 0 0 0 0 0 0 0 0 0 0 0 0 0 0
SHARD 9038 k=4 m=28 inter=1 colcap=128: NONE visited=426726 time=0.2s
ACCEPTED 0 0 0 0 0 0 0 32 296 1312 3151 4111 2637 946 226 29 1 0 0 0 0 0 0 0 0 0 0 0 0
SHARD 9039 k=4 m=28 inter=1 colcap=128: NONE visited=7623 time=0.0s
ACCEPTED 0 0 0 0 0 0 0 15 51 56 9 0 0 0 0 0 0 0 0 0 0 0 0 0 0 0 0 0 0
DONE exit=20
