SHARD 10360 k=4 m=28 inter=1 colcap=128: NONE visited=932 time=0.0s
ACCEPTED 0 0 0 0 0 0 0 5 6 1 0 0 0 0 0 0 0 0 0 0 0 0 0 0 0 0 0 0 0
SHARD 10361 k=4 m=28 inter=1 colcap=128: NONE visited=25147 time=0.0s
ACCEPTED 0 0 0 0 0 0 0 10 54 160 235 214 94 17 3 0 0 0 0 0 0 0 0 0 0 0 0 0 0
SHARD 10362 k=4 m=28 inter=1 colcap=128: NONE visited=2642893 time=2.3s
ACCEPTED 0 0 0 0 0 0 0 13 135 1042 5498 18346 36676 41216 25474 10340 2878 396 0 0 0 0 0 0 0 0 0 0 0
SHARD 10363 k=4 m=28 inter=1 colcap=128: NONE visited=3947 time=0.0s
ACCEPTED 0 0 0 0 0 0 0 6 17 25 24 2 0 0 0 0 0 0 0 0 0 0 0 0 0 0 0 0 0
SHARD 10364 k=4 m=28 inter=1 colcap=128: NONE visited=78 time=0.0s
ACCEPTED 0 0 0 0 0 0 0 1 2 2 3 2 1 0 0 0 0 0 0 0 0 0 0 0 0 0 0 0 0
SHARD 10365 k=4 m=28 inter=1 colcap=128: NONE visited=42128 time=0.1s
ACCEPTED 0 0 0 0 0 0 0 6 27 87 281 663 975 770 280 93 34 6 0 0 0 0 0 0 0 0 0 0 0
SHARD 10366 k=4 m=28 inter=1 colcap=128: NONE visited=148377036 time=174.9s
ACCEPTED 0 0 0 0 0 0 0 19 306 3853 35006 214082 846748 2143880 3501370 3687336 2455993 918942 164669 14744 1222 184 25 1 0 0 0 0 0
SHARD 10367 k=4 m=28 inter=1 colcap=128: NONE visited=1381387 time=1.2s
ACCEPTED 0 0 0 0 0 0 0 9 75 514 2294 7403 17531 26680 21830 9634 2028 184 9 0 0 0 0 0 0 0 0 0 0
SHARD 10368 k=4 m=28 inter=1 colcap=128: NONE visited=11342360 time=10.9s
ACCEPTED 0 0 0 0 0 0 0 19 238 2153 12929 49624 123663 202052 213325 142605 58701 15038 2401 190 7 0 0 0 0 0 0 0 0
SHARD 10369 k=4 m=28 inter=1 colcap=128: NONE visited=13802420 time=15.5s
ACCEPTED 0 0 0 0 0 0 0 11 119 1076 7440 36116 117407 248420 336049 284937 148404 44182 7134 679 51 4 0 0 0 0 0 0 0
SHARD 10370 k=4 m=28 inter=1 colcap=128: NONE visited=94678 time=0.1s
ACCEPTED 0 0 0 0 0 0 0 3 21 110 426 1054 1618 1554 771 178 8 0 0 0 0 0 0 0 0 0 0 0 0
SHARD 10371 k=4 m=28 inter=1 colcap=128: NONE visited=239470 time=0.2s
ACCEPTED 0 0 0 0 0 0 0 5 29 150 718 2293 4328 4351 2129 469 45 1 0 0 0 0 0 0 0 0 0 0 0
SHARD 10372 k=4 m=28 inter=1 colcap=128: NONE visited=15434 time=0.0s
ACCEPTED 0 0 0 0 0 0 0 6 32 107 184 97 8 0 0 0 0 0 0 0 0 0 0 0 0 0 0 0 0
SHARD 10373 k=4 m=28 inter=1 colcap=128: NONE visited=3579114 time=3.0s
ACCEPTED 0 0 0 0 0 0 0 20 213 1602 8040 25235 48786 57483 40323 16609 4545 1044 191 8 0 0 0 0 0 0 0 0 0
SHARD 10374 k=4 m=28 inter=1 colcap=128: NONE visited=12678117 time=12.1s
ACCEPTED 0 0 0 0 0 0 0 10 105 1052 8119 41524 130351 244323 270744 176588 66730 14456 1955 185 17 1 0 0 0 0 0 0 0
SHARD 10375 k=4 m=28 inter=1 colcap=128: NONE visited=569 time=0.0s
ACCEPTED 0 0 0 0 0 0 0 4 4 2 0 0 0 0 0 0 0 0 0 0 0 0 0 0 0 0 0 0 0
SHARD 10376 k=4 m=28 inter=1 colcap=128: NONE visited=19087 time=0.0s
ACCEPTED 0 0 0 0 0 0 0 4 16 54 122 171 154 99 43 11 0 0 0 0 0 0 0 0 0 0 0 0 0
SHARD 10377 k=4 m=28 inter=1 colcap=128: NONE visited=73 time=0.0s
ACCEPTED 0 0 0 0 0 0 0 2 0 0 0 0 0 0 0 0 0 0 0 0 0 0 0 0 0 0 0 0 0
SHARD 10378 k=4 m=28 inter=1 colcap=128: NONE visited=6064 time=0.0s
ACCEPTED 0 0 0 0 0 0 0 3 13 36 60 70 28 0 0 0 0 0 0 0 0 0 0 0 0 0 0 0 0
SHARD 10379 k=4 m=28 inter=1 colcap=128: NONE visited=17497225 time=15.1s
ACCEPTED 0 0 0 0 0 0 0 18 258 2764 20809 95789 247913 347953 258759 98538 20143 2549 183 8 0 0 0 0 0 0 0 0 0
SHARD 10380 k=4 m=28 inter=1 colcap=128: NONE visited=482 time=0.0s
ACCEPTED 0 0 0 0 0 0 0 4 7 2 0 0 0 0 0 0 0 0 0 0 0 0 0 0 0 0 0 0 0
SHARD 10381 k=4 m=28 inter=1 colcap=128: NONE visited=93098 time=0.1s
ACCEPTED 0 0 0 0 0 0 0 17 103 409 933 1118 697 218 35 3 0 0 0 0 0 0 0 0 0 0 0 0 0
SHARD 10382 k=4 m=28 inter=1 colcap=128: NONE visited=2257197 time=2.3s
ACCEPTED 0 0 0 0 0 0 0 12 102 739 3685 11754 24109 34986 38194 30587 16925 4909 963 127 15 2 0 0 0 0 0 0 0
SHARD 10383 k=4 m=28 inter=1 colcap=128: NONE visited=200 time=0.0s
ACCEPTED 0 0 0 0 0 0 0 3 3 2 0 0 0 0 0 0 0 0 0 0 0 0 0 0 0 0 0 0 0
SHARD 10384 k=4 m=28 inter=1 colcap=128: NONE visited=819 time=0.0s
ACCEPTED 0 0 0 0 0 0 0 2 8 15 15 4 0 0 0 0 0 0 0 0 0 0 0 0 0 0 0 0 0
SHARD 10385 k=4 m=28 inter=1 colcap=128: NONE visited=349153 time=0.2s
ACCEPTED 0 0 0 0 0 0 0 13 94 486 1649 3486 4773 3717 1524 284 25 1 0 0 0 0 0 0 0 0 0 0 0
SHARD 10386 k=4 m=28 inter=1 colcap=128: NONE visited=17746495 time=20.4s
ACCEPTED 0 0 0 0 0 0 0 18 190 1588 10168 46930 149860 320848 453504 413970 227550 60189 3963 101 1 0 0 0 0 0 0 0 0
SHARD 10387 k=4 m=28 inter=1 colcap=128: NONE visited=1509 time=0.0s
ACCEPTED 0 0 0 0 0 0 0 2 5 10 22 32 17 2 0 0 0 0 0 0 0 0 0 0 0 0 0 0 0
SHARD 10388 k=4 m=28 inter=1 colcap=128: NONE visited=441158 time=0.4s
ACCEPTED 0 0 0 0 0 0 0 6 33 175 803 2701 6126 8634 6965 3067 725 59 1 0 0 0 0 0 0 0 0 0 0
SHARD 10389 k=4 m=28 inter=1 colcap=128: NONE visited=18286385 time=22.3s
ACCEPTED 0 0 0 0 0 0 0 13 141 1231 8121 37533 119461 263792 410201 449425 337791 166123 47049 6961 444 0 0 0 0 0 0 0 0
SHARD 10390 k=4 m=28 inter=1 colcap=128: NONE visited=9071113 time=13.0s
ACCEPTED 0 0 0 0 0 0 0 8 79 595 3651 17098 59176 146351 250174 284871 203821 79472 17628 3292 101 2 0 0 0 0 0 0 0
SHARD 10391 k=4 m=28 inter=1 colcap=128: NONE visited=45356278 time=54.3s
ACCEPTED 0 0 0 0 0 0 0 18 243 2513 18569 92669 307660 682453 1017985 1023772 690127 317003 111613 26339 6276 7 0 0 0 0 0 0 0
SHARD 10392 k=4 m=28 inter=1 colcap=128: NONE visited=477088 time=0.3s
ACCEPTED 0 0 0 0 0 0 0 6 44 321 1624 4856 7734 5814 1566 136 13 0 0 0 0 0 0 0 0 0 0 0 0
SHARD 10393 k=4 m=28 inter=1 colcap=128: NONE visited=8721840 time=9.8s
ACCEPTED 0 0 0 0 0 0 0 8 70 577 3917 19889 69730 157423 217091 176962 83243 18475 861 14 0 0 0 0 0 0 0 0 0
SHARD 10394 k=4 m=28 inter=1 colcap=128: NONE visited=12254784 time=14.9s
ACCEPTED 0 0 0 0 0 0 0 6 36 257 1834 10806 46882 139267 274733 347012 269424 121523 27651 3401 215 16 0 0 0 0 0 0 0
SHARD 10395 k=4 m=28 inter=1 colcap=128: NONE visited=43 time=0.0s
ACCEPTED 0 0 0 0 0 0 0 0 0 0 0 0 0 0 0 0 0 0 0 0 0 0 0 0 0 0 0 0 0
SHARD 10396 k=4 m=28 inter=1 colcap=128: NONE visited=705 time=0.0s
ACCEPTED 0 0 0 0 0 0 0 5 5 0 0 0 0 0 0 0 0 0 0 0 0 0 0 0 0 0 0 0 0
SHARD 10397 k=4 m=28 inter=1 colcap=128: NONE visited=60 time=0.0s
ACCEPTED 0 0 0 0 0 0 0 0 0 0 0 0 0 0 0 0 0 0 0 0 0 0 0 0 0 0 0 0 0
SHARD 10398 k=4 m=28 inter=1 colcap=128: NONE visited=457 time=0.0s
ACCEPTED 0 0 0 0 0 0 0 3 3 0 0 0 0 0 0 0 0 0 0 0 0 0 0 0 0 0 0 0 0
SHARD 10399 k=4 m=28 inter=1 colcap=128: NONE visited=245898 time=0.1s
ACCEPTED 0 0 0 0 0 0 0 22 219 1185 2670 2038 538 52 1 0 0 0 0 0 0 0 0 0 0 0 0 0 0
DONE exit=20
