SHARD 1960 k=4 m=28 inter=1 colcap=128: NONE visited=167625 time=0.1s
ACCEPTED 0 0 0 0 0 0 0 12 64 268 817 1543 1607 906 109 3 0 0 0 0 0 0 0 0 0 0 0 0 0
SHARD 1961 k=4 m=28 inter=1 colcap=128: NONE visited=144 time=0.0s
ACCEPTED 0 0 0 0 0 0 0 2 0 0 0 0 0 0 0 0 0 0 0 0 0 0 0 0 0 0 0 0 0
SHARD 1962 k=4 m=28 inter=1 colcap=128: NONE visited=16366976 time=16.3s
ACCEPTED 0 0 0 0 0 0 0 38 684 6902 38931 121834 218408 239795 167437 76372 24222 7019 1769 318 47 10 1 0 0 0 0 0 0
SHARD 1963 k=4 m=28 inter=1 colcap=128: NONE visited=12461192 time=14.6s
ACCEPTED 0 0 0 0 0 0 0 25 356 3257 19526 74031 171297 236505 188535 82280 19002 2472 195 17 2 0 0 0 0 0 0 0 0
SHARD 1964 k=4 m=28 inter=1 colcap=128: NONE visited=18420282 time=17.5s
ACCEPTED 0 0 0 0 0 0 0 56 1204 12590 68144 193371 290849 239069 116321 35826 7364 1166 122 7 0 0 0 0 0 0 0 0 0
SHARD 1965 k=4 m=28 inter=1 colcap=128: NONE visited=8822347 time=9.7s
ACCEPTED 0 0 0 0 0 0 0 25 416 3957 22379 73411 138447 153743 101713 39091 8130 884 49 2 0 0 0 0 0 0 0 0 0
SHARD 1966 k=4 m=28 inter=1 colcap=128: NONE visited=64658 time=0.1s
ACCEPTED 0 0 0 0 0 0 0 18 127 466 749 448 105 12 0 0 0 0 0 0 0 0 0 0 0 0 0 0 0
SHARD 1967 k=4 m=28 inter=1 colcap=128: NONE visited=3947 time=0.0s
ACCEPTED 0 0 0 0 0 0 0 9 25 37 18 1 0 0 0 0 0 0 0 0 0 0 0 0 0 0 0 0 0
SHARD 1968 k=4 m=28 inter=1 colcap=128: NONE visited=6806 time=0.0s
ACCEPTED 0 0 0 0 0 0 0 8 40 87 41 6 0 0 0 0 0 0 0 0 0 0 0 0 0 0 0 0 0
SHARD 1969 k=4 m=28 inter=1 colcap=128: NONE visited=90582 time=0.1s
ACCEPTED 0 0 0 0 0 0 0 16 119 441 853 845 444 119 13 0 0 0 0 0 0 0 0 0 0 0 0 0 0
SHARD 1970 k=4 m=28 inter=1 colcap=128: NONE visited=113726 time=0.1s
ACCEPTED 0 0 0 0 0 0 0 10 67 269 728 1330 1513 814 167 21 2 0 0 0 0 0 0 0 0 0 0 0 0
SHARD 1971 k=4 m=28 inter=1 colcap=128: NONE visited=360679 time=0.3s
ACCEPTED 0 0 0 0 0 0 0 24 253 1272 3121 3734 2262 810 170 8 0 0 0 0 0 0 0 0 0 0 0 0 0
SHARD 1972 k=4 m=28 inter=1 colcap=128: NONE visited=1075773 time=1.0s
ACCEPTED 0 0 0 0 0 0 0 11 104 573 2069 5146 9891 13944 12660 6733 2159 451 52 1 0 0 0 0 0 0 0 0 0
SHARD 1973 k=4 m=28 inter=1 colcap=128: NONE visited=43635 time=0.0s
ACCEPTED 0 0 0 0 0 0 0 18 117 307 369 234 108 30 7 1 0 0 0 0 0 0 0 0 0 0 0 0 0
SHARD 1974 k=4 m=28 inter=1 colcap=128: NONE visited=1621 time=0.0s
ACCEPTED 0 0 0 0 0 0 0 4 9 12 13 5 0 0 0 0 0 0 0 0 0 0 0 0 0 0 0 0 0
SHARD 1975 k=4 m=28 inter=1 colcap=128: NONE visited=20822 time=0.0s
ACCEPTED 0 0 0 0 0 0 0 13 59 122 144 122 72 40 11 1 0 0 0 0 0 0 0 0 0 0 0 0 0
SHARD 1976 k=4 m=28 inter=1 colcap=128: NONE visited=23396 time=0.0s
ACCEPTED 0 0 0 0 0 0 0 7 44 131 197 140 39 2 0 0 0 0 0 0 0 0 0 0 0 0 0 0 0
SHARD 1977 k=4 m=28 inter=1 colcap=128: NONE visited=140001 time=0.1s
ACCEPTED 0 0 0 0 0 0 0 11 62 243 688 1300 1569 1031 302 32 2 0 0 0 0 0 0 0 0 0 0 0 0
SHARD 1978 k=4 m=28 inter=1 colcap=128: NONE visited=222607 time=0.2s
ACCEPTED 0 0 0 0 0 0 0 17 122 536 1450 2293 1788 721 173 14 0 0 0 0 0 0 0 0 0 0 0 0 0
SHARD 1979 k=4 m=28 inter=1 colcap=128: NONE visited=99502 time=0.1s
ACCEPTED 0 0 0 0 0 0 0 10 51 189 493 927 1040 523 110 14 0 0 0 0 0 0 0 0 0 0 0 0 0
SHARD 1980 k=4 m=28 inter=1 colcap=128: NONE visited=1908 time=0.0s
ACCEPTED 0 0 0 0 0 0 0 4 12 16 9 1 0 0 0 0 0 0 0 0 0 0 0 0 0 0 0 0 0
SHARD 1981 k=4 m=28 inter=1 colcap=128: NONE visited=2971 time=0.0s
ACCEPTED 0 0 0 0 0 0 0 6 16 20 14 7 1 0 0 0 0 0 0 0 0 0 0 0 0 0 0 0 0
SHARD 1982 k=4 m=28 inter=1 colcap=128: NONE visited=291 time=0.0s
ACCEPTED 0 0 0 0 0 0 0 1 3 1 0 0 0 0 0 0 0 0 0 0 0 0 0 0 0 0 0 0 0
SHARD 1983 k=4 m=28 inter=1 colcap=128: NONE visited=374795 time=0.3s
ACCEPTED 0 0 0 0 0 0 0 10 56 281 1116 2767 4297 4026 2366 795 151 19 2 0 0 0 0 0 0 0 0 0 0
SHARD 1984 k=4 m=28 inter=1 colcap=128: NONE visited=29542 time=0.0s
ACCEPTED 0 0 0 0 0 0 0 3 16 74 245 360 144 15 0 0 0 0 0 0 0 0 0 0 0 0 0 0 0
SHARD 1985 k=4 m=28 inter=1 colcap=128: NONE visited=138754 time=0.1s
ACCEPTED 0 0 0 0 0 0 0 11 68 295 860 1527 1430 586 124 8 0 0 0 0 0 0 0 0 0 0 0 0 0
SHARD 1986 k=4 m=28 inter=1 colcap=128: NONE visited=172488 time=0.1s
ACCEPTED 0 0 0 0 0 0 0 8 39 174 689 1709 2152 1323 457 165 42 2 0 0 0 0 0 0 0 0 0 0 0
SHARD 1987 k=4 m=28 inter=1 colcap=128: NONE visited=4984 time=0.0s
ACCEPTED 0 0 0 0 0 0 0 7 22 37 38 11 0 0 0 0 0 0 0 0 0 0 0 0 0 0 0 0 0
SHARD 1988 k=4 m=28 inter=1 colcap=128: NONE visited=9183193 time=8.8s
ACCEPTED 0 0 0 0 0 0 0 40 944 10541 55711 135854 149909 78465 20825 2904 212 13 1 0 0 0 0 0 0 0 0 0 0
SHARD 1989 k=4 m=28 inter=1 colcap=128: NONE visited=30551090 time=36.7s
ACCEPTED 0 0 0 0 0 0 0 50 1052 11816 74017 255168 482996 500988 306559 119670 30116 4797 307 7 0 0 0 0 0 0 0 0 0
SHARD 1990 k=4 m=28 inter=1 colcap=128: NONE visited=33099602 time=33.8s
ACCEPTED 0 0 0 0 0 0 0 73 1860 21495 121609 336637 478072 387510 184891 53283 7824 206 1 0 0 0 0 0 0 0 0 0 0
SHARD 1991 k=4 m=28 inter=1 colcap=128: NONE visited=21958 time=0.0s
ACCEPTED 0 0 0 0 0 0 0 15 101 247 229 83 7 0 0 0 0 0 0 0 0 0 0 0 0 0 0 0 0
SHARD 1992 k=4 m=28 inter=1 colcap=128: NONE visited=113422 time=0.1s
ACCEPTED 0 0 0 0 0 0 0 15 136 564 1106 1143 649 214 40 0 0 0 0 0 0 0 0 0 0 0 0 0 0
SHARD 1993 k=4 m=28 inter=1 colcap=128: NONE visited=900366 time=0.7s
ACCEPTED 0 0 0 0 0 0 0 43 551 2859 7674 10180 6410 1451 92 1 0 0 0 0 0 0 0 0 0 0 0 0 0
SHARD 1994 k=4 m=28 inter=1 colcap=128: NONE visited=389855 time=0.4s
ACCEPTED 0 0 0 0 0 0 0 14 94 691 3062 5141 3920 955 79 0 0 0 0 0 0 0 0 0 0 0 0 0 0
SHARD 1995 k=4 m=28 inter=1 colcap=128: NONE visited=3548 time=0.0s
ACCEPTED 0 0 0 0 0 0 0 8 26 26 9 0 0 0 0 0 0 0 0 0 0 0 0 0 0 0 0 0 0
SHARD 1996 k=4 m=28 inter=1 colcap=128: NONE visited=39135 time=0.0s
ACCEPTED 0 0 0 0 0 0 0 11 90 304 443 250 65 6 0 0 0 0 0 0 0 0 0 0 0 0 0 0 0
SHARD 1997 k=4 m=28 inter=1 colcap=128: NONE visited=1413425 time=1.3s
ACCEPTED 0 0 0 0 0 0 0 17 223 1746 7461 16118 16175 7386 801 48 1 0 0 0 0 0 0 0 0 0 0 0 0
SHARD 1998 k=4 m=28 inter=1 colcap=128: NONE visited=14655 time=0.0s
ACCEPTED 0 0 0 0 0 0 0 12 55 89 115 108 51 8 1 0 0 0 0 0 0 0 0 0 0 0 0 0 0
SHARD 1999 k=4 m=28 inter=1 colcap=128: NONE visited=93276 time=0.1s
ACCEPTED 0 0 0 0 0 0 0 18 148 552 1043 834 262 30 1 0 0 0 0 0 0 0 0 0 0 0 0 0 0
DONE exit=20
