SHARD 5120 k=4 m=28 inter=1 colcap=128: NONE visited=27019 time=0.0s
ACCEPTED 0 0 0 0 0 0 0 13 75 204 198 77 10 1 0 0 0 0 0 0 0 0 0 0 0 0 0 0 0
SHARD 5121 k=4 m=28 inter=1 colcap=128: NONE visited=46913 time=0.0s
ACCEPTED 0 0 0 0 0 0 0 15 98 293 352 185 31 1 0 0 0 0 0 0 0 0 0 0 0 0 0 0 0
SHARD 5122 k=4 m=28 inter=1 colcap=128: NONE visited=143120 time=0.1s
ACCEPTED 0 0 0 0 0 0 0 19 208 936 1506 828 174 18 1 0 0 0 0 0 0 0 0 0 0 0 0 0 0
SHARD 5123 k=4 m=28 inter=1 colcap=128: NONE visited=5273 time=0.0s
ACCEPTED 0 0 0 0 0 0 0 4 17 40 32 1 0 0 0 0 0 0 0 0 0 0 0 0 0 0 0 0 0
SHARD 5124 k=4 m=28 inter=1 colcap=128: NONE visited=26540 time=0.0s
ACCEPTED 0 0 0 0 0 0 0 13 80 191 183 51 4 0 0 0 0 0 0 0 0 0 0 0 0 0 0 0 0
SHARD 5125 k=4 m=28 inter=1 colcap=128: NONE visited=9435 time=0.0s
ACCEPTED 0 0 0 0 0 0 0 7 34 73 47 8 0 0 0 0 0 0 0 0 0 0 0 0 0 0 0 0 0
SHARD 5126 k=4 m=28 inter=1 colcap=128: NONE visited=18553 time=0.0s
ACCEPTED 0 0 0 0 0 0 0 9 58 145 128 50 3 0 0 0 0 0 0 0 0 0 0 0 0 0 0 0 0
SHARD 5127 k=4 m=28 inter=1 colcap=128: NONE visited=2667 time=0.0s
ACCEPTED 0 0 0 0 0 0 0 1 8 23 18 1 0 0 0 0 0 0 0 0 0 0 0 0 0 0 0 0 0
SHARD 5128 k=4 m=28 inter=1 colcap=128: NONE visited=7127 time=0.0s
ACCEPTED 0 0 0 0 0 0 0 3 18 58 44 4 0 0 0 0 0 0 0 0 0 0 0 0 0 0 0 0 0
SHARD 5129 k=4 m=28 inter=1 colcap=128: NONE visited=31123 time=0.0s
ACCEPTED 0 0 0 0 0 0 0 15 95 244 228 60 9 1 0 0 0 0 0 0 0 0 0 0 0 0 0 0 0
SHARD 5130 k=4 m=28 inter=1 colcap=128: NONE visited=1656 time=0.0s
ACCEPTED 0 0 0 0 0 0 0 3 11 12 2 0 0 0 0 0 0 0 0 0 0 0 0 0 0 0 0 0 0
SHARD 5131 k=4 m=28 inter=1 colcap=128: NONE visited=5547815 time=4.4s
ACCEPTED 0 0 0 0 0 0 0 40 625 4498 16734 35145 43714 27373 5069 5 0 0 0 0 0 0 0 0 0 0 0 0 0
SHARD 5132 k=4 m=28 inter=1 colcap=128: NONE visited=19892890 time=15.5s
ACCEPTED 0 0 0 0 0 0 0 71 1718 16686 72807 161675 182861 94433 17374 552 105 0 0 0 0 0 0 0 0 0 0 0 0
SHARD 5133 k=4 m=28 inter=1 colcap=128: NONE visited=7773364 time=6.5s
ACCEPTED 0 0 0 0 0 0 0 56 1162 10087 38679 70081 59108 26387 6315 144 3 0 0 0 0 0 0 0 0 0 0 0 0
SHARD 5134 k=4 m=28 inter=1 colcap=128: NONE visited=6788983 time=5.6s
ACCEPTED 0 0 0 0 0 0 0 19 447 5390 30639 77368 76791 28209 4029 240 12 0 0 0 0 0 0 0 0 0 0 0 0
SHARD 5135 k=4 m=28 inter=1 colcap=128: NONE visited=5842496 time=4.9s
ACCEPTED 0 0 0 0 0 0 0 42 803 7476 33641 69450 62855 23037 3579 243 7 0 0 0 0 0 0 0 0 0 0 0 0
SHARD 5136 k=4 m=28 inter=1 colcap=128: NONE visited=223055 time=0.2s
ACCEPTED 0 0 0 0 0 0 0 34 366 1389 2273 1454 480 93 3 0 0 0 0 0 0 0 0 0 0 0 0 0 0
SHARD 5137 k=4 m=28 inter=1 colcap=128: NONE visited=434218 time=0.3s
ACCEPTED 0 0 0 0 0 0 0 33 424 2253 4642 3699 1334 178 1 0 0 0 0 0 0 0 0 0 0 0 0 0 0
SHARD 5138 k=4 m=28 inter=1 colcap=128: NONE visited=522904 time=0.3s
ACCEPTED 0 0 0 0 0 0 0 39 552 2914 5746 4224 1179 114 0 0 0 0 0 0 0 0 0 0 0 0 0 0 0
SHARD 5139 k=4 m=28 inter=1 colcap=128: NONE visited=40161 time=0.0s
ACCEPTED 0 0 0 0 0 0 0 8 52 168 307 206 134 58 0 0 0 0 0 0 0 0 0 0 0 0 0 0 0
SHARD 5140 k=4 m=28 inter=1 colcap=128: NONE visited=2104299 time=1.6s
ACCEPTED 0 0 0 0 0 0 0 47 740 5033 16600 25581 15592 3503 229 1 0 0 0 0 0 0 0 0 0 0 0 0 0
SHARD 5141 k=4 m=28 inter=1 colcap=128: NONE visited=319556 time=0.2s
ACCEPTED 0 0 0 0 0 0 0 34 310 1103 2125 1857 1222 527 2 0 0 0 0 0 0 0 0 0 0 0 0 0 0
SHARD 5142 k=4 m=28 inter=1 colcap=128: NONE visited=116968 time=0.1s
ACCEPTED 0 0 0 0 0 0 0 26 220 789 1268 800 187 11 0 0 0 0 0 0 0 0 0 0 0 0 0 0 0
SHARD 5143 k=4 m=28 inter=1 colcap=128: NONE visited=186107 time=0.1s
ACCEPTED 0 0 0 0 0 0 0 33 338 1266 1720 983 226 17 0 0 0 0 0 0 0 0 0 0 0 0 0 0 0
SHARD 5144 k=4 m=28 inter=1 colcap=128: NONE visited=124891 time=0.1s
ACCEPTED 0 0 0 0 0 0 0 20 217 852 1367 873 240 29 1 0 0 0 0 0 0 0 0 0 0 0 0 0 0
SHARD 5145 k=4 m=28 inter=1 colcap=128: NONE visited=187929 time=0.1s
ACCEPTED 0 0 0 0 0 0 0 19 193 832 1402 1052 608 248 0 0 0 0 0 0 0 0 0 0 0 0 0 0 0
SHARD 5146 k=4 m=28 inter=1 colcap=128: NONE visited=6903 time=0.0s
ACCEPTED 0 0 0 0 0 0 0 7 23 53 53 28 2 0 0 0 0 0 0 0 0 0 0 0 0 0 0 0 0
SHARD 5147 k=4 m=28 inter=1 colcap=128: NONE visited=667945 time=0.5s
ACCEPTED 0 0 0 0 0 0 0 39 416 1776 3801 5219 3635 923 47 1 0 0 0 0 0 0 0 0 0 0 0 0 0
SHARD 5148 k=4 m=28 inter=1 colcap=128: NONE visited=3548237 time=2.7s
ACCEPTED 0 0 0 0 0 0 0 45 688 4619 15686 27718 25796 11203 1786 13 0 0 0 0 0 0 0 0 0 0 0 0 0
SHARD 5149 k=4 m=28 inter=1 colcap=128: NONE visited=1472724 time=1.0s
ACCEPTED 0 0 0 0 0 0 0 33 394 2151 6175 9629 8966 5162 1296 0 0 0 0 0 0 0 0 0 0 0 0 0 0
SHARD 5150 k=4 m=28 inter=1 colcap=128: NONE visited=2265780 time=1.4s
ACCEPTED 0 0 0 0 0 0 0 42 605 3715 10786 15506 13098 7052 1647 0 0 0 0 0 0 0 0 0 0 0 0 0 0
SHARD 5151 k=4 m=28 inter=1 colcap=128: NONE visited=53094 time=0.0s
ACCEPTED 0 0 0 0 0 0 0 16 98 361 498 268 61 12 0 0 0 0 0 0 0 0 0 0 0 0 0 0 0
SHARD 5152 k=4 m=28 inter=1 colcap=128: NONE visited=95234 time=0.1s
ACCEPTED 0 0 0 0 0 0 0 14 91 391 833 854 482 136 2 0 0 0 0 0 0 0 0 0 0 0 0 0 0
SHARD 5153 k=4 m=28 inter=1 colcap=128: NONE visited=66047 time=0.0s
ACCEPTED 0 0 0 0 0 0 0 21 156 499 482 142 19 1 0 0 0 0 0 0 0 0 0 0 0 0 0 0 0
SHARD 5154 k=4 m=28 inter=1 colcap=128: NONE visited=72117 time=0.0s
ACCEPTED 0 0 0 0 0 0 0 24 174 560 610 216 23 0 0 0 0 0 0 0 0 0 0 0 0 0 0 0 0
SHARD 5155 k=4 m=28 inter=1 colcap=128: NONE visited=56364 time=0.0s
ACCEPTED 0 0 0 0 0 0 0 20 125 439 446 125 5 0 0 0 0 0 0 0 0 0 0 0 0 0 0 0 0
SHARD 5156 k=4 m=28 inter=1 colcap=128: NONE visited=78732 time=0.0s
ACCEPTED 0 0 0 0 0 0 0 25 188 588 583 240 49 1 0 0 0 0 0 0 0 0 0 0 0 0 0 0 0
SHARD 5157 k=4 m=28 inter=1 colcap=128: NONE visited=63584 time=0.0s
ACCEPTED 0 0 0 0 0 0 0 19 103 369 574 425 64 2 0 0 0 0 0 0 0 0 0 0 0 0 0 0 0
SHARD 5158 k=4 m=28 inter=1 colcap=128: NONE visited=41940 time=0.0s
ACCEPTED 0 0 0 0 0 0 0 17 99 296 373 216 28 0 0 0 0 0 0 0 0 0 0 0 0 0 0 0 0
SHARD 5159 k=4 m=28 inter=1 colcap=128: NONE visited=1800 time=0.0s
ACCEPTED 0 0 0 0 0 0 0 4 10 18 4 1 0 0 0 0 0 0 0 0 0 0 0 0 0 0 0 0 0
DONE exit=20
