SHARD 5840 k=4 m=28 inter=1 colcap=128: NONE visited=333 time=0.0s
ACCEPTED 0 0 0 0 0 0 0 2 1 0 0 0 0 0 0 0 0 0 0 0 0 0 0 0 0 0 0 0 0
SHARD 5841 k=4 m=28 inter=1 colcap=128: NONE visited=11310 time=0.0s
ACCEPTED 0 0 0 0 0 0 0 9 46 104 62 4 0 0 0 0 0 0 0 0 0 0 0 0 0 0 0 0 0
SHARD 5842 k=4 m=28 inter=1 colcap=128: NONE visited=29330 time=0.0s
ACCEPTED 0 0 0 0 0 0 0 18 109 231 139 21 1 0 0 0 0 0 0 0 0 0 0 0 0 0 0 0 0
SHARD 5843 k=4 m=28 inter=1 colcap=128: NONE visited=34685 time=0.0s
ACCEPTED 0 0 0 0 0 0 0 19 117 292 254 65 4 0 0 0 0 0 0 0 0 0 0 0 0 0 0 0 0
SHARD 5844 k=4 m=28 inter=1 colcap=128: NONE visited=189292 time=0.1s
ACCEPTED 0 0 0 0 0 0 0 25 209 823 1493 1386 605 152 21 0 0 0 0 0 0 0 0 0 0 0 0 0 0
SHARD 5845 k=4 m=28 inter=1 colcap=128: NONE visited=92264 time=0.1s
ACCEPTED 0 0 0 0 0 0 0 23 170 527 693 434 94 5 0 0 0 0 0 0 0 0 0 0 0 0 0 0 0
SHARD 5846 k=4 m=28 inter=1 colcap=128: NONE visited=64798 time=0.1s
ACCEPTED 0 0 0 0 0 0 0 18 123 404 603 256 45 8 0 0 0 0 0 0 0 0 0 0 0 0 0 0 0
SHARD 5847 k=4 m=28 inter=1 colcap=128: NONE visited=84674 time=0.1s
ACCEPTED 0 0 0 0 0 0 0 21 156 547 800 466 91 5 0 0 0 0 0 0 0 0 0 0 0 0 0 0 0
SHARD 5848 k=4 m=28 inter=1 colcap=128: NONE visited=27917 time=0.0s
ACCEPTED 0 0 0 0 0 0 0 15 88 206 183 50 3 0 0 0 0 0 0 0 0 0 0 0 0 0 0 0 0
SHARD 5849 k=4 m=28 inter=1 colcap=128: NONE visited=916 time=0.0s
ACCEPTED 0 0 0 0 0 0 0 3 10 2 0 0 0 0 0 0 0 0 0 0 0 0 0 0 0 0 0 0 0
SHARD 5850 k=4 m=28 inter=1 colcap=128: NONE visited=1512 time=0.0s
ACCEPTED 0 0 0 0 0 0 0 4 11 8 1 0 0 0 0 0 0 0 0 0 0 0 0 0 0 0 0 0 0
SHARD 5851 k=4 m=28 inter=1 colcap=128: NONE visited=1612 time=0.0s
ACCEPTED 0 0 0 0 0 0 0 5 13 11 0 0 0 0 0 0 0 0 0 0 0 0 0 0 0 0 0 0 0
SHARD 5852 k=4 m=28 inter=1 colcap=128: NONE visited=194929 time=0.1s
ACCEPTED 0 0 0 0 0 0 0 14 131 654 1497 1525 683 106 2 0 0 0 0 0 0 0 0 0 0 0 0 0 0
SHARD 5853 k=4 m=28 inter=1 colcap=128: NONE visited=111698 time=0.1s
ACCEPTED 0 0 0 0 0 0 0 19 161 616 890 619 276 38 2 0 0 0 0 0 0 0 0 0 0 0 0 0 0
SHARD 5854 k=4 m=28 inter=1 colcap=128: NONE visited=7220 time=0.0s
ACCEPTED 0 0 0 0 0 0 0 8 31 58 30 1 0 0 0 0 0 0 0 0 0 0 0 0 0 0 0 0 0
SHARD 5855 k=4 m=28 inter=1 colcap=128: NONE visited=35991 time=0.0s
ACCEPTED 0 0 0 0 0 0 0 13 80 225 245 113 33 9 2 0 0 0 0 0 0 0 0 0 0 0 0 0 0
SHARD 5856 k=4 m=28 inter=1 colcap=128: NONE visited=10695 time=0.0s
ACCEPTED 0 0 0 0 0 0 0 8 53 98 30 1 0 0 0 0 0 0 0 0 0 0 0 0 0 0 0 0 0
SHARD 5857 k=4 m=28 inter=1 colcap=128: NONE visited=83110 time=0.1s
ACCEPTED 0 0 0 0 0 0 0 16 111 371 602 555 237 58 7 1 0 0 0 0 0 0 0 0 0 0 0 0 0
SHARD 5858 k=4 m=28 inter=1 colcap=128: NONE visited=2774 time=0.0s
ACCEPTED 0 0 0 0 0 0 0 3 12 31 6 0 0 0 0 0 0 0 0 0 0 0 0 0 0 0 0 0 0
SHARD 5859 k=4 m=28 inter=1 colcap=128: NONE visited=3858268 time=2.9s
ACCEPTED 0 0 0 0 0 0 0 27 382 3354 15859 36706 37812 14362 1703 70 1 0 0 0 0 0 0 0 0 0 0 0 0
SHARD 5860 k=4 m=28 inter=1 colcap=128: NONE visited=4719 time=0.0s
ACCEPTED 0 0 0 0 0 0 0 5 17 37 22 0 0 0 0 0 0 0 0 0 0 0 0 0 0 0 0 0 0
SHARD 5861 k=4 m=28 inter=1 colcap=128: NONE visited=15214 time=0.0s
ACCEPTED 0 0 0 0 0 0 0 4 13 48 118 113 52 10 0 0 0 0 0 0 0 0 0 0 0 0 0 0 0
SHARD 5862 k=4 m=28 inter=1 colcap=128: NONE visited=30672 time=0.0s
ACCEPTED 0 0 0 0 0 0 0 9 48 184 286 135 15 0 0 0 0 0 0 0 0 0 0 0 0 0 0 0 0
SHARD 5863 k=4 m=28 inter=1 colcap=128: NONE visited=65860 time=0.0s
ACCEPTED 0 0 0 0 0 0 0 17 111 350 488 325 86 1 0 0 0 0 0 0 0 0 0 0 0 0 0 0 0
SHARD 5864 k=4 m=28 inter=1 colcap=128: NONE visited=77106 time=0.0s
ACCEPTED 0 0 0 0 0 0 0 12 72 276 625 721 312 43 2 0 0 0 0 0 0 0 0 0 0 0 0 0 0
SHARD 5865 k=4 m=28 inter=1 colcap=128: NONE visited=2771 time=0.0s
ACCEPTED 0 0 0 0 0 0 0 3 14 26 7 0 0 0 0 0 0 0 0 0 0 0 0 0 0 0 0 0 0
SHARD 5866 k=4 m=28 inter=1 colcap=128: NONE visited=12579 time=0.0s
ACCEPTED 0 0 0 0 0 0 0 6 24 55 68 74 77 31 3 0 0 0 0 0 0 0 0 0 0 0 0 0 0
SHARD 5867 k=4 m=28 inter=1 colcap=128: NONE visited=86 time=0.0s
ACCEPTED 0 0 0 0 0 0 0 0 0 0 0 0 0 0 0 0 0 0 0 0 0 0 0 0 0 0 0 0 0
SHARD 5868 k=4 m=28 inter=1 colcap=128: NONE visited=525 time=0.0s
ACCEPTED 0 0 0 0 0 0 0 4 2 0 0 0 0 0 0 0 0 0 0 0 0 0 0 0 0 0 0 0 0
SHARD 5869 k=4 m=28 inter=1 colcap=128: NONE visited=4213 time=0.0s
ACCEPTED 0 0 0 0 0 0 0 7 24 30 3 0 0 0 0 0 0 0 0 0 0 0 0 0 0 0 0 0 0
SHARD 5870 k=4 m=28 inter=1 colcap=128: NONE visited=30990 time=0.0s
ACCEPTED 0 0 0 0 0 0 0 19 112 259 186 47 9 1 0 0 0 0 0 0 0 0 0 0 0 0 0 0 0
SHARD 5871 k=4 m=28 inter=1 colcap=128: NONE visited=168367 time=0.1s
ACCEPTED 0 0 0 0 0 0 0 16 143 540 1044 1704 1682 529 60 3 0 0 0 0 0 0 0 0 0 0 0 0 0
SHARD 5872 k=4 m=28 inter=1 colcap=128: NONE visited=38144 time=0.0s
ACCEPTED 0 0 0 0 0 0 0 19 117 296 244 105 25 1 0 0 0 0 0 0 0 0 0 0 0 0 0 0 0
SHARD 5873 k=4 m=28 inter=1 colcap=128: NONE visited=7760 time=0.0s
ACCEPTED 0 0 0 0 0 0 0 10 36 67 61 22 2 0 0 0 0 0 0 0 0 0 0 0 0 0 0 0 0
SHARD 5874 k=4 m=28 inter=1 colcap=128: NONE visited=33299 time=0.0s
ACCEPTED 0 0 0 0 0 0 0 14 89 266 314 145 20 0 0 0 0 0 0 0 0 0 0 0 0 0 0 0 0
SHARD 5875 k=4 m=28 inter=1 colcap=128: NONE visited=678 time=0.0s
ACCEPTED 0 0 0 0 0 0 0 5 3 0 0 0 0 0 0 0 0 0 0 0 0 0 0 0 0 0 0 0 0
SHARD 5876 k=4 m=28 inter=1 colcap=128: NONE visited=617 time=0.0s
ACCEPTED 0 0 0 0 0 0 0 2 5 2 1 0 0 0 0 0 0 0 0 0 0 0 0 0 0 0 0 0 0
SHARD 5877 k=4 m=28 inter=1 colcap=128: NONE visited=71 time=0.0s
ACCEPTED 0 0 0 0 0 0 0 0 0 0 0 0 0 0 0 0 0 0 0 0 0 0 0 0 0 0 0 0 0
SHARD 5878 k=4 m=28 inter=1 colcap=128: NONE visited=75 time=0.0s
ACCEPTED 0 0 0 0 0 0 0 0 0 0 0 0 0 0 0 0 0 0 0 0 0 0 0 0 0 0 0 0 0
SHARD 5879 k=4 m=28 inter=1 colcap=128: NONE visited=4540 time=0.0s
ACCEPTED 0 0 0 0 0 0 0 12 37 32 1 0 0 0 0 0 0 0 0 0 0 0 0 0 0 0 0 0 0
DONE exit=20
