SHARD 8320 k=4 m=28 inter=1 colcap=128: NONE visited=219872 time=0.1s
ACCEPTED 0 0 0 0 0 0 0 24 223 896 2059 2354 1311 392 14 1 0 0 0 0 0 0 0 0 0 0 0 0 0
SHARD 8321 k=4 m=28 inter=1 colcap=128: NONE visited=4121961 time=2.6s
ACCEPTED 0 0 0 0 0 0 0 41 644 4818 19301 44096 52726 28887 6474 433 12 0 0 0 0 0 0 0 0 0 0 0 0
SHARD 8322 k=4 m=28 inter=1 colcap=128: NONE visited=585602 time=0.3s
ACCEPTED 0 0 0 0 0 0 0 42 552 2779 5988 6466 3929 1145 125 1 0 0 0 0 0 0 0 0 0 0 0 0 0
SHARD 8323 k=4 m=28 inter=1 colcap=128: NONE visited=1418001 time=0.7s
ACCEPTED 0 0 0 0 0 0 0 26 370 2762 10112 17979 15277 5970 949 61 0 0 0 0 0 0 0 0 0 0 0 0 0
SHARD 8324 k=4 m=28 inter=1 colcap=128: NONE visited=954371 time=0.5s
ACCEPTED 0 0 0 0 0 0 0 43 609 3591 9642 12202 6575 1373 110 3 0 0 0 0 0 0 0 0 0 0 0 0 0
SHARD 8325 k=4 m=28 inter=1 colcap=128: NONE visited=1826750 time=1.1s
ACCEPTED 0 0 0 0 0 0 0 30 476 3855 14302 23566 17348 5846 911 52 1 0 0 0 0 0 0 0 0 0 0 0 0
SHARD 8326 k=4 m=28 inter=1 colcap=128: NONE visited=31820 time=0.0s
ACCEPTED 0 0 0 0 0 0 0 18 102 323 426 157 16 0 0 0 0 0 0 0 0 0 0 0 0 0 0 0 0
SHARD 8327 k=4 m=28 inter=1 colcap=128: NONE visited=985233 time=0.5s
ACCEPTED 0 0 0 0 0 0 0 29 413 2874 9132 13059 8349 2376 309 8 0 0 0 0 0 0 0 0 0 0 0 0 0
SHARD 8328 k=4 m=28 inter=1 colcap=128: NONE visited=29409 time=0.0s
ACCEPTED 0 0 0 0 0 0 0 23 128 276 207 39 2 1 0 0 0 0 0 0 0 0 0 0 0 0 0 0 0
SHARD 8329 k=4 m=28 inter=1 colcap=128: NONE visited=253808 time=0.1s
ACCEPTED 0 0 0 0 0 0 0 18 176 892 2184 2509 1498 395 40 2 0 0 0 0 0 0 0 0 0 0 0 0 0
SHARD 8330 k=4 m=28 inter=1 colcap=128: NONE visited=5479 time=0.0s
ACCEPTED 0 0 0 0 0 0 0 11 47 35 1 0 0 0 0 0 0 0 0 0 0 0 0 0 0 0 0 0 0
SHARD 8331 k=4 m=28 inter=1 colcap=128: NONE visited=10887 time=0.0s
ACCEPTED 0 0 0 0 0 0 0 12 54 99 46 8 0 0 0 0 0 0 0 0 0 0 0 0 0 0 0 0 0
SHARD 8332 k=4 m=28 inter=1 colcap=128: NONE visited=9874 time=0.0s
ACCEPTED 0 0 0 0 0 0 0 11 41 69 57 21 2 1 0 0 0 0 0 0 0 0 0 0 0 0 0 0 0
SHARD 8333 k=4 m=28 inter=1 colcap=128: NONE visited=70936 time=0.0s
ACCEPTED 0 0 0 0 0 0 0 8 49 179 462 776 611 158 18 0 0 0 0 0 0 0 0 0 0 0 0 0 0
SHARD 8334 k=4 m=28 inter=1 colcap=128: NONE visited=12536 time=0.0s
ACCEPTED 0 0 0 0 0 0 0 16 79 121 58 4 0 0 0 0 0 0 0 0 0 0 0 0 0 0 0 0 0
SHARD 8335 k=4 m=28 inter=1 colcap=128: NONE visited=260035 time=0.1s
ACCEPTED 0 0 0 0 0 0 0 27 294 1405 2847 2420 888 129 6 0 0 0 0 0 0 0 0 0 0 0 0 0 0
SHARD 8336 k=4 m=28 inter=1 colcap=128: NONE visited=337 time=0.0s
ACCEPTED 0 0 0 0 0 0 0 2 2 0 0 0 0 0 0 0 0 0 0 0 0 0 0 0 0 0 0 0 0
SHARD 8337 k=4 m=28 inter=1 colcap=128: NONE visited=2510 time=0.0s
ACCEPTED 0 0 0 0 0 0 0 4 12 22 6 0 0 0 0 0 0 0 0 0 0 0 0 0 0 0 0 0 0
SHARD 8338 k=4 m=28 inter=1 colcap=128: NONE visited=3413 time=0.0s
ACCEPTED 0 0 0 0 0 0 0 1 13 33 24 3 0 0 0 0 0 0 0 0 0 0 0 0 0 0 0 0 0
SHARD 8339 k=4 m=28 inter=1 colcap=128: NONE visited=2177 time=0.0s
ACCEPTED 0 0 0 0 0 0 0 5 16 23 10 1 0 0 0 0 0 0 0 0 0 0 0 0 0 0 0 0 0
SHARD 8340 k=4 m=28 inter=1 colcap=128: NONE visited=17080 time=0.0s
ACCEPTED 0 0 0 0 0 0 0 14 79 164 104 14 0 0 0 0 0 0 0 0 0 0 0 0 0 0 0 0 0
SHARD 8341 k=4 m=28 inter=1 colcap=128: NONE visited=224122 time=0.1s
ACCEPTED 0 0 0 0 0 0 0 28 298 1322 2337 1690 579 111 8 0 0 0 0 0 0 0 0 0 0 0 0 0 0
SHARD 8342 k=4 m=28 inter=1 colcap=128: NONE visited=25586 time=0.0s
ACCEPTED 0 0 0 0 0 0 0 14 76 175 237 138 26 0 0 0 0 0 0 0 0 0 0 0 0 0 0 0 0
SHARD 8343 k=4 m=28 inter=1 colcap=128: NONE visited=410767 time=0.2s
ACCEPTED 0 0 0 0 0 0 0 30 355 1854 4164 4054 1761 382 47 2 0 0 0 0 0 0 0 0 0 0 0 0 0
SHARD 8344 k=4 m=28 inter=1 colcap=128: NONE visited=129195 time=0.1s
ACCEPTED 0 0 0 0 0 0 0 27 241 974 1568 929 196 15 0 0 0 0 0 0 0 0 0 0 0 0 0 0 0
SHARD 8345 k=4 m=28 inter=1 colcap=128: NONE visited=593664 time=0.4s
ACCEPTED 0 0 0 0 0 0 0 21 247 1529 4558 6866 5273 1806 208 8 0 0 0 0 0 0 0 0 0 0 0 0 0
SHARD 8346 k=4 m=28 inter=1 colcap=128: NONE visited=981 time=0.0s
ACCEPTED 0 0 0 0 0 0 0 7 4 1 0 0 0 0 0 0 0 0 0 0 0 0 0 0 0 0 0 0 0
SHARD 8347 k=4 m=28 inter=1 colcap=128: NONE visited=12017 time=0.0s
ACCEPTED 0 0 0 0 0 0 0 13 50 95 79 29 3 0 0 0 0 0 0 0 0 0 0 0 0 0 0 0 0
SHARD 8348 k=4 m=28 inter=1 colcap=128: NONE visited=17159 time=0.0s
ACCEPTED 0 0 0 0 0 0 0 15 66 125 110 39 4 0 0 0 0 0 0 0 0 0 0 0 0 0 0 0 0
SHARD 8349 k=4 m=28 inter=1 colcap=128: NONE visited=5106 time=0.0s
ACCEPTED 0 0 0 0 0 0 0 8 28 42 21 1 0 0 0 0 0 0 0 0 0 0 0 0 0 0 0 0 0
SHARD 8350 k=4 m=28 inter=1 colcap=128: NONE visited=2802 time=0.0s
ACCEPTED 0 0 0 0 0 0 0 5 20 21 1 0 0 0 0 0 0 0 0 0 0 0 0 0 0 0 0 0 0
SHARD 8351 k=4 m=28 inter=1 colcap=128: NONE visited=15625 time=0.0s
ACCEPTED 0 0 0 0 0 0 0 8 28 79 160 114 28 5 0 0 0 0 0 0 0 0 0 0 0 0 0 0 0
SHARD 8352 k=4 m=28 inter=1 colcap=128: NONE visited=9980 time=0.0s
ACCEPTED 0 0 0 0 0 0 0 13 49 92 51 4 0 0 0 0 0 0 0 0 0 0 0 0 0 0 0 0 0
SHARD 8353 k=4 m=28 inter=1 colcap=128: NONE visited=668 time=0.0s
ACCEPTED 0 0 0 0 0 0 0 1 5 6 0 0 0 0 0 0 0 0 0 0 0 0 0 0 0 0 0 0 0
SHARD 8354 k=4 m=28 inter=1 colcap=128: NONE visited=2199 time=0.0s
ACCEPTED 0 0 0 0 0 0 0 3 13 16 6 0 0 0 0 0 0 0 0 0 0 0 0 0 0 0 0 0 0
SHARD 8355 k=4 m=28 inter=1 colcap=128: NONE visited=52447 time=0.0s
ACCEPTED 0 0 0 0 0 0 0 12 63 254 583 616 212 21 0 0 0 0 0 0 0 0 0 0 0 0 0 0 0
SHARD 8356 k=4 m=28 inter=1 colcap=128: NONE visited=1325749 time=0.8s
ACCEPTED 0 0 0 0 0 0 0 17 200 1428 6019 14036 15935 7683 1801 306 40 2 0 0 0 0 0 0 0 0 0 0 0
SHARD 8357 k=4 m=28 inter=1 colcap=128: NONE visited=299060 time=0.1s
ACCEPTED 0 0 0 0 0 0 0 28 277 1168 2428 2899 1865 573 94 8 0 0 0 0 0 0 0 0 0 0 0 0 0
SHARD 8358 k=4 m=28 inter=1 colcap=128: NONE visited=50445 time=0.0s
ACCEPTED 0 0 0 0 0 0 0 21 146 413 446 195 35 1 0 0 0 0 0 0 0 0 0 0 0 0 0 0 0
SHARD 8359 k=4 m=28 inter=1 colcap=128: NONE visited=139159 time=0.1s
ACCEPTED 0 0 0 0 0 0 0 16 117 512 1279 1555 868 210 16 0 0 0 0 0 0 0 0 0 0 0 0 0 0
DONE exit=20
