SHARD 6178 k=4 m=28 inter=1 colcap=128: NONE visited=1860676094 time=3186.8s
ACCEPTED 0 0 0 0 0 0 0 27 700 11698 117573 702133 2531658 5810695 9544603 13199044 17383054 21912111 24518939 19779518 8609575 3820 730 243 68 13 2 0 0
SHARD 6730 k=4 m=28 inter=1 colcap=128: NONE visited=3745744982 time=7032.7s
ACCEPTED 0 0 0 0 0 0 0 49 1203 17903 168900 1011801 3905260 10020383 18303091 26765606 36266416 48290439 58115283 50866342 23351143 20061 1401 102 5 0 0 0 0
SHARD 6144 k=4 m=28 inter=1 colcap=128: NONE visited=1263029234 time=2308.0s
ACCEPTED 0 0 0 0 0 0 0 33 636 9631 99341 683408 3063643 8847833 16478398 20855323 19416501 15226033 11398802 7714040 3269454 166234 34680 7478 1673 270 3 0 0
SHARD 6146 k=4 m=28 inter=1 colcap=128: NONE visited=959256872 time=1959.5s
ACCEPTED 0 0 0 0 0 0 0 25 420 5592 52614 337922 1447945 4127059 7936466 10898521 12246852 13478481 14629862 12446792 5664572 46655 5077 612 53 3 0 0 0
SHARD 6728 k=4 m=28 inter=1 colcap=128: NONE visited=1161512585 time=2105.3s
ACCEPTED 0 0 0 0 0 0 0 36 785 11428 108808 658926 2510045 6074470 9776795 11578070 12139997 13339513 14622211 12197636 5497997 4563 346 45 7 0 0 0 0
SHARD 6729 k=4 m=28 inter=1 colcap=128: NONE visited=783596007 time=1596.6s
ACCEPTED 0 0 0 0 0 0 0 18 288 3680 34970 230222 1016985 2984263 5946667 8576890 10108759 11178073 11946841 10293011 4766880 32922 3013 338 47 6 0 0 0
SHARD 6246 k=4 m=28 inter=1 colcap=128: NONE visited=386081086 time=674.6s
ACCEPTED 0 0 0 0 0 0 0 52 1252 17938 161649 912167 3178329 6779886 9011420 7765034 4495013 1748547 278234 49962 6567 876 177 29 2 0 0 0 0
SHARD 6425 k=4 m=28 inter=1 colcap=128: NONE visited=292980286 time=602.6s
ACCEPTED 0 0 0 0 0 0 0 14 188 2180 19543 124659 538237 1544389 2972270 3992642 4135913 3941264 3982000 3324032 1507749 6408 563 59 4 0 0 0 0
SHARD 8153 k=4 m=28 inter=1 colcap=128: NONE visited=564326357 time=1155.5s
ACCEPTED 0 0 0 0 0 0 0 20 284 3021 23225 124888 462254 1194304 2284739 3647532 5556944 8200984 10351495 9243247 4232847 6452 300 36 3 0 0 0 0
SHARD 6756 k=4 m=28 inter=1 colcap=128: NONE visited=280955788 time=574.6s
ACCEPTED 0 0 0 0 0 0 0 29 503 6352 57751 363566 1526348 4166226 7288031 8063571 5522144 2220430 585772 128926 29538 6993 1665 365 61 0 0 0 0
SHARD 6748 k=4 m=28 inter=1 colcap=128: NONE visited=245755795 time=445.6s
ACCEPTED 0 0 0 0 0 0 0 18 239 2415 17552 85847 281705 641931 1097684 1610666 2282746 3085888 3580274 3162218 1334478 2329 334 45 4 0 0 0 0
SHARD 9725 k=4 m=28 inter=1 colcap=128: NONE visited=117179650 time=306.6s
ACCEPTED 0 0 0 0 0 0 0 7 103 1167 11771 82609 410578 1356364 2746930 2966383 2251944 1476368 432232 6180 469 60 9 1 1 0 0 0 0
SHARD 6745 k=4 m=28 inter=1 colcap=128: NONE visited=97761395 time=183.7s
ACCEPTED 0 0 0 0 0 0 0 7 90 822 5982 29649 102972 257266 486022 747629 1020730 1322518 1559841 1350928 622214 6408 1281 234 32 2 0 0 0
SHARD 6509 k=4 m=28 inter=1 colcap=128: NONE visited=38288893 time=41.2s
ACCEPTED 0 0 0 0 0 0 0 26 364 3464 21419 83834 207068 336504 384401 319503 181973 55984 20374 6325 1839 65 14 4 1 0 0 0 0
SHARD 6757 k=4 m=28 inter=1 colcap=128: NONE visited=51589663 time=118.9s
ACCEPTED 0 0 0 0 0 0 0 10 91 746 5341 30670 132187 404595 853028 1218846 1203495 854619 492431 255244 130377 57955 17922 2868 14 4 1 1 0
SHARD 7741 k=4 m=28 inter=1 colcap=128: NONE visited=11863043 time=11.4s
ACCEPTED 0 0 0 0 0 0 0 26 458 4157 20548 59747 107355 120519 89752 48295 20328 5887 1726 548 157 32 5 1 1 0 0 0 0
SHARD 6464 k=4 m=28 inter=1 colcap=128: NONE visited=4272205357 time=7516.7s
ACCEPTED 0 0 0 0 0 0 0 41 1278 21785 210671 1187080 4078812 9168436 15416496 23492753 36024331 51920629 63179954 52621645 23105801 419 26 2 0 0 0 0 0
SHARD 6549 k=4 m=28 inter=1 colcap=128: NONE visited=3245883559 time=6133.3s
ACCEPTED 0 0 0 0 0 0 0 31 748 11587 112943 685429 2623598 6628859 12168480 18942722 28811027 42529252 53787036 46103422 20917712 3374 102 3 0 0 0 0 0
SHARD 6253 k=4 m=28 inter=1 colcap=128: NONE visited=1168715713 time=2054.5s
ACCEPTED 0 0 0 0 0 0 0 36 655 7932 64628 353147 1286291 3173211 5649645 8188889 10915443 13665884 15700854 14214802 5635662 1404 67 1 0 0 0 0 0
SHARD 6243 k=4 m=28 inter=1 colcap=128: NONE visited=743939587 time=1452.0s
ACCEPTED 0 0 0 0 0 0 0 33 546 6121 47290 247879 875389 2110333 3662234 5189579 7134784 10029044 12440019 10822486 4744200 2198 53 1 0 0 0 0 0
SHARD 6466 k=4 m=28 inter=1 colcap=128: NONE visited=1510835817 time=2600.9s
ACCEPTED 0 0 0 0 0 0 0 62 1589 21418 163341 746617 2162092 4216928 6232186 8475953 12231045 17706893 21539459 17798814 7425088 645 53 1 0 0 0 0 0
SHARD 6179 k=4 m=28 inter=1 colcap=128: NONE visited=712192496 time=1127.0s
ACCEPTED 0 0 0 0 0 0 0 71 2063 31105 258562 1213632 3325278 5535792 6086883 5227765 4849207 5624640 6175572 5254986 2312928 85 4 1 0 0 0 0 0
SHARD 6147 k=4 m=28 inter=1 colcap=128: NONE visited=508077779 time=956.8s
ACCEPTED 0 0 0 0 0 0 0 31 604 9026 91994 626743 2754938 7567392 12603300 12853414 8132176 3239277 867109 176451 26799 3246 330 21 0 0 0 0 0
SHARD 6424 k=4 m=28 inter=1 colcap=128: NONE visited=519911041 time=1001.4s
ACCEPTED 0 0 0 0 0 0 0 35 882 14143 145156 934156 3718879 9090762 13713559 12744376 7121152 2075886 359425 55049 8412 1025 76 2 0 0 0 0 0
SHARD 6420 k=4 m=28 inter=1 colcap=128: NONE visited=265669182 time=421.5s
ACCEPTED 0 0 0 0 0 0 0 50 1170 16249 139443 736397 2382563 4736713 5858160 4605571 2365826 802021 177223 30122 3635 400 33 1 0 0 0 0 0
SHARD 6426 k=4 m=28 inter=1 colcap=128: NONE visited=282889523 time=494.7s
ACCEPTED 0 0 0 0 0 0 0 52 1251 17722 155750 847420 2829346 5747935 7093660 5385990 2626719 899151 249406 58308 10949 1628 164 9 0 0 0 0 0
SHARD 6245 k=4 m=28 inter=1 colcap=128: NONE visited=234523718 time=451.2s
ACCEPTED 0 0 0 0 0 0 0 34 636 8060 70554 412767 1567915 3785669 5794585 5692268 3660320 1537153 378651 78931 13092 1081 81 1 0 0 0 0 0
SHARD 9728 k=4 m=28 inter=1 colcap=128: NONE visited=288879466 time=566.5s
ACCEPTED 0 0 0 0 0 0 0 33 657 9159 85924 528813 2092375 5215959 8007617 7412369 4069319 1352929 308343 55947 8510 595 23 1 0 0 0 0 0
SHARD 6250 k=4 m=28 inter=1 colcap=128: NONE visited=99847096 time=156.9s
ACCEPTED 0 0 0 0 0 0 0 41 784 8978 64866 297130 860682 1574727 1871324 1515414 859808 333585 86045 14714 1969 218 24 3 0 0 0 0 0
SHARD 6775 k=4 m=28 inter=1 colcap=128: NONE visited=189470040 time=386.7s
ACCEPTED 0 0 0 0 0 0 0 28 488 6083 54350 329998 1303518 3259147 5114715 4962874 2824479 855539 140599 15732 1448 137 10 1 0 0 0 0 0
SHARD 10080 k=4 m=28 inter=1 colcap=128: NONE visited=183943342 time=357.3s
ACCEPTED 0 0 0 0 0 0 0 21 379 5457 53452 337983 1343055 3311023 5027688 4638814 2609608 830795 160713 20476 2199 217 21 2 0 0 0 0 0
SHARD 6737 k=4 m=28 inter=1 colcap=128: NONE visited=187548879 time=294.5s
ACCEPTED 0 0 0 0 0 0 0 11 176 1949 15783 85653 308379 741995 1259655 1640735 1815761 1895563 1974026 1550118 655276 474 41 2 0 0 0 0 0
SHARD 6518 k=4 m=28 inter=1 colcap=128: NONE visited=44474077 time=79.3s
ACCEPTED 0 0 0 0 0 0 0 21 315 3374 25434 128401 420787 877071 1146569 927548 464442 152615 42090 13310 4759 1545 323 1 0 0 0 0 0
SHARD 10366 k=4 m=28 inter=1 colcap=128: NONE visited=148377036 time=261.6s
ACCEPTED 0 0 0 0 0 0 0 19 306 3853 35006 214082 846748 2143880 3501370 3687336 2455993 918942 164669 14744 1222 184 25 1 0 0 0 0 0
SHARD 7573 k=4 m=28 inter=1 colcap=128: NONE visited=137857470 time=158.4s
ACCEPTED 0 0 0 0 0 0 0 25 428 4854 35560 165017 481483 907972 1183373 1181713 963463 667745 494501 240017 65645 546 71 5 0 0 0 0 0
SHARD 6472 k=4 m=28 inter=1 colcap=128: NONE visited=85013460 time=108.2s
ACCEPTED 0 0 0 0 0 0 0 50 1015 11262 75194 313063 812822 1308853 1323298 828373 387953 144339 43235 10918 2411 420 52 4 0 0 0 0 0
SHARD 8190 k=4 m=28 inter=1 colcap=128: NONE visited=18347269 time=26.7s
ACCEPTED 0 0 0 0 0 0 0 17 212 1953 11915 46020 113492 190780 241602 252359 221453 149079 65820 17012 3298 427 40 1 0 0 0 0 0
