SHARD 6464 k=4 m=28 inter=1 colcap=128: NONE visited=4272205357 time=7662.2s
ACCEPTED 0 0 0 0 0 0 0 41 1278 21785 210671 1187080 4078812 9168436 15416496 23492753 36024331 51920629 63179954 52621645 23105801 419 26 2 0 0 0 0 0
DONE exit=20
SHARD 6701 k=4 m=28 inter=1 colcap=128: NONE visited=4125019411 time=7701.9s
ACCEPTED 0 0 0 0 0 0 0 49 1234 18535 172679 990713 3558216 8470239 15036445 23471816 35854903 51372799 60429708 48393109 20279067 112 2 0 0 0 0 0 0
DONE exit=20
SHARD 6549 k=4 m=28 inter=1 colcap=128: NONE visited=3245883559 time=6486.6s
ACCEPTED 0 0 0 0 0 0 0 31 748 11587 112943 685429 2623598 6628859 12168480 18942722 28811027 42529252 53787036 46103422 20917712 3374 102 3 0 0 0 0 0
DONE exit=20
SHARD 6181 k=4 m=28 inter=1 colcap=128: NONE visited=2373027808 time=4844.8s
ACCEPTED 0 0 0 0 0 0 0 33 730 10577 99535 599483 2297472 5744650 10257797 15387121 22313094 30399016 35896077 32584417 14571168 2783 28 0 0 0 0 0 0
DONE exit=20
SHARD 6178 k=4 m=28 inter=1 colcap=128: NONE visited=1860676094 time=2839.5s
ACCEPTED 0 0 0 0 0 0 0 27 700 11698 117573 702133 2531658 5810695 9544603 13199044 17383054 21912111 24518939 19779518 8609575 3820 730 243 68 13 2 0 0
DONE exit=20
SHARD 6730 k=4 m=28 inter=1 colcap=128: NONE visited=3745744982 time=7134.1s
ACCEPTED 0 0 0 0 0 0 0 49 1203 17903 168900 1011801 3905260 10020383 18303091 26765606 36266416 48290439 58115283 50866342 23351143 20061 1401 102 5 0 0 0 0
DONE exit=20
SHARD 6253 k=4 m=28 inter=1 colcap=128: NONE visited=1168715713 time=1828.1s
ACCEPTED 0 0 0 0 0 0 0 36 655 7932 64628 353147 1286291 3173211 5649645 8188889 10915443 13665884 15700854 14214802 5635662 1404 67 1 0 0 0 0 0
DONE exit=20
SHARD 6144 k=4 m=28 inter=1 colcap=128: NONE visited=1263029234 time=2021.4s
ACCEPTED 0 0 0 0 0 0 0 33 636 9631 99341 683408 3063643 8847833 16478398 20855323 19416501 15226033 11398802 7714040 3269454 166234 34680 7478 1673 270 3 0 0
DONE exit=20
SHARD 6146 k=4 m=28 inter=1 colcap=128: NONE visited=959256872 time=1733.1s
ACCEPTED 0 0 0 0 0 0 0 25 420 5592 52614 337922 1447945 4127059 7936466 10898521 12246852 13478481 14629862 12446792 5664572 46655 5077 612 53 3 0 0 0
DONE exit=20
SHARD 6182 k=4 m=28 inter=1 colcap=128: NONE visited=1816733820 time=2819.7s
ACCEPTED 0 0 0 0 0 0 0 41 1143 18500 174172 973094 3345616 7337603 11197453 13939994 16167185 17294400 16930693 11431014 4011872 368 27 0 0 0 0 0 0
DONE exit=20
SHARD 6243 k=4 m=28 inter=1 colcap=128: NONE visited=743939587 time=1354.6s
ACCEPTED 0 0 0 0 0 0 0 33 546 6121 47290 247879 875389 2110333 3662234 5189579 7134784 10029044 12440019 10822486 4744200 2198 53 1 0 0 0 0 0
DONE exit=20
SHARD 6466 k=4 m=28 inter=1 colcap=128: NONE visited=1510835817 time=2794.1s
ACCEPTED 0 0 0 0 0 0 0 62 1589 21418 163341 746617 2162092 4216928 6232186 8475953 12231045 17706893 21539459 17798814 7425088 645 53 1 0 0 0 0 0
DONE exit=20
SHARD 6728 k=4 m=28 inter=1 colcap=128: NONE visited=1161512585 time=2532.4s
ACCEPTED 0 0 0 0 0 0 0 36 785 11428 108808 658926 2510045 6074470 9776795 11578070 12139997 13339513 14622211 12197636 5497997 4563 346 45 7 0 0 0 0
DONE exit=20
SHARD 6179 k=4 m=28 inter=1 colcap=128: NONE visited=712192496 time=1335.3s
ACCEPTED 0 0 0 0 0 0 0 71 2063 31105 258562 1213632 3325278 5535792 6086883 5227765 4849207 5624640 6175572 5254986 2312928 85 4 1 0 0 0 0 0
DONE exit=20
SHARD 6147 k=4 m=28 inter=1 colcap=128: NONE visited=508077779 time=1147.8s
ACCEPTED 0 0 0 0 0 0 0 31 604 9026 91994 626743 2754938 7567392 12603300 12853414 8132176 3239277 867109 176451 26799 3246 330 21 0 0 0 0 0
DONE exit=20
SHARD 6424 k=4 m=28 inter=1 colcap=128: NONE visited=519911041 time=1220.7s
ACCEPTED 0 0 0 0 0 0 0 35 882 14143 145156 934156 3718879 9090762 13713559 12744376 7121152 2075886 359425 55049 8412 1025 76 2 0 0 0 0 0
DONE exit=20
SHARD 6435 k=4 m=28 inter=1 colcap=128: NONE visited=342569271 time=715.7s
ACCEPTED 0 0 0 0 0 0 0 40 817 10319 81597 396988 1186592 2238295 2848978 2823548 2795242 3023722 3251972 2784333 1087928 114 6 0 0 0 0 0 0
DONE exit=20
SHARD 6439 k=4 m=28 inter=1 colcap=128: NONE visited=426372549 time=885.4s
ACCEPTED 0 0 0 0 0 0 0 38 740 8899 66476 307822 905192 1773018 2509968 2979757 3628700 4453238 4913396 4260831 1759319 260 3 0 0 0 0 0 0
DONE exit=20
SHARD 6729 k=4 m=28 inter=1 colcap=128: NONE visited=783596007 time=2029.3s
ACCEPTED 0 0 0 0 0 0 0 18 288 3680 34970 230222 1016985 2984263 5946667 8576890 10108759 11178073 11946841 10293011 4766880 32922 3013 338 47 6 0 0 0
DONE exit=20
SHARD 6246 k=4 m=28 inter=1 colcap=128: NONE visited=386081086 time=834.6s
ACCEPTED 0 0 0 0 0 0 0 52 1252 17938 161649 912167 3178329 6779886 9011420 7765034 4495013 1748547 278234 49962 6567 876 177 29 2 0 0 0 0
DONE exit=20
SHARD 6425 k=4 m=28 inter=1 colcap=128: NONE visited=292980286 time=750.1s
ACCEPTED 0 0 0 0 0 0 0 14 188 2180 19543 124659 538237 1544389 2972270 3992642 4135913 3941264 3982000 3324032 1507749 6408 563 59 4 0 0 0 0
DONE exit=20
SHARD 6420 k=4 m=28 inter=1 colcap=128: NONE visited=265669182 time=536.9s
ACCEPTED 0 0 0 0 0 0 0 50 1170 16249 139443 736397 2382563 4736713 5858160 4605571 2365826 802021 177223 30122 3635 400 33 1 0 0 0 0 0
DONE exit=20
SHARD 6384 k=4 m=28 inter=1 colcap=128: NONE visited=350567763 time=732.1s
ACCEPTED 0 0 0 0 0 0 0 54 1371 20496 187125 1037967 3464041 6930672 8393888 6247608 2929797 898130 110548 13083 1067 70 4 0 0 0 0 0 0
DONE exit=20
SHARD 6426 k=4 m=28 inter=1 colcap=128: NONE visited=282889523 time=609.3s
ACCEPTED 0 0 0 0 0 0 0 52 1251 17722 155750 847420 2829346 5747935 7093660 5385990 2626719 899151 249406 58308 10949 1628 164 9 0 0 0 0 0
DONE exit=20
SHARD 6242 k=4 m=28 inter=1 colcap=128: NONE visited=211318525 time=521.0s
ACCEPTED 0 0 0 0 0 0 0 15 190 1947 14689 77182 276069 674140 1182557 1672204 2203154 2894350 3440473 2952996 1297431 889 16 0 0 0 0 0 0
DONE exit=20
SHARD 8153 k=4 m=28 inter=1 colcap=128: NONE visited=564326357 time=1441.5s
ACCEPTED 0 0 0 0 0 0 0 20 284 3021 23225 124888 462254 1194304 2284739 3647532 5556944 8200984 10351495 9243247 4232847 6452 300 36 3 0 0 0 0
DONE exit=20
SHARD 6739 k=4 m=28 inter=1 colcap=128: NONE visited=485117257 time=1118.3s
ACCEPTED 0 0 0 0 0 0 0 17 244 2722 22212 123496 454139 1125410 2048176 3154476 4590422 6242982 7315412 6287607 2730948 482 7 0 0 0 0 0 0
DONE exit=20
SHARD 6519 k=4 m=28 inter=1 colcap=128: NONE visited=141565807 time=286.2s
ACCEPTED 0 0 0 0 0 0 0 45 945 11734 89699 427410 1280301 2427832 2931249 2271293 1181946 401507 77361 13950 2214 262 17 0 0 0 0 0 0
DONE exit=20
SHARD 6145 k=4 m=28 inter=1 colcap=128: NONE visited=239667460 time=555.1s
ACCEPTED 0 0 0 0 0 0 0 23 402 5365 49812 311461 1277126 3396080 5797604 6271053 4209900 1702708 399260 67727 9870 1102 37 0 0 0 0 0 0
DONE exit=20
SHARD 6245 k=4 m=28 inter=1 colcap=128: NONE visited=234523718 time=547.3s
ACCEPTED 0 0 0 0 0 0 0 34 636 8060 70554 412767 1567915 3785669 5794585 5692268 3660320 1537153 378651 78931 13092 1081 81 1 0 0 0 0 0
DONE exit=20
SHARD 6241 k=4 m=28 inter=1 colcap=128: NONE visited=181362251 time=360.6s
ACCEPTED 0 0 0 0 0 0 0 29 633 8799 77805 427570 1442832 2991461 3890044 3274469 1852190 708391 137953 19620 2252 206 14 0 0 0 0 0 0
DONE exit=20
SHARD 6756 k=4 m=28 inter=1 colcap=128: NONE visited=280955788 time=710.0s
ACCEPTED 0 0 0 0 0 0 0 29 503 6352 57751 363566 1526348 4166226 7288031 8063571 5522144 2220430 585772 128926 29538 6993 1665 365 61 0 0 0 0
DONE exit=20
SHARD 6517 k=4 m=28 inter=1 colcap=128: NONE visited=90216217 time=180.9s
ACCEPTED 0 0 0 0 0 0 0 42 826 9580 68770 309334 880255 1597139 1875359 1457482 785819 307725 88334 22069 3030 66 3 0 0 0 0 0 0
DONE exit=20
SHARD 9728 k=4 m=28 inter=1 colcap=128: NONE visited=288879466 time=696.7s
ACCEPTED 0 0 0 0 0 0 0 33 657 9159 85924 528813 2092375 5215959 8007617 7412369 4069319 1352929 308343 55947 8510 595 23 1 0 0 0 0 0
DONE exit=20
SHARD 6143 k=4 m=28 inter=1 colcap=128: NONE visited=112736422 time=243.1s
ACCEPTED 0 0 0 0 0 0 0 21 267 3289 29252 180620 704025 1657451 2291823 2058665 1243598 387120 32411 2536 334 31 1 0 0 0 0 0 0
DONE exit=20
SHARD 6758 k=4 m=28 inter=1 colcap=128: NONE visited=238859654 time=556.9s
ACCEPTED 0 0 0 0 0 0 0 33 587 7204 61688 359763 1393112 3509820 5670855 5896012 4045668 1924082 668264 180353 30991 2486 99 0 0 0 0 0 0
DONE exit=20
SHARD 6244 k=4 m=28 inter=1 colcap=128: NONE visited=152435018 time=278.7s
ACCEPTED 0 0 0 0 0 0 0 45 977 12681 101413 494768 1466234 2648857 2982800 2142728 1023869 325223 59877 7893 864 68 2 0 0 0 0 0 0
DONE exit=20
SHARD 6748 k=4 m=28 inter=1 colcap=128: NONE visited=245755795 time=545.0s
ACCEPTED 0 0 0 0 0 0 0 18 239 2415 17552 85847 281705 641931 1097684 1610666 2282746 3085888 3580274 3162218 1334478 2329 334 45 4 0 0 0 0
DONE exit=20
SHARD 6427 k=4 m=28 inter=1 colcap=128: NONE visited=98894502 time=222.7s
ACCEPTED 0 0 0 0 0 0 0 19 333 4069 34860 198907 738586 1751284 2622530 2452403 1426374 528588 141811 31129 5649 625 43 0 0 0 0 0 0
DONE exit=20
SHARD 6250 k=4 m=28 inter=1 colcap=128: NONE visited=99847096 time=180.2s
ACCEPTED 0 0 0 0 0 0 0 41 784 8978 64866 297130 860682 1574727 1871324 1515414 859808 333585 86045 14714 1969 218 24 3 0 0 0 0 0
DONE exit=20
SHARD 6775 k=4 m=28 inter=1 colcap=128: NONE visited=189470040 time=461.8s
ACCEPTED 0 0 0 0 0 0 0 28 488 6083 54350 329998 1303518 3259147 5114715 4962874 2824479 855539 140599 15732 1448 137 10 1 0 0 0 0 0
DONE exit=20
SHARD 10107 k=4 m=28 inter=1 colcap=128: NONE visited=217468008 time=438.9s
ACCEPTED 0 0 0 0 0 0 0 34 734 10442 94783 537353 1871354 3976415 5198972 4288154 2273395 771801 164323 29002 3426 198 8 0 0 0 0 0 0
DONE exit=20
SHARD 10080 k=4 m=28 inter=1 colcap=128: NONE visited=183943342 time=426.8s
ACCEPTED 0 0 0 0 0 0 0 21 379 5457 53452 337983 1343055 3311023 5027688 4638814 2609608 830795 160713 20476 2199 217 21 2 0 0 0 0 0
DONE exit=20
SHARD 6473 k=4 m=28 inter=1 colcap=128: NONE visited=173268609 time=292.8s
ACCEPTED 0 0 0 0 0 0 0 44 902 10955 82266 380753 1079717 1918761 2273863 1916430 1297297 840771 622485 427341 186391 366 17 0 0 0 0 0 0
DONE exit=20
SHARD 6761 k=4 m=28 inter=1 colcap=128: NONE visited=173569897 time=399.8s
ACCEPTED 0 0 0 0 0 0 0 26 397 4544 37820 219086 851022 2169953 3615889 3988747 2982275 1474062 624043 269469 88590 11331 25 0 0 0 0 0 0
DONE exit=20
SHARD 6737 k=4 m=28 inter=1 colcap=128: NONE visited=187548879 time=360.7s
ACCEPTED 0 0 0 0 0 0 0 11 176 1949 15783 85653 308379 741995 1259655 1640735 1815761 1895563 1974026 1550118 655276 474 41 2 0 0 0 0 0
DONE exit=20
SHARD 9725 k=4 m=28 inter=1 colcap=128: NONE visited=117179650 time=368.4s
ACCEPTED 0 0 0 0 0 0 0 7 103 1167 11771 82609 410578 1356364 2746930 2966383 2251944 1476368 432232 6180 469 60 9 1 1 0 0 0 0
DONE exit=20
SHARD 6518 k=4 m=28 inter=1 colcap=128: NONE visited=44474077 time=97.0s
ACCEPTED 0 0 0 0 0 0 0 21 315 3374 25434 128401 420787 877071 1146569 927548 464442 152615 42090 13310 4759 1545 323 1 0 0 0 0 0
DONE exit=20
SHARD 10366 k=4 m=28 inter=1 colcap=128: NONE visited=148377036 time=321.9s
ACCEPTED 0 0 0 0 0 0 0 19 306 3853 35006 214082 846748 2143880 3501370 3687336 2455993 918942 164669 14744 1222 184 25 1 0 0 0 0 0
DONE exit=20
SHARD 6474 k=4 m=28 inter=1 colcap=128: NONE visited=139917853 time=202.4s
ACCEPTED 0 0 0 0 0 0 0 54 1235 15241 108238 453315 1137364 1770796 1801227 1186548 538521 156481 82667 50393 21196 69 2 0 0 0 0 0 0
DONE exit=20
SHARD 10108 k=4 m=28 inter=1 colcap=128: NONE visited=102960639 time=261.3s
ACCEPTED 0 0 0 0 0 0 0 18 272 3132 26566 156971 624263 1633817 2740449 2812832 1825661 770690 233470 49290 4398 174 1 0 0 0 0 0 0
DONE exit=20
SHARD 9729 k=4 m=28 inter=1 colcap=128: NONE visited=129180032 time=258.9s
ACCEPTED 0 0 0 0 0 0 0 36 702 9129 76416 403857 1323891 2650739 3203004 2311158 970040 232999 32816 2618 239 30 3 0 0 0 0 0 0
DONE exit=20
SHARD 6745 k=4 m=28 inter=1 colcap=128: NONE visited=97761395 time=229.5s
ACCEPTED 0 0 0 0 0 0 0 7 90 822 5982 29649 102972 257266 486022 747629 1020730 1322518 1559841 1350928 622214 6408 1281 234 32 2 0 0 0
DONE exit=20
SHARD 1665 k=4 m=28 inter=1 colcap=128: NONE visited=65153801 time=143.9s
ACCEPTED 0 0 0 0 0 0 0 25 451 5434 43180 220374 706406 1389163 1647870 1190789 579897 209192 55841 9605 1028 63 1 0 0 0 0 0 0
DONE exit=20
SHARD 9735 k=4 m=28 inter=1 colcap=128: NONE visited=94586297 time=208.8s
ACCEPTED 0 0 0 0 0 0 0 29 432 4913 39751 221232 782973 1637892 1949343 1594025 1001399 451191 137826 25521 3791 333 3 0 0 0 0 0 0
DONE exit=20
SHARD 6509 k=4 m=28 inter=1 colcap=128: NONE visited=38288893 time=46.3s
ACCEPTED 0 0 0 0 0 0 0 26 364 3464 21419 83834 207068 336504 384401 319503 181973 55984 20374 6325 1839 65 14 4 1 0 0 0 0
DONE exit=20
SHARD 7573 k=4 m=28 inter=1 colcap=128: NONE visited=137857470 time=195.0s
ACCEPTED 0 0 0 0 0 0 0 25 428 4854 35560 165017 481483 907972 1183373 1181713 963463 667745 494501 240017 65645 546 71 5 0 0 0 0 0
DONE exit=20
SHARD 1725 k=4 m=28 inter=1 colcap=128: NONE visited=61433175 time=111.7s
ACCEPTED 0 0 0 0 0 0 0 46 942 11253 81129 348271 877870 1297260 1152539 635770 228146 58807 13207 2904 514 52 2 0 0 0 0 0 0
DONE exit=20
SHARD 10111 k=4 m=28 inter=1 colcap=128: NONE visited=83512687 time=178.5s
ACCEPTED 0 0 0 0 0 0 0 31 538 6221 48523 249904 829759 1730309 2203388 1706209 807574 239078 48463 6659 657 43 4 0 0 0 0 0 0
DONE exit=20
SHARD 6762 k=4 m=28 inter=1 colcap=128: NONE visited=73061682 time=173.0s
ACCEPTED 0 0 0 0 0 0 0 10 145 1583 13448 81585 340833 944499 1705997 2014822 1557874 764824 211374 28771 1143 47 2 0 0 0 0 0 0
DONE exit=20
SHARD 6472 k=4 m=28 inter=1 colcap=128: NONE visited=85013460 time=130.2s
ACCEPTED 0 0 0 0 0 0 0 50 1015 11262 75194 313063 812822 1308853 1323298 828373 387953 144339 43235 10918 2411 420 52 4 0 0 0 0 0
DONE exit=20
SHARD 6757 k=4 m=28 inter=1 colcap=128: NONE visited=51589663 time=144.7s
ACCEPTED 0 0 0 0 0 0 0 10 91 746 5341 30670 132187 404595 853028 1218846 1203495 854619 492431 255244 130377 57955 17922 2868 14 4 1 1 0
DONE exit=20
SHARD 6617 k=4 m=28 inter=1 colcap=128: NONE visited=35343453 time=53.9s
ACCEPTED 0 0 0 0 0 0 0 51 1011 10216 58908 205513 428017 534866 424833 247343 118133 41992 11537 2449 344 25 1 0 0 0 0 0 0
DONE exit=20
SHARD 10211 k=4 m=28 inter=1 colcap=128: NONE visited=69080896 time=143.0s
ACCEPTED 0 0 0 0 0 0 0 23 347 3871 30269 159750 548673 1193515 1622851 1395945 791593 300675 66449 8497 603 48 1 0 0 0 0 0 0
DONE exit=20
SHARD 6702 k=4 m=28 inter=1 colcap=128: NONE visited=57848348 time=83.9s
ACCEPTED 0 0 0 0 0 0 0 28 535 5467 33543 129249 322222 525146 579440 459507 291809 186886 181876 145044 65164 21 2 0 0 0 0 0 0
DONE exit=20
SHARD 6733 k=4 m=28 inter=1 colcap=128: NONE visited=39309880 time=94.0s
ACCEPTED 0 0 0 0 0 0 0 12 164 1737 13719 74912 273296 645261 971654 941137 604901 202268 37962 6530 2112 485 88 0 0 0 0 0 0
DONE exit=20
SHARD 6217 k=4 m=28 inter=1 colcap=128: NONE visited=24503889 time=31.3s
ACCEPTED 0 0 0 0 0 0 0 26 353 3030 16665 58094 132705 211682 244967 207538 111212 39163 17824 6098 1704 17 1 0 0 0 0 0 0
DONE exit=20
SHARD 6248 k=4 m=28 inter=1 colcap=128: NONE visited=19250408 time=28.1s
ACCEPTED 0 0 0 0 0 0 0 29 431 3993 24078 93134 221924 313725 269029 149438 54633 13845 2552 446 82 10 1 0 0 0 0 0 0
DONE exit=20
SHARD 6227 k=4 m=28 inter=1 colcap=128: NONE visited=16646830 time=25.6s
ACCEPTED 0 0 0 0 0 0 0 23 286 2377 13197 48673 119021 190861 200613 141012 65387 18929 5713 1087 202 15 2 0 0 0 0 0 0
DONE exit=20
SHARD 8190 k=4 m=28 inter=1 colcap=128: NONE visited=18347269 time=37.6s
ACCEPTED 0 0 0 0 0 0 0 17 212 1953 11915 46020 113492 190780 241602 252359 221453 149079 65820 17012 3298 427 40 1 0 0 0 0 0
DONE exit=20
SHARD 8176 k=4 m=28 inter=1 colcap=128: NONE visited=18631117 time=35.6s
ACCEPTED 0 0 0 0 0 0 0 20 262 2422 15062 60098 153338 258783 304554 261009 164818 78437 29317 8073 815 23 1 0 0 0 0 0 0
DONE exit=20
SHARD 6716 k=4 m=28 inter=1 colcap=128: NONE visited=15127845 time=24.0s
ACCEPTED 0 0 0 0 0 0 0 10 93 664 3899 16359 49300 107367 165407 170897 112830 54338 34139 20076 7255 13 1 0 0 0 0 0 0
DONE exit=20
SHARD 8078 k=4 m=28 inter=1 colcap=128: NONE visited=20605177 time=26.9s
ACCEPTED 0 0 0 0 0 0 0 10 116 1167 8443 38518 108335 195016 242505 217686 130926 47401 14627 4629 985 66 4 0 0 0 0 0 0
DONE exit=20
SHARD 1962 k=4 m=28 inter=1 colcap=128: NONE visited=16366976 time=18.5s
ACCEPTED 0 0 0 0 0 0 0 38 684 6902 38931 121834 218408 239795 167437 76372 24222 7019 1769 318 47 10 1 0 0 0 0 0 0
DONE exit=20
SHARD 7741 k=4 m=28 inter=1 colcap=128: NONE visited=11863043 time=10.1s
ACCEPTED 0 0 0 0 0 0 0 26 458 4157 20548 59747 107355 120519 89752 48295 20328 5887 1726 548 157 32 5 1 1 0 0 0 0
DONE exit=20
